wandb: Tracking run with wandb version 0.28.0
wandb: W&B syncing is set to `offline` in this directory. Run `wandb online` or set WANDB_MODE=online to enable cloud syncing.
wandb: Run data is saved locally in /data/hjhong/l2/wandb/wandb/offline-run-20260704_205940-ppaa3nqr
wandb: View this run in the terminal with `wandb leet`
/data/hjhong/l2/newURP/.venv-l2/lib/python3.10/site-packages/torch/nn/modules/linear.py:125: UserWarning: Deterministic behavior was enabled with either `torch.use_deterministic_algorithms(True)` or `at::Context::setDeterministicAlgorithms(true)`, but this operation is not deterministic because it uses CuBLAS and you have CUDA >= 10.2. To enable deterministic behavior in this case, you must set an environment variable before running your PyTorch application: CUBLAS_WORKSPACE_CONFIG=:4096:8 or CUBLAS_WORKSPACE_CONFIG=:16:8. For more information, go to https://docs.nvidia.com/cuda/cublas/index.html#results-reproducibility (Triggered internally at /pytorch/aten/src/ATen/Context.cpp:217.)
  return F.linear(input, self.weight, self.bias)
/data/hjhong/l2/newURP/.venv-l2/lib/python3.10/site-packages/torch/autograd/graph.py:823: UserWarning: Deterministic behavior was enabled with either `torch.use_deterministic_algorithms(True)` or `at::Context::setDeterministicAlgorithms(true)`, but this operation is not deterministic because it uses CuBLAS and you have CUDA >= 10.2. To enable deterministic behavior in this case, you must set an environment variable before running your PyTorch application: CUBLAS_WORKSPACE_CONFIG=:4096:8 or CUBLAS_WORKSPACE_CONFIG=:16:8. For more information, go to https://docs.nvidia.com/cuda/cublas/index.html#results-reproducibility (Triggered internally at /pytorch/aten/src/ATen/Context.cpp:217.)
  return Variable._execution_engine.run_backward(  # Calls into the C++ engine to run the backward pass
[baseline hold_position] return=0.000+-0.000 captured=0.00 wasted=0.00 clean=0.00
[baseline scripted_shaping] return=3.060+-0.010 captured=0.00 wasted=0.00 clean=0.00
[seed 0] upd 1/390 step=512 ep_ret=0.049 cap=0.00 kl_l=0.0113 kl_f=0.0125 sps=25.6
[seed 0] upd 2/390 step=1024 ep_ret=-0.002 cap=0.00 kl_l=0.0099 kl_f=0.0099 sps=25.9
[seed 0] upd 3/390 step=1536 ep_ret=0.001 cap=0.00 kl_l=0.0118 kl_f=0.0104 sps=26.0
[seed 0] upd 4/390 step=2048 ep_ret=-0.002 cap=0.00 kl_l=0.0095 kl_f=0.0095 sps=26.0
[seed 0] upd 5/390 step=2560 ep_ret=0.224 cap=0.00 kl_l=0.0068 kl_f=0.0102 sps=26.0
[seed 0] upd 6/390 step=3072 ep_ret=-0.000 cap=0.00 kl_l=0.0069 kl_f=0.0098 sps=26.0
[seed 0] upd 7/390 step=3584 ep_ret=0.025 cap=0.00 kl_l=0.0060 kl_f=0.0085 sps=26.0
[seed 0] upd 8/390 step=4096 ep_ret=0.249 cap=0.00 kl_l=0.0071 kl_f=0.0108 sps=26.0
[seed 0] upd 9/390 step=4608 ep_ret=0.249 cap=0.00 kl_l=0.0056 kl_f=0.0116 sps=26.0
[seed 0] upd 10/390 step=5120 ep_ret=0.620 cap=0.00 kl_l=0.0047 kl_f=0.0085 sps=26.0
[seed 0] upd 11/390 step=5632 ep_ret=0.498 cap=0.00 kl_l=0.0037 kl_f=0.0101 sps=26.0
[seed 0] upd 12/390 step=6144 ep_ret=0.648 cap=0.00 kl_l=0.0062 kl_f=0.0104 sps=26.0
[seed 0] upd 13/390 step=6656 ep_ret=0.871 cap=0.00 kl_l=0.0073 kl_f=0.0099 sps=25.8
[seed 0] upd 14/390 step=7168 ep_ret=0.348 cap=0.00 kl_l=0.0038 kl_f=0.0097 sps=25.9
[seed 0] upd 15/390 step=7680 ep_ret=1.127 cap=0.00 kl_l=0.0047 kl_f=0.0100 sps=25.9
[seed 0] upd 16/390 step=8192 ep_ret=1.019 cap=0.00 kl_l=0.0038 kl_f=0.0095 sps=25.9
[seed 0] upd 17/390 step=8704 ep_ret=0.895 cap=0.00 kl_l=0.0088 kl_f=0.0120 sps=25.9
[seed 0] upd 18/390 step=9216 ep_ret=1.820 cap=0.00 kl_l=0.0067 kl_f=0.0099 sps=25.9
[seed 0] upd 19/390 step=9728 ep_ret=1.290 cap=0.00 kl_l=0.0094 kl_f=0.0126 sps=25.8
[seed 0] upd 20/390 step=10240 ep_ret=0.848 cap=0.00 kl_l=0.0069 kl_f=0.0111 sps=25.8
  [eval] return=0.073+-0.238 captured=0.00 wasted=0.00 clean=0.00 DoD_margin=-2.987
[seed 0] upd 21/390 step=10752 ep_ret=1.221 cap=0.00 kl_l=0.0085 kl_f=0.0112 sps=24.8
[seed 0] upd 22/390 step=11264 ep_ret=0.744 cap=0.00 kl_l=0.0138 kl_f=0.0114 sps=24.8
[seed 0] upd 23/390 step=11776 ep_ret=1.494 cap=0.00 kl_l=0.0107 kl_f=0.0105 sps=24.8
[seed 0] upd 24/390 step=12288 ep_ret=1.846 cap=0.00 kl_l=0.0081 kl_f=0.0102 sps=24.9
[seed 0] upd 25/390 step=12800 ep_ret=1.321 cap=0.00 kl_l=0.0067 kl_f=0.0120 sps=24.9
[seed 0] upd 26/390 step=13312 ep_ret=1.203 cap=0.00 kl_l=0.0065 kl_f=0.0089 sps=24.9
[seed 0] upd 27/390 step=13824 ep_ret=1.323 cap=0.00 kl_l=0.0065 kl_f=0.0102 sps=24.9
[seed 0] upd 28/390 step=14336 ep_ret=0.769 cap=0.00 kl_l=0.0078 kl_f=0.0117 sps=24.9
[seed 0] upd 29/390 step=14848 ep_ret=2.416 cap=0.00 kl_l=0.0071 kl_f=0.0096 sps=24.9
[seed 0] upd 30/390 step=15360 ep_ret=2.295 cap=0.00 kl_l=0.0051 kl_f=0.0091 sps=25.0
[seed 0] upd 31/390 step=15872 ep_ret=2.323 cap=0.00 kl_l=0.0072 kl_f=0.0104 sps=25.0
[seed 0] upd 32/390 step=16384 ep_ret=1.449 cap=0.00 kl_l=0.0083 kl_f=0.0108 sps=25.0
[seed 0] upd 33/390 step=16896 ep_ret=2.427 cap=0.00 kl_l=0.0080 kl_f=0.0111 sps=25.0
[seed 0] upd 34/390 step=17408 ep_ret=2.020 cap=0.00 kl_l=0.0054 kl_f=0.0096 sps=25.0
[seed 0] upd 35/390 step=17920 ep_ret=1.696 cap=0.00 kl_l=0.0048 kl_f=0.0119 sps=25.0
[seed 0] upd 36/390 step=18432 ep_ret=1.619 cap=0.00 kl_l=0.0056 kl_f=0.0096 sps=25.0
[seed 0] upd 37/390 step=18944 ep_ret=2.122 cap=0.00 kl_l=0.0085 kl_f=0.0115 sps=25.0
[seed 0] upd 38/390 step=19456 ep_ret=1.820 cap=0.00 kl_l=0.0085 kl_f=0.0112 sps=25.0
[seed 0] upd 39/390 step=19968 ep_ret=1.798 cap=0.00 kl_l=0.0062 kl_f=0.0101 sps=25.0
[seed 0] upd 40/390 step=20480 ep_ret=1.899 cap=0.00 kl_l=0.0084 kl_f=0.0106 sps=25.0
  [eval] return=2.995+-0.001 captured=0.00 wasted=0.00 clean=0.00 DoD_margin=-0.065
[seed 0] upd 41/390 step=20992 ep_ret=2.047 cap=0.00 kl_l=0.0101 kl_f=0.0085 sps=24.5
[seed 0] upd 42/390 step=21504 ep_ret=2.098 cap=0.00 kl_l=0.0079 kl_f=0.0098 sps=24.6
[seed 0] upd 43/390 step=22016 ep_ret=1.551 cap=0.00 kl_l=0.0090 kl_f=0.0126 sps=24.6
[seed 0] upd 44/390 step=22528 ep_ret=2.223 cap=0.00 kl_l=0.0100 kl_f=0.0105 sps=24.6
[seed 0] upd 45/390 step=23040 ep_ret=1.796 cap=0.00 kl_l=0.0084 kl_f=0.0110 sps=24.6
[seed 0] upd 46/390 step=23552 ep_ret=1.496 cap=0.00 kl_l=0.0104 kl_f=0.0102 sps=24.6
[seed 0] upd 47/390 step=24064 ep_ret=2.525 cap=0.00 kl_l=0.0073 kl_f=0.0101 sps=24.7
[seed 0] upd 48/390 step=24576 ep_ret=2.117 cap=0.00 kl_l=0.0061 kl_f=0.0100 sps=24.7
[seed 0] upd 49/390 step=25088 ep_ret=2.543 cap=0.00 kl_l=0.0046 kl_f=0.0119 sps=24.7
[seed 0] upd 50/390 step=25600 ep_ret=2.221 cap=0.00 kl_l=0.0069 kl_f=0.0124 sps=24.7
[seed 0] upd 51/390 step=26112 ep_ret=1.966 cap=0.00 kl_l=0.0050 kl_f=0.0129 sps=24.7
[seed 0] upd 52/390 step=26624 ep_ret=2.776 cap=0.00 kl_l=0.0075 kl_f=0.0109 sps=24.7
[seed 0] upd 53/390 step=27136 ep_ret=2.300 cap=0.00 kl_l=0.0097 kl_f=0.0099 sps=24.7
[seed 0] upd 54/390 step=27648 ep_ret=2.819 cap=0.00 kl_l=0.0093 kl_f=0.0122 sps=24.8
[seed 0] upd 55/390 step=28160 ep_ret=2.642 cap=0.00 kl_l=0.0085 kl_f=0.0094 sps=24.8
[seed 0] upd 56/390 step=28672 ep_ret=2.370 cap=0.00 kl_l=0.0061 kl_f=0.0140 sps=24.8
[seed 0] upd 57/390 step=29184 ep_ret=1.546 cap=0.00 kl_l=0.0074 kl_f=0.0128 sps=24.8
[seed 0] upd 58/390 step=29696 ep_ret=1.649 cap=0.00 kl_l=0.0121 kl_f=0.0098 sps=24.8
[seed 0] upd 59/390 step=30208 ep_ret=1.750 cap=0.00 kl_l=0.0065 kl_f=0.0088 sps=24.8
[seed 0] upd 60/390 step=30720 ep_ret=1.578 cap=0.00 kl_l=0.0094 kl_f=0.0102 sps=24.8
  [eval] return=3.073+-0.523 captured=0.00 wasted=0.00 clean=0.00 DoD_margin=+0.013
[seed 0] upd 61/390 step=31232 ep_ret=1.676 cap=0.00 kl_l=0.0088 kl_f=0.0118 sps=24.5
[seed 0] upd 62/390 step=31744 ep_ret=2.248 cap=0.00 kl_l=0.0141 kl_f=0.0112 sps=24.5
[seed 0] upd 63/390 step=32256 ep_ret=2.344 cap=0.00 kl_l=0.0112 kl_f=0.0100 sps=24.5
[seed 0] upd 64/390 step=32768 ep_ret=2.647 cap=0.00 kl_l=0.0092 kl_f=0.0092 sps=24.5
[seed 0] upd 65/390 step=33280 ep_ret=2.148 cap=0.00 kl_l=0.0080 kl_f=0.0120 sps=24.5
[seed 0] upd 66/390 step=33792 ep_ret=1.526 cap=0.00 kl_l=0.0054 kl_f=0.0114 sps=24.5
[seed 0] upd 67/390 step=34304 ep_ret=1.897 cap=0.00 kl_l=0.0101 kl_f=0.0086 sps=24.5
[seed 0] upd 68/390 step=34816 ep_ret=2.087 cap=0.00 kl_l=0.0099 kl_f=0.0134 sps=24.5
[seed 0] upd 69/390 step=35328 ep_ret=2.535 cap=0.00 kl_l=0.0121 kl_f=0.0104 sps=24.6
[seed 0] upd 70/390 step=35840 ep_ret=1.575 cap=0.00 kl_l=0.0073 kl_f=0.0118 sps=24.6
[seed 0] upd 71/390 step=36352 ep_ret=2.042 cap=0.00 kl_l=0.0069 kl_f=0.0089 sps=24.6
[seed 0] upd 72/390 step=36864 ep_ret=2.167 cap=0.00 kl_l=0.0093 kl_f=0.0120 sps=24.6
[seed 0] upd 73/390 step=37376 ep_ret=1.524 cap=0.00 kl_l=0.0128 kl_f=0.0096 sps=24.6
[seed 0] upd 74/390 step=37888 ep_ret=2.771 cap=0.00 kl_l=0.0095 kl_f=0.0095 sps=24.6
[seed 0] upd 75/390 step=38400 ep_ret=2.354 cap=0.00 kl_l=0.0119 kl_f=0.0122 sps=24.6
[seed 0] upd 76/390 step=38912 ep_ret=1.521 cap=0.00 kl_l=0.0095 kl_f=0.0115 sps=24.6
[seed 0] upd 77/390 step=39424 ep_ret=2.091 cap=0.00 kl_l=0.0096 kl_f=0.0109 sps=24.6
[seed 0] upd 78/390 step=39936 ep_ret=2.913 cap=0.00 kl_l=0.0066 kl_f=0.0111 sps=24.6
[seed 0] upd 79/390 step=40448 ep_ret=3.169 cap=0.00 kl_l=0.0076 kl_f=0.0106 sps=24.6
[seed 0] upd 80/390 step=40960 ep_ret=2.893 cap=0.00 kl_l=0.0106 kl_f=0.0128 sps=24.6
  [eval] return=3.984+-0.003 captured=0.00 wasted=0.00 clean=0.00 DoD_margin=+0.924
[seed 0] upd 81/390 step=41472 ep_ret=2.593 cap=0.00 kl_l=0.0127 kl_f=0.0085 sps=24.4
[seed 0] upd 82/390 step=41984 ep_ret=2.221 cap=0.00 kl_l=0.0111 kl_f=0.0108 sps=24.4
[seed 0] upd 83/390 step=42496 ep_ret=2.165 cap=0.00 kl_l=0.0071 kl_f=0.0121 sps=24.4
[seed 0] upd 84/390 step=43008 ep_ret=2.771 cap=0.00 kl_l=0.0103 kl_f=0.0091 sps=24.4
[seed 0] upd 85/390 step=43520 ep_ret=2.410 cap=0.00 kl_l=0.0091 kl_f=0.0119 sps=24.4
[seed 0] upd 86/390 step=44032 ep_ret=2.535 cap=0.00 kl_l=0.0084 kl_f=0.0126 sps=24.4
[seed 0] upd 87/390 step=44544 ep_ret=2.170 cap=0.00 kl_l=0.0125 kl_f=0.0122 sps=24.5
[seed 0] upd 88/390 step=45056 ep_ret=1.971 cap=0.00 kl_l=0.0100 kl_f=0.0106 sps=24.5
[seed 0] upd 89/390 step=45568 ep_ret=1.543 cap=0.00 kl_l=0.0062 kl_f=0.0143 sps=24.5
[seed 0] upd 90/390 step=46080 ep_ret=2.365 cap=0.00 kl_l=0.0084 kl_f=0.0105 sps=24.5
[seed 0] upd 91/390 step=46592 ep_ret=2.894 cap=0.00 kl_l=0.0086 kl_f=0.0113 sps=24.5
[seed 0] upd 92/390 step=47104 ep_ret=2.419 cap=0.00 kl_l=0.0099 kl_f=0.0114 sps=24.5
[seed 0] upd 93/390 step=47616 ep_ret=2.865 cap=0.00 kl_l=0.0081 kl_f=0.0121 sps=24.5
[seed 0] upd 94/390 step=48128 ep_ret=2.970 cap=0.00 kl_l=0.0085 kl_f=0.0117 sps=24.5
[seed 0] upd 95/390 step=48640 ep_ret=3.325 cap=0.00 kl_l=0.0080 kl_f=0.0089 sps=24.5
[seed 0] upd 96/390 step=49152 ep_ret=3.455 cap=0.00 kl_l=0.0070 kl_f=0.0107 sps=24.5
[seed 0] upd 97/390 step=49664 ep_ret=3.932 cap=0.00 kl_l=0.0060 kl_f=0.0093 sps=24.5
[seed 0] upd 98/390 step=50176 ep_ret=3.894 cap=0.00 kl_l=0.0060 kl_f=0.0110 sps=24.5
[seed 0] upd 99/390 step=50688 ep_ret=2.849 cap=0.00 kl_l=0.0094 kl_f=0.0124 sps=24.5
[seed 0] upd 100/390 step=51200 ep_ret=3.071 cap=0.00 kl_l=0.0108 kl_f=0.0141 sps=24.5
  [eval] return=3.992+-0.002 captured=0.00 wasted=0.00 clean=0.00 DoD_margin=+0.932
[seed 0] upd 101/390 step=51712 ep_ret=2.705 cap=0.00 kl_l=0.0156 kl_f=0.0111 sps=24.4
[seed 0] upd 102/390 step=52224 ep_ret=3.537 cap=0.00 kl_l=0.0103 kl_f=0.0119 sps=24.4
[seed 0] upd 103/390 step=52736 ep_ret=3.298 cap=0.00 kl_l=0.0086 kl_f=0.0093 sps=24.4
[seed 0] upd 104/390 step=53248 ep_ret=3.257 cap=0.00 kl_l=0.0076 kl_f=0.0123 sps=24.4
[seed 0] upd 105/390 step=53760 ep_ret=2.822 cap=0.00 kl_l=0.0069 kl_f=0.0152 sps=24.4
[seed 0] upd 106/390 step=54272 ep_ret=3.107 cap=0.00 kl_l=0.0051 kl_f=0.0086 sps=24.4
[seed 0] upd 107/390 step=54784 ep_ret=2.766 cap=0.00 kl_l=0.0041 kl_f=0.0074 sps=24.4
[seed 0] upd 108/390 step=55296 ep_ret=2.590 cap=0.00 kl_l=0.0083 kl_f=0.0127 sps=24.4
[seed 0] upd 109/390 step=55808 ep_ret=2.920 cap=0.00 kl_l=0.0090 kl_f=0.0114 sps=24.4
[seed 0] upd 110/390 step=56320 ep_ret=3.297 cap=0.00 kl_l=0.0095 kl_f=0.0124 sps=24.4
[seed 0] upd 111/390 step=56832 ep_ret=4.246 cap=0.00 kl_l=0.0089 kl_f=0.0124 sps=24.4
[seed 0] upd 112/390 step=57344 ep_ret=2.924 cap=0.00 kl_l=0.0063 kl_f=0.0093 sps=24.4
[seed 0] upd 113/390 step=57856 ep_ret=3.464 cap=0.00 kl_l=0.0084 kl_f=0.0106 sps=24.5
[seed 0] upd 114/390 step=58368 ep_ret=3.940 cap=0.00 kl_l=0.0061 kl_f=0.0110 sps=24.5
[seed 0] upd 115/390 step=58880 ep_ret=3.572 cap=0.00 kl_l=0.0053 kl_f=0.0102 sps=24.5
[seed 0] upd 116/390 step=59392 ep_ret=3.268 cap=0.00 kl_l=0.0062 kl_f=0.0132 sps=24.5
[seed 0] upd 117/390 step=59904 ep_ret=2.894 cap=0.00 kl_l=0.0053 kl_f=0.0120 sps=24.5
[seed 0] upd 118/390 step=60416 ep_ret=3.513 cap=0.00 kl_l=0.0152 kl_f=0.0092 sps=24.5
[seed 0] upd 119/390 step=60928 ep_ret=2.475 cap=0.00 kl_l=0.0094 kl_f=0.0136 sps=24.5
[seed 0] upd 120/390 step=61440 ep_ret=2.496 cap=0.00 kl_l=0.0103 kl_f=0.0116 sps=24.5
  [eval] return=9.988+-0.003 captured=0.00 wasted=0.00 clean=0.00 DoD_margin=+6.928
[seed 0] upd 121/390 step=61952 ep_ret=2.924 cap=0.00 kl_l=0.0064 kl_f=0.0087 sps=24.3
[seed 0] upd 122/390 step=62464 ep_ret=4.122 cap=0.00 kl_l=0.0105 kl_f=0.0119 sps=24.3
[seed 0] upd 123/390 step=62976 ep_ret=3.818 cap=0.00 kl_l=0.0112 kl_f=0.0125 sps=24.3
[seed 0] upd 124/390 step=63488 ep_ret=3.240 cap=0.00 kl_l=0.0080 kl_f=0.0111 sps=24.4
[seed 0] upd 125/390 step=64000 ep_ret=3.771 cap=0.00 kl_l=0.0122 kl_f=0.0108 sps=24.4
[seed 0] upd 126/390 step=64512 ep_ret=4.573 cap=0.00 kl_l=0.0114 kl_f=0.0107 sps=24.4
[seed 0] upd 127/390 step=65024 ep_ret=3.375 cap=0.00 kl_l=0.0079 kl_f=0.0099 sps=24.4
[seed 0] upd 128/390 step=65536 ep_ret=3.445 cap=0.00 kl_l=0.0098 kl_f=0.0089 sps=24.4
[seed 0] upd 129/390 step=66048 ep_ret=3.879 cap=0.00 kl_l=0.0068 kl_f=0.0099 sps=24.4
[seed 0] upd 130/390 step=66560 ep_ret=3.757 cap=0.00 kl_l=0.0064 kl_f=0.0124 sps=24.4
[seed 0] upd 131/390 step=67072 ep_ret=3.716 cap=0.00 kl_l=0.0095 kl_f=0.0115 sps=24.4
[seed 0] upd 132/390 step=67584 ep_ret=4.449 cap=0.00 kl_l=0.0059 kl_f=0.0118 sps=24.4
[seed 0] upd 133/390 step=68096 ep_ret=4.142 cap=0.00 kl_l=0.0098 kl_f=0.0098 sps=24.4
[seed 0] upd 134/390 step=68608 ep_ret=4.353 cap=0.00 kl_l=0.0118 kl_f=0.0112 sps=24.4
[seed 0] upd 135/390 step=69120 ep_ret=3.825 cap=0.00 kl_l=0.0090 kl_f=0.0100 sps=24.4
[seed 0] upd 136/390 step=69632 ep_ret=3.775 cap=0.00 kl_l=0.0082 kl_f=0.0083 sps=24.4
[seed 0] upd 137/390 step=70144 ep_ret=3.401 cap=0.00 kl_l=0.0060 kl_f=0.0072 sps=24.4
[seed 0] upd 138/390 step=70656 ep_ret=3.594 cap=0.00 kl_l=0.0051 kl_f=0.0115 sps=24.4
[seed 0] upd 139/390 step=71168 ep_ret=3.791 cap=0.00 kl_l=0.0079 kl_f=0.0124 sps=24.5
[seed 0] upd 140/390 step=71680 ep_ret=2.890 cap=0.00 kl_l=0.0091 kl_f=0.0090 sps=24.5
  [eval] return=4.989+-0.003 captured=0.00 wasted=0.00 clean=0.00 DoD_margin=+1.929
[seed 0] upd 141/390 step=72192 ep_ret=3.080 cap=0.00 kl_l=0.0058 kl_f=0.0093 sps=24.3
[seed 0] upd 142/390 step=72704 ep_ret=4.025 cap=0.00 kl_l=0.0082 kl_f=0.0135 sps=24.3
[seed 0] upd 143/390 step=73216 ep_ret=3.994 cap=0.00 kl_l=0.0067 kl_f=0.0127 sps=24.3
[seed 0] upd 144/390 step=73728 ep_ret=3.447 cap=0.00 kl_l=0.0062 kl_f=0.0094 sps=24.3
[seed 0] upd 145/390 step=74240 ep_ret=3.367 cap=0.00 kl_l=0.0075 kl_f=0.0105 sps=24.3
[seed 0] upd 146/390 step=74752 ep_ret=4.480 cap=0.00 kl_l=0.0090 kl_f=0.0102 sps=24.4
[seed 0] upd 147/390 step=75264 ep_ret=3.812 cap=0.00 kl_l=0.0093 kl_f=0.0136 sps=24.4
[seed 0] upd 148/390 step=75776 ep_ret=3.197 cap=0.00 kl_l=0.0093 kl_f=0.0121 sps=24.4
[seed 0] upd 149/390 step=76288 ep_ret=3.049 cap=0.00 kl_l=0.0068 kl_f=0.0093 sps=24.4
[seed 0] upd 150/390 step=76800 ep_ret=3.121 cap=0.00 kl_l=0.0130 kl_f=0.0085 sps=24.4
[seed 0] upd 151/390 step=77312 ep_ret=3.793 cap=0.00 kl_l=0.0208 kl_f=0.0120 sps=24.4
[seed 0] upd 152/390 step=77824 ep_ret=3.753 cap=0.00 kl_l=0.0125 kl_f=0.0117 sps=24.4
[seed 0] upd 153/390 step=78336 ep_ret=3.801 cap=0.00 kl_l=0.0129 kl_f=0.0114 sps=24.4
[seed 0] upd 154/390 step=78848 ep_ret=3.999 cap=0.00 kl_l=0.0121 kl_f=0.0124 sps=24.4
[seed 0] upd 155/390 step=79360 ep_ret=3.142 cap=0.00 kl_l=0.0118 kl_f=0.0081 sps=24.4
[seed 0] upd 156/390 step=79872 ep_ret=4.063 cap=0.00 kl_l=0.0061 kl_f=0.0099 sps=24.4
[seed 0] upd 157/390 step=80384 ep_ret=2.485 cap=0.00 kl_l=0.0057 kl_f=0.0086 sps=24.4
[seed 0] upd 158/390 step=80896 ep_ret=3.546 cap=0.00 kl_l=0.0099 kl_f=0.0092 sps=24.4
[seed 0] upd 159/390 step=81408 ep_ret=3.898 cap=0.00 kl_l=0.0073 kl_f=0.0106 sps=24.4
[seed 0] upd 160/390 step=81920 ep_ret=4.623 cap=0.00 kl_l=0.0065 kl_f=0.0040 sps=24.4
  [eval] return=5.994+-0.001 captured=0.00 wasted=0.00 clean=0.00 DoD_margin=+2.934
[seed 0] upd 161/390 step=82432 ep_ret=5.120 cap=0.00 kl_l=0.0076 kl_f=0.0132 sps=24.3
[seed 0] upd 162/390 step=82944 ep_ret=4.719 cap=0.00 kl_l=0.0105 kl_f=0.0107 sps=24.3
[seed 0] upd 163/390 step=83456 ep_ret=4.106 cap=0.00 kl_l=0.0063 kl_f=0.0091 sps=24.3
[seed 0] upd 164/390 step=83968 ep_ret=3.801 cap=0.00 kl_l=0.0106 kl_f=0.0081 sps=24.3
[seed 0] upd 165/390 step=84480 ep_ret=3.473 cap=0.00 kl_l=0.0088 kl_f=0.0101 sps=24.3
[seed 0] upd 166/390 step=84992 ep_ret=3.571 cap=0.00 kl_l=0.0069 kl_f=0.0109 sps=24.3
[seed 0] upd 167/390 step=85504 ep_ret=3.573 cap=0.00 kl_l=0.0083 kl_f=0.0099 sps=24.3
[seed 0] upd 168/390 step=86016 ep_ret=4.197 cap=0.00 kl_l=0.0071 kl_f=0.0099 sps=24.3
[seed 0] upd 169/390 step=86528 ep_ret=3.847 cap=0.00 kl_l=0.0072 kl_f=0.0121 sps=24.3
[seed 0] upd 170/390 step=87040 ep_ret=4.896 cap=0.00 kl_l=0.0098 kl_f=0.0098 sps=24.3
[seed 0] upd 171/390 step=87552 ep_ret=3.711 cap=0.00 kl_l=0.0066 kl_f=0.0081 sps=24.3
[seed 0] upd 172/390 step=88064 ep_ret=3.594 cap=0.00 kl_l=0.0067 kl_f=0.0114 sps=24.4
[seed 0] upd 173/390 step=88576 ep_ret=3.771 cap=0.00 kl_l=0.0057 kl_f=0.0076 sps=24.4
[seed 0] upd 174/390 step=89088 ep_ret=4.296 cap=0.00 kl_l=0.0079 kl_f=0.0100 sps=24.4
[seed 0] upd 175/390 step=89600 ep_ret=4.619 cap=0.00 kl_l=0.0071 kl_f=0.0098 sps=24.4
[seed 0] upd 176/390 step=90112 ep_ret=4.148 cap=0.00 kl_l=0.0098 kl_f=0.0095 sps=24.4
[seed 0] upd 177/390 step=90624 ep_ret=4.893 cap=0.00 kl_l=0.0137 kl_f=0.0102 sps=24.4
[seed 0] upd 178/390 step=91136 ep_ret=4.267 cap=0.00 kl_l=0.0064 kl_f=0.0102 sps=24.4
[seed 0] upd 179/390 step=91648 ep_ret=3.721 cap=0.00 kl_l=0.0065 kl_f=0.0051 sps=24.4
[seed 0] upd 180/390 step=92160 ep_ret=3.593 cap=0.00 kl_l=0.0071 kl_f=0.0119 sps=24.4
  [eval] return=6.007+-0.002 captured=0.00 wasted=0.00 clean=0.00 DoD_margin=+2.947
[seed 0] upd 181/390 step=92672 ep_ret=4.471 cap=0.00 kl_l=0.0072 kl_f=0.0094 sps=24.3
[seed 0] upd 182/390 step=93184 ep_ret=4.398 cap=0.00 kl_l=0.0065 kl_f=0.0094 sps=24.3
[seed 0] upd 183/390 step=93696 ep_ret=4.221 cap=0.00 kl_l=0.0065 kl_f=0.0075 sps=24.3
[seed 0] upd 184/390 step=94208 ep_ret=3.977 cap=0.00 kl_l=0.0041 kl_f=0.0096 sps=24.3
[seed 0] upd 185/390 step=94720 ep_ret=5.322 cap=0.00 kl_l=0.0073 kl_f=0.0047 sps=24.3
[seed 0] upd 186/390 step=95232 ep_ret=4.371 cap=0.00 kl_l=0.0055 kl_f=0.0094 sps=24.3
[seed 0] upd 187/390 step=95744 ep_ret=3.646 cap=0.00 kl_l=0.0082 kl_f=0.0075 sps=24.3
[seed 0] upd 188/390 step=96256 ep_ret=3.845 cap=0.00 kl_l=0.0060 kl_f=0.0092 sps=24.3
[seed 0] upd 189/390 step=96768 ep_ret=3.891 cap=0.00 kl_l=0.0063 kl_f=0.0122 sps=24.3
[seed 0] upd 190/390 step=97280 ep_ret=5.392 cap=0.00 kl_l=0.0066 kl_f=0.0088 sps=24.3
[seed 0] upd 191/390 step=97792 ep_ret=3.898 cap=0.00 kl_l=0.0059 kl_f=0.0080 sps=24.3
[seed 0] upd 192/390 step=98304 ep_ret=2.548 cap=0.00 kl_l=0.0113 kl_f=0.0100 sps=24.4
[seed 0] upd 193/390 step=98816 ep_ret=2.998 cap=0.00 kl_l=0.0070 kl_f=0.0089 sps=24.4
[seed 0] upd 194/390 step=99328 ep_ret=3.670 cap=0.00 kl_l=0.0094 kl_f=0.0121 sps=24.4
[seed 0] upd 195/390 step=99840 ep_ret=3.871 cap=0.00 kl_l=0.0102 kl_f=0.0104 sps=24.4
[seed 0] upd 196/390 step=100352 ep_ret=4.421 cap=0.00 kl_l=0.0077 kl_f=0.0102 sps=24.4
[seed 0] upd 197/390 step=100864 ep_ret=4.618 cap=0.00 kl_l=0.0071 kl_f=0.0117 sps=24.4
[seed 0] upd 198/390 step=101376 ep_ret=4.396 cap=0.00 kl_l=0.0087 kl_f=0.0092 sps=24.4
[seed 0] upd 199/390 step=101888 ep_ret=5.048 cap=0.00 kl_l=0.0083 kl_f=0.0109 sps=24.4
[seed 0] upd 200/390 step=102400 ep_ret=4.822 cap=0.00 kl_l=0.0077 kl_f=0.0107 sps=24.4
  [eval] return=3.995+-0.001 captured=0.00 wasted=0.00 clean=0.00 DoD_margin=+0.935
[seed 0] upd 201/390 step=102912 ep_ret=3.645 cap=0.00 kl_l=0.0085 kl_f=0.0096 sps=24.3
[seed 0] upd 202/390 step=103424 ep_ret=4.294 cap=0.00 kl_l=0.0083 kl_f=0.0093 sps=24.3
[seed 0] upd 203/390 step=103936 ep_ret=4.874 cap=0.00 kl_l=0.0095 kl_f=0.0098 sps=24.3
[seed 0] upd 204/390 step=104448 ep_ret=3.346 cap=0.00 kl_l=0.0097 kl_f=0.0104 sps=24.3
[seed 0] upd 205/390 step=104960 ep_ret=4.072 cap=0.00 kl_l=0.0067 kl_f=0.0064 sps=24.3
[seed 0] upd 206/390 step=105472 ep_ret=5.250 cap=0.00 kl_l=0.0060 kl_f=0.0081 sps=24.3
[seed 0] upd 207/390 step=105984 ep_ret=4.401 cap=0.00 kl_l=0.0049 kl_f=0.0088 sps=24.3
[seed 0] upd 208/390 step=106496 ep_ret=5.473 cap=0.00 kl_l=0.0070 kl_f=0.0096 sps=24.3
[seed 0] upd 209/390 step=107008 ep_ret=3.748 cap=0.00 kl_l=0.0064 kl_f=0.0069 sps=24.3
[seed 0] upd 210/390 step=107520 ep_ret=3.524 cap=0.00 kl_l=0.0057 kl_f=0.0063 sps=24.3
[seed 0] upd 211/390 step=108032 ep_ret=3.346 cap=0.00 kl_l=0.0038 kl_f=0.0115 sps=24.3
[seed 0] upd 212/390 step=108544 ep_ret=3.743 cap=0.00 kl_l=0.0047 kl_f=0.0086 sps=24.3
[seed 0] upd 213/390 step=109056 ep_ret=4.672 cap=0.00 kl_l=0.0052 kl_f=0.0091 sps=24.3
[seed 0] upd 214/390 step=109568 ep_ret=4.672 cap=0.00 kl_l=0.0064 kl_f=0.0105 sps=24.3
[seed 0] upd 215/390 step=110080 ep_ret=4.772 cap=0.00 kl_l=0.0088 kl_f=0.0092 sps=24.3
[seed 0] upd 216/390 step=110592 ep_ret=3.898 cap=0.00 kl_l=0.0065 kl_f=0.0096 sps=24.3
[seed 0] upd 217/390 step=111104 ep_ret=4.097 cap=0.00 kl_l=0.0080 kl_f=0.0109 sps=24.3
[seed 0] upd 218/390 step=111616 ep_ret=4.325 cap=0.00 kl_l=0.0086 kl_f=0.0084 sps=24.3
[seed 0] upd 219/390 step=112128 ep_ret=3.299 cap=0.00 kl_l=0.0080 kl_f=0.0088 sps=24.3
[seed 0] upd 220/390 step=112640 ep_ret=3.395 cap=0.00 kl_l=0.0095 kl_f=0.0084 sps=24.3
  [eval] return=9.896+-0.300 captured=0.00 wasted=0.00 clean=0.00 DoD_margin=+6.836
[seed 0] upd 221/390 step=113152 ep_ret=5.220 cap=0.00 kl_l=0.0078 kl_f=0.0105 sps=24.2
[seed 0] upd 222/390 step=113664 ep_ret=4.298 cap=0.00 kl_l=0.0058 kl_f=0.0062 sps=24.2
[seed 0] upd 223/390 step=114176 ep_ret=3.547 cap=0.00 kl_l=0.0062 kl_f=0.0088 sps=24.2
[seed 0] upd 224/390 step=114688 ep_ret=4.247 cap=0.00 kl_l=0.0074 kl_f=0.0073 sps=24.2
[seed 0] upd 225/390 step=115200 ep_ret=5.193 cap=0.00 kl_l=0.0062 kl_f=0.0074 sps=24.2
[seed 0] upd 226/390 step=115712 ep_ret=5.097 cap=0.00 kl_l=0.0063 kl_f=0.0088 sps=24.2
[seed 0] upd 227/390 step=116224 ep_ret=3.398 cap=0.00 kl_l=0.0052 kl_f=0.0108 sps=24.2
[seed 0] upd 228/390 step=116736 ep_ret=4.346 cap=0.00 kl_l=0.0067 kl_f=0.0095 sps=24.2
[seed 0] upd 229/390 step=117248 ep_ret=4.120 cap=0.00 kl_l=0.0047 kl_f=0.0088 sps=24.2
[seed 0] upd 230/390 step=117760 ep_ret=3.443 cap=0.00 kl_l=0.0045 kl_f=0.0080 sps=24.2
[seed 0] upd 231/390 step=118272 ep_ret=3.572 cap=0.00 kl_l=0.0050 kl_f=0.0101 sps=24.2
[seed 0] upd 232/390 step=118784 ep_ret=4.218 cap=0.00 kl_l=0.0078 kl_f=0.0102 sps=24.2
[seed 0] upd 233/390 step=119296 ep_ret=4.938 cap=0.00 kl_l=0.0057 kl_f=0.0089 sps=24.2
[seed 0] upd 234/390 step=119808 ep_ret=5.193 cap=0.00 kl_l=0.0077 kl_f=0.0062 sps=24.2
[seed 0] upd 235/390 step=120320 ep_ret=5.249 cap=0.00 kl_l=0.0087 kl_f=0.0093 sps=24.2
[seed 0] upd 236/390 step=120832 ep_ret=4.296 cap=0.00 kl_l=0.0090 kl_f=0.0106 sps=24.2
[seed 0] upd 237/390 step=121344 ep_ret=4.648 cap=0.00 kl_l=0.0070 kl_f=0.0070 sps=24.2
[seed 0] upd 238/390 step=121856 ep_ret=4.296 cap=0.00 kl_l=0.0080 kl_f=0.0072 sps=24.2
[seed 0] upd 239/390 step=122368 ep_ret=4.424 cap=0.00 kl_l=0.0068 kl_f=0.0108 sps=24.2
[seed 0] upd 240/390 step=122880 ep_ret=4.096 cap=0.00 kl_l=0.0064 kl_f=0.0096 sps=24.2
  [eval] return=7.995+-0.001 captured=0.00 wasted=0.00 clean=0.00 DoD_margin=+4.935
[seed 0] upd 241/390 step=123392 ep_ret=4.472 cap=0.00 kl_l=0.0082 kl_f=0.0068 sps=24.1
[seed 0] upd 242/390 step=123904 ep_ret=3.869 cap=0.00 kl_l=0.0055 kl_f=0.0072 sps=24.1
[seed 0] upd 243/390 step=124416 ep_ret=4.348 cap=0.00 kl_l=0.0046 kl_f=0.0089 sps=24.1
[seed 0] upd 244/390 step=124928 ep_ret=4.397 cap=0.00 kl_l=0.0079 kl_f=0.0081 sps=24.1
[seed 0] upd 245/390 step=125440 ep_ret=3.921 cap=0.00 kl_l=0.0049 kl_f=0.0087 sps=24.1
[seed 0] upd 246/390 step=125952 ep_ret=4.819 cap=0.00 kl_l=0.0082 kl_f=0.0075 sps=24.1
[seed 0] upd 247/390 step=126464 ep_ret=4.631 cap=0.00 kl_l=0.0068 kl_f=0.0081 sps=24.1
[seed 0] upd 248/390 step=126976 ep_ret=5.143 cap=0.00 kl_l=0.0084 kl_f=0.0072 sps=24.1
[seed 0] upd 249/390 step=127488 ep_ret=4.271 cap=0.00 kl_l=0.0065 kl_f=0.0110 sps=24.1
[seed 0] upd 250/390 step=128000 ep_ret=4.016 cap=0.00 kl_l=0.0057 kl_f=0.0118 sps=24.1
[seed 0] upd 251/390 step=128512 ep_ret=4.215 cap=0.00 kl_l=0.0091 kl_f=0.0079 sps=24.1
[seed 0] upd 252/390 step=129024 ep_ret=4.194 cap=0.00 kl_l=0.0070 kl_f=0.0091 sps=24.1
[seed 0] upd 253/390 step=129536 ep_ret=3.839 cap=0.00 kl_l=0.0095 kl_f=0.0114 sps=24.1
[seed 0] upd 254/390 step=130048 ep_ret=3.669 cap=0.00 kl_l=0.0085 kl_f=0.0064 sps=24.1
[seed 0] upd 255/390 step=130560 ep_ret=3.249 cap=0.00 kl_l=0.0132 kl_f=0.0098 sps=24.1
[seed 0] upd 256/390 step=131072 ep_ret=4.696 cap=0.00 kl_l=0.0066 kl_f=0.0049 sps=24.1
[seed 0] upd 257/390 step=131584 ep_ret=5.369 cap=0.00 kl_l=0.0062 kl_f=0.0057 sps=24.1
[seed 0] upd 258/390 step=132096 ep_ret=5.107 cap=0.00 kl_l=0.0053 kl_f=0.0082 sps=24.1
[seed 0] upd 259/390 step=132608 ep_ret=5.249 cap=0.00 kl_l=0.0043 kl_f=0.0067 sps=24.1
[seed 0] upd 260/390 step=133120 ep_ret=4.958 cap=0.00 kl_l=0.0038 kl_f=0.0078 sps=24.1
  [eval] return=5.992+-0.001 captured=0.00 wasted=0.10 clean=0.00 DoD_margin=+2.932
[seed 0] upd 261/390 step=133632 ep_ret=4.724 cap=0.00 kl_l=0.0076 kl_f=0.0117 sps=24.0
[seed 0] upd 262/390 step=134144 ep_ret=3.147 cap=0.00 kl_l=0.0042 kl_f=0.0060 sps=24.0
[seed 0] upd 263/390 step=134656 ep_ret=3.623 cap=0.00 kl_l=0.0077 kl_f=0.0104 sps=24.0
[seed 0] upd 264/390 step=135168 ep_ret=4.740 cap=0.00 kl_l=0.0048 kl_f=0.0086 sps=24.0
[seed 0] upd 265/390 step=135680 ep_ret=3.973 cap=0.00 kl_l=0.0049 kl_f=0.0086 sps=24.0
[seed 0] upd 266/390 step=136192 ep_ret=3.424 cap=0.00 kl_l=0.0052 kl_f=0.0054 sps=24.0
[seed 0] upd 267/390 step=136704 ep_ret=4.819 cap=0.00 kl_l=0.0082 kl_f=0.0103 sps=24.0
[seed 0] upd 268/390 step=137216 ep_ret=4.468 cap=0.00 kl_l=0.0068 kl_f=0.0090 sps=24.1
[seed 0] upd 269/390 step=137728 ep_ret=5.172 cap=0.00 kl_l=0.0073 kl_f=0.0066 sps=24.1
[seed 0] upd 270/390 step=138240 ep_ret=4.826 cap=0.00 kl_l=0.0058 kl_f=0.0051 sps=24.1
[seed 0] upd 271/390 step=138752 ep_ret=3.448 cap=0.00 kl_l=0.0086 kl_f=0.0064 sps=24.1
[seed 0] upd 272/390 step=139264 ep_ret=4.556 cap=0.00 kl_l=0.0061 kl_f=0.0039 sps=24.1
[seed 0] upd 273/390 step=139776 ep_ret=4.944 cap=0.00 kl_l=0.0064 kl_f=0.0051 sps=24.1
[seed 0] upd 274/390 step=140288 ep_ret=4.672 cap=0.00 kl_l=0.0061 kl_f=0.0047 sps=24.1
[seed 0] upd 275/390 step=140800 ep_ret=4.670 cap=0.00 kl_l=0.0069 kl_f=0.0075 sps=24.1
[seed 0] upd 276/390 step=141312 ep_ret=4.947 cap=0.00 kl_l=0.0050 kl_f=0.0112 sps=24.1
[seed 0] upd 277/390 step=141824 ep_ret=4.173 cap=0.00 kl_l=0.0049 kl_f=0.0051 sps=24.1
[seed 0] upd 278/390 step=142336 ep_ret=4.472 cap=0.00 kl_l=0.0066 kl_f=0.0064 sps=24.1
[seed 0] upd 279/390 step=142848 ep_ret=5.646 cap=0.00 kl_l=0.0081 kl_f=0.0105 sps=24.1
[seed 0] upd 280/390 step=143360 ep_ret=5.520 cap=0.00 kl_l=0.0061 kl_f=0.0103 sps=24.1
  [eval] return=6.995+-0.001 captured=0.00 wasted=0.00 clean=0.00 DoD_margin=+3.935
[seed 0] upd 281/390 step=143872 ep_ret=5.523 cap=0.00 kl_l=0.0072 kl_f=0.0069 sps=24.0
[seed 0] upd 282/390 step=144384 ep_ret=6.149 cap=0.00 kl_l=0.0057 kl_f=0.0058 sps=24.0
[seed 0] upd 283/390 step=144896 ep_ret=5.105 cap=0.00 kl_l=0.0048 kl_f=0.0034 sps=24.0
[seed 0] upd 284/390 step=145408 ep_ret=4.271 cap=0.00 kl_l=0.0033 kl_f=0.0056 sps=24.0
[seed 0] upd 285/390 step=145920 ep_ret=4.193 cap=0.00 kl_l=0.0060 kl_f=0.0057 sps=24.0
[seed 0] upd 286/390 step=146432 ep_ret=5.348 cap=0.00 kl_l=0.0051 kl_f=0.0073 sps=24.0
[seed 0] upd 287/390 step=146944 ep_ret=5.072 cap=0.00 kl_l=0.0060 kl_f=0.0034 sps=24.0
[seed 0] upd 288/390 step=147456 ep_ret=5.224 cap=0.00 kl_l=0.0070 kl_f=0.0083 sps=24.0
[seed 0] upd 289/390 step=147968 ep_ret=4.647 cap=0.00 kl_l=0.0059 kl_f=0.0063 sps=24.0
[seed 0] upd 290/390 step=148480 ep_ret=4.673 cap=0.00 kl_l=0.0048 kl_f=0.0058 sps=24.0
[seed 0] upd 291/390 step=148992 ep_ret=4.323 cap=0.00 kl_l=0.0050 kl_f=0.0092 sps=24.0
[seed 0] upd 292/390 step=149504 ep_ret=3.578 cap=0.00 kl_l=0.0039 kl_f=0.0058 sps=24.0
[seed 0] upd 293/390 step=150016 ep_ret=3.465 cap=0.00 kl_l=0.0046 kl_f=0.0100 sps=24.0
[seed 0] upd 294/390 step=150528 ep_ret=4.789 cap=0.00 kl_l=0.0058 kl_f=0.0024 sps=24.0
[seed 0] upd 295/390 step=151040 ep_ret=4.499 cap=0.00 kl_l=0.0046 kl_f=0.0040 sps=24.0
[seed 0] upd 296/390 step=151552 ep_ret=4.721 cap=0.00 kl_l=0.0037 kl_f=0.0045 sps=24.0
[seed 0] upd 297/390 step=152064 ep_ret=4.316 cap=0.00 kl_l=0.0051 kl_f=0.0058 sps=24.0
[seed 0] upd 298/390 step=152576 ep_ret=5.224 cap=0.00 kl_l=0.0071 kl_f=0.0038 sps=24.0
[seed 0] upd 299/390 step=153088 ep_ret=4.776 cap=0.00 kl_l=0.0043 kl_f=0.0071 sps=24.0
[seed 0] upd 300/390 step=153600 ep_ret=4.646 cap=0.00 kl_l=0.0049 kl_f=0.0078 sps=24.0
  [eval] return=6.027+-0.014 captured=0.00 wasted=0.00 clean=0.00 DoD_margin=+2.967
[seed 0] upd 301/390 step=154112 ep_ret=4.373 cap=0.00 kl_l=0.0048 kl_f=0.0050 sps=23.9
[seed 0] upd 302/390 step=154624 ep_ret=4.202 cap=0.00 kl_l=0.0057 kl_f=0.0042 sps=23.9
[seed 0] upd 303/390 step=155136 ep_ret=4.271 cap=0.00 kl_l=0.0054 kl_f=0.0094 sps=23.9
[seed 0] upd 304/390 step=155648 ep_ret=5.670 cap=0.00 kl_l=0.0075 kl_f=0.0083 sps=23.9
[seed 0] upd 305/390 step=156160 ep_ret=5.856 cap=0.00 kl_l=0.0062 kl_f=0.0037 sps=23.9
[seed 0] upd 306/390 step=156672 ep_ret=4.673 cap=0.00 kl_l=0.0068 kl_f=0.0029 sps=23.9
[seed 0] upd 307/390 step=157184 ep_ret=4.472 cap=0.00 kl_l=0.0052 kl_f=0.0074 sps=23.9
[seed 0] upd 308/390 step=157696 ep_ret=4.849 cap=0.00 kl_l=0.0057 kl_f=0.0035 sps=23.9
[seed 0] upd 309/390 step=158208 ep_ret=3.573 cap=0.00 kl_l=0.0058 kl_f=0.0075 sps=23.9
[seed 0] upd 310/390 step=158720 ep_ret=3.973 cap=0.00 kl_l=0.0043 kl_f=0.0075 sps=23.9
[seed 0] upd 311/390 step=159232 ep_ret=4.300 cap=0.00 kl_l=0.0043 kl_f=0.0034 sps=23.9
[seed 0] upd 312/390 step=159744 ep_ret=3.732 cap=0.00 kl_l=0.0038 kl_f=0.0049 sps=23.9
[seed 0] upd 313/390 step=160256 ep_ret=4.216 cap=0.00 kl_l=0.0061 kl_f=0.0052 sps=23.9
[seed 0] upd 314/390 step=160768 ep_ret=4.372 cap=0.00 kl_l=0.0033 kl_f=0.0055 sps=23.9
[seed 0] upd 315/390 step=161280 ep_ret=4.720 cap=0.00 kl_l=0.0060 kl_f=0.0064 sps=23.9
[seed 0] upd 316/390 step=161792 ep_ret=4.398 cap=0.00 kl_l=0.0065 kl_f=0.0085 sps=23.9
[seed 0] upd 317/390 step=162304 ep_ret=4.323 cap=0.00 kl_l=0.0055 kl_f=0.0061 sps=23.9
[seed 0] upd 318/390 step=162816 ep_ret=4.597 cap=0.00 kl_l=0.0046 kl_f=0.0067 sps=23.9
[seed 0] upd 319/390 step=163328 ep_ret=3.527 cap=0.00 kl_l=0.0041 kl_f=0.0059 sps=23.9
[seed 0] upd 320/390 step=163840 ep_ret=4.447 cap=0.00 kl_l=0.0045 kl_f=0.0024 sps=23.9
  [eval] return=10.003+-0.004 captured=0.00 wasted=0.00 clean=0.00 DoD_margin=+6.943
[seed 0] upd 321/390 step=164352 ep_ret=5.322 cap=0.00 kl_l=0.0047 kl_f=0.0073 sps=23.9
[seed 0] upd 322/390 step=164864 ep_ret=4.347 cap=0.00 kl_l=0.0060 kl_f=0.0068 sps=23.9
[seed 0] upd 323/390 step=165376 ep_ret=4.465 cap=0.00 kl_l=0.0055 kl_f=0.0038 sps=23.9
[seed 0] upd 324/390 step=165888 ep_ret=4.491 cap=0.00 kl_l=0.0048 kl_f=0.0052 sps=23.9
[seed 0] upd 325/390 step=166400 ep_ret=5.196 cap=0.00 kl_l=0.0045 kl_f=0.0034 sps=23.9
[seed 0] upd 326/390 step=166912 ep_ret=5.546 cap=0.00 kl_l=0.0060 kl_f=0.0057 sps=23.9
[seed 0] upd 327/390 step=167424 ep_ret=4.573 cap=0.00 kl_l=0.0053 kl_f=0.0033 sps=23.9
[seed 0] upd 328/390 step=167936 ep_ret=4.669 cap=0.00 kl_l=0.0051 kl_f=0.0052 sps=23.9
[seed 0] upd 329/390 step=168448 ep_ret=4.219 cap=0.00 kl_l=0.0051 kl_f=0.0043 sps=23.9
[seed 0] upd 330/390 step=168960 ep_ret=3.048 cap=0.00 kl_l=0.0048 kl_f=0.0023 sps=23.9
[seed 0] upd 331/390 step=169472 ep_ret=3.422 cap=0.00 kl_l=0.0048 kl_f=0.0066 sps=23.9
[seed 0] upd 332/390 step=169984 ep_ret=3.821 cap=0.00 kl_l=0.0048 kl_f=0.0039 sps=23.9
[seed 0] upd 333/390 step=170496 ep_ret=4.673 cap=0.00 kl_l=0.0050 kl_f=0.0040 sps=23.9
[seed 0] upd 334/390 step=171008 ep_ret=4.247 cap=0.00 kl_l=0.0051 kl_f=0.0047 sps=23.9
[seed 0] upd 335/390 step=171520 ep_ret=5.197 cap=0.00 kl_l=0.0037 kl_f=0.0025 sps=23.9
[seed 0] upd 336/390 step=172032 ep_ret=5.613 cap=0.00 kl_l=0.0058 kl_f=0.0047 sps=23.9
[seed 0] upd 337/390 step=172544 ep_ret=4.990 cap=0.00 kl_l=0.0047 kl_f=0.0042 sps=23.9
[seed 0] upd 338/390 step=173056 ep_ret=4.798 cap=0.00 kl_l=0.0032 kl_f=0.0018 sps=23.9
[seed 0] upd 339/390 step=173568 ep_ret=4.749 cap=0.00 kl_l=0.0053 kl_f=0.0032 sps=23.9
[seed 0] upd 340/390 step=174080 ep_ret=5.449 cap=0.00 kl_l=0.0044 kl_f=0.0037 sps=23.9
  [eval] return=7.133+-0.304 captured=0.00 wasted=0.00 clean=0.00 DoD_margin=+4.074
[seed 0] upd 341/390 step=174592 ep_ret=4.899 cap=0.00 kl_l=0.0042 kl_f=0.0037 sps=23.8
[seed 0] upd 342/390 step=175104 ep_ret=4.770 cap=0.00 kl_l=0.0043 kl_f=0.0019 sps=23.8
[seed 0] upd 343/390 step=175616 ep_ret=3.721 cap=0.00 kl_l=0.0041 kl_f=0.0025 sps=23.8
[seed 0] upd 344/390 step=176128 ep_ret=5.651 cap=0.00 kl_l=0.0051 kl_f=0.0029 sps=23.8
[seed 0] upd 345/390 step=176640 ep_ret=5.648 cap=0.00 kl_l=0.0054 kl_f=0.0031 sps=23.8
[seed 0] upd 346/390 step=177152 ep_ret=4.498 cap=0.00 kl_l=0.0063 kl_f=0.0048 sps=23.8
[seed 0] upd 347/390 step=177664 ep_ret=5.746 cap=0.00 kl_l=0.0038 kl_f=0.0034 sps=23.8
[seed 0] upd 348/390 step=178176 ep_ret=4.623 cap=0.00 kl_l=0.0032 kl_f=0.0030 sps=23.8
[seed 0] upd 349/390 step=178688 ep_ret=4.120 cap=0.00 kl_l=0.0032 kl_f=0.0039 sps=23.8
[seed 0] upd 350/390 step=179200 ep_ret=4.199 cap=0.00 kl_l=0.0047 kl_f=0.0037 sps=23.9
[seed 0] upd 351/390 step=179712 ep_ret=5.198 cap=0.00 kl_l=0.0040 kl_f=0.0023 sps=23.9
[seed 0] upd 352/390 step=180224 ep_ret=3.775 cap=0.00 kl_l=0.0039 kl_f=0.0022 sps=23.9
[seed 0] upd 353/390 step=180736 ep_ret=5.267 cap=0.00 kl_l=0.0029 kl_f=0.0043 sps=23.9
[seed 0] upd 354/390 step=181248 ep_ret=4.565 cap=0.00 kl_l=0.0047 kl_f=0.0029 sps=23.9
[seed 0] upd 355/390 step=181760 ep_ret=4.498 cap=0.00 kl_l=0.0039 kl_f=0.0021 sps=23.9
[seed 0] upd 356/390 step=182272 ep_ret=3.977 cap=0.00 kl_l=0.0025 kl_f=0.0025 sps=23.9
wandb: 
wandb: Run history:
wandb:     eval/captured_rate ▁▁▁▁▁▁▁▁▁▁▁▁▁▁▁▁▁▁▁▁
wandb:  eval/clean_cross_rate ▁▁▁▁▁▁▁▁▁▁▁▁▁▁▁▁▁▁▁▁
wandb:        eval/dod_margin ▁▃▃▄▄█▄▅▅▄█▇▅▆▅█▆▅▆▄
wandb:          eval/episodes ▁▁▁▁▁▁▁▁▁▁▁▁▁▁▁▁▁▁▁▁
wandb: eval/headline_sum_mean ▁▃▃▃▃█▄▅▅▃▇▆▅▅▅▇▆▅▅▄
wandb:          eval/len_mean ▂▁▁▁▁█▁▁▁▁▁▁▄▁▁▁▁▁▃▃
wandb:   eval/penetrated_rate ████████████▁█████▅▅
wandb:       eval/return_mean ▁▃▃▄▄█▄▅▅▄█▇▅▆▅█▆▅▆▄
wandb:        eval/return_std ▄▁█▁▁▁▁▁▁▁▅▁▁▁▁▁▅▁▁▇
wandb:       eval/wasted_mean ▁▁▁▁▁▁▁▁▁▁▁▁█▁▁▁▁▁▅▅
wandb:                    +30 ...
wandb: 
wandb: Run summary:
wandb:     baseline_hold_return 0
wandb: baseline_scripted_return 3.05997
wandb:               dod_margin 1.03661
wandb:       eval/captured_rate 0
wandb:    eval/clean_cross_rate 0
wandb:          eval/dod_margin 1.03661
wandb:            eval/episodes 20
wandb:   eval/headline_sum_mean 4.14659
wandb:            eval/len_mean 23.25
wandb:     eval/penetrated_rate 0.95
wandb:                      +34 ...
wandb: 
wandb: You can sync this run to the cloud by running:
wandb: wandb sync /data/hjhong/l2/wandb/wandb/offline-run-20260704_205940-ppaa3nqr
wandb: Find logs at: /data/hjhong/l2/wandb/wandb/offline-run-20260704_205940-ppaa3nqr/logs
[seed 0] upd 357/390 step=182784 ep_ret=4.625 cap=0.00 kl_l=0.0042 kl_f=0.0019 sps=23.9
[seed 0] upd 358/390 step=183296 ep_ret=3.147 cap=0.00 kl_l=0.0042 kl_f=0.0012 sps=23.9
[seed 0] upd 359/390 step=183808 ep_ret=4.202 cap=0.00 kl_l=0.0039 kl_f=0.0013 sps=23.9
[seed 0] upd 360/390 step=184320 ep_ret=4.903 cap=0.00 kl_l=0.0043 kl_f=0.0010 sps=23.9
  [eval] return=6.013+-0.009 captured=0.00 wasted=0.00 clean=0.00 DoD_margin=+2.953
[seed 0] upd 361/390 step=184832 ep_ret=4.710 cap=0.00 kl_l=0.0020 kl_f=0.0014 sps=23.8
[seed 0] upd 362/390 step=185344 ep_ret=3.811 cap=0.00 kl_l=0.0038 kl_f=0.0018 sps=23.8
[seed 0] upd 363/390 step=185856 ep_ret=4.416 cap=0.00 kl_l=0.0020 kl_f=0.0032 sps=23.8
[seed 0] upd 364/390 step=186368 ep_ret=4.848 cap=0.00 kl_l=0.0056 kl_f=0.0019 sps=23.8
[seed 0] upd 365/390 step=186880 ep_ret=4.164 cap=0.00 kl_l=0.0045 kl_f=0.0012 sps=23.8
[seed 0] upd 366/390 step=187392 ep_ret=4.066 cap=0.00 kl_l=0.0022 kl_f=0.0014 sps=23.8
[seed 0] upd 367/390 step=187904 ep_ret=4.909 cap=0.00 kl_l=0.0032 kl_f=0.0028 sps=23.8
[seed 0] upd 368/390 step=188416 ep_ret=5.044 cap=0.00 kl_l=0.0023 kl_f=0.0019 sps=23.8
[seed 0] upd 369/390 step=188928 ep_ret=4.045 cap=0.00 kl_l=0.0028 kl_f=0.0035 sps=23.8
[seed 0] upd 370/390 step=189440 ep_ret=4.345 cap=0.00 kl_l=0.0026 kl_f=0.0019 sps=23.8
[seed 0] upd 371/390 step=189952 ep_ret=4.642 cap=0.00 kl_l=0.0033 kl_f=0.0015 sps=23.8
[seed 0] upd 372/390 step=190464 ep_ret=4.323 cap=0.00 kl_l=0.0010 kl_f=0.0006 sps=23.8
[seed 0] upd 373/390 step=190976 ep_ret=4.918 cap=0.00 kl_l=0.0034 kl_f=0.0011 sps=23.8
[seed 0] upd 374/390 step=191488 ep_ret=5.288 cap=0.00 kl_l=0.0026 kl_f=0.0011 sps=23.8
[seed 0] upd 375/390 step=192000 ep_ret=4.537 cap=0.00 kl_l=0.0025 kl_f=0.0010 sps=23.8
[seed 0] upd 376/390 step=192512 ep_ret=5.346 cap=0.00 kl_l=0.0014 kl_f=0.0006 sps=23.8
[seed 0] upd 377/390 step=193024 ep_ret=3.750 cap=0.00 kl_l=0.0009 kl_f=0.0008 sps=23.8
[seed 0] upd 378/390 step=193536 ep_ret=4.446 cap=0.00 kl_l=0.0017 kl_f=0.0005 sps=23.8
[seed 0] upd 379/390 step=194048 ep_ret=4.617 cap=0.00 kl_l=0.0010 kl_f=0.0004 sps=23.8
[seed 0] upd 380/390 step=194560 ep_ret=5.544 cap=0.00 kl_l=0.0021 kl_f=0.0005 sps=23.8
  [eval] return=6.996+-0.001 captured=0.00 wasted=0.05 clean=0.00 DoD_margin=+3.936
[seed 0] upd 381/390 step=195072 ep_ret=4.697 cap=0.00 kl_l=0.0011 kl_f=0.0008 sps=23.8
[seed 0] upd 382/390 step=195584 ep_ret=4.878 cap=0.00 kl_l=0.0017 kl_f=0.0004 sps=23.8
[seed 0] upd 383/390 step=196096 ep_ret=4.324 cap=0.00 kl_l=0.0005 kl_f=0.0002 sps=23.8
[seed 0] upd 384/390 step=196608 ep_ret=4.446 cap=0.00 kl_l=0.0004 kl_f=0.0001 sps=23.8
[seed 0] upd 385/390 step=197120 ep_ret=4.960 cap=0.00 kl_l=0.0002 kl_f=0.0000 sps=23.8
[seed 0] upd 386/390 step=197632 ep_ret=5.819 cap=0.00 kl_l=0.0005 kl_f=0.0001 sps=23.8
[seed 0] upd 387/390 step=198144 ep_ret=4.497 cap=0.00 kl_l=0.0004 kl_f=0.0000 sps=23.8
[seed 0] upd 388/390 step=198656 ep_ret=4.851 cap=0.00 kl_l=0.0000 kl_f=0.0000 sps=23.8
[seed 0] upd 389/390 step=199168 ep_ret=4.804 cap=0.00 kl_l=0.0000 kl_f=0.0000 sps=23.8
[seed 0] upd 390/390 step=199680 ep_ret=5.448 cap=0.00 kl_l=0.0000 kl_f=0.0000 sps=23.8
  [eval] return=4.097+-0.436 captured=0.00 wasted=0.05 clean=0.00 DoD_margin=+1.037

=== Phase 2B summary (DoD metric: LAST-3-EVAL MEAN margin > 0) ===
  seed 0: last3_return=5.702 last3_margin=+2.642 (final point +1.037) captured=0.00
