wandb: Tracking run with wandb version 0.28.0
wandb: W&B syncing is set to `offline` in this directory. Run `wandb online` or set WANDB_MODE=online to enable cloud syncing.
wandb: Run data is saved locally in /data/hjhong/l2/wandb/wandb/offline-run-20260704_205950-ullnmq5k
wandb: View this run in the terminal with `wandb leet`
/data/hjhong/l2/newURP/.venv-l2/lib/python3.10/site-packages/torch/nn/modules/linear.py:125: UserWarning: Deterministic behavior was enabled with either `torch.use_deterministic_algorithms(True)` or `at::Context::setDeterministicAlgorithms(true)`, but this operation is not deterministic because it uses CuBLAS and you have CUDA >= 10.2. To enable deterministic behavior in this case, you must set an environment variable before running your PyTorch application: CUBLAS_WORKSPACE_CONFIG=:4096:8 or CUBLAS_WORKSPACE_CONFIG=:16:8. For more information, go to https://docs.nvidia.com/cuda/cublas/index.html#results-reproducibility (Triggered internally at /pytorch/aten/src/ATen/Context.cpp:217.)
  return F.linear(input, self.weight, self.bias)
/data/hjhong/l2/newURP/.venv-l2/lib/python3.10/site-packages/torch/autograd/graph.py:823: UserWarning: Deterministic behavior was enabled with either `torch.use_deterministic_algorithms(True)` or `at::Context::setDeterministicAlgorithms(true)`, but this operation is not deterministic because it uses CuBLAS and you have CUDA >= 10.2. To enable deterministic behavior in this case, you must set an environment variable before running your PyTorch application: CUBLAS_WORKSPACE_CONFIG=:4096:8 or CUBLAS_WORKSPACE_CONFIG=:16:8. For more information, go to https://docs.nvidia.com/cuda/cublas/index.html#results-reproducibility (Triggered internally at /pytorch/aten/src/ATen/Context.cpp:217.)
  return Variable._execution_engine.run_backward(  # Calls into the C++ engine to run the backward pass
[baseline hold_position] return=0.000+-0.000 captured=0.00 wasted=0.00 clean=0.00
[baseline scripted_shaping] return=3.057+-0.008 captured=0.00 wasted=0.00 clean=0.00
[seed 2] upd 1/390 step=512 ep_ret=0.000 cap=0.00 kl_l=0.0103 kl_f=0.0111 sps=25.9
[seed 2] upd 2/390 step=1024 ep_ret=-0.000 cap=0.00 kl_l=0.0094 kl_f=0.0101 sps=25.8
[seed 2] upd 3/390 step=1536 ep_ret=0.174 cap=0.00 kl_l=0.0104 kl_f=0.0096 sps=25.7
[seed 2] upd 4/390 step=2048 ep_ret=0.397 cap=0.00 kl_l=0.0071 kl_f=0.0108 sps=25.7
[seed 2] upd 5/390 step=2560 ep_ret=0.297 cap=0.00 kl_l=0.0054 kl_f=0.0105 sps=25.7
[seed 2] upd 6/390 step=3072 ep_ret=0.177 cap=0.00 kl_l=0.0043 kl_f=0.0114 sps=25.7
[seed 2] upd 7/390 step=3584 ep_ret=0.299 cap=0.00 kl_l=0.0055 kl_f=0.0095 sps=25.7
[seed 2] upd 8/390 step=4096 ep_ret=0.175 cap=0.00 kl_l=0.0056 kl_f=0.0096 sps=25.6
[seed 2] upd 9/390 step=4608 ep_ret=0.349 cap=0.00 kl_l=0.0070 kl_f=0.0101 sps=25.6
[seed 2] upd 10/390 step=5120 ep_ret=0.375 cap=0.00 kl_l=0.0065 kl_f=0.0094 sps=25.6
[seed 2] upd 11/390 step=5632 ep_ret=0.125 cap=0.00 kl_l=0.0075 kl_f=0.0093 sps=25.6
[seed 2] upd 12/390 step=6144 ep_ret=0.652 cap=0.00 kl_l=0.0059 kl_f=0.0103 sps=25.6
[seed 2] upd 13/390 step=6656 ep_ret=0.050 cap=0.00 kl_l=0.0074 kl_f=0.0123 sps=25.6
[seed 2] upd 14/390 step=7168 ep_ret=0.100 cap=0.00 kl_l=0.0079 kl_f=0.0124 sps=25.6
[seed 2] upd 15/390 step=7680 ep_ret=0.300 cap=0.00 kl_l=0.0098 kl_f=0.0108 sps=25.6
[seed 2] upd 16/390 step=8192 ep_ret=0.175 cap=0.00 kl_l=0.0112 kl_f=0.0097 sps=25.6
[seed 2] upd 17/390 step=8704 ep_ret=0.543 cap=0.00 kl_l=0.0102 kl_f=0.0126 sps=25.6
[seed 2] upd 18/390 step=9216 ep_ret=0.299 cap=0.00 kl_l=0.0090 kl_f=0.0083 sps=25.6
[seed 2] upd 19/390 step=9728 ep_ret=0.673 cap=0.00 kl_l=0.0107 kl_f=0.0117 sps=25.6
[seed 2] upd 20/390 step=10240 ep_ret=0.125 cap=0.00 kl_l=0.0076 kl_f=0.0090 sps=25.6
  [eval] return=1.604+-1.158 captured=0.00 wasted=0.00 clean=0.00 DoD_margin=-1.454
[seed 2] upd 21/390 step=10752 ep_ret=0.375 cap=0.00 kl_l=0.0106 kl_f=0.0111 sps=24.6
[seed 2] upd 22/390 step=11264 ep_ret=0.722 cap=0.00 kl_l=0.0112 kl_f=0.0130 sps=24.7
[seed 2] upd 23/390 step=11776 ep_ret=0.000 cap=0.00 kl_l=0.0069 kl_f=0.0098 sps=24.7
[seed 2] upd 24/390 step=12288 ep_ret=0.600 cap=0.00 kl_l=0.0062 kl_f=0.0108 sps=24.8
[seed 2] upd 25/390 step=12800 ep_ret=0.325 cap=0.00 kl_l=0.0066 kl_f=0.0106 sps=24.8
[seed 2] upd 26/390 step=13312 ep_ret=0.721 cap=0.00 kl_l=0.0066 kl_f=0.0119 sps=24.8
[seed 2] upd 27/390 step=13824 ep_ret=0.474 cap=0.00 kl_l=0.0072 kl_f=0.0114 sps=24.8
[seed 2] upd 28/390 step=14336 ep_ret=0.525 cap=0.00 kl_l=0.0091 kl_f=0.0105 sps=24.9
[seed 2] upd 29/390 step=14848 ep_ret=0.350 cap=0.00 kl_l=0.0063 kl_f=0.0087 sps=24.9
[seed 2] upd 30/390 step=15360 ep_ret=0.897 cap=0.00 kl_l=0.0087 kl_f=0.0100 sps=24.9
[seed 2] upd 31/390 step=15872 ep_ret=0.101 cap=0.00 kl_l=0.0066 kl_f=0.0097 sps=24.9
[seed 2] upd 32/390 step=16384 ep_ret=0.024 cap=0.00 kl_l=0.0065 kl_f=0.0097 sps=25.0
[seed 2] upd 33/390 step=16896 ep_ret=0.374 cap=0.00 kl_l=0.0073 kl_f=0.0102 sps=25.0
[seed 2] upd 34/390 step=17408 ep_ret=0.150 cap=0.00 kl_l=0.0097 kl_f=0.0110 sps=25.0
[seed 2] upd 35/390 step=17920 ep_ret=0.150 cap=0.00 kl_l=0.0067 kl_f=0.0108 sps=25.0
[seed 2] upd 36/390 step=18432 ep_ret=0.524 cap=0.00 kl_l=0.0101 kl_f=0.0117 sps=25.0
[seed 2] upd 37/390 step=18944 ep_ret=0.548 cap=0.00 kl_l=0.0110 kl_f=0.0121 sps=25.0
[seed 2] upd 38/390 step=19456 ep_ret=0.799 cap=0.00 kl_l=0.0081 kl_f=0.0105 sps=25.0
[seed 2] upd 39/390 step=19968 ep_ret=0.474 cap=0.00 kl_l=0.0082 kl_f=0.0082 sps=25.0
[seed 2] upd 40/390 step=20480 ep_ret=0.774 cap=0.00 kl_l=0.0075 kl_f=0.0116 sps=25.1
  [eval] return=4.000+-0.001 captured=0.00 wasted=0.00 clean=0.00 DoD_margin=+0.942
[seed 2] upd 41/390 step=20992 ep_ret=0.274 cap=0.00 kl_l=0.0059 kl_f=0.0108 sps=23.4
[seed 2] upd 42/390 step=21504 ep_ret=0.497 cap=0.00 kl_l=0.0069 kl_f=0.0104 sps=23.4
[seed 2] upd 43/390 step=22016 ep_ret=0.275 cap=0.00 kl_l=0.0103 kl_f=0.0099 sps=23.5
[seed 2] upd 44/390 step=22528 ep_ret=1.148 cap=0.00 kl_l=0.0083 kl_f=0.0110 sps=23.5
[seed 2] upd 45/390 step=23040 ep_ret=1.123 cap=0.00 kl_l=0.0086 kl_f=0.0117 sps=23.6
[seed 2] upd 46/390 step=23552 ep_ret=0.774 cap=0.00 kl_l=0.0084 kl_f=0.0115 sps=23.6
[seed 2] upd 47/390 step=24064 ep_ret=1.023 cap=0.00 kl_l=0.0088 kl_f=0.0101 sps=23.7
[seed 2] upd 48/390 step=24576 ep_ret=0.824 cap=0.00 kl_l=0.0093 kl_f=0.0103 sps=23.7
[seed 2] upd 49/390 step=25088 ep_ret=0.924 cap=0.00 kl_l=0.0093 kl_f=0.0101 sps=23.7
[seed 2] upd 50/390 step=25600 ep_ret=1.248 cap=0.00 kl_l=0.0092 kl_f=0.0099 sps=23.7
[seed 2] upd 51/390 step=26112 ep_ret=1.599 cap=0.00 kl_l=0.0066 kl_f=0.0104 sps=23.8
[seed 2] upd 52/390 step=26624 ep_ret=1.723 cap=0.00 kl_l=0.0048 kl_f=0.0110 sps=23.8
[seed 2] upd 53/390 step=27136 ep_ret=1.274 cap=0.00 kl_l=0.0049 kl_f=0.0098 sps=23.9
[seed 2] upd 54/390 step=27648 ep_ret=0.949 cap=0.00 kl_l=0.0072 kl_f=0.0128 sps=23.9
[seed 2] upd 55/390 step=28160 ep_ret=1.447 cap=0.00 kl_l=0.0082 kl_f=0.0122 sps=23.9
[seed 2] upd 56/390 step=28672 ep_ret=1.372 cap=0.00 kl_l=0.0090 kl_f=0.0115 sps=24.0
[seed 2] upd 57/390 step=29184 ep_ret=1.473 cap=0.00 kl_l=0.0101 kl_f=0.0113 sps=24.0
[seed 2] upd 58/390 step=29696 ep_ret=1.622 cap=0.00 kl_l=0.0068 kl_f=0.0112 sps=24.0
[seed 2] upd 59/390 step=30208 ep_ret=1.797 cap=0.00 kl_l=0.0089 kl_f=0.0142 sps=24.0
[seed 2] upd 60/390 step=30720 ep_ret=1.699 cap=0.00 kl_l=0.0093 kl_f=0.0138 sps=24.0
  [eval] return=2.995+-0.002 captured=0.00 wasted=0.00 clean=0.00 DoD_margin=-0.062
[seed 2] upd 61/390 step=31232 ep_ret=2.324 cap=0.00 kl_l=0.0097 kl_f=0.0101 sps=23.7
[seed 2] upd 62/390 step=31744 ep_ret=1.503 cap=0.00 kl_l=0.0097 kl_f=0.0111 sps=23.7
[seed 2] upd 63/390 step=32256 ep_ret=1.829 cap=0.00 kl_l=0.0078 kl_f=0.0118 sps=23.8
[seed 2] upd 64/390 step=32768 ep_ret=1.949 cap=0.00 kl_l=0.0083 kl_f=0.0106 sps=23.8
[seed 2] upd 65/390 step=33280 ep_ret=1.923 cap=0.00 kl_l=0.0071 kl_f=0.0100 sps=23.8
[seed 2] upd 66/390 step=33792 ep_ret=2.748 cap=0.00 kl_l=0.0089 kl_f=0.0117 sps=23.8
[seed 2] upd 67/390 step=34304 ep_ret=2.398 cap=0.00 kl_l=0.0059 kl_f=0.0092 sps=23.9
[seed 2] upd 68/390 step=34816 ep_ret=2.423 cap=0.00 kl_l=0.0057 kl_f=0.0086 sps=23.9
[seed 2] upd 69/390 step=35328 ep_ret=2.421 cap=0.00 kl_l=0.0056 kl_f=0.0116 sps=23.9
[seed 2] upd 70/390 step=35840 ep_ret=2.299 cap=0.00 kl_l=0.0056 kl_f=0.0103 sps=23.9
[seed 2] upd 71/390 step=36352 ep_ret=1.551 cap=0.00 kl_l=0.0053 kl_f=0.0105 sps=23.9
[seed 2] upd 72/390 step=36864 ep_ret=2.175 cap=0.00 kl_l=0.0089 kl_f=0.0091 sps=24.0
[seed 2] upd 73/390 step=37376 ep_ret=2.399 cap=0.00 kl_l=0.0081 kl_f=0.0094 sps=24.0
[seed 2] upd 74/390 step=37888 ep_ret=3.421 cap=0.00 kl_l=0.0065 kl_f=0.0109 sps=24.0
[seed 2] upd 75/390 step=38400 ep_ret=2.697 cap=0.00 kl_l=0.0113 kl_f=0.0116 sps=24.0
[seed 2] upd 76/390 step=38912 ep_ret=2.147 cap=0.00 kl_l=0.0128 kl_f=0.0090 sps=24.0
[seed 2] upd 77/390 step=39424 ep_ret=2.547 cap=0.00 kl_l=0.0112 kl_f=0.0115 sps=24.1
[seed 2] upd 78/390 step=39936 ep_ret=2.373 cap=0.00 kl_l=0.0122 kl_f=0.0133 sps=24.1
[seed 2] upd 79/390 step=40448 ep_ret=2.772 cap=0.00 kl_l=0.0075 kl_f=0.0108 sps=24.1
[seed 2] upd 80/390 step=40960 ep_ret=2.578 cap=0.00 kl_l=0.0077 kl_f=0.0124 sps=24.1
  [eval] return=3.001+-0.003 captured=0.00 wasted=0.00 clean=0.00 DoD_margin=-0.056
[seed 2] upd 81/390 step=41472 ep_ret=2.823 cap=0.00 kl_l=0.0106 kl_f=0.0116 sps=23.9
[seed 2] upd 82/390 step=41984 ep_ret=2.922 cap=0.00 kl_l=0.0072 kl_f=0.0102 sps=23.9
[seed 2] upd 83/390 step=42496 ep_ret=2.576 cap=0.00 kl_l=0.0091 kl_f=0.0101 sps=23.9
[seed 2] upd 84/390 step=43008 ep_ret=2.450 cap=0.00 kl_l=0.0084 kl_f=0.0112 sps=23.9
[seed 2] upd 85/390 step=43520 ep_ret=2.323 cap=0.00 kl_l=0.0123 kl_f=0.0104 sps=24.0
[seed 2] upd 86/390 step=44032 ep_ret=2.598 cap=0.00 kl_l=0.0127 kl_f=0.0108 sps=24.0
[seed 2] upd 87/390 step=44544 ep_ret=3.248 cap=0.00 kl_l=0.0126 kl_f=0.0112 sps=24.0
[seed 2] upd 88/390 step=45056 ep_ret=2.498 cap=0.00 kl_l=0.0105 kl_f=0.0112 sps=24.0
[seed 2] upd 89/390 step=45568 ep_ret=2.920 cap=0.00 kl_l=0.0096 kl_f=0.0144 sps=24.0
[seed 2] upd 90/390 step=46080 ep_ret=2.494 cap=0.00 kl_l=0.0099 kl_f=0.0135 sps=24.0
[seed 2] upd 91/390 step=46592 ep_ret=1.872 cap=0.00 kl_l=0.0087 kl_f=0.0117 sps=24.1
[seed 2] upd 92/390 step=47104 ep_ret=2.349 cap=0.00 kl_l=0.0070 kl_f=0.0112 sps=24.1
[seed 2] upd 93/390 step=47616 ep_ret=3.696 cap=0.00 kl_l=0.0088 kl_f=0.0100 sps=24.1
[seed 2] upd 94/390 step=48128 ep_ret=3.424 cap=0.00 kl_l=0.0056 kl_f=0.0089 sps=24.1
[seed 2] upd 95/390 step=48640 ep_ret=3.398 cap=0.00 kl_l=0.0099 kl_f=0.0127 sps=24.1
[seed 2] upd 96/390 step=49152 ep_ret=2.374 cap=0.00 kl_l=0.0077 kl_f=0.0118 sps=24.1
[seed 2] upd 97/390 step=49664 ep_ret=1.851 cap=0.00 kl_l=0.0087 kl_f=0.0096 sps=24.1
[seed 2] upd 98/390 step=50176 ep_ret=1.598 cap=0.00 kl_l=0.0095 kl_f=0.0129 sps=24.1
[seed 2] upd 99/390 step=50688 ep_ret=2.847 cap=0.00 kl_l=0.0058 kl_f=0.0107 sps=24.2
[seed 2] upd 100/390 step=51200 ep_ret=3.624 cap=0.00 kl_l=0.0088 kl_f=0.0120 sps=24.2
  [eval] return=2.997+-0.001 captured=0.00 wasted=0.00 clean=0.00 DoD_margin=-0.061
[seed 2] upd 101/390 step=51712 ep_ret=3.999 cap=0.00 kl_l=0.0086 kl_f=0.0106 sps=24.0
[seed 2] upd 102/390 step=52224 ep_ret=3.996 cap=0.00 kl_l=0.0084 kl_f=0.0121 sps=24.0
[seed 2] upd 103/390 step=52736 ep_ret=3.497 cap=0.00 kl_l=0.0096 kl_f=0.0087 sps=24.0
[seed 2] upd 104/390 step=53248 ep_ret=2.224 cap=0.00 kl_l=0.0083 kl_f=0.0102 sps=24.0
[seed 2] upd 105/390 step=53760 ep_ret=2.023 cap=0.00 kl_l=0.0067 kl_f=0.0094 sps=24.0
[seed 2] upd 106/390 step=54272 ep_ret=2.680 cap=0.00 kl_l=0.0104 kl_f=0.0095 sps=24.0
[seed 2] upd 107/390 step=54784 ep_ret=3.254 cap=0.00 kl_l=0.0108 kl_f=0.0137 sps=24.1
[seed 2] upd 108/390 step=55296 ep_ret=3.050 cap=0.00 kl_l=0.0070 kl_f=0.0078 sps=24.1
[seed 2] upd 109/390 step=55808 ep_ret=2.476 cap=0.00 kl_l=0.0107 kl_f=0.0106 sps=24.1
[seed 2] upd 110/390 step=56320 ep_ret=2.824 cap=0.00 kl_l=0.0102 kl_f=0.0115 sps=24.1
[seed 2] upd 111/390 step=56832 ep_ret=2.601 cap=0.00 kl_l=0.0113 kl_f=0.0115 sps=24.1
[seed 2] upd 112/390 step=57344 ep_ret=2.905 cap=0.00 kl_l=0.0049 kl_f=0.0125 sps=24.1
[seed 2] upd 113/390 step=57856 ep_ret=3.200 cap=0.00 kl_l=0.0076 kl_f=0.0119 sps=24.1
[seed 2] upd 114/390 step=58368 ep_ret=3.248 cap=0.00 kl_l=0.0072 kl_f=0.0102 sps=24.1
[seed 2] upd 115/390 step=58880 ep_ret=2.691 cap=0.00 kl_l=0.0116 kl_f=0.0115 sps=24.1
[seed 2] upd 116/390 step=59392 ep_ret=2.215 cap=0.00 kl_l=0.0073 kl_f=0.0111 sps=24.2
[seed 2] upd 117/390 step=59904 ep_ret=1.947 cap=0.00 kl_l=0.0059 kl_f=0.0119 sps=24.2
[seed 2] upd 118/390 step=60416 ep_ret=2.470 cap=0.00 kl_l=0.0085 kl_f=0.0131 sps=24.2
[seed 2] upd 119/390 step=60928 ep_ret=3.143 cap=0.00 kl_l=0.0072 kl_f=0.0117 sps=24.2
[seed 2] upd 120/390 step=61440 ep_ret=2.720 cap=0.00 kl_l=0.0121 kl_f=0.0125 sps=24.2
  [eval] return=2.987+-0.003 captured=0.00 wasted=0.00 clean=0.00 DoD_margin=-0.070
[seed 2] upd 121/390 step=61952 ep_ret=2.706 cap=0.00 kl_l=0.0139 kl_f=0.0101 sps=23.7
[seed 2] upd 122/390 step=62464 ep_ret=3.231 cap=0.00 kl_l=0.0088 kl_f=0.0095 sps=23.8
[seed 2] upd 123/390 step=62976 ep_ret=4.527 cap=0.00 kl_l=0.0080 kl_f=0.0118 sps=23.8
[seed 2] upd 124/390 step=63488 ep_ret=4.036 cap=0.00 kl_l=0.0088 kl_f=0.0104 sps=23.8
[seed 2] upd 125/390 step=64000 ep_ret=3.024 cap=0.00 kl_l=0.0126 kl_f=0.0133 sps=23.8
[seed 2] upd 126/390 step=64512 ep_ret=3.595 cap=0.00 kl_l=0.0133 kl_f=0.0104 sps=23.8
[seed 2] upd 127/390 step=65024 ep_ret=3.274 cap=0.00 kl_l=0.0106 kl_f=0.0094 sps=23.8
[seed 2] upd 128/390 step=65536 ep_ret=2.774 cap=0.00 kl_l=0.0089 kl_f=0.0099 sps=23.8
[seed 2] upd 129/390 step=66048 ep_ret=2.372 cap=0.00 kl_l=0.0107 kl_f=0.0124 sps=23.8
[seed 2] upd 130/390 step=66560 ep_ret=3.048 cap=0.00 kl_l=0.0078 kl_f=0.0121 sps=23.8
[seed 2] upd 131/390 step=67072 ep_ret=2.722 cap=0.00 kl_l=0.0121 kl_f=0.0107 sps=23.8
[seed 2] upd 132/390 step=67584 ep_ret=2.672 cap=0.00 kl_l=0.0135 kl_f=0.0131 sps=23.9
[seed 2] upd 133/390 step=68096 ep_ret=2.949 cap=0.00 kl_l=0.0080 kl_f=0.0111 sps=23.9
[seed 2] upd 134/390 step=68608 ep_ret=3.195 cap=0.00 kl_l=0.0122 kl_f=0.0094 sps=23.9
[seed 2] upd 135/390 step=69120 ep_ret=2.343 cap=0.00 kl_l=0.0120 kl_f=0.0097 sps=23.9
[seed 2] upd 136/390 step=69632 ep_ret=2.896 cap=0.00 kl_l=0.0072 kl_f=0.0115 sps=23.9
[seed 2] upd 137/390 step=70144 ep_ret=3.223 cap=0.00 kl_l=0.0063 kl_f=0.0108 sps=23.9
[seed 2] upd 138/390 step=70656 ep_ret=2.772 cap=0.00 kl_l=0.0062 kl_f=0.0115 sps=23.9
[seed 2] upd 139/390 step=71168 ep_ret=2.722 cap=0.00 kl_l=0.0083 kl_f=0.0114 sps=23.9
[seed 2] upd 140/390 step=71680 ep_ret=3.273 cap=0.00 kl_l=0.0080 kl_f=0.0106 sps=23.9
  [eval] return=5.997+-0.001 captured=0.00 wasted=0.00 clean=0.00 DoD_margin=+2.939
[seed 2] upd 141/390 step=72192 ep_ret=3.096 cap=0.00 kl_l=0.0068 kl_f=0.0119 sps=23.8
[seed 2] upd 142/390 step=72704 ep_ret=3.099 cap=0.00 kl_l=0.0112 kl_f=0.0119 sps=23.8
[seed 2] upd 143/390 step=73216 ep_ret=3.517 cap=0.00 kl_l=0.0081 kl_f=0.0100 sps=23.8
[seed 2] upd 144/390 step=73728 ep_ret=2.940 cap=0.00 kl_l=0.0084 kl_f=0.0145 sps=23.8
[seed 2] upd 145/390 step=74240 ep_ret=2.560 cap=0.00 kl_l=0.0079 kl_f=0.0120 sps=23.8
[seed 2] upd 146/390 step=74752 ep_ret=3.058 cap=0.00 kl_l=0.0076 kl_f=0.0133 sps=23.9
[seed 2] upd 147/390 step=75264 ep_ret=3.254 cap=0.00 kl_l=0.0114 kl_f=0.0125 sps=23.9
[seed 2] upd 148/390 step=75776 ep_ret=3.730 cap=0.00 kl_l=0.0115 kl_f=0.0098 sps=23.9
[seed 2] upd 149/390 step=76288 ep_ret=3.495 cap=0.00 kl_l=0.0092 kl_f=0.0121 sps=23.9
[seed 2] upd 150/390 step=76800 ep_ret=3.193 cap=0.00 kl_l=0.0129 kl_f=0.0100 sps=23.9
[seed 2] upd 151/390 step=77312 ep_ret=3.448 cap=0.00 kl_l=0.0102 kl_f=0.0088 sps=23.9
[seed 2] upd 152/390 step=77824 ep_ret=3.326 cap=0.00 kl_l=0.0081 kl_f=0.0118 sps=23.9
[seed 2] upd 153/390 step=78336 ep_ret=3.353 cap=0.00 kl_l=0.0107 kl_f=0.0135 sps=23.9
[seed 2] upd 154/390 step=78848 ep_ret=3.524 cap=0.00 kl_l=0.0098 kl_f=0.0129 sps=23.9
[seed 2] upd 155/390 step=79360 ep_ret=4.046 cap=0.00 kl_l=0.0088 kl_f=0.0098 sps=23.9
[seed 2] upd 156/390 step=79872 ep_ret=3.744 cap=0.00 kl_l=0.0086 kl_f=0.0100 sps=23.9
[seed 2] upd 157/390 step=80384 ep_ret=2.896 cap=0.00 kl_l=0.0066 kl_f=0.0092 sps=24.0
[seed 2] upd 158/390 step=80896 ep_ret=3.417 cap=0.00 kl_l=0.0098 kl_f=0.0108 sps=24.0
[seed 2] upd 159/390 step=81408 ep_ret=3.163 cap=0.00 kl_l=0.0096 kl_f=0.0102 sps=24.0
[seed 2] upd 160/390 step=81920 ep_ret=3.137 cap=0.00 kl_l=0.0083 kl_f=0.0133 sps=24.0
  [eval] return=2.989+-0.003 captured=0.00 wasted=0.00 clean=0.00 DoD_margin=-0.069
[seed 2] upd 161/390 step=82432 ep_ret=2.967 cap=0.00 kl_l=0.0093 kl_f=0.0110 sps=23.6
[seed 2] upd 162/390 step=82944 ep_ret=3.378 cap=0.00 kl_l=0.0145 kl_f=0.0113 sps=23.6
[seed 2] upd 163/390 step=83456 ep_ret=3.200 cap=0.00 kl_l=0.0126 kl_f=0.0104 sps=23.6
[seed 2] upd 164/390 step=83968 ep_ret=3.067 cap=0.00 kl_l=0.0126 kl_f=0.0128 sps=23.6
[seed 2] upd 165/390 step=84480 ep_ret=3.518 cap=0.00 kl_l=0.0129 kl_f=0.0110 sps=23.6
[seed 2] upd 166/390 step=84992 ep_ret=3.894 cap=0.00 kl_l=0.0102 kl_f=0.0122 sps=23.6
[seed 2] upd 167/390 step=85504 ep_ret=3.370 cap=0.00 kl_l=0.0077 kl_f=0.0101 sps=23.6
[seed 2] upd 168/390 step=86016 ep_ret=4.045 cap=0.00 kl_l=0.0064 kl_f=0.0104 sps=23.6
[seed 2] upd 169/390 step=86528 ep_ret=3.891 cap=0.00 kl_l=0.0099 kl_f=0.0091 sps=23.6
[seed 2] upd 170/390 step=87040 ep_ret=4.145 cap=0.00 kl_l=0.0102 kl_f=0.0104 sps=23.6
[seed 2] upd 171/390 step=87552 ep_ret=4.194 cap=0.00 kl_l=0.0085 kl_f=0.0106 sps=23.7
[seed 2] upd 172/390 step=88064 ep_ret=4.354 cap=0.00 kl_l=0.0091 kl_f=0.0087 sps=23.7
[seed 2] upd 173/390 step=88576 ep_ret=3.906 cap=0.00 kl_l=0.0070 kl_f=0.0085 sps=23.7
[seed 2] upd 174/390 step=89088 ep_ret=3.868 cap=0.00 kl_l=0.0051 kl_f=0.0098 sps=23.7
[seed 2] upd 175/390 step=89600 ep_ret=3.193 cap=0.00 kl_l=0.0089 kl_f=0.0112 sps=23.7
[seed 2] upd 176/390 step=90112 ep_ret=3.146 cap=0.00 kl_l=0.0100 kl_f=0.0121 sps=23.7
[seed 2] upd 177/390 step=90624 ep_ret=3.696 cap=0.00 kl_l=0.0082 kl_f=0.0124 sps=23.7
[seed 2] upd 178/390 step=91136 ep_ret=3.646 cap=0.00 kl_l=0.0084 kl_f=0.0104 sps=23.7
[seed 2] upd 179/390 step=91648 ep_ret=4.147 cap=0.00 kl_l=0.0082 kl_f=0.0097 sps=23.7
[seed 2] upd 180/390 step=92160 ep_ret=3.513 cap=0.00 kl_l=0.0095 kl_f=0.0113 sps=23.7
  [eval] return=2.987+-0.003 captured=0.00 wasted=0.00 clean=0.00 DoD_margin=-0.070
[seed 2] upd 181/390 step=92672 ep_ret=3.697 cap=0.00 kl_l=0.0083 kl_f=0.0116 sps=23.4
[seed 2] upd 182/390 step=93184 ep_ret=3.983 cap=0.00 kl_l=0.0094 kl_f=0.0103 sps=23.4
[seed 2] upd 183/390 step=93696 ep_ret=3.841 cap=0.00 kl_l=0.0080 kl_f=0.0114 sps=23.4
[seed 2] upd 184/390 step=94208 ep_ret=3.514 cap=0.00 kl_l=0.0062 kl_f=0.0103 sps=23.4
[seed 2] upd 185/390 step=94720 ep_ret=4.883 cap=0.00 kl_l=0.0108 kl_f=0.0120 sps=23.4
[seed 2] upd 186/390 step=95232 ep_ret=4.714 cap=0.00 kl_l=0.0114 kl_f=0.0087 sps=23.4
[seed 2] upd 187/390 step=95744 ep_ret=3.568 cap=0.00 kl_l=0.0071 kl_f=0.0117 sps=23.4
[seed 2] upd 188/390 step=96256 ep_ret=3.294 cap=0.00 kl_l=0.0086 kl_f=0.0112 sps=23.4
[seed 2] upd 189/390 step=96768 ep_ret=3.323 cap=0.00 kl_l=0.0109 kl_f=0.0108 sps=23.4
[seed 2] upd 190/390 step=97280 ep_ret=3.323 cap=0.00 kl_l=0.0089 kl_f=0.0113 sps=23.5
[seed 2] upd 191/390 step=97792 ep_ret=3.021 cap=0.00 kl_l=0.0088 kl_f=0.0119 sps=23.5
[seed 2] upd 192/390 step=98304 ep_ret=4.345 cap=0.00 kl_l=0.0084 kl_f=0.0099 sps=23.5
[seed 2] upd 193/390 step=98816 ep_ret=3.671 cap=0.00 kl_l=0.0082 kl_f=0.0117 sps=23.5
[seed 2] upd 194/390 step=99328 ep_ret=3.817 cap=0.00 kl_l=0.0067 kl_f=0.0101 sps=23.5
[seed 2] upd 195/390 step=99840 ep_ret=3.763 cap=0.00 kl_l=0.0109 kl_f=0.0094 sps=23.5
[seed 2] upd 196/390 step=100352 ep_ret=4.065 cap=0.00 kl_l=0.0078 kl_f=0.0118 sps=23.5
[seed 2] upd 197/390 step=100864 ep_ret=3.868 cap=0.00 kl_l=0.0064 kl_f=0.0113 sps=23.5
[seed 2] upd 198/390 step=101376 ep_ret=3.236 cap=0.00 kl_l=0.0066 kl_f=0.0099 sps=23.5
[seed 2] upd 199/390 step=101888 ep_ret=3.791 cap=0.00 kl_l=0.0067 kl_f=0.0107 sps=23.5
[seed 2] upd 200/390 step=102400 ep_ret=3.401 cap=0.00 kl_l=0.0079 kl_f=0.0123 sps=23.5
  [eval] return=6.484+-0.002 captured=0.00 wasted=0.00 clean=0.00 DoD_margin=+3.427
[seed 2] upd 201/390 step=102912 ep_ret=3.084 cap=0.00 kl_l=0.0074 kl_f=0.0072 sps=23.4
[seed 2] upd 202/390 step=103424 ep_ret=3.466 cap=0.00 kl_l=0.0076 kl_f=0.0126 sps=23.4
[seed 2] upd 203/390 step=103936 ep_ret=3.269 cap=0.00 kl_l=0.0091 kl_f=0.0099 sps=23.4
[seed 2] upd 204/390 step=104448 ep_ret=3.818 cap=0.00 kl_l=0.0110 kl_f=0.0105 sps=23.4
[seed 2] upd 205/390 step=104960 ep_ret=3.646 cap=0.00 kl_l=0.0071 kl_f=0.0121 sps=23.4
[seed 2] upd 206/390 step=105472 ep_ret=3.168 cap=0.00 kl_l=0.0081 kl_f=0.0088 sps=23.4
[seed 2] upd 207/390 step=105984 ep_ret=3.214 cap=0.00 kl_l=0.0088 kl_f=0.0104 sps=23.4
[seed 2] upd 208/390 step=106496 ep_ret=3.512 cap=0.00 kl_l=0.0084 kl_f=0.0098 sps=23.4
[seed 2] upd 209/390 step=107008 ep_ret=3.917 cap=0.00 kl_l=0.0055 kl_f=0.0097 sps=23.5
[seed 2] upd 210/390 step=107520 ep_ret=3.567 cap=0.00 kl_l=0.0088 kl_f=0.0083 sps=23.5
[seed 2] upd 211/390 step=108032 ep_ret=2.722 cap=0.00 kl_l=0.0063 kl_f=0.0084 sps=23.5
[seed 2] upd 212/390 step=108544 ep_ret=3.397 cap=0.00 kl_l=0.0082 kl_f=0.0098 sps=23.5
[seed 2] upd 213/390 step=109056 ep_ret=3.095 cap=0.00 kl_l=0.0066 kl_f=0.0108 sps=23.5
[seed 2] upd 214/390 step=109568 ep_ret=2.995 cap=0.00 kl_l=0.0061 kl_f=0.0101 sps=23.5
[seed 2] upd 215/390 step=110080 ep_ret=3.972 cap=0.00 kl_l=0.0063 kl_f=0.0106 sps=23.5
[seed 2] upd 216/390 step=110592 ep_ret=4.446 cap=0.00 kl_l=0.0078 kl_f=0.0101 sps=23.5
[seed 2] upd 217/390 step=111104 ep_ret=4.496 cap=0.00 kl_l=0.0089 kl_f=0.0103 sps=23.5
[seed 2] upd 218/390 step=111616 ep_ret=4.544 cap=0.00 kl_l=0.0071 kl_f=0.0103 sps=23.5
[seed 2] upd 219/390 step=112128 ep_ret=3.645 cap=0.00 kl_l=0.0074 kl_f=0.0101 sps=23.5
[seed 2] upd 220/390 step=112640 ep_ret=3.846 cap=0.00 kl_l=0.0073 kl_f=0.0092 sps=23.5
  [eval] return=4.991+-0.002 captured=0.00 wasted=0.00 clean=0.00 DoD_margin=+1.933
[seed 2] upd 221/390 step=113152 ep_ret=4.544 cap=0.00 kl_l=0.0067 kl_f=0.0096 sps=23.4
[seed 2] upd 222/390 step=113664 ep_ret=3.121 cap=0.00 kl_l=0.0049 kl_f=0.0103 sps=23.4
[seed 2] upd 223/390 step=114176 ep_ret=3.296 cap=0.00 kl_l=0.0094 kl_f=0.0137 sps=23.4
[seed 2] upd 224/390 step=114688 ep_ret=3.971 cap=0.00 kl_l=0.0072 kl_f=0.0072 sps=23.4
[seed 2] upd 225/390 step=115200 ep_ret=3.775 cap=0.00 kl_l=0.0057 kl_f=0.0100 sps=23.4
[seed 2] upd 226/390 step=115712 ep_ret=3.896 cap=0.00 kl_l=0.0085 kl_f=0.0108 sps=23.4
[seed 2] upd 227/390 step=116224 ep_ret=3.770 cap=0.00 kl_l=0.0039 kl_f=0.0084 sps=23.4
[seed 2] upd 228/390 step=116736 ep_ret=2.769 cap=0.00 kl_l=0.0067 kl_f=0.0092 sps=23.4
[seed 2] upd 229/390 step=117248 ep_ret=3.946 cap=0.00 kl_l=0.0060 kl_f=0.0073 sps=23.4
[seed 2] upd 230/390 step=117760 ep_ret=3.971 cap=0.00 kl_l=0.0105 kl_f=0.0075 sps=23.4
[seed 2] upd 231/390 step=118272 ep_ret=3.796 cap=0.00 kl_l=0.0072 kl_f=0.0090 sps=23.4
[seed 2] upd 232/390 step=118784 ep_ret=4.195 cap=0.00 kl_l=0.0070 kl_f=0.0090 sps=23.4
[seed 2] upd 233/390 step=119296 ep_ret=4.697 cap=0.00 kl_l=0.0057 kl_f=0.0068 sps=23.4
[seed 2] upd 234/390 step=119808 ep_ret=3.671 cap=0.00 kl_l=0.0081 kl_f=0.0096 sps=23.4
[seed 2] upd 235/390 step=120320 ep_ret=3.546 cap=0.00 kl_l=0.0055 kl_f=0.0073 sps=23.4
[seed 2] upd 236/390 step=120832 ep_ret=4.220 cap=0.00 kl_l=0.0078 kl_f=0.0104 sps=23.4
[seed 2] upd 237/390 step=121344 ep_ret=4.519 cap=0.00 kl_l=0.0096 kl_f=0.0070 sps=23.4
[seed 2] upd 238/390 step=121856 ep_ret=4.344 cap=0.00 kl_l=0.0090 kl_f=0.0111 sps=23.4
[seed 2] upd 239/390 step=122368 ep_ret=3.745 cap=0.00 kl_l=0.0075 kl_f=0.0069 sps=23.4
[seed 2] upd 240/390 step=122880 ep_ret=4.695 cap=0.00 kl_l=0.0075 kl_f=0.0081 sps=23.4
  [eval] return=6.936+-0.218 captured=0.00 wasted=0.00 clean=0.00 DoD_margin=+3.879
[seed 2] upd 241/390 step=123392 ep_ret=3.894 cap=0.00 kl_l=0.0064 kl_f=0.0116 sps=23.4
[seed 2] upd 242/390 step=123904 ep_ret=3.666 cap=0.00 kl_l=0.0066 kl_f=0.0095 sps=23.4
[seed 2] upd 243/390 step=124416 ep_ret=2.921 cap=0.00 kl_l=0.0085 kl_f=0.0100 sps=23.4
[seed 2] upd 244/390 step=124928 ep_ret=3.894 cap=0.00 kl_l=0.0090 kl_f=0.0100 sps=23.4
[seed 2] upd 245/390 step=125440 ep_ret=3.921 cap=0.00 kl_l=0.0064 kl_f=0.0109 sps=23.4
[seed 2] upd 246/390 step=125952 ep_ret=3.273 cap=0.00 kl_l=0.0089 kl_f=0.0112 sps=23.4
[seed 2] upd 247/390 step=126464 ep_ret=3.146 cap=0.00 kl_l=0.0081 kl_f=0.0113 sps=23.4
[seed 2] upd 248/390 step=126976 ep_ret=4.894 cap=0.00 kl_l=0.0079 kl_f=0.0089 sps=23.4
[seed 2] upd 249/390 step=127488 ep_ret=3.973 cap=0.00 kl_l=0.0050 kl_f=0.0086 sps=23.4
[seed 2] upd 250/390 step=128000 ep_ret=3.771 cap=0.00 kl_l=0.0073 kl_f=0.0066 sps=23.4
[seed 2] upd 251/390 step=128512 ep_ret=3.746 cap=0.00 kl_l=0.0100 kl_f=0.0096 sps=23.4
[seed 2] upd 252/390 step=129024 ep_ret=4.695 cap=0.00 kl_l=0.0096 kl_f=0.0074 sps=23.4
[seed 2] upd 253/390 step=129536 ep_ret=4.096 cap=0.00 kl_l=0.0073 kl_f=0.0077 sps=23.4
[seed 2] upd 254/390 step=130048 ep_ret=5.020 cap=0.00 kl_l=0.0089 kl_f=0.0092 sps=23.4
[seed 2] upd 255/390 step=130560 ep_ret=3.696 cap=0.00 kl_l=0.0064 kl_f=0.0061 sps=23.4
[seed 2] upd 256/390 step=131072 ep_ret=3.695 cap=0.00 kl_l=0.0119 kl_f=0.0096 sps=23.4
[seed 2] upd 257/390 step=131584 ep_ret=4.094 cap=0.00 kl_l=0.0081 kl_f=0.0071 sps=23.4
[seed 2] upd 258/390 step=132096 ep_ret=4.395 cap=0.00 kl_l=0.0081 kl_f=0.0080 sps=23.4
[seed 2] upd 259/390 step=132608 ep_ret=4.022 cap=0.00 kl_l=0.0061 kl_f=0.0111 sps=23.4
[seed 2] upd 260/390 step=133120 ep_ret=4.071 cap=0.00 kl_l=0.0052 kl_f=0.0069 sps=23.4
  [eval] return=6.494+-0.001 captured=0.00 wasted=0.00 clean=0.00 DoD_margin=+3.436
[seed 2] upd 261/390 step=133632 ep_ret=3.671 cap=0.00 kl_l=0.0067 kl_f=0.0106 sps=23.3
[seed 2] upd 262/390 step=134144 ep_ret=3.797 cap=0.00 kl_l=0.0077 kl_f=0.0096 sps=23.3
[seed 2] upd 263/390 step=134656 ep_ret=3.743 cap=0.00 kl_l=0.0067 kl_f=0.0088 sps=23.4
[seed 2] upd 264/390 step=135168 ep_ret=3.876 cap=0.00 kl_l=0.0071 kl_f=0.0095 sps=23.4
[seed 2] upd 265/390 step=135680 ep_ret=5.270 cap=0.00 kl_l=0.0068 kl_f=0.0096 sps=23.4
[seed 2] upd 266/390 step=136192 ep_ret=3.071 cap=0.00 kl_l=0.0083 kl_f=0.0100 sps=23.4
[seed 2] upd 267/390 step=136704 ep_ret=4.244 cap=0.00 kl_l=0.0079 kl_f=0.0103 sps=23.4
[seed 2] upd 268/390 step=137216 ep_ret=3.344 cap=0.00 kl_l=0.0065 kl_f=0.0098 sps=23.4
[seed 2] upd 269/390 step=137728 ep_ret=4.505 cap=0.00 kl_l=0.0069 kl_f=0.0057 sps=23.4
[seed 2] upd 270/390 step=138240 ep_ret=4.105 cap=0.00 kl_l=0.0054 kl_f=0.0067 sps=23.4
[seed 2] upd 271/390 step=138752 ep_ret=2.644 cap=0.00 kl_l=0.0084 kl_f=0.0110 sps=23.4
[seed 2] upd 272/390 step=139264 ep_ret=3.322 cap=0.00 kl_l=0.0085 kl_f=0.0097 sps=23.4
[seed 2] upd 273/390 step=139776 ep_ret=3.973 cap=0.00 kl_l=0.0050 kl_f=0.0085 sps=23.4
[seed 2] upd 274/390 step=140288 ep_ret=4.547 cap=0.00 kl_l=0.0062 kl_f=0.0080 sps=23.4
[seed 2] upd 275/390 step=140800 ep_ret=3.746 cap=0.00 kl_l=0.0056 kl_f=0.0079 sps=23.4
[seed 2] upd 276/390 step=141312 ep_ret=4.573 cap=0.00 kl_l=0.0069 kl_f=0.0087 sps=23.4
[seed 2] upd 277/390 step=141824 ep_ret=4.021 cap=0.00 kl_l=0.0062 kl_f=0.0059 sps=23.4
[seed 2] upd 278/390 step=142336 ep_ret=4.875 cap=0.00 kl_l=0.0088 kl_f=0.0126 sps=23.4
[seed 2] upd 279/390 step=142848 ep_ret=3.927 cap=0.00 kl_l=0.0071 kl_f=0.0087 sps=23.4
[seed 2] upd 280/390 step=143360 ep_ret=3.022 cap=0.00 kl_l=0.0058 kl_f=0.0058 sps=23.4
  [eval] return=3.695+-0.600 captured=0.00 wasted=0.00 clean=0.00 DoD_margin=+0.638
[seed 2] upd 281/390 step=143872 ep_ret=4.046 cap=0.00 kl_l=0.0063 kl_f=0.0077 sps=23.3
[seed 2] upd 282/390 step=144384 ep_ret=3.874 cap=0.00 kl_l=0.0060 kl_f=0.0081 sps=23.3
[seed 2] upd 283/390 step=144896 ep_ret=4.045 cap=0.00 kl_l=0.0074 kl_f=0.0085 sps=23.3
[seed 2] upd 284/390 step=145408 ep_ret=3.792 cap=0.00 kl_l=0.0079 kl_f=0.0093 sps=23.3
[seed 2] upd 285/390 step=145920 ep_ret=4.997 cap=0.00 kl_l=0.0062 kl_f=0.0068 sps=23.3
[seed 2] upd 286/390 step=146432 ep_ret=3.880 cap=0.00 kl_l=0.0067 kl_f=0.0095 sps=23.3
[seed 2] upd 287/390 step=146944 ep_ret=4.330 cap=0.00 kl_l=0.0058 kl_f=0.0109 sps=23.3
[seed 2] upd 288/390 step=147456 ep_ret=4.119 cap=0.00 kl_l=0.0090 kl_f=0.0108 sps=23.4
[seed 2] upd 289/390 step=147968 ep_ret=3.496 cap=0.00 kl_l=0.0055 kl_f=0.0101 sps=23.4
[seed 2] upd 290/390 step=148480 ep_ret=3.623 cap=0.00 kl_l=0.0072 kl_f=0.0060 sps=23.4
[seed 2] upd 291/390 step=148992 ep_ret=4.272 cap=0.00 kl_l=0.0066 kl_f=0.0058 sps=23.4
[seed 2] upd 292/390 step=149504 ep_ret=3.770 cap=0.00 kl_l=0.0069 kl_f=0.0089 sps=23.4
[seed 2] upd 293/390 step=150016 ep_ret=4.335 cap=0.00 kl_l=0.0059 kl_f=0.0068 sps=23.4
[seed 2] upd 294/390 step=150528 ep_ret=5.073 cap=0.00 kl_l=0.0068 kl_f=0.0069 sps=23.4
[seed 2] upd 295/390 step=151040 ep_ret=5.198 cap=0.00 kl_l=0.0061 kl_f=0.0093 sps=23.4
[seed 2] upd 296/390 step=151552 ep_ret=4.022 cap=0.00 kl_l=0.0038 kl_f=0.0072 sps=23.4
[seed 2] upd 297/390 step=152064 ep_ret=4.824 cap=0.00 kl_l=0.0054 kl_f=0.0059 sps=23.4
[seed 2] upd 298/390 step=152576 ep_ret=4.920 cap=0.00 kl_l=0.0068 kl_f=0.0072 sps=23.4
[seed 2] upd 299/390 step=153088 ep_ret=5.321 cap=0.00 kl_l=0.0059 kl_f=0.0071 sps=23.4
[seed 2] upd 300/390 step=153600 ep_ret=4.845 cap=0.00 kl_l=0.0067 kl_f=0.0069 sps=23.4
  [eval] return=6.994+-0.500 captured=0.00 wasted=0.00 clean=0.00 DoD_margin=+3.937
[seed 2] upd 301/390 step=154112 ep_ret=4.925 cap=0.00 kl_l=0.0089 kl_f=0.0096 sps=23.3
[seed 2] upd 302/390 step=154624 ep_ret=5.371 cap=0.00 kl_l=0.0061 kl_f=0.0057 sps=23.3
[seed 2] upd 303/390 step=155136 ep_ret=4.847 cap=0.00 kl_l=0.0067 kl_f=0.0049 sps=23.3
[seed 2] upd 304/390 step=155648 ep_ret=3.523 cap=0.00 kl_l=0.0051 kl_f=0.0051 sps=23.3
[seed 2] upd 305/390 step=156160 ep_ret=4.075 cap=0.00 kl_l=0.0067 kl_f=0.0058 sps=23.3
[seed 2] upd 306/390 step=156672 ep_ret=5.024 cap=0.00 kl_l=0.0061 kl_f=0.0104 sps=23.3
[seed 2] upd 307/390 step=157184 ep_ret=4.648 cap=0.00 kl_l=0.0058 kl_f=0.0092 sps=23.3
[seed 2] upd 308/390 step=157696 ep_ret=4.696 cap=0.00 kl_l=0.0074 kl_f=0.0102 sps=23.3
[seed 2] upd 309/390 step=158208 ep_ret=4.828 cap=0.00 kl_l=0.0049 kl_f=0.0035 sps=23.3
[seed 2] upd 310/390 step=158720 ep_ret=3.747 cap=0.00 kl_l=0.0044 kl_f=0.0067 sps=23.3
[seed 2] upd 311/390 step=159232 ep_ret=3.820 cap=0.00 kl_l=0.0053 kl_f=0.0098 sps=23.3
[seed 2] upd 312/390 step=159744 ep_ret=4.624 cap=0.00 kl_l=0.0068 kl_f=0.0085 sps=23.3
[seed 2] upd 313/390 step=160256 ep_ret=4.699 cap=0.00 kl_l=0.0063 kl_f=0.0045 sps=23.3
[seed 2] upd 314/390 step=160768 ep_ret=4.668 cap=0.00 kl_l=0.0077 kl_f=0.0058 sps=23.3
[seed 2] upd 315/390 step=161280 ep_ret=4.523 cap=0.00 kl_l=0.0059 kl_f=0.0060 sps=23.3
[seed 2] upd 316/390 step=161792 ep_ret=4.725 cap=0.00 kl_l=0.0040 kl_f=0.0052 sps=23.3
[seed 2] upd 317/390 step=162304 ep_ret=4.698 cap=0.00 kl_l=0.0037 kl_f=0.0056 sps=23.3
[seed 2] upd 318/390 step=162816 ep_ret=4.297 cap=0.00 kl_l=0.0065 kl_f=0.0036 sps=23.3
[seed 2] upd 319/390 step=163328 ep_ret=4.729 cap=0.00 kl_l=0.0049 kl_f=0.0031 sps=23.3
[seed 2] upd 320/390 step=163840 ep_ret=4.921 cap=0.00 kl_l=0.0043 kl_f=0.0061 sps=23.3
  [eval] return=6.494+-0.002 captured=0.00 wasted=0.00 clean=0.00 DoD_margin=+3.437
[seed 2] upd 321/390 step=164352 ep_ret=3.270 cap=0.00 kl_l=0.0030 kl_f=0.0058 sps=23.3
[seed 2] upd 322/390 step=164864 ep_ret=3.273 cap=0.00 kl_l=0.0059 kl_f=0.0073 sps=23.3
[seed 2] upd 323/390 step=165376 ep_ret=4.023 cap=0.00 kl_l=0.0073 kl_f=0.0084 sps=23.3
[seed 2] upd 324/390 step=165888 ep_ret=4.047 cap=0.00 kl_l=0.0047 kl_f=0.0082 sps=23.3
[seed 2] upd 325/390 step=166400 ep_ret=4.822 cap=0.00 kl_l=0.0033 kl_f=0.0040 sps=23.3
[seed 2] upd 326/390 step=166912 ep_ret=4.147 cap=0.00 kl_l=0.0044 kl_f=0.0045 sps=23.3
[seed 2] upd 327/390 step=167424 ep_ret=3.949 cap=0.00 kl_l=0.0049 kl_f=0.0040 sps=23.3
[seed 2] upd 328/390 step=167936 ep_ret=4.418 cap=0.00 kl_l=0.0053 kl_f=0.0069 sps=23.3
[seed 2] upd 329/390 step=168448 ep_ret=4.352 cap=0.00 kl_l=0.0047 kl_f=0.0049 sps=23.3
[seed 2] upd 330/390 step=168960 ep_ret=4.004 cap=0.00 kl_l=0.0045 kl_f=0.0051 sps=23.3
[seed 2] upd 331/390 step=169472 ep_ret=3.803 cap=0.00 kl_l=0.0070 kl_f=0.0041 sps=23.3
[seed 2] upd 332/390 step=169984 ep_ret=4.126 cap=0.00 kl_l=0.0057 kl_f=0.0048 sps=23.3
[seed 2] upd 333/390 step=170496 ep_ret=4.424 cap=0.00 kl_l=0.0049 kl_f=0.0057 sps=23.3
[seed 2] upd 334/390 step=171008 ep_ret=4.147 cap=0.00 kl_l=0.0062 kl_f=0.0066 sps=23.3
[seed 2] upd 335/390 step=171520 ep_ret=5.171 cap=0.00 kl_l=0.0054 kl_f=0.0062 sps=23.3
[seed 2] upd 336/390 step=172032 ep_ret=4.374 cap=0.00 kl_l=0.0042 kl_f=0.0035 sps=23.3
[seed 2] upd 337/390 step=172544 ep_ret=4.818 cap=0.00 kl_l=0.0054 kl_f=0.0033 sps=23.3
[seed 2] upd 338/390 step=173056 ep_ret=4.947 cap=0.00 kl_l=0.0042 kl_f=0.0049 sps=23.3
[seed 2] upd 339/390 step=173568 ep_ret=3.771 cap=0.00 kl_l=0.0053 kl_f=0.0045 sps=23.3
[seed 2] upd 340/390 step=174080 ep_ret=4.142 cap=0.00 kl_l=0.0061 kl_f=0.0054 sps=23.3
  [eval] return=5.494+-0.001 captured=0.00 wasted=0.00 clean=0.00 DoD_margin=+2.437
[seed 2] upd 341/390 step=174592 ep_ret=5.046 cap=0.00 kl_l=0.0025 kl_f=0.0035 sps=23.3
[seed 2] upd 342/390 step=175104 ep_ret=4.697 cap=0.00 kl_l=0.0038 kl_f=0.0059 sps=23.3
[seed 2] upd 343/390 step=175616 ep_ret=5.405 cap=0.00 kl_l=0.0051 kl_f=0.0043 sps=23.3
[seed 2] upd 344/390 step=176128 ep_ret=4.681 cap=0.00 kl_l=0.0037 kl_f=0.0014 sps=23.3
[seed 2] upd 345/390 step=176640 ep_ret=3.372 cap=0.00 kl_l=0.0052 kl_f=0.0038 sps=23.3
[seed 2] upd 346/390 step=177152 ep_ret=3.598 cap=0.00 kl_l=0.0034 kl_f=0.0033 sps=23.3
[seed 2] upd 347/390 step=177664 ep_ret=3.679 cap=0.00 kl_l=0.0049 kl_f=0.0045 sps=23.3
[seed 2] upd 348/390 step=178176 ep_ret=5.053 cap=0.00 kl_l=0.0056 kl_f=0.0064 sps=23.3
[seed 2] upd 349/390 step=178688 ep_ret=3.173 cap=0.00 kl_l=0.0032 kl_f=0.0014 sps=23.3
[seed 2] upd 350/390 step=179200 ep_ret=2.824 cap=0.00 kl_l=0.0050 kl_f=0.0039 sps=23.3
[seed 2] upd 351/390 step=179712 ep_ret=3.224 cap=0.00 kl_l=0.0060 kl_f=0.0028 sps=23.3
[seed 2] upd 352/390 step=180224 ep_ret=3.548 cap=0.00 kl_l=0.0032 kl_f=0.0030 sps=23.3
[seed 2] upd 353/390 step=180736 ep_ret=3.147 cap=0.00 kl_l=0.0040 kl_f=0.0048 sps=23.3
[seed 2] upd 354/390 step=181248 ep_ret=5.177 cap=0.00 kl_l=0.0050 kl_f=0.0034 sps=23.3
[seed 2] upd 355/390 step=181760 ep_ret=3.952 cap=0.00 kl_l=0.0029 kl_f=0.0014 sps=23.3
[seed 2] upd 356/390 step=182272 ep_ret=4.647 cap=0.00 kl_l=0.0050 kl_f=0.0025 sps=23.3
wandb: 
wandb: Run history:
wandb:     eval/captured_rate ▁▁▁▁▁▁▁▁▁▁▁▁▁▁▁▁▁▁▁▁
wandb:  eval/clean_cross_rate ▁▁▁▁▁▁▁▁▁▁▁▁▁▁▁▁▁▁▁▁
wandb:        eval/dod_margin ▁▄▃▃▃▃▇▃▃▇▅█▇▄█▇▆▇▄█
wandb:          eval/episodes ▁▁▁▁▁▁▁▁▁▁▁▁▁▁▁▁▁▁▁▁
wandb: eval/headline_sum_mean ▁▆▄▃▃▄▇▄▄▇▅▇▇▄█▇▆▆▄▇
wandb:          eval/len_mean ▁█▁▁▁▆▁██▁▁▁▁▁▁▁▁▁▁▁
wandb:   eval/penetrated_rate █▁███▃█▁▁███████████
wandb:       eval/return_mean ▁▄▃▃▃▃▇▃▃▇▅█▇▄█▇▆▇▄█
wandb:        eval/return_std █▁▁▁▁▁▁▁▁▁▁▂▁▅▄▁▁▆▄▁
wandb:       eval/wasted_mean ▁▁▁▁▁▁▁▁▁▁▁▁▁▁▁▁▁▁▁▁
wandb:                    +30 ...
wandb: 
wandb: Run summary:
wandb:     baseline_hold_return 0
wandb: baseline_scripted_return 3.05731
wandb:               dod_margin 3.9392
wandb:       eval/captured_rate 0
wandb:    eval/clean_cross_rate 0
wandb:          eval/dod_margin 3.9392
wandb:            eval/episodes 20
wandb:   eval/headline_sum_mean 6.99651
wandb:            eval/len_mean 23
wandb:     eval/penetrated_rate 1
wandb:                      +34 ...
wandb: 
wandb: You can sync this run to the cloud by running:
wandb: wandb sync /data/hjhong/l2/wandb/wandb/offline-run-20260704_205950-ullnmq5k
wandb: Find logs at: /data/hjhong/l2/wandb/wandb/offline-run-20260704_205950-ullnmq5k/logs
[seed 2] upd 357/390 step=182784 ep_ret=4.847 cap=0.00 kl_l=0.0029 kl_f=0.0023 sps=23.3
[seed 2] upd 358/390 step=183296 ep_ret=3.950 cap=0.00 kl_l=0.0033 kl_f=0.0012 sps=23.3
[seed 2] upd 359/390 step=183808 ep_ret=2.921 cap=0.00 kl_l=0.0042 kl_f=0.0037 sps=23.3
[seed 2] upd 360/390 step=184320 ep_ret=4.248 cap=0.00 kl_l=0.0040 kl_f=0.0035 sps=23.3
  [eval] return=5.846+-0.792 captured=0.00 wasted=0.00 clean=0.00 DoD_margin=+2.788
[seed 2] upd 361/390 step=184832 ep_ret=4.872 cap=0.00 kl_l=0.0038 kl_f=0.0025 sps=23.3
[seed 2] upd 362/390 step=185344 ep_ret=4.463 cap=0.00 kl_l=0.0048 kl_f=0.0026 sps=23.3
[seed 2] upd 363/390 step=185856 ep_ret=3.699 cap=0.00 kl_l=0.0047 kl_f=0.0024 sps=23.3
[seed 2] upd 364/390 step=186368 ep_ret=3.839 cap=0.00 kl_l=0.0042 kl_f=0.0034 sps=23.3
[seed 2] upd 365/390 step=186880 ep_ret=4.250 cap=0.00 kl_l=0.0040 kl_f=0.0031 sps=23.3
[seed 2] upd 366/390 step=187392 ep_ret=4.148 cap=0.00 kl_l=0.0020 kl_f=0.0038 sps=23.3
[seed 2] upd 367/390 step=187904 ep_ret=3.872 cap=0.00 kl_l=0.0025 kl_f=0.0013 sps=23.3
[seed 2] upd 368/390 step=188416 ep_ret=5.248 cap=0.00 kl_l=0.0037 kl_f=0.0007 sps=23.3
[seed 2] upd 369/390 step=188928 ep_ret=4.397 cap=0.00 kl_l=0.0035 kl_f=0.0033 sps=23.3
[seed 2] upd 370/390 step=189440 ep_ret=3.573 cap=0.00 kl_l=0.0012 kl_f=0.0012 sps=23.3
[seed 2] upd 371/390 step=189952 ep_ret=5.172 cap=0.00 kl_l=0.0012 kl_f=0.0011 sps=23.3
[seed 2] upd 372/390 step=190464 ep_ret=3.620 cap=0.00 kl_l=0.0013 kl_f=0.0006 sps=23.3
[seed 2] upd 373/390 step=190976 ep_ret=3.772 cap=0.00 kl_l=0.0021 kl_f=0.0011 sps=23.3
[seed 2] upd 374/390 step=191488 ep_ret=4.476 cap=0.00 kl_l=0.0021 kl_f=0.0028 sps=23.3
[seed 2] upd 375/390 step=192000 ep_ret=4.623 cap=0.00 kl_l=0.0019 kl_f=0.0018 sps=23.3
[seed 2] upd 376/390 step=192512 ep_ret=3.098 cap=0.00 kl_l=0.0021 kl_f=0.0015 sps=23.3
[seed 2] upd 377/390 step=193024 ep_ret=2.972 cap=0.00 kl_l=0.0022 kl_f=0.0016 sps=23.3
[seed 2] upd 378/390 step=193536 ep_ret=4.147 cap=0.00 kl_l=0.0022 kl_f=0.0003 sps=23.3
[seed 2] upd 379/390 step=194048 ep_ret=4.773 cap=0.00 kl_l=0.0011 kl_f=0.0003 sps=23.3
[seed 2] upd 380/390 step=194560 ep_ret=4.539 cap=0.00 kl_l=0.0015 kl_f=0.0004 sps=23.3
  [eval] return=4.096+-0.436 captured=0.00 wasted=0.00 clean=0.00 DoD_margin=+1.038
[seed 2] upd 381/390 step=195072 ep_ret=4.244 cap=0.00 kl_l=0.0011 kl_f=0.0004 sps=23.3
[seed 2] upd 382/390 step=195584 ep_ret=4.501 cap=0.00 kl_l=0.0016 kl_f=0.0006 sps=23.3
[seed 2] upd 383/390 step=196096 ep_ret=4.674 cap=0.00 kl_l=0.0011 kl_f=0.0001 sps=23.3
[seed 2] upd 384/390 step=196608 ep_ret=3.797 cap=0.00 kl_l=0.0005 kl_f=0.0004 sps=23.3
[seed 2] upd 385/390 step=197120 ep_ret=4.273 cap=0.00 kl_l=0.0004 kl_f=0.0001 sps=23.3
[seed 2] upd 386/390 step=197632 ep_ret=4.222 cap=0.00 kl_l=0.0002 kl_f=0.0001 sps=23.3
[seed 2] upd 387/390 step=198144 ep_ret=3.673 cap=0.00 kl_l=0.0002 kl_f=0.0001 sps=23.3
[seed 2] upd 388/390 step=198656 ep_ret=4.849 cap=0.00 kl_l=0.0001 kl_f=0.0000 sps=23.3
[seed 2] upd 389/390 step=199168 ep_ret=3.748 cap=0.00 kl_l=0.0000 kl_f=0.0000 sps=23.3
[seed 2] upd 390/390 step=199680 ep_ret=3.873 cap=0.00 kl_l=0.0000 kl_f=0.0000 sps=23.3
  [eval] return=6.997+-0.001 captured=0.00 wasted=0.00 clean=0.00 DoD_margin=+3.939

=== Phase 2B summary (DoD metric: LAST-3-EVAL MEAN margin > 0) ===
  seed 2: last3_return=5.646 last3_margin=+2.589 (final point +3.939) captured=0.00
