[b2 shard 2] manifest 2f887776be47f538 scenarios [12600,18900) ntfy=on
[b2 shard 2] 25/6300 scenarios  112s (ETA 28036s)
[b2 shard 2] 50/6300 scenarios  204s (ETA 25538s)
[b2 shard 2] 75/6300 scenarios  322s (ETA 26728s)
[b2 shard 2] 100/6300 scenarios  444s (ETA 27527s)
[b2 shard 2] 125/6300 scenarios  541s (ETA 26726s)
[b2 shard 2] 150/6300 scenarios  659s (ETA 27022s)
[b2 shard 2] 175/6300 scenarios  762s (ETA 26656s)
[b2 shard 2] 200/6300 scenarios  840s (ETA 25633s)
[b2 shard 2] 225/6300 scenarios  940s (ETA 25371s)
[b2 shard 2] 250/6300 scenarios  1035s (ETA 25040s)
[b2 shard 2] 275/6300 scenarios  1132s (ETA 24802s)
[b2 shard 2] 300/6300 scenarios  1225s (ETA 24503s)
[b2 shard 2] 325/6300 scenarios  1329s (ETA 24434s)
[b2 shard 2] 350/6300 scenarios  1432s (ETA 24349s)
[b2 shard 2] 375/6300 scenarios  1522s (ETA 24042s)
[b2 shard 2] 400/6300 scenarios  1628s (ETA 24010s)
[b2 shard 2] 425/6300 scenarios  1738s (ETA 24019s)
[b2 shard 2] 450/6300 scenarios  1839s (ETA 23901s)
[b2 shard 2] 475/6300 scenarios  1944s (ETA 23844s)
[b2 shard 2] 500/6300 scenarios  2045s (ETA 23720s)
[b2 shard 2] 525/6300 scenarios  2144s (ETA 23584s)
[b2 shard 2] 550/6300 scenarios  2242s (ETA 23441s)
[b2 shard 2] 575/6300 scenarios  2336s (ETA 23260s)
[b2 shard 2] 600/6300 scenarios  2452s (ETA 23294s)
[b2 shard 2] 625/6300 scenarios  2564s (ETA 23283s)
[b2 shard 2] 650/6300 scenarios  2672s (ETA 23226s)
[b2 shard 2] 675/6300 scenarios  2772s (ETA 23103s)
[b2 shard 2] 700/6300 scenarios  2873s (ETA 22982s)
[b2 shard 2] 725/6300 scenarios  2974s (ETA 22869s)
[b2 shard 2] 750/6300 scenarios  3085s (ETA 22827s)
[b2 shard 2] 775/6300 scenarios  3189s (ETA 22731s)
[b2 shard 2] 800/6300 scenarios  3298s (ETA 22672s)
[b2 shard 2] 825/6300 scenarios  3413s (ETA 22653s)
[b2 shard 2] 850/6300 scenarios  3496s (ETA 22415s)
[b2 shard 2] 875/6300 scenarios  3582s (ETA 22207s)
[b2 shard 2] 900/6300 scenarios  3703s (ETA 22216s)
[b2 shard 2] 925/6300 scenarios  3834s (ETA 22277s)
[b2 shard 2] 950/6300 scenarios  3945s (ETA 22216s)
[b2 shard 2] 975/6300 scenarios  4051s (ETA 22122s)
[b2 shard 2] 1000/6300 scenarios  4141s (ETA 21948s)
[b2 shard 2] 1025/6300 scenarios  4257s (ETA 21909s)
[b2 shard 2] 1050/6300 scenarios  4360s (ETA 21799s)
[b2 shard 2] 1075/6300 scenarios  4472s (ETA 21735s)
[b2 shard 2] 1100/6300 scenarios  4582s (ETA 21661s)
[b2 shard 2] 1125/6300 scenarios  4697s (ETA 21608s)
[b2 shard 2] 1150/6300 scenarios  4814s (ETA 21558s)
[b2 shard 2] 1175/6300 scenarios  4914s (ETA 21433s)
[b2 shard 2] 1200/6300 scenarios  5015s (ETA 21315s)
[b2 shard 2] 1225/6300 scenarios  5141s (ETA 21297s)
[b2 shard 2] 1250/6300 scenarios  5236s (ETA 21153s)
[b2 shard 2] 1275/6300 scenarios  5339s (ETA 21040s)
[b2 shard 2] 1300/6300 scenarios  5440s (ETA 20923s)
[b2 shard 2] 1325/6300 scenarios  5540s (ETA 20801s)
[b2 shard 2] 1350/6300 scenarios  5653s (ETA 20729s)
[b2 shard 2] 1375/6300 scenarios  5762s (ETA 20639s)
[b2 shard 2] 1400/6300 scenarios  5889s (ETA 20613s)
[b2 shard 2] 1425/6300 scenarios  6009s (ETA 20559s)
[b2 shard 2] 1450/6300 scenarios  6122s (ETA 20478s)
[b2 shard 2] 1475/6300 scenarios  6215s (ETA 20329s)
[b2 shard 2] 1500/6300 scenarios  6316s (ETA 20211s)
[b2 shard 2] 1525/6300 scenarios  6411s (ETA 20073s)
[b2 shard 2] 1550/6300 scenarios  6520s (ETA 19982s)
[b2 shard 2] 1575/6300 scenarios  6657s (ETA 19972s)
[b2 shard 2] 1600/6300 scenarios  6781s (ETA 19920s)
[b2 shard 2] 1625/6300 scenarios  6890s (ETA 19823s)
[b2 shard 2] 1650/6300 scenarios  6988s (ETA 19694s)
[b2 shard 2] 1675/6300 scenarios  7109s (ETA 19630s)
[b2 shard 2] 1700/6300 scenarios  7208s (ETA 19504s)
[b2 shard 2] 1725/6300 scenarios  7311s (ETA 19391s)
[b2 shard 2] 1750/6300 scenarios  7408s (ETA 19262s)
[b2 shard 2] 1775/6300 scenarios  7508s (ETA 19140s)
[b2 shard 2] 1800/6300 scenarios  7599s (ETA 18999s)
[b2 shard 2] 1825/6300 scenarios  7650s (ETA 18758s)
[b2 shard 2] 1850/6300 scenarios  7714s (ETA 18556s)
[b2 shard 2] 1875/6300 scenarios  7765s (ETA 18326s)
[b2 shard 2] 1900/6300 scenarios  7821s (ETA 18112s)
[b2 shard 2] 1925/6300 scenarios  7873s (ETA 17893s)
[b2 shard 2] 1950/6300 scenarios  7936s (ETA 17704s)
[b2 shard 2] 1975/6300 scenarios  7996s (ETA 17510s)
[b2 shard 2] 2000/6300 scenarios  8046s (ETA 17298s)
[b2 shard 2] 2025/6300 scenarios  8117s (ETA 17135s)
[b2 shard 2] 2050/6300 scenarios  8175s (ETA 16949s)
[b2 shard 2] 2075/6300 scenarios  8249s (ETA 16795s)
[b2 shard 2] 2100/6300 scenarios  8315s (ETA 16630s)
[b2 shard 2] 2125/6300 scenarios  8365s (ETA 16435s)
[b2 shard 2] 2150/6300 scenarios  8420s (ETA 16252s)
[b2 shard 2] 2175/6300 scenarios  8480s (ETA 16082s)
[b2 shard 2] 2200/6300 scenarios  8561s (ETA 15955s)
[b2 shard 2] 2225/6300 scenarios  8634s (ETA 15813s)
[b2 shard 2] 2250/6300 scenarios  8705s (ETA 15669s)
[b2 shard 2] 2275/6300 scenarios  8776s (ETA 15526s)
[b2 shard 2] 2300/6300 scenarios  8833s (ETA 15362s)
[b2 shard 2] 2325/6300 scenarios  8897s (ETA 15211s)
[b2 shard 2] 2350/6300 scenarios  8963s (ETA 15066s)
[b2 shard 2] 2375/6300 scenarios  9010s (ETA 14890s)
[b2 shard 2] 2400/6300 scenarios  9071s (ETA 14740s)
[b2 shard 2] 2425/6300 scenarios  9132s (ETA 14592s)
[b2 shard 2] 2450/6300 scenarios  9202s (ETA 14460s)
[b2 shard 2] 2475/6300 scenarios  9249s (ETA 14294s)
[b2 shard 2] 2500/6300 scenarios  9318s (ETA 14163s)
[b2 shard 2] 2525/6300 scenarios  9385s (ETA 14030s)
[b2 shard 2] 2550/6300 scenarios  9441s (ETA 13884s)
[b2 shard 2] 2575/6300 scenarios  9507s (ETA 13752s)
[b2 shard 2] 2600/6300 scenarios  9566s (ETA 13614s)
[b2 shard 2] 2625/6300 scenarios  9609s (ETA 13452s)
[b2 shard 2] 2650/6300 scenarios  9673s (ETA 13324s)
[b2 shard 2] 2675/6300 scenarios  9727s (ETA 13182s)
[b2 shard 2] 2700/6300 scenarios  9780s (ETA 13040s)
[b2 shard 2] 2725/6300 scenarios  9855s (ETA 12929s)
[b2 shard 2] 2750/6300 scenarios  9936s (ETA 12826s)
[b2 shard 2] 2775/6300 scenarios  10017s (ETA 12724s)
[b2 shard 2] 2800/6300 scenarios  10122s (ETA 12652s)
[b2 shard 2] 2825/6300 scenarios  10199s (ETA 12546s)
[b2 shard 2] 2850/6300 scenarios  10275s (ETA 12438s)
[b2 shard 2] 2875/6300 scenarios  10350s (ETA 12329s)
[b2 shard 2] 2900/6300 scenarios  10454s (ETA 12257s)
[b2 shard 2] 2925/6300 scenarios  10570s (ETA 12196s)
[b2 shard 2] 2950/6300 scenarios  10645s (ETA 12088s)
[b2 shard 2] 2975/6300 scenarios  10720s (ETA 11982s)
[b2 shard 2] 3000/6300 scenarios  10802s (ETA 11883s)
[b2 shard 2] 3025/6300 scenarios  10905s (ETA 11806s)
[b2 shard 2] 3050/6300 scenarios  10998s (ETA 11719s)
[b2 shard 2] 3075/6300 scenarios  11092s (ETA 11633s)
[b2 shard 2] 3100/6300 scenarios  11205s (ETA 11566s)
[b2 shard 2] 3125/6300 scenarios  11289s (ETA 11470s)
[b2 shard 2] 3150/6300 scenarios  11397s (ETA 11397s)
[b2 shard 2] 3175/6300 scenarios  11497s (ETA 11316s)
[b2 shard 2] 3200/6300 scenarios  11585s (ETA 11223s)
[b2 shard 2] 3225/6300 scenarios  11687s (ETA 11143s)
[b2 shard 2] 3250/6300 scenarios  11775s (ETA 11050s)
[b2 shard 2] 3275/6300 scenarios  11857s (ETA 10952s)
[b2 shard 2] 3300/6300 scenarios  11947s (ETA 10861s)
[b2 shard 2] 3325/6300 scenarios  12059s (ETA 10790s)
[b2 shard 2] 3350/6300 scenarios  12165s (ETA 10712s)
[b2 shard 2] 3375/6300 scenarios  12262s (ETA 10627s)
[b2 shard 2] 3400/6300 scenarios  12350s (ETA 10534s)
[b2 shard 2] 3425/6300 scenarios  12455s (ETA 10455s)
[b2 shard 2] 3450/6300 scenarios  12545s (ETA 10364s)
[b2 shard 2] 3475/6300 scenarios  12644s (ETA 10279s)
[b2 shard 2] 3500/6300 scenarios  12729s (ETA 10183s)
[b2 shard 2] 3525/6300 scenarios  12840s (ETA 10108s)
[b2 shard 2] 3550/6300 scenarios  12934s (ETA 10019s)
[b2 shard 2] 3575/6300 scenarios  13034s (ETA 9935s)
[b2 shard 2] 3600/6300 scenarios  13122s (ETA 9841s)
[b2 shard 2] 3625/6300 scenarios  13229s (ETA 9762s)
[b2 shard 2] 3650/6300 scenarios  13321s (ETA 9671s)
[b2 shard 2] 3675/6300 scenarios  13428s (ETA 9592s)
[b2 shard 2] 3700/6300 scenarios  13527s (ETA 9505s)
[b2 shard 2] 3725/6300 scenarios  13632s (ETA 9424s)
[b2 shard 2] 3750/6300 scenarios  13736s (ETA 9341s)
[b2 shard 2] 3775/6300 scenarios  13821s (ETA 9245s)
[b2 shard 2] 3800/6300 scenarios  13920s (ETA 9158s)
[b2 shard 2] 3825/6300 scenarios  14017s (ETA 9070s)
[b2 shard 2] 3850/6300 scenarios  14128s (ETA 8990s)
[b2 shard 2] 3875/6300 scenarios  14216s (ETA 8896s)
[b2 shard 2] 3900/6300 scenarios  14317s (ETA 8811s)
[b2 shard 2] 3925/6300 scenarios  14413s (ETA 8721s)
[b2 shard 2] 3950/6300 scenarios  14499s (ETA 8626s)
[b2 shard 2] 3975/6300 scenarios  14594s (ETA 8536s)
[b2 shard 2] 4000/6300 scenarios  14684s (ETA 8443s)
[b2 shard 2] 4025/6300 scenarios  14779s (ETA 8353s)
[b2 shard 2] 4050/6300 scenarios  14887s (ETA 8270s)
[b2 shard 2] 4075/6300 scenarios  14977s (ETA 8178s)
[b2 shard 2] 4100/6300 scenarios  15080s (ETA 8092s)
[b2 shard 2] 4125/6300 scenarios  15177s (ETA 8002s)
[b2 shard 2] 4150/6300 scenarios  15289s (ETA 7921s)
[b2 shard 2] 4175/6300 scenarios  15400s (ETA 7838s)
[b2 shard 2] 4200/6300 scenarios  15493s (ETA 7746s)
[b2 shard 2] 4225/6300 scenarios  15593s (ETA 7658s)
[b2 shard 2] 4250/6300 scenarios  15713s (ETA 7579s)
[b2 shard 2] 4275/6300 scenarios  15827s (ETA 7497s)
[b2 shard 2] 4300/6300 scenarios  15933s (ETA 7411s)
[b2 shard 2] 4325/6300 scenarios  16020s (ETA 7315s)
[b2 shard 2] 4350/6300 scenarios  16136s (ETA 7233s)
[b2 shard 2] 4375/6300 scenarios  16236s (ETA 7144s)
Traceback (most recent call last):
  File "/data/hjhong/l2/miniconda3/envs/py310/lib/python3.10/runpy.py", line 196, in _run_module_as_main
    return _run_code(code, main_globals, None,
  File "/data/hjhong/l2/miniconda3/envs/py310/lib/python3.10/runpy.py", line 86, in _run_code
    exec(code, run_globals)
  File "/data/hjhong/l2/newURP/shepherd/scripts/b2_run.py", line 347, in <module>
    main()
  File "/data/hjhong/l2/newURP/shepherd/scripts/b2_run.py", line 340, in main
    r = run_shard(a.shard, a.n_shards, a.limit)
  File "/data/hjhong/l2/newURP/shepherd/scripts/b2_run.py", line 204, in run_shard
    recs = run_scenario(m, blocks, s)
  File "/data/hjhong/l2/newURP/shepherd/scripts/b2_run.py", line 122, in run_scenario
    chi, eta, kw = scenario_kwargs(m, cell, s)
  File "/data/hjhong/l2/newURP/shepherd/scripts/b2_run.py", line 75, in scenario_kwargs
    impl = _slices()[sl]
  File "/data/hjhong/l2/newURP/shepherd/scripts/r2b_phase1.py", line 55, in _slices
    lat = _lattice()
  File "/data/hjhong/l2/newURP/shepherd/scripts/r2a_stage1.py", line 100, in _lattice
    return json.loads(LATTICE_P.read_text(encoding="utf-8"))
  File "/data/hjhong/l2/miniconda3/envs/py310/lib/python3.10/json/__init__.py", line 346, in loads
    return _default_decoder.decode(s)
  File "/data/hjhong/l2/miniconda3/envs/py310/lib/python3.10/json/decoder.py", line 337, in decode
    obj, end = self.raw_decode(s, idx=_w(s, 0).end())
  File "/data/hjhong/l2/miniconda3/envs/py310/lib/python3.10/json/decoder.py", line 353, in raw_decode
    obj, end = self.scan_once(s, idx)
json.decoder.JSONDecodeError: Expecting property name enclosed in double quotes: line 7477 column 3 (char 184993)
