wandb: Tracking run with wandb version 0.28.0
wandb: W&B syncing is set to `offline` in this directory. Run `wandb online` or set WANDB_MODE=online to enable cloud syncing.
wandb: Run data is saved locally in /data/hjhong/l2/wandb/wandb/offline-run-20260705_034246-my5nmup5
wandb: View this run in the terminal with `wandb leet`
[baseline hold_position] return=0.000+-0.000 captured=0.00
[baseline scripted_shaping] return=3.060+-0.010 captured=0.00
[ippo ref] mean_last3_return=6.732 per_seed={0: 5.701788090471795, 1: 8.849184441182201, 2: 5.645959797657081}
/data/hjhong/l2/newURP/.venv-l2/lib/python3.10/site-packages/torch/nn/modules/linear.py:125: UserWarning: Deterministic behavior was enabled with either `torch.use_deterministic_algorithms(True)` or `at::Context::setDeterministicAlgorithms(true)`, but this operation is not deterministic because it uses CuBLAS and you have CUDA >= 10.2. To enable deterministic behavior in this case, you must set an environment variable before running your PyTorch application: CUBLAS_WORKSPACE_CONFIG=:4096:8 or CUBLAS_WORKSPACE_CONFIG=:16:8. For more information, go to https://docs.nvidia.com/cuda/cublas/index.html#results-reproducibility (Triggered internally at /pytorch/aten/src/ATen/Context.cpp:217.)
  return F.linear(input, self.weight, self.bias)
/data/hjhong/l2/newURP/.venv-l2/lib/python3.10/site-packages/torch/autograd/graph.py:823: UserWarning: Deterministic behavior was enabled with either `torch.use_deterministic_algorithms(True)` or `at::Context::setDeterministicAlgorithms(true)`, but this operation is not deterministic because it uses CuBLAS and you have CUDA >= 10.2. To enable deterministic behavior in this case, you must set an environment variable before running your PyTorch application: CUBLAS_WORKSPACE_CONFIG=:4096:8 or CUBLAS_WORKSPACE_CONFIG=:16:8. For more information, go to https://docs.nvidia.com/cuda/cublas/index.html#results-reproducibility (Triggered internally at /pytorch/aten/src/ATen/Context.cpp:217.)
  return Variable._execution_engine.run_backward(  # Calls into the C++ engine to run the backward pass
[seed 0] upd 1/488 step=1024 ep_ret=0.120 cap=0.00 kl_l=0.0020 kl_f=0.0043 ev=-0.55 sps=20.3
[seed 0] upd 2/488 step=2048 ep_ret=0.399 cap=0.00 kl_l=0.0024 kl_f=0.0026 ev=0.24 sps=20.4
[seed 0] upd 3/488 step=3072 ep_ret=0.400 cap=0.00 kl_l=0.0028 kl_f=0.0040 ev=0.23 sps=20.4
[seed 0] upd 4/488 step=4096 ep_ret=0.075 cap=0.00 kl_l=0.0033 kl_f=0.0043 ev=0.24 sps=20.4
[seed 0] upd 5/488 step=5120 ep_ret=0.530 cap=0.00 kl_l=0.0043 kl_f=0.0063 ev=0.28 sps=20.4
[seed 0] upd 6/488 step=6144 ep_ret=0.250 cap=0.00 kl_l=0.0044 kl_f=0.0053 ev=0.42 sps=20.4
[seed 0] upd 7/488 step=7168 ep_ret=0.397 cap=0.00 kl_l=0.0045 kl_f=0.0061 ev=0.41 sps=20.4
[seed 0] upd 8/488 step=8192 ep_ret=0.675 cap=0.00 kl_l=0.0038 kl_f=0.0062 ev=0.41 sps=20.4
[seed 0] upd 9/488 step=9216 ep_ret=0.648 cap=0.00 kl_l=0.0046 kl_f=0.0046 ev=0.30 sps=20.4
[seed 0] upd 10/488 step=10240 ep_ret=1.402 cap=0.00 kl_l=0.0041 kl_f=0.0070 ev=0.38 sps=20.4
[seed 0] upd 11/488 step=11264 ep_ret=0.851 cap=0.00 kl_l=0.0064 kl_f=0.0065 ev=0.48 sps=20.4
[seed 0] upd 12/488 step=12288 ep_ret=2.027 cap=0.00 kl_l=0.0058 kl_f=0.0050 ev=0.41 sps=20.4
[seed 0] upd 13/488 step=13312 ep_ret=1.576 cap=0.00 kl_l=0.0053 kl_f=0.0072 ev=0.48 sps=20.4
[seed 0] upd 14/488 step=14336 ep_ret=2.295 cap=0.00 kl_l=0.0061 kl_f=0.0083 ev=0.54 sps=20.4
[seed 0] upd 15/488 step=15360 ep_ret=2.574 cap=0.00 kl_l=0.0055 kl_f=0.0062 ev=0.58 sps=20.3
[seed 0] upd 16/488 step=16384 ep_ret=2.927 cap=0.00 kl_l=0.0062 kl_f=0.0100 ev=0.64 sps=20.3
[seed 0] upd 17/488 step=17408 ep_ret=2.548 cap=0.00 kl_l=0.0059 kl_f=0.0085 ev=0.62 sps=20.3
[seed 0] upd 18/488 step=18432 ep_ret=3.428 cap=0.00 kl_l=0.0058 kl_f=0.0067 ev=0.48 sps=20.3
[seed 0] upd 19/488 step=19456 ep_ret=3.348 cap=0.00 kl_l=0.0062 kl_f=0.0107 ev=0.57 sps=20.3
[seed 0] upd 20/488 step=20480 ep_ret=3.100 cap=0.00 kl_l=0.0054 kl_f=0.0095 ev=0.66 sps=20.3
  [eval] return=2.991+-0.001 captured=0.00 wasted=0.00 clean=0.00 DoD_margin=-0.069 vs_ippo=-3.742
[seed 0] upd 21/488 step=21504 ep_ret=3.578 cap=0.00 kl_l=0.0061 kl_f=0.0109 ev=0.63 sps=19.9
[seed 0] upd 22/488 step=22528 ep_ret=3.400 cap=0.00 kl_l=0.0075 kl_f=0.0099 ev=0.68 sps=19.9
[seed 0] upd 23/488 step=23552 ep_ret=3.220 cap=0.00 kl_l=0.0068 kl_f=0.0087 ev=0.66 sps=19.9
[seed 0] upd 24/488 step=24576 ep_ret=4.032 cap=0.00 kl_l=0.0066 kl_f=0.0118 ev=0.69 sps=19.9
[seed 0] upd 25/488 step=25600 ep_ret=3.502 cap=0.00 kl_l=0.0059 kl_f=0.0074 ev=0.61 sps=20.0
[seed 0] upd 26/488 step=26624 ep_ret=3.679 cap=0.00 kl_l=0.0059 kl_f=0.0105 ev=0.64 sps=20.0
[seed 0] upd 27/488 step=27648 ep_ret=4.021 cap=0.00 kl_l=0.0067 kl_f=0.0114 ev=0.64 sps=20.0
[seed 0] upd 28/488 step=28672 ep_ret=4.408 cap=0.00 kl_l=0.0068 kl_f=0.0106 ev=0.82 sps=20.0
[seed 0] upd 29/488 step=29696 ep_ret=3.131 cap=0.00 kl_l=0.0068 kl_f=0.0103 ev=0.75 sps=20.0
[seed 0] upd 30/488 step=30720 ep_ret=3.292 cap=0.00 kl_l=0.0060 kl_f=0.0102 ev=0.67 sps=20.0
[seed 0] upd 31/488 step=31744 ep_ret=3.676 cap=0.00 kl_l=0.0070 kl_f=0.0072 ev=0.70 sps=20.0
[seed 0] upd 32/488 step=32768 ep_ret=3.625 cap=0.00 kl_l=0.0068 kl_f=0.0098 ev=0.71 sps=20.0
[seed 0] upd 33/488 step=33792 ep_ret=4.327 cap=0.00 kl_l=0.0066 kl_f=0.0083 ev=0.69 sps=20.0
[seed 0] upd 34/488 step=34816 ep_ret=4.696 cap=0.00 kl_l=0.0050 kl_f=0.0093 ev=0.64 sps=20.0
[seed 0] upd 35/488 step=35840 ep_ret=3.535 cap=0.00 kl_l=0.0054 kl_f=0.0096 ev=0.72 sps=20.0
[seed 0] upd 36/488 step=36864 ep_ret=4.280 cap=0.00 kl_l=0.0080 kl_f=0.0119 ev=0.73 sps=20.0
[seed 0] upd 37/488 step=37888 ep_ret=3.753 cap=0.00 kl_l=0.0063 kl_f=0.0093 ev=0.75 sps=20.0
[seed 0] upd 38/488 step=38912 ep_ret=5.076 cap=0.00 kl_l=0.0070 kl_f=0.0072 ev=0.67 sps=20.0
[seed 0] upd 39/488 step=39936 ep_ret=3.844 cap=0.00 kl_l=0.0060 kl_f=0.0097 ev=0.70 sps=20.0
[seed 0] upd 40/488 step=40960 ep_ret=5.273 cap=0.00 kl_l=0.0074 kl_f=0.0091 ev=0.75 sps=20.0
  [eval] return=5.992+-0.002 captured=0.00 wasted=0.00 clean=0.00 DoD_margin=+2.932 vs_ippo=-0.740
[seed 0] upd 41/488 step=41984 ep_ret=4.424 cap=0.00 kl_l=0.0062 kl_f=0.0075 ev=0.71 sps=19.8
[seed 0] upd 42/488 step=43008 ep_ret=4.794 cap=0.00 kl_l=0.0067 kl_f=0.0101 ev=0.78 sps=19.8
[seed 0] upd 43/488 step=44032 ep_ret=5.027 cap=0.00 kl_l=0.0065 kl_f=0.0094 ev=0.80 sps=19.8
[seed 0] upd 44/488 step=45056 ep_ret=4.397 cap=0.00 kl_l=0.0075 kl_f=0.0090 ev=0.78 sps=19.8
[seed 0] upd 45/488 step=46080 ep_ret=5.172 cap=0.00 kl_l=0.0065 kl_f=0.0079 ev=0.77 sps=19.8
[seed 0] upd 46/488 step=47104 ep_ret=4.626 cap=0.00 kl_l=0.0059 kl_f=0.0077 ev=0.60 sps=19.8
[seed 0] upd 47/488 step=48128 ep_ret=4.197 cap=0.00 kl_l=0.0060 kl_f=0.0118 ev=0.75 sps=19.8
[seed 0] upd 48/488 step=49152 ep_ret=4.529 cap=0.00 kl_l=0.0070 kl_f=0.0101 ev=0.74 sps=19.8
[seed 0] upd 49/488 step=50176 ep_ret=4.371 cap=0.00 kl_l=0.0070 kl_f=0.0093 ev=0.71 sps=19.8
[seed 0] upd 50/488 step=51200 ep_ret=5.018 cap=0.00 kl_l=0.0076 kl_f=0.0083 ev=0.81 sps=19.9
[seed 0] upd 51/488 step=52224 ep_ret=4.234 cap=0.00 kl_l=0.0065 kl_f=0.0109 ev=0.72 sps=19.9
[seed 0] upd 52/488 step=53248 ep_ret=4.599 cap=0.00 kl_l=0.0064 kl_f=0.0110 ev=0.62 sps=19.9
[seed 0] upd 53/488 step=54272 ep_ret=4.784 cap=0.00 kl_l=0.0069 kl_f=0.0114 ev=0.69 sps=19.9
[seed 0] upd 54/488 step=55296 ep_ret=3.765 cap=0.00 kl_l=0.0066 kl_f=0.0097 ev=0.74 sps=19.9
[seed 0] upd 55/488 step=56320 ep_ret=3.696 cap=0.00 kl_l=0.0063 kl_f=0.0100 ev=0.69 sps=19.9
[seed 0] upd 56/488 step=57344 ep_ret=4.871 cap=0.00 kl_l=0.0054 kl_f=0.0095 ev=0.73 sps=19.9
[seed 0] upd 57/488 step=58368 ep_ret=4.397 cap=0.00 kl_l=0.0070 kl_f=0.0116 ev=0.87 sps=19.9
[seed 0] upd 58/488 step=59392 ep_ret=5.375 cap=0.00 kl_l=0.0058 kl_f=0.0123 ev=0.85 sps=19.9
[seed 0] upd 59/488 step=60416 ep_ret=4.700 cap=0.00 kl_l=0.0066 kl_f=0.0127 ev=0.86 sps=19.9
[seed 0] upd 60/488 step=61440 ep_ret=3.520 cap=0.00 kl_l=0.0070 kl_f=0.0094 ev=0.82 sps=19.9
  [eval] return=5.994+-0.002 captured=0.00 wasted=0.00 clean=0.00 DoD_margin=+2.934 vs_ippo=-0.738
[seed 0] upd 61/488 step=62464 ep_ret=4.620 cap=0.00 kl_l=0.0068 kl_f=0.0110 ev=0.83 sps=19.8
[seed 0] upd 62/488 step=63488 ep_ret=5.572 cap=0.00 kl_l=0.0059 kl_f=0.0072 ev=0.81 sps=19.8
[seed 0] upd 63/488 step=64512 ep_ret=5.301 cap=0.00 kl_l=0.0074 kl_f=0.0089 ev=0.86 sps=19.8
[seed 0] upd 64/488 step=65536 ep_ret=4.671 cap=0.00 kl_l=0.0070 kl_f=0.0093 ev=0.83 sps=19.8
[seed 0] upd 65/488 step=66560 ep_ret=4.897 cap=0.00 kl_l=0.0075 kl_f=0.0096 ev=0.87 sps=19.8
[seed 0] upd 66/488 step=67584 ep_ret=5.046 cap=0.00 kl_l=0.0071 kl_f=0.0110 ev=0.79 sps=19.8
[seed 0] upd 67/488 step=68608 ep_ret=4.672 cap=0.00 kl_l=0.0063 kl_f=0.0093 ev=0.82 sps=19.8
[seed 0] upd 68/488 step=69632 ep_ret=5.619 cap=0.00 kl_l=0.0063 kl_f=0.0109 ev=0.85 sps=19.8
[seed 0] upd 69/488 step=70656 ep_ret=6.621 cap=0.00 kl_l=0.0069 kl_f=0.0108 ev=0.88 sps=19.8
[seed 0] upd 70/488 step=71680 ep_ret=5.623 cap=0.00 kl_l=0.0067 kl_f=0.0102 ev=0.82 sps=19.8
[seed 0] upd 71/488 step=72704 ep_ret=5.949 cap=0.00 kl_l=0.0078 kl_f=0.0101 ev=0.88 sps=19.8
[seed 0] upd 72/488 step=73728 ep_ret=5.519 cap=0.00 kl_l=0.0061 kl_f=0.0081 ev=0.75 sps=19.8
[seed 0] upd 73/488 step=74752 ep_ret=6.495 cap=0.00 kl_l=0.0060 kl_f=0.0086 ev=0.76 sps=19.8
[seed 0] upd 74/488 step=75776 ep_ret=5.300 cap=0.00 kl_l=0.0074 kl_f=0.0095 ev=0.80 sps=19.8
[seed 0] upd 75/488 step=76800 ep_ret=5.596 cap=0.00 kl_l=0.0071 kl_f=0.0093 ev=0.79 sps=19.8
[seed 0] upd 76/488 step=77824 ep_ret=5.880 cap=0.00 kl_l=0.0081 kl_f=0.0085 ev=0.83 sps=19.8
[seed 0] upd 77/488 step=78848 ep_ret=6.362 cap=0.00 kl_l=0.0070 kl_f=0.0094 ev=0.83 sps=19.8
[seed 0] upd 78/488 step=79872 ep_ret=6.920 cap=0.00 kl_l=0.0063 kl_f=0.0107 ev=0.81 sps=19.8
[seed 0] upd 79/488 step=80896 ep_ret=6.724 cap=0.00 kl_l=0.0073 kl_f=0.0094 ev=0.88 sps=19.8
[seed 0] upd 80/488 step=81920 ep_ret=6.650 cap=0.00 kl_l=0.0064 kl_f=0.0100 ev=0.86 sps=19.9
  [eval] return=7.994+-0.002 captured=0.00 wasted=0.00 clean=0.00 DoD_margin=+4.934 vs_ippo=+1.261
[seed 0] upd 81/488 step=82944 ep_ret=6.327 cap=0.00 kl_l=0.0065 kl_f=0.0106 ev=0.94 sps=19.8
[seed 0] upd 82/488 step=83968 ep_ret=6.920 cap=0.00 kl_l=0.0071 kl_f=0.0115 ev=0.87 sps=19.8
[seed 0] upd 83/488 step=84992 ep_ret=5.398 cap=0.00 kl_l=0.0065 kl_f=0.0092 ev=0.82 sps=19.8
[seed 0] upd 84/488 step=86016 ep_ret=6.297 cap=0.00 kl_l=0.0076 kl_f=0.0093 ev=0.87 sps=19.8
[seed 0] upd 85/488 step=87040 ep_ret=5.396 cap=0.00 kl_l=0.0068 kl_f=0.0120 ev=0.88 sps=19.8
[seed 0] upd 86/488 step=88064 ep_ret=5.748 cap=0.00 kl_l=0.0063 kl_f=0.0109 ev=0.86 sps=19.8
[seed 0] upd 87/488 step=89088 ep_ret=5.397 cap=0.00 kl_l=0.0078 kl_f=0.0114 ev=0.91 sps=19.8
[seed 0] upd 88/488 step=90112 ep_ret=6.898 cap=0.00 kl_l=0.0072 kl_f=0.0088 ev=0.90 sps=19.8
[seed 0] upd 89/488 step=91136 ep_ret=6.297 cap=0.00 kl_l=0.0064 kl_f=0.0083 ev=0.91 sps=19.8
[seed 0] upd 90/488 step=92160 ep_ret=7.316 cap=0.00 kl_l=0.0071 kl_f=0.0115 ev=0.93 sps=19.8
[seed 0] upd 91/488 step=93184 ep_ret=6.070 cap=0.00 kl_l=0.0064 kl_f=0.0104 ev=0.90 sps=19.8
[seed 0] upd 92/488 step=94208 ep_ret=7.544 cap=0.00 kl_l=0.0073 kl_f=0.0109 ev=0.89 sps=19.8
[seed 0] upd 93/488 step=95232 ep_ret=6.471 cap=0.00 kl_l=0.0074 kl_f=0.0111 ev=0.92 sps=19.8
[seed 0] upd 94/488 step=96256 ep_ret=5.698 cap=0.00 kl_l=0.0069 kl_f=0.0091 ev=0.91 sps=19.8
[seed 0] upd 95/488 step=97280 ep_ret=6.866 cap=0.00 kl_l=0.0074 kl_f=0.0124 ev=0.93 sps=19.8
[seed 0] upd 96/488 step=98304 ep_ret=5.345 cap=0.00 kl_l=0.0074 kl_f=0.0089 ev=0.88 sps=19.8
[seed 0] upd 97/488 step=99328 ep_ret=7.671 cap=0.00 kl_l=0.0081 kl_f=0.0101 ev=0.87 sps=19.8
[seed 0] upd 98/488 step=100352 ep_ret=6.779 cap=0.00 kl_l=0.0062 kl_f=0.0110 ev=0.89 sps=19.8
[seed 0] upd 99/488 step=101376 ep_ret=6.396 cap=0.00 kl_l=0.0061 kl_f=0.0086 ev=0.89 sps=19.8
[seed 0] upd 100/488 step=102400 ep_ret=7.464 cap=0.00 kl_l=0.0064 kl_f=0.0122 ev=0.92 sps=19.8
  [eval] return=9.494+-0.001 captured=0.00 wasted=0.00 clean=0.00 DoD_margin=+6.434 vs_ippo=+2.762
[seed 0] upd 101/488 step=103424 ep_ret=6.473 cap=0.00 kl_l=0.0078 kl_f=0.0105 ev=0.93 sps=19.8
[seed 0] upd 102/488 step=104448 ep_ret=6.547 cap=0.00 kl_l=0.0072 kl_f=0.0109 ev=0.89 sps=19.8
[seed 0] upd 103/488 step=105472 ep_ret=6.422 cap=0.00 kl_l=0.0070 kl_f=0.0110 ev=0.90 sps=19.8
[seed 0] upd 104/488 step=106496 ep_ret=6.246 cap=0.00 kl_l=0.0047 kl_f=0.0106 ev=0.90 sps=19.8
[seed 0] upd 105/488 step=107520 ep_ret=8.546 cap=0.00 kl_l=0.0063 kl_f=0.0138 ev=0.91 sps=19.8
[seed 0] upd 106/488 step=108544 ep_ret=7.039 cap=0.00 kl_l=0.0063 kl_f=0.0105 ev=0.92 sps=19.8
[seed 0] upd 107/488 step=109568 ep_ret=6.021 cap=0.00 kl_l=0.0083 kl_f=0.0103 ev=0.85 sps=19.8
[seed 0] upd 108/488 step=110592 ep_ret=7.968 cap=0.00 kl_l=0.0068 kl_f=0.0112 ev=0.88 sps=19.8
[seed 0] upd 109/488 step=111616 ep_ret=7.520 cap=0.00 kl_l=0.0066 kl_f=0.0100 ev=0.94 sps=19.8
[seed 0] upd 110/488 step=112640 ep_ret=7.143 cap=0.00 kl_l=0.0084 kl_f=0.0105 ev=0.90 sps=19.8
[seed 0] upd 111/488 step=113664 ep_ret=7.182 cap=0.00 kl_l=0.0061 kl_f=0.0119 ev=0.91 sps=19.8
[seed 0] upd 112/488 step=114688 ep_ret=6.671 cap=0.00 kl_l=0.0068 kl_f=0.0121 ev=0.90 sps=19.8
[seed 0] upd 113/488 step=115712 ep_ret=6.320 cap=0.00 kl_l=0.0067 kl_f=0.0106 ev=0.90 sps=19.8
[seed 0] upd 114/488 step=116736 ep_ret=6.491 cap=0.00 kl_l=0.0067 kl_f=0.0095 ev=0.93 sps=19.8
[seed 0] upd 115/488 step=117760 ep_ret=7.395 cap=0.00 kl_l=0.0073 kl_f=0.0093 ev=0.88 sps=19.8
[seed 0] upd 116/488 step=118784 ep_ret=5.772 cap=0.00 kl_l=0.0067 kl_f=0.0092 ev=0.90 sps=19.8
[seed 0] upd 117/488 step=119808 ep_ret=7.397 cap=0.00 kl_l=0.0077 kl_f=0.0113 ev=0.93 sps=19.8
[seed 0] upd 118/488 step=120832 ep_ret=8.193 cap=0.00 kl_l=0.0066 kl_f=0.0132 ev=0.90 sps=19.8
[seed 0] upd 119/488 step=121856 ep_ret=6.048 cap=0.00 kl_l=0.0068 kl_f=0.0099 ev=0.92 sps=19.8
[seed 0] upd 120/488 step=122880 ep_ret=7.395 cap=0.00 kl_l=0.0067 kl_f=0.0076 ev=0.86 sps=19.8
  [eval] return=11.993+-0.002 captured=0.00 wasted=0.00 clean=0.00 DoD_margin=+8.933 vs_ippo=+5.261
[seed 0] upd 121/488 step=123904 ep_ret=6.320 cap=0.00 kl_l=0.0054 kl_f=0.0121 ev=0.92 sps=19.8
[seed 0] upd 122/488 step=124928 ep_ret=8.193 cap=0.00 kl_l=0.0089 kl_f=0.0078 ev=0.90 sps=19.8
[seed 0] upd 123/488 step=125952 ep_ret=7.495 cap=0.00 kl_l=0.0066 kl_f=0.0110 ev=0.91 sps=19.8
[seed 0] upd 124/488 step=126976 ep_ret=5.970 cap=0.00 kl_l=0.0077 kl_f=0.0113 ev=0.93 sps=19.8
[seed 0] upd 125/488 step=128000 ep_ret=7.071 cap=0.00 kl_l=0.0068 kl_f=0.0127 ev=0.93 sps=19.8
[seed 0] upd 126/488 step=129024 ep_ret=8.194 cap=0.00 kl_l=0.0063 kl_f=0.0106 ev=0.91 sps=19.8
[seed 0] upd 127/488 step=130048 ep_ret=8.249 cap=0.00 kl_l=0.0065 kl_f=0.0090 ev=0.92 sps=19.8
[seed 0] upd 128/488 step=131072 ep_ret=6.998 cap=0.00 kl_l=0.0069 kl_f=0.0089 ev=0.89 sps=19.8
[seed 0] upd 129/488 step=132096 ep_ret=5.617 cap=0.00 kl_l=0.0087 kl_f=0.0114 ev=0.87 sps=19.8
[seed 0] upd 130/488 step=133120 ep_ret=8.296 cap=0.00 kl_l=0.0058 kl_f=0.0132 ev=0.94 sps=19.8
[seed 0] upd 131/488 step=134144 ep_ret=8.295 cap=0.00 kl_l=0.0067 kl_f=0.0094 ev=0.91 sps=19.8
[seed 0] upd 132/488 step=135168 ep_ret=7.095 cap=0.00 kl_l=0.0079 kl_f=0.0090 ev=0.91 sps=19.8
[seed 0] upd 133/488 step=136192 ep_ret=7.895 cap=0.00 kl_l=0.0068 kl_f=0.0106 ev=0.91 sps=19.8
[seed 0] upd 134/488 step=137216 ep_ret=6.846 cap=0.00 kl_l=0.0074 kl_f=0.0098 ev=0.93 sps=19.8
[seed 0] upd 135/488 step=138240 ep_ret=7.471 cap=0.00 kl_l=0.0061 kl_f=0.0104 ev=0.92 sps=19.8
[seed 0] upd 136/488 step=139264 ep_ret=8.596 cap=0.00 kl_l=0.0074 kl_f=0.0106 ev=0.93 sps=19.8
[seed 0] upd 137/488 step=140288 ep_ret=7.546 cap=0.00 kl_l=0.0069 kl_f=0.0091 ev=0.93 sps=19.8
[seed 0] upd 138/488 step=141312 ep_ret=7.073 cap=0.00 kl_l=0.0071 kl_f=0.0075 ev=0.96 sps=19.8
[seed 0] upd 139/488 step=142336 ep_ret=8.571 cap=0.00 kl_l=0.0073 kl_f=0.0106 ev=0.94 sps=19.8
[seed 0] upd 140/488 step=143360 ep_ret=7.594 cap=0.00 kl_l=0.0065 kl_f=0.0095 ev=0.95 sps=19.8
  [eval] return=11.046+-0.218 captured=0.00 wasted=0.00 clean=0.00 DoD_margin=+7.986 vs_ippo=+4.313
[seed 0] upd 141/488 step=144384 ep_ret=8.396 cap=0.00 kl_l=0.0074 kl_f=0.0120 ev=0.93 sps=19.8
[seed 0] upd 142/488 step=145408 ep_ret=8.024 cap=0.00 kl_l=0.0063 kl_f=0.0113 ev=0.96 sps=19.8
[seed 0] upd 143/488 step=146432 ep_ret=8.221 cap=0.00 kl_l=0.0078 kl_f=0.0087 ev=0.91 sps=19.8
[seed 0] upd 144/488 step=147456 ep_ret=8.245 cap=0.00 kl_l=0.0085 kl_f=0.0105 ev=0.93 sps=19.8
[seed 0] upd 145/488 step=148480 ep_ret=7.947 cap=0.00 kl_l=0.0063 kl_f=0.0097 ev=0.94 sps=19.8
[seed 0] upd 146/488 step=149504 ep_ret=6.723 cap=0.00 kl_l=0.0071 kl_f=0.0103 ev=0.91 sps=19.8
[seed 0] upd 147/488 step=150528 ep_ret=8.496 cap=0.00 kl_l=0.0065 kl_f=0.0129 ev=0.92 sps=19.8
[seed 0] upd 148/488 step=151552 ep_ret=8.745 cap=0.00 kl_l=0.0063 kl_f=0.0112 ev=0.92 sps=19.8
[seed 0] upd 149/488 step=152576 ep_ret=8.096 cap=0.00 kl_l=0.0074 kl_f=0.0087 ev=0.93 sps=19.8
[seed 0] upd 150/488 step=153600 ep_ret=6.814 cap=0.00 kl_l=0.0063 kl_f=0.0092 ev=0.93 sps=19.8
[seed 0] upd 151/488 step=154624 ep_ret=8.870 cap=0.00 kl_l=0.0064 kl_f=0.0101 ev=0.93 sps=19.8
[seed 0] upd 152/488 step=155648 ep_ret=8.544 cap=0.00 kl_l=0.0069 kl_f=0.0098 ev=0.93 sps=19.8
[seed 0] upd 153/488 step=156672 ep_ret=7.920 cap=0.00 kl_l=0.0074 kl_f=0.0067 ev=0.92 sps=19.8
[seed 0] upd 154/488 step=157696 ep_ret=7.771 cap=0.00 kl_l=0.0065 kl_f=0.0099 ev=0.94 sps=19.8
[seed 0] upd 155/488 step=158720 ep_ret=7.943 cap=0.00 kl_l=0.0087 kl_f=0.0101 ev=0.89 sps=19.8
[seed 0] upd 156/488 step=159744 ep_ret=7.547 cap=0.00 kl_l=0.0058 kl_f=0.0110 ev=0.93 sps=19.8
[seed 0] upd 157/488 step=160768 ep_ret=7.794 cap=0.00 kl_l=0.0066 kl_f=0.0103 ev=0.91 sps=19.8
[seed 0] upd 158/488 step=161792 ep_ret=7.221 cap=0.00 kl_l=0.0070 kl_f=0.0083 ev=0.90 sps=19.8
[seed 0] upd 159/488 step=162816 ep_ret=7.197 cap=0.00 kl_l=0.0064 kl_f=0.0105 ev=0.93 sps=19.9
[seed 0] upd 160/488 step=163840 ep_ret=8.396 cap=0.00 kl_l=0.0075 kl_f=0.0130 ev=0.96 sps=19.9
  [eval] return=11.995+-0.001 captured=0.00 wasted=0.00 clean=0.00 DoD_margin=+8.935 vs_ippo=+5.263
[seed 0] upd 161/488 step=164864 ep_ret=8.580 cap=0.00 kl_l=0.0066 kl_f=0.0103 ev=0.93 sps=19.7
[seed 0] upd 162/488 step=165888 ep_ret=8.596 cap=0.00 kl_l=0.0077 kl_f=0.0089 ev=0.92 sps=19.7
[seed 0] upd 163/488 step=166912 ep_ret=9.121 cap=0.00 kl_l=0.0074 kl_f=0.0113 ev=0.92 sps=19.7
[seed 0] upd 164/488 step=167936 ep_ret=9.103 cap=0.00 kl_l=0.0070 kl_f=0.0114 ev=0.92 sps=19.7
[seed 0] upd 165/488 step=168960 ep_ret=8.022 cap=0.00 kl_l=0.0063 kl_f=0.0096 ev=0.94 sps=19.7
[seed 0] upd 166/488 step=169984 ep_ret=8.075 cap=0.00 kl_l=0.0059 kl_f=0.0119 ev=0.92 sps=19.7
[seed 0] upd 167/488 step=171008 ep_ret=10.382 cap=0.00 kl_l=0.0077 kl_f=0.0077 ev=0.95 sps=19.7
[seed 0] upd 168/488 step=172032 ep_ret=7.453 cap=0.00 kl_l=0.0071 kl_f=0.0107 ev=0.92 sps=19.7
[seed 0] upd 169/488 step=173056 ep_ret=7.177 cap=0.00 kl_l=0.0071 kl_f=0.0112 ev=0.94 sps=19.7
[seed 0] upd 170/488 step=174080 ep_ret=8.471 cap=0.00 kl_l=0.0066 kl_f=0.0105 ev=0.95 sps=19.7
[seed 0] upd 171/488 step=175104 ep_ret=8.421 cap=0.00 kl_l=0.0075 kl_f=0.0123 ev=0.94 sps=19.7
[seed 0] upd 172/488 step=176128 ep_ret=9.552 cap=0.00 kl_l=0.0070 kl_f=0.0106 ev=0.94 sps=19.7
[seed 0] upd 173/488 step=177152 ep_ret=7.871 cap=0.00 kl_l=0.0081 kl_f=0.0116 ev=0.94 sps=19.8
[seed 0] upd 174/488 step=178176 ep_ret=8.825 cap=0.00 kl_l=0.0064 kl_f=0.0103 ev=0.94 sps=19.8
[seed 0] upd 175/488 step=179200 ep_ret=7.422 cap=0.00 kl_l=0.0071 kl_f=0.0105 ev=0.92 sps=19.8
[seed 0] upd 176/488 step=180224 ep_ret=7.647 cap=0.00 kl_l=0.0082 kl_f=0.0102 ev=0.93 sps=19.8
[seed 0] upd 177/488 step=181248 ep_ret=8.366 cap=0.00 kl_l=0.0076 kl_f=0.0114 ev=0.94 sps=19.8
[seed 0] upd 178/488 step=182272 ep_ret=7.448 cap=0.00 kl_l=0.0069 kl_f=0.0096 ev=0.95 sps=19.8
[seed 0] upd 179/488 step=183296 ep_ret=7.371 cap=0.00 kl_l=0.0081 kl_f=0.0095 ev=0.94 sps=19.8
[seed 0] upd 180/488 step=184320 ep_ret=8.296 cap=0.00 kl_l=0.0077 kl_f=0.0105 ev=0.95 sps=19.8
  [eval] return=10.296+-0.400 captured=0.00 wasted=0.00 clean=0.00 DoD_margin=+7.236 vs_ippo=+3.563
[seed 0] upd 181/488 step=185344 ep_ret=8.071 cap=0.00 kl_l=0.0071 kl_f=0.0092 ev=0.95 sps=19.7
[seed 0] upd 182/488 step=186368 ep_ret=9.745 cap=0.00 kl_l=0.0080 kl_f=0.0084 ev=0.94 sps=19.8
[seed 0] upd 183/488 step=187392 ep_ret=8.547 cap=0.00 kl_l=0.0073 kl_f=0.0088 ev=0.91 sps=19.8
[seed 0] upd 184/488 step=188416 ep_ret=9.495 cap=0.00 kl_l=0.0063 kl_f=0.0089 ev=0.94 sps=19.8
[seed 0] upd 185/488 step=189440 ep_ret=9.546 cap=0.00 kl_l=0.0074 kl_f=0.0109 ev=0.94 sps=19.8
[seed 0] upd 186/488 step=190464 ep_ret=8.899 cap=0.00 kl_l=0.0064 kl_f=0.0107 ev=0.95 sps=19.8
[seed 0] upd 187/488 step=191488 ep_ret=7.754 cap=0.00 kl_l=0.0075 kl_f=0.0098 ev=0.94 sps=19.8
[seed 0] upd 188/488 step=192512 ep_ret=8.379 cap=0.00 kl_l=0.0055 kl_f=0.0085 ev=0.93 sps=19.8
[seed 0] upd 189/488 step=193536 ep_ret=10.047 cap=0.00 kl_l=0.0069 kl_f=0.0100 ev=0.93 sps=19.8
[seed 0] upd 190/488 step=194560 ep_ret=8.220 cap=0.00 kl_l=0.0073 kl_f=0.0136 ev=0.93 sps=19.8
[seed 0] upd 191/488 step=195584 ep_ret=7.950 cap=0.00 kl_l=0.0069 kl_f=0.0088 ev=0.95 sps=19.8
[seed 0] upd 192/488 step=196608 ep_ret=8.695 cap=0.00 kl_l=0.0074 kl_f=0.0102 ev=0.94 sps=19.8
[seed 0] upd 193/488 step=197632 ep_ret=9.349 cap=0.00 kl_l=0.0077 kl_f=0.0089 ev=0.94 sps=19.8
[seed 0] upd 194/488 step=198656 ep_ret=8.445 cap=0.00 kl_l=0.0072 kl_f=0.0130 ev=0.95 sps=19.8
[seed 0] upd 195/488 step=199680 ep_ret=7.883 cap=0.00 kl_l=0.0073 kl_f=0.0096 ev=0.92 sps=19.8
[seed 0] upd 196/488 step=200704 ep_ret=9.497 cap=0.00 kl_l=0.0084 kl_f=0.0107 ev=0.89 sps=19.8
[seed 0] upd 197/488 step=201728 ep_ret=9.372 cap=0.00 kl_l=0.0072 kl_f=0.0063 ev=0.93 sps=19.8
[seed 0] upd 198/488 step=202752 ep_ret=9.147 cap=0.00 kl_l=0.0067 kl_f=0.0118 ev=0.95 sps=19.8
[seed 0] upd 199/488 step=203776 ep_ret=8.627 cap=0.00 kl_l=0.0075 kl_f=0.0084 ev=0.93 sps=19.8
[seed 0] upd 200/488 step=204800 ep_ret=8.622 cap=0.00 kl_l=0.0074 kl_f=0.0079 ev=0.91 sps=19.8
  [eval] return=10.997+-0.002 captured=0.00 wasted=0.00 clean=0.00 DoD_margin=+7.937 vs_ippo=+4.264
[seed 0] upd 201/488 step=205824 ep_ret=8.522 cap=0.00 kl_l=0.0064 kl_f=0.0084 ev=0.95 sps=19.7
[seed 0] upd 202/488 step=206848 ep_ret=9.097 cap=0.00 kl_l=0.0068 kl_f=0.0117 ev=0.95 sps=19.7
[seed 0] upd 203/488 step=207872 ep_ret=9.019 cap=0.00 kl_l=0.0070 kl_f=0.0117 ev=0.93 sps=19.7
[seed 0] upd 204/488 step=208896 ep_ret=7.779 cap=0.00 kl_l=0.0074 kl_f=0.0094 ev=0.92 sps=19.7
[seed 0] upd 205/488 step=209920 ep_ret=9.895 cap=0.00 kl_l=0.0066 kl_f=0.0077 ev=0.93 sps=19.7
[seed 0] upd 206/488 step=210944 ep_ret=8.895 cap=0.00 kl_l=0.0078 kl_f=0.0078 ev=0.94 sps=19.7
[seed 0] upd 207/488 step=211968 ep_ret=7.946 cap=0.00 kl_l=0.0072 kl_f=0.0075 ev=0.93 sps=19.7
[seed 0] upd 208/488 step=212992 ep_ret=8.396 cap=0.00 kl_l=0.0065 kl_f=0.0099 ev=0.94 sps=19.7
[seed 0] upd 209/488 step=214016 ep_ret=7.473 cap=0.00 kl_l=0.0072 kl_f=0.0085 ev=0.92 sps=19.7
[seed 0] upd 210/488 step=215040 ep_ret=9.005 cap=0.00 kl_l=0.0073 kl_f=0.0098 ev=0.96 sps=19.7
[seed 0] upd 211/488 step=216064 ep_ret=8.297 cap=0.00 kl_l=0.0076 kl_f=0.0095 ev=0.94 sps=19.7
[seed 0] upd 212/488 step=217088 ep_ret=8.997 cap=0.00 kl_l=0.0063 kl_f=0.0095 ev=0.96 sps=19.7
[seed 0] upd 213/488 step=218112 ep_ret=9.050 cap=0.00 kl_l=0.0076 kl_f=0.0082 ev=0.90 sps=19.8
[seed 0] upd 214/488 step=219136 ep_ret=7.822 cap=0.00 kl_l=0.0061 kl_f=0.0083 ev=0.92 sps=19.8
[seed 0] upd 215/488 step=220160 ep_ret=9.672 cap=0.00 kl_l=0.0077 kl_f=0.0097 ev=0.92 sps=19.8
[seed 0] upd 216/488 step=221184 ep_ret=9.544 cap=0.00 kl_l=0.0087 kl_f=0.0094 ev=0.93 sps=19.8
[seed 0] upd 217/488 step=222208 ep_ret=9.490 cap=0.00 kl_l=0.0079 kl_f=0.0086 ev=0.93 sps=19.8
[seed 0] upd 218/488 step=223232 ep_ret=9.421 cap=0.00 kl_l=0.0074 kl_f=0.0086 ev=0.93 sps=19.8
[seed 0] upd 219/488 step=224256 ep_ret=9.322 cap=0.00 kl_l=0.0075 kl_f=0.0096 ev=0.94 sps=19.8
[seed 0] upd 220/488 step=225280 ep_ret=9.520 cap=0.00 kl_l=0.0066 kl_f=0.0132 ev=0.91 sps=19.8
  [eval] return=11.497+-0.001 captured=0.00 wasted=0.00 clean=0.00 DoD_margin=+8.437 vs_ippo=+4.764
[seed 0] upd 221/488 step=226304 ep_ret=9.346 cap=0.00 kl_l=0.0075 kl_f=0.0094 ev=0.94 sps=19.6
[seed 0] upd 222/488 step=227328 ep_ret=8.221 cap=0.00 kl_l=0.0068 kl_f=0.0091 ev=0.95 sps=19.7
[seed 0] upd 223/488 step=228352 ep_ret=8.945 cap=0.00 kl_l=0.0086 kl_f=0.0126 ev=0.93 sps=19.7
[seed 0] upd 224/488 step=229376 ep_ret=8.172 cap=0.00 kl_l=0.0076 kl_f=0.0079 ev=0.94 sps=19.7
[seed 0] upd 225/488 step=230400 ep_ret=7.897 cap=0.00 kl_l=0.0070 kl_f=0.0129 ev=0.94 sps=19.7
[seed 0] upd 226/488 step=231424 ep_ret=7.827 cap=0.00 kl_l=0.0081 kl_f=0.0085 ev=0.90 sps=19.7
[seed 0] upd 227/488 step=232448 ep_ret=8.550 cap=0.00 kl_l=0.0057 kl_f=0.0079 ev=0.95 sps=19.7
[seed 0] upd 228/488 step=233472 ep_ret=7.148 cap=0.00 kl_l=0.0062 kl_f=0.0095 ev=0.94 sps=19.7
[seed 0] upd 229/488 step=234496 ep_ret=9.597 cap=0.00 kl_l=0.0081 kl_f=0.0126 ev=0.93 sps=19.7
[seed 0] upd 230/488 step=235520 ep_ret=10.047 cap=0.00 kl_l=0.0069 kl_f=0.0073 ev=0.92 sps=19.7
[seed 0] upd 231/488 step=236544 ep_ret=8.672 cap=0.00 kl_l=0.0067 kl_f=0.0077 ev=0.93 sps=19.7
[seed 0] upd 232/488 step=237568 ep_ret=6.773 cap=0.00 kl_l=0.0088 kl_f=0.0130 ev=0.90 sps=19.7
[seed 0] upd 233/488 step=238592 ep_ret=8.421 cap=0.00 kl_l=0.0078 kl_f=0.0096 ev=0.92 sps=19.7
[seed 0] upd 234/488 step=239616 ep_ret=7.573 cap=0.00 kl_l=0.0089 kl_f=0.0099 ev=0.88 sps=19.7
[seed 0] upd 235/488 step=240640 ep_ret=8.723 cap=0.00 kl_l=0.0074 kl_f=0.0124 ev=0.95 sps=19.7
[seed 0] upd 236/488 step=241664 ep_ret=7.496 cap=0.00 kl_l=0.0069 kl_f=0.0121 ev=0.91 sps=19.7
[seed 0] upd 237/488 step=242688 ep_ret=8.972 cap=0.00 kl_l=0.0069 kl_f=0.0090 ev=0.93 sps=19.7
[seed 0] upd 238/488 step=243712 ep_ret=8.995 cap=0.00 kl_l=0.0060 kl_f=0.0080 ev=0.94 sps=19.7
[seed 0] upd 239/488 step=244736 ep_ret=7.874 cap=0.00 kl_l=0.0074 kl_f=0.0077 ev=0.90 sps=19.7
[seed 0] upd 240/488 step=245760 ep_ret=8.488 cap=0.00 kl_l=0.0082 kl_f=0.0115 ev=0.92 sps=19.7
  [eval] return=12.446+-0.218 captured=0.00 wasted=0.00 clean=0.00 DoD_margin=+9.386 vs_ippo=+5.714
[seed 0] upd 241/488 step=246784 ep_ret=9.243 cap=0.00 kl_l=0.0069 kl_f=0.0118 ev=0.93 sps=19.6
[seed 0] upd 242/488 step=247808 ep_ret=8.096 cap=0.00 kl_l=0.0068 kl_f=0.0075 ev=0.90 sps=19.6
[seed 0] upd 243/488 step=248832 ep_ret=9.021 cap=0.00 kl_l=0.0084 kl_f=0.0075 ev=0.93 sps=19.6
[seed 0] upd 244/488 step=249856 ep_ret=7.997 cap=0.00 kl_l=0.0079 kl_f=0.0087 ev=0.90 sps=19.6
[seed 0] upd 245/488 step=250880 ep_ret=7.922 cap=0.00 kl_l=0.0070 kl_f=0.0082 ev=0.92 sps=19.6
[seed 0] upd 246/488 step=251904 ep_ret=8.297 cap=0.00 kl_l=0.0077 kl_f=0.0086 ev=0.93 sps=19.6
[seed 0] upd 247/488 step=252928 ep_ret=10.346 cap=0.00 kl_l=0.0067 kl_f=0.0080 ev=0.92 sps=19.6
[seed 0] upd 248/488 step=253952 ep_ret=8.821 cap=0.00 kl_l=0.0078 kl_f=0.0087 ev=0.92 sps=19.6
[seed 0] upd 249/488 step=254976 ep_ret=8.097 cap=0.00 kl_l=0.0081 kl_f=0.0082 ev=0.93 sps=19.6
[seed 0] upd 250/488 step=256000 ep_ret=9.221 cap=0.00 kl_l=0.0079 kl_f=0.0079 ev=0.94 sps=19.6
[seed 0] upd 251/488 step=257024 ep_ret=10.022 cap=0.00 kl_l=0.0088 kl_f=0.0085 ev=0.92 sps=19.6
[seed 0] upd 252/488 step=258048 ep_ret=9.171 cap=0.00 kl_l=0.0080 kl_f=0.0076 ev=0.91 sps=19.6
[seed 0] upd 253/488 step=259072 ep_ret=7.722 cap=0.00 kl_l=0.0081 kl_f=0.0097 ev=0.89 sps=19.6
[seed 0] upd 254/488 step=260096 ep_ret=7.375 cap=0.00 kl_l=0.0084 kl_f=0.0084 ev=0.88 sps=19.6
[seed 0] upd 255/488 step=261120 ep_ret=9.000 cap=0.00 kl_l=0.0071 kl_f=0.0072 ev=0.88 sps=19.6
[seed 0] upd 256/488 step=262144 ep_ret=9.346 cap=0.00 kl_l=0.0069 kl_f=0.0075 ev=0.93 sps=19.6
[seed 0] upd 257/488 step=263168 ep_ret=8.572 cap=0.00 kl_l=0.0073 kl_f=0.0091 ev=0.90 sps=19.6
[seed 0] upd 258/488 step=264192 ep_ret=9.521 cap=0.00 kl_l=0.0072 kl_f=0.0080 ev=0.90 sps=19.6
[seed 0] upd 259/488 step=265216 ep_ret=6.624 cap=0.00 kl_l=0.0083 kl_f=0.0069 ev=0.88 sps=19.6
[seed 0] upd 260/488 step=266240 ep_ret=8.798 cap=0.00 kl_l=0.0076 kl_f=0.0083 ev=0.89 sps=19.6
  [eval] return=14.296+-0.401 captured=0.00 wasted=0.00 clean=0.00 DoD_margin=+11.236 vs_ippo=+7.564
[seed 0] upd 261/488 step=267264 ep_ret=9.222 cap=0.00 kl_l=0.0072 kl_f=0.0087 ev=0.94 sps=19.5
[seed 0] upd 262/488 step=268288 ep_ret=7.914 cap=0.00 kl_l=0.0073 kl_f=0.0095 ev=0.91 sps=19.5
[seed 0] upd 263/488 step=269312 ep_ret=10.197 cap=0.00 kl_l=0.0063 kl_f=0.0118 ev=0.90 sps=19.5
[seed 0] upd 264/488 step=270336 ep_ret=9.846 cap=0.00 kl_l=0.0079 kl_f=0.0071 ev=0.93 sps=19.5
[seed 0] upd 265/488 step=271360 ep_ret=9.023 cap=0.00 kl_l=0.0084 kl_f=0.0086 ev=0.93 sps=19.5
[seed 0] upd 266/488 step=272384 ep_ret=9.472 cap=0.00 kl_l=0.0067 kl_f=0.0077 ev=0.91 sps=19.5
[seed 0] upd 267/488 step=273408 ep_ret=9.372 cap=0.00 kl_l=0.0074 kl_f=0.0077 ev=0.94 sps=19.5
[seed 0] upd 268/488 step=274432 ep_ret=9.474 cap=0.00 kl_l=0.0069 kl_f=0.0089 ev=0.90 sps=19.5
[seed 0] upd 269/488 step=275456 ep_ret=10.023 cap=0.00 kl_l=0.0071 kl_f=0.0088 ev=0.89 sps=19.6
[seed 0] upd 270/488 step=276480 ep_ret=10.121 cap=0.00 kl_l=0.0070 kl_f=0.0080 ev=0.89 sps=19.6
[seed 0] upd 271/488 step=277504 ep_ret=9.600 cap=0.00 kl_l=0.0073 kl_f=0.0095 ev=0.92 sps=19.6
[seed 0] upd 272/488 step=278528 ep_ret=10.027 cap=0.00 kl_l=0.0065 kl_f=0.0067 ev=0.91 sps=19.6
[seed 0] upd 273/488 step=279552 ep_ret=8.824 cap=0.00 kl_l=0.0082 kl_f=0.0079 ev=0.91 sps=19.6
[seed 0] upd 274/488 step=280576 ep_ret=7.364 cap=0.00 kl_l=0.0079 kl_f=0.0090 ev=0.91 sps=19.6
[seed 0] upd 275/488 step=281600 ep_ret=7.071 cap=0.00 kl_l=0.0067 kl_f=0.0077 ev=0.92 sps=19.6
[seed 0] upd 276/488 step=282624 ep_ret=9.848 cap=0.00 kl_l=0.0068 kl_f=0.0082 ev=0.92 sps=19.6
[seed 0] upd 277/488 step=283648 ep_ret=7.244 cap=0.00 kl_l=0.0085 kl_f=0.0078 ev=0.91 sps=19.6
[seed 0] upd 278/488 step=284672 ep_ret=9.247 cap=0.00 kl_l=0.0074 kl_f=0.0094 ev=0.90 sps=19.6
[seed 0] upd 279/488 step=285696 ep_ret=8.047 cap=0.00 kl_l=0.0073 kl_f=0.0099 ev=0.93 sps=19.6
[seed 0] upd 280/488 step=286720 ep_ret=8.999 cap=0.00 kl_l=0.0068 kl_f=0.0111 ev=0.90 sps=19.6
  [eval] return=14.247+-1.445 captured=0.00 wasted=0.00 clean=0.00 DoD_margin=+11.187 vs_ippo=+7.515
[seed 0] upd 281/488 step=287744 ep_ret=9.097 cap=0.00 kl_l=0.0074 kl_f=0.0073 ev=0.90 sps=19.5
[seed 0] upd 282/488 step=288768 ep_ret=9.324 cap=0.00 kl_l=0.0077 kl_f=0.0076 ev=0.94 sps=19.5
[seed 0] upd 283/488 step=289792 ep_ret=7.622 cap=0.00 kl_l=0.0081 kl_f=0.0066 ev=0.93 sps=19.5
[seed 0] upd 284/488 step=290816 ep_ret=9.446 cap=0.00 kl_l=0.0072 kl_f=0.0077 ev=0.93 sps=19.5
[seed 0] upd 285/488 step=291840 ep_ret=9.024 cap=0.00 kl_l=0.0072 kl_f=0.0093 ev=0.92 sps=19.5
[seed 0] upd 286/488 step=292864 ep_ret=8.401 cap=0.00 kl_l=0.0063 kl_f=0.0065 ev=0.94 sps=19.5
[seed 0] upd 287/488 step=293888 ep_ret=8.072 cap=0.00 kl_l=0.0076 kl_f=0.0066 ev=0.93 sps=19.5
[seed 0] upd 288/488 step=294912 ep_ret=8.648 cap=0.00 kl_l=0.0069 kl_f=0.0077 ev=0.91 sps=19.5
[seed 0] upd 289/488 step=295936 ep_ret=8.696 cap=0.00 kl_l=0.0067 kl_f=0.0103 ev=0.89 sps=19.5
[seed 0] upd 290/488 step=296960 ep_ret=8.041 cap=0.00 kl_l=0.0067 kl_f=0.0075 ev=0.91 sps=19.5
[seed 0] upd 291/488 step=297984 ep_ret=8.329 cap=0.00 kl_l=0.0064 kl_f=0.0095 ev=0.90 sps=19.5
[seed 0] upd 292/488 step=299008 ep_ret=7.646 cap=0.00 kl_l=0.0074 kl_f=0.0089 ev=0.92 sps=19.5
[seed 0] upd 293/488 step=300032 ep_ret=9.048 cap=0.00 kl_l=0.0077 kl_f=0.0108 ev=0.92 sps=19.5
[seed 0] upd 294/488 step=301056 ep_ret=9.198 cap=0.00 kl_l=0.0078 kl_f=0.0087 ev=0.94 sps=19.5
[seed 0] upd 295/488 step=302080 ep_ret=8.932 cap=0.00 kl_l=0.0074 kl_f=0.0078 ev=0.92 sps=19.5
[seed 0] upd 296/488 step=303104 ep_ret=8.679 cap=0.00 kl_l=0.0063 kl_f=0.0098 ev=0.93 sps=19.6
[seed 0] upd 297/488 step=304128 ep_ret=8.939 cap=0.00 kl_l=0.0074 kl_f=0.0107 ev=0.93 sps=19.6
[seed 0] upd 298/488 step=305152 ep_ret=9.309 cap=0.00 kl_l=0.0056 kl_f=0.0085 ev=0.93 sps=19.6
[seed 0] upd 299/488 step=306176 ep_ret=8.271 cap=0.00 kl_l=0.0076 kl_f=0.0071 ev=0.95 sps=19.6
[seed 0] upd 300/488 step=307200 ep_ret=7.996 cap=0.00 kl_l=0.0077 kl_f=0.0091 ev=0.93 sps=19.6
  [eval] return=17.797+-0.400 captured=0.00 wasted=0.00 clean=0.00 DoD_margin=+14.737 vs_ippo=+11.065
[seed 0] upd 301/488 step=308224 ep_ret=9.425 cap=0.00 kl_l=0.0067 kl_f=0.0085 ev=0.92 sps=19.5
[seed 0] upd 302/488 step=309248 ep_ret=8.672 cap=0.00 kl_l=0.0077 kl_f=0.0094 ev=0.96 sps=19.5
[seed 0] upd 303/488 step=310272 ep_ret=10.498 cap=0.00 kl_l=0.0071 kl_f=0.0074 ev=0.94 sps=19.5
[seed 0] upd 304/488 step=311296 ep_ret=8.824 cap=0.00 kl_l=0.0070 kl_f=0.0081 ev=0.93 sps=19.5
[seed 0] upd 305/488 step=312320 ep_ret=7.678 cap=0.00 kl_l=0.0080 kl_f=0.0108 ev=0.93 sps=19.5
[seed 0] upd 306/488 step=313344 ep_ret=10.173 cap=0.00 kl_l=0.0072 kl_f=0.0075 ev=0.92 sps=19.5
[seed 0] upd 307/488 step=314368 ep_ret=8.643 cap=0.00 kl_l=0.0053 kl_f=0.0101 ev=0.92 sps=19.5
[seed 0] upd 308/488 step=315392 ep_ret=7.822 cap=0.00 kl_l=0.0068 kl_f=0.0053 ev=0.94 sps=19.5
[seed 0] upd 309/488 step=316416 ep_ret=8.626 cap=0.00 kl_l=0.0067 kl_f=0.0090 ev=0.92 sps=19.5
[seed 0] upd 310/488 step=317440 ep_ret=8.571 cap=0.00 kl_l=0.0062 kl_f=0.0095 ev=0.91 sps=19.5
[seed 0] upd 311/488 step=318464 ep_ret=9.046 cap=0.00 kl_l=0.0079 kl_f=0.0092 ev=0.94 sps=19.5
[seed 0] upd 312/488 step=319488 ep_ret=10.473 cap=0.00 kl_l=0.0068 kl_f=0.0077 ev=0.93 sps=19.5
[seed 0] upd 313/488 step=320512 ep_ret=8.499 cap=0.00 kl_l=0.0075 kl_f=0.0086 ev=0.94 sps=19.5
[seed 0] upd 314/488 step=321536 ep_ret=9.100 cap=0.00 kl_l=0.0057 kl_f=0.0075 ev=0.95 sps=19.5
[seed 0] upd 315/488 step=322560 ep_ret=8.798 cap=0.00 kl_l=0.0068 kl_f=0.0079 ev=0.95 sps=19.5
[seed 0] upd 316/488 step=323584 ep_ret=8.721 cap=0.00 kl_l=0.0077 kl_f=0.0081 ev=0.94 sps=19.5
[seed 0] upd 317/488 step=324608 ep_ret=9.807 cap=0.00 kl_l=0.0070 kl_f=0.0095 ev=0.90 sps=19.5
[seed 0] upd 318/488 step=325632 ep_ret=9.722 cap=0.00 kl_l=0.0066 kl_f=0.0067 ev=0.92 sps=19.5
[seed 0] upd 319/488 step=326656 ep_ret=8.044 cap=0.00 kl_l=0.0056 kl_f=0.0061 ev=0.95 sps=19.5
[seed 0] upd 320/488 step=327680 ep_ret=9.226 cap=0.00 kl_l=0.0064 kl_f=0.0069 ev=0.93 sps=19.5
  [eval] return=15.497+-0.742 captured=0.00 wasted=0.00 clean=0.00 DoD_margin=+12.437 vs_ippo=+8.764
[seed 0] upd 321/488 step=328704 ep_ret=8.146 cap=0.00 kl_l=0.0067 kl_f=0.0072 ev=0.95 sps=19.5
[seed 0] upd 322/488 step=329728 ep_ret=7.921 cap=0.00 kl_l=0.0068 kl_f=0.0079 ev=0.89 sps=19.5
[seed 0] upd 323/488 step=330752 ep_ret=8.697 cap=0.00 kl_l=0.0072 kl_f=0.0070 ev=0.94 sps=19.5
[seed 0] upd 324/488 step=331776 ep_ret=9.220 cap=0.00 kl_l=0.0070 kl_f=0.0067 ev=0.93 sps=19.5
[seed 0] upd 325/488 step=332800 ep_ret=9.439 cap=0.00 kl_l=0.0070 kl_f=0.0071 ev=0.93 sps=19.5
[seed 0] upd 326/488 step=333824 ep_ret=8.873 cap=0.00 kl_l=0.0055 kl_f=0.0071 ev=0.92 sps=19.5
[seed 0] upd 327/488 step=334848 ep_ret=9.048 cap=0.00 kl_l=0.0064 kl_f=0.0070 ev=0.92 sps=19.5
[seed 0] upd 328/488 step=335872 ep_ret=7.646 cap=0.00 kl_l=0.0069 kl_f=0.0100 ev=0.93 sps=19.5
[seed 0] upd 329/488 step=336896 ep_ret=9.290 cap=0.00 kl_l=0.0071 kl_f=0.0087 ev=0.90 sps=19.5
[seed 0] upd 330/488 step=337920 ep_ret=9.321 cap=0.00 kl_l=0.0058 kl_f=0.0084 ev=0.94 sps=19.5
[seed 0] upd 331/488 step=338944 ep_ret=10.051 cap=0.00 kl_l=0.0052 kl_f=0.0092 ev=0.94 sps=19.5
[seed 0] upd 332/488 step=339968 ep_ret=11.595 cap=0.00 kl_l=0.0064 kl_f=0.0078 ev=0.94 sps=19.5
[seed 0] upd 333/488 step=340992 ep_ret=10.081 cap=0.00 kl_l=0.0068 kl_f=0.0104 ev=0.92 sps=19.5
[seed 0] upd 334/488 step=342016 ep_ret=10.547 cap=0.00 kl_l=0.0064 kl_f=0.0094 ev=0.95 sps=19.5
[seed 0] upd 335/488 step=343040 ep_ret=8.072 cap=0.00 kl_l=0.0066 kl_f=0.0085 ev=0.93 sps=19.5
[seed 0] upd 336/488 step=344064 ep_ret=9.047 cap=0.00 kl_l=0.0065 kl_f=0.0125 ev=0.93 sps=19.5
[seed 0] upd 337/488 step=345088 ep_ret=10.147 cap=0.00 kl_l=0.0064 kl_f=0.0087 ev=0.95 sps=19.5
[seed 0] upd 338/488 step=346112 ep_ret=8.993 cap=0.00 kl_l=0.0062 kl_f=0.0099 ev=0.95 sps=19.5
[seed 0] upd 339/488 step=347136 ep_ret=8.399 cap=0.00 kl_l=0.0076 kl_f=0.0071 ev=0.94 sps=19.5
[seed 0] upd 340/488 step=348160 ep_ret=10.697 cap=0.00 kl_l=0.0057 kl_f=0.0119 ev=0.94 sps=19.5
  [eval] return=17.398+-0.490 captured=0.00 wasted=0.00 clean=0.00 DoD_margin=+14.338 vs_ippo=+10.665
[seed 0] upd 341/488 step=349184 ep_ret=7.322 cap=0.00 kl_l=0.0071 kl_f=0.0081 ev=0.92 sps=19.4
[seed 0] upd 342/488 step=350208 ep_ret=8.371 cap=0.00 kl_l=0.0072 kl_f=0.0087 ev=0.93 sps=19.5
[seed 0] upd 343/488 step=351232 ep_ret=6.983 cap=0.00 kl_l=0.0069 kl_f=0.0079 ev=0.93 sps=19.5
[seed 0] upd 344/488 step=352256 ep_ret=8.335 cap=0.00 kl_l=0.0060 kl_f=0.0082 ev=0.93 sps=19.5
[seed 0] upd 345/488 step=353280 ep_ret=8.122 cap=0.00 kl_l=0.0066 kl_f=0.0088 ev=0.96 sps=19.5
[seed 0] upd 346/488 step=354304 ep_ret=9.572 cap=0.00 kl_l=0.0068 kl_f=0.0080 ev=0.95 sps=19.5
[seed 0] upd 347/488 step=355328 ep_ret=7.375 cap=0.00 kl_l=0.0065 kl_f=0.0051 ev=0.93 sps=19.5
[seed 0] upd 348/488 step=356352 ep_ret=7.469 cap=0.00 kl_l=0.0071 kl_f=0.0087 ev=0.95 sps=19.5
[seed 0] upd 349/488 step=357376 ep_ret=9.571 cap=0.00 kl_l=0.0063 kl_f=0.0079 ev=0.94 sps=19.5
[seed 0] upd 350/488 step=358400 ep_ret=8.899 cap=0.00 kl_l=0.0069 kl_f=0.0074 ev=0.94 sps=19.5
[seed 0] upd 351/488 step=359424 ep_ret=8.050 cap=0.00 kl_l=0.0065 kl_f=0.0074 ev=0.94 sps=19.5
[seed 0] upd 352/488 step=360448 ep_ret=7.721 cap=0.00 kl_l=0.0063 kl_f=0.0097 ev=0.94 sps=19.5
[seed 0] upd 353/488 step=361472 ep_ret=9.675 cap=0.00 kl_l=0.0064 kl_f=0.0088 ev=0.92 sps=19.5
[seed 0] upd 354/488 step=362496 ep_ret=8.497 cap=0.00 kl_l=0.0060 kl_f=0.0092 ev=0.94 sps=19.5
[seed 0] upd 355/488 step=363520 ep_ret=8.367 cap=0.00 kl_l=0.0063 kl_f=0.0065 ev=0.92 sps=19.5
[seed 0] upd 356/488 step=364544 ep_ret=8.217 cap=0.00 kl_l=0.0066 kl_f=0.0065 ev=0.93 sps=19.5
[seed 0] upd 357/488 step=365568 ep_ret=8.721 cap=0.00 kl_l=0.0077 kl_f=0.0076 ev=0.92 sps=19.5
[seed 0] upd 358/488 step=366592 ep_ret=7.345 cap=0.00 kl_l=0.0066 kl_f=0.0074 ev=0.94 sps=19.5
[seed 0] upd 359/488 step=367616 ep_ret=9.823 cap=0.00 kl_l=0.0059 kl_f=0.0063 ev=0.91 sps=19.5
[seed 0] upd 360/488 step=368640 ep_ret=8.798 cap=0.00 kl_l=0.0067 kl_f=0.0086 ev=0.94 sps=19.5
  [eval] return=11.669+-0.482 captured=0.00 wasted=0.00 clean=0.00 DoD_margin=+8.609 vs_ippo=+4.936
[seed 0] upd 361/488 step=369664 ep_ret=6.298 cap=0.00 kl_l=0.0063 kl_f=0.0058 ev=0.92 sps=19.5
[seed 0] upd 362/488 step=370688 ep_ret=6.872 cap=0.00 kl_l=0.0066 kl_f=0.0066 ev=0.93 sps=19.5
[seed 0] upd 363/488 step=371712 ep_ret=7.592 cap=0.00 kl_l=0.0057 kl_f=0.0080 ev=0.92 sps=19.5
[seed 0] upd 364/488 step=372736 ep_ret=8.673 cap=0.00 kl_l=0.0061 kl_f=0.0090 ev=0.92 sps=19.5
[seed 0] upd 365/488 step=373760 ep_ret=7.821 cap=0.00 kl_l=0.0067 kl_f=0.0077 ev=0.94 sps=19.5
[seed 0] upd 366/488 step=374784 ep_ret=7.809 cap=0.00 kl_l=0.0054 kl_f=0.0084 ev=0.92 sps=19.5
[seed 0] upd 367/488 step=375808 ep_ret=6.524 cap=0.00 kl_l=0.0079 kl_f=0.0052 ev=0.93 sps=19.5
[seed 0] upd 368/488 step=376832 ep_ret=8.046 cap=0.00 kl_l=0.0070 kl_f=0.0103 ev=0.93 sps=19.5
[seed 0] upd 369/488 step=377856 ep_ret=7.119 cap=0.00 kl_l=0.0076 kl_f=0.0068 ev=0.93 sps=19.5
[seed 0] upd 370/488 step=378880 ep_ret=8.921 cap=0.00 kl_l=0.0050 kl_f=0.0069 ev=0.94 sps=19.5
[seed 0] upd 371/488 step=379904 ep_ret=7.371 cap=0.00 kl_l=0.0062 kl_f=0.0059 ev=0.92 sps=19.5
[seed 0] upd 372/488 step=380928 ep_ret=6.865 cap=0.00 kl_l=0.0078 kl_f=0.0086 ev=0.92 sps=19.5
[seed 0] upd 373/488 step=381952 ep_ret=6.772 cap=0.00 kl_l=0.0060 kl_f=0.0085 ev=0.94 sps=19.5
[seed 0] upd 374/488 step=382976 ep_ret=7.769 cap=0.00 kl_l=0.0051 kl_f=0.0077 ev=0.94 sps=19.5
[seed 0] upd 375/488 step=384000 ep_ret=8.066 cap=0.00 kl_l=0.0068 kl_f=0.0080 ev=0.93 sps=19.5
[seed 0] upd 376/488 step=385024 ep_ret=9.245 cap=0.00 kl_l=0.0053 kl_f=0.0064 ev=0.94 sps=19.5
[seed 0] upd 377/488 step=386048 ep_ret=9.449 cap=0.00 kl_l=0.0061 kl_f=0.0060 ev=0.94 sps=19.5
[seed 0] upd 378/488 step=387072 ep_ret=8.597 cap=0.00 kl_l=0.0075 kl_f=0.0065 ev=0.96 sps=19.5
[seed 0] upd 379/488 step=388096 ep_ret=7.345 cap=0.00 kl_l=0.0062 kl_f=0.0053 ev=0.92 sps=19.5
[seed 0] upd 380/488 step=389120 ep_ret=8.584 cap=0.00 kl_l=0.0054 kl_f=0.0060 ev=0.93 sps=19.5
  [eval] return=18.298+-0.557 captured=0.00 wasted=0.00 clean=0.00 DoD_margin=+15.238 vs_ippo=+11.566
[seed 0] upd 381/488 step=390144 ep_ret=8.613 cap=0.00 kl_l=0.0079 kl_f=0.0074 ev=0.94 sps=19.5
[seed 0] upd 382/488 step=391168 ep_ret=8.372 cap=0.00 kl_l=0.0057 kl_f=0.0066 ev=0.94 sps=19.5
[seed 0] upd 383/488 step=392192 ep_ret=7.523 cap=0.00 kl_l=0.0055 kl_f=0.0088 ev=0.93 sps=19.5
[seed 0] upd 384/488 step=393216 ep_ret=9.145 cap=0.00 kl_l=0.0053 kl_f=0.0081 ev=0.93 sps=19.5
[seed 0] upd 385/488 step=394240 ep_ret=9.526 cap=0.00 kl_l=0.0059 kl_f=0.0067 ev=0.95 sps=19.5
[seed 0] upd 386/488 step=395264 ep_ret=9.099 cap=0.00 kl_l=0.0060 kl_f=0.0055 ev=0.96 sps=19.5
[seed 0] upd 387/488 step=396288 ep_ret=9.296 cap=0.00 kl_l=0.0067 kl_f=0.0072 ev=0.94 sps=19.5
[seed 0] upd 388/488 step=397312 ep_ret=7.495 cap=0.00 kl_l=0.0058 kl_f=0.0069 ev=0.91 sps=19.5
[seed 0] upd 389/488 step=398336 ep_ret=9.519 cap=0.00 kl_l=0.0059 kl_f=0.0054 ev=0.93 sps=19.5
[seed 0] upd 390/488 step=399360 ep_ret=9.171 cap=0.00 kl_l=0.0056 kl_f=0.0069 ev=0.95 sps=19.5
[seed 0] upd 391/488 step=400384 ep_ret=8.122 cap=0.00 kl_l=0.0063 kl_f=0.0069 ev=0.94 sps=19.5
[seed 0] upd 392/488 step=401408 ep_ret=8.221 cap=0.00 kl_l=0.0048 kl_f=0.0072 ev=0.95 sps=19.5
[seed 0] upd 393/488 step=402432 ep_ret=8.145 cap=0.00 kl_l=0.0052 kl_f=0.0071 ev=0.93 sps=19.5
[seed 0] upd 394/488 step=403456 ep_ret=6.619 cap=0.00 kl_l=0.0060 kl_f=0.0070 ev=0.90 sps=19.5
[seed 0] upd 395/488 step=404480 ep_ret=8.065 cap=0.00 kl_l=0.0066 kl_f=0.0049 ev=0.93 sps=19.5
[seed 0] upd 396/488 step=405504 ep_ret=8.695 cap=0.00 kl_l=0.0062 kl_f=0.0084 ev=0.95 sps=19.5
[seed 0] upd 397/488 step=406528 ep_ret=9.109 cap=0.00 kl_l=0.0063 kl_f=0.0074 ev=0.93 sps=19.5
[seed 0] upd 398/488 step=407552 ep_ret=7.079 cap=0.00 kl_l=0.0067 kl_f=0.0080 ev=0.92 sps=19.5
[seed 0] upd 399/488 step=408576 ep_ret=7.881 cap=0.00 kl_l=0.0064 kl_f=0.0070 ev=0.96 sps=19.5
[seed 0] upd 400/488 step=409600 ep_ret=9.346 cap=0.00 kl_l=0.0057 kl_f=0.0054 ev=0.93 sps=19.5
  [eval] return=13.516+-4.157 captured=0.00 wasted=0.20 clean=0.00 DoD_margin=+10.456 vs_ippo=+6.784
[seed 0] upd 401/488 step=410624 ep_ret=8.920 cap=0.00 kl_l=0.0054 kl_f=0.0077 ev=0.93 sps=19.5
[seed 0] upd 402/488 step=411648 ep_ret=8.945 cap=0.00 kl_l=0.0061 kl_f=0.0067 ev=0.93 sps=19.5
[seed 0] upd 403/488 step=412672 ep_ret=8.087 cap=0.00 kl_l=0.0067 kl_f=0.0079 ev=0.92 sps=19.5
[seed 0] upd 404/488 step=413696 ep_ret=7.868 cap=0.00 kl_l=0.0060 kl_f=0.0068 ev=0.91 sps=19.5
[seed 0] upd 405/488 step=414720 ep_ret=7.896 cap=0.00 kl_l=0.0062 kl_f=0.0053 ev=0.95 sps=19.5
[seed 0] upd 406/488 step=415744 ep_ret=9.523 cap=0.00 kl_l=0.0062 kl_f=0.0063 ev=0.92 sps=19.5
[seed 0] upd 407/488 step=416768 ep_ret=7.146 cap=0.00 kl_l=0.0060 kl_f=0.0067 ev=0.95 sps=19.5
[seed 0] upd 408/488 step=417792 ep_ret=7.776 cap=0.00 kl_l=0.0062 kl_f=0.0071 ev=0.91 sps=19.5
[seed 0] upd 409/488 step=418816 ep_ret=9.084 cap=0.00 kl_l=0.0082 kl_f=0.0086 ev=0.95 sps=19.5
[seed 0] upd 410/488 step=419840 ep_ret=7.773 cap=0.00 kl_l=0.0062 kl_f=0.0059 ev=0.93 sps=19.5
[seed 0] upd 411/488 step=420864 ep_ret=7.569 cap=0.00 kl_l=0.0075 kl_f=0.0067 ev=0.93 sps=19.5
[seed 0] upd 412/488 step=421888 ep_ret=7.569 cap=0.00 kl_l=0.0060 kl_f=0.0057 ev=0.95 sps=19.5
[seed 0] upd 413/488 step=422912 ep_ret=8.785 cap=0.00 kl_l=0.0054 kl_f=0.0070 ev=0.93 sps=19.5
[seed 0] upd 414/488 step=423936 ep_ret=7.668 cap=0.00 kl_l=0.0053 kl_f=0.0060 ev=0.89 sps=19.5
[seed 0] upd 415/488 step=424960 ep_ret=8.296 cap=0.00 kl_l=0.0050 kl_f=0.0054 ev=0.91 sps=19.5
[seed 0] upd 416/488 step=425984 ep_ret=7.722 cap=0.00 kl_l=0.0048 kl_f=0.0048 ev=0.92 sps=19.5
[seed 0] upd 417/488 step=427008 ep_ret=8.371 cap=0.00 kl_l=0.0055 kl_f=0.0063 ev=0.95 sps=19.5
[seed 0] upd 418/488 step=428032 ep_ret=7.897 cap=0.00 kl_l=0.0062 kl_f=0.0064 ev=0.95 sps=19.5
[seed 0] upd 419/488 step=429056 ep_ret=8.793 cap=0.00 kl_l=0.0050 kl_f=0.0039 ev=0.95 sps=19.5
[seed 0] upd 420/488 step=430080 ep_ret=6.252 cap=0.00 kl_l=0.0065 kl_f=0.0066 ev=0.96 sps=19.5
  [eval] return=11.959+-0.008 captured=0.00 wasted=0.00 clean=0.00 DoD_margin=+8.899 vs_ippo=+5.227
[seed 0] upd 421/488 step=431104 ep_ret=8.295 cap=0.00 kl_l=0.0064 kl_f=0.0066 ev=0.91 sps=19.5
[seed 0] upd 422/488 step=432128 ep_ret=7.746 cap=0.00 kl_l=0.0053 kl_f=0.0057 ev=0.94 sps=19.5
[seed 0] upd 423/488 step=433152 ep_ret=8.142 cap=0.00 kl_l=0.0053 kl_f=0.0064 ev=0.93 sps=19.5
[seed 0] upd 424/488 step=434176 ep_ret=7.947 cap=0.00 kl_l=0.0059 kl_f=0.0048 ev=0.93 sps=19.5
[seed 0] upd 425/488 step=435200 ep_ret=10.061 cap=0.00 kl_l=0.0053 kl_f=0.0075 ev=0.93 sps=19.5
[seed 0] upd 426/488 step=436224 ep_ret=9.422 cap=0.00 kl_l=0.0055 kl_f=0.0068 ev=0.92 sps=19.5
[seed 0] upd 427/488 step=437248 ep_ret=9.312 cap=0.00 kl_l=0.0063 kl_f=0.0061 ev=0.95 sps=19.5
[seed 0] upd 428/488 step=438272 ep_ret=8.221 cap=0.00 kl_l=0.0061 kl_f=0.0045 ev=0.94 sps=19.5
[seed 0] upd 429/488 step=439296 ep_ret=8.497 cap=0.00 kl_l=0.0054 kl_f=0.0054 ev=0.94 sps=19.5
[seed 0] upd 430/488 step=440320 ep_ret=7.095 cap=0.00 kl_l=0.0063 kl_f=0.0058 ev=0.92 sps=19.5
[seed 0] upd 431/488 step=441344 ep_ret=8.431 cap=0.00 kl_l=0.0044 kl_f=0.0064 ev=0.94 sps=19.5
[seed 0] upd 432/488 step=442368 ep_ret=9.625 cap=0.00 kl_l=0.0052 kl_f=0.0051 ev=0.96 sps=19.6
[seed 0] upd 433/488 step=443392 ep_ret=9.643 cap=0.00 kl_l=0.0054 kl_f=0.0053 ev=0.91 sps=19.6
[seed 0] upd 434/488 step=444416 ep_ret=8.876 cap=0.00 kl_l=0.0053 kl_f=0.0047 ev=0.92 sps=19.6
[seed 0] upd 435/488 step=445440 ep_ret=8.194 cap=0.00 kl_l=0.0053 kl_f=0.0066 ev=0.92 sps=19.6
[seed 0] upd 436/488 step=446464 ep_ret=8.046 cap=0.00 kl_l=0.0047 kl_f=0.0062 ev=0.90 sps=19.6
[seed 0] upd 437/488 step=447488 ep_ret=8.234 cap=0.00 kl_l=0.0046 kl_f=0.0061 ev=0.93 sps=19.6
[seed 0] upd 438/488 step=448512 ep_ret=8.731 cap=0.00 kl_l=0.0054 kl_f=0.0044 ev=0.95 sps=19.6
[seed 0] upd 439/488 step=449536 ep_ret=8.294 cap=0.00 kl_l=0.0040 kl_f=0.0054 ev=0.95 sps=19.6
[seed 0] upd 440/488 step=450560 ep_ret=9.109 cap=0.00 kl_l=0.0037 kl_f=0.0056 ev=0.95 sps=19.6
  [eval] return=15.329+-0.795 captured=0.00 wasted=0.00 clean=0.00 DoD_margin=+12.269 vs_ippo=+8.597
[seed 0] upd 441/488 step=451584 ep_ret=8.894 cap=0.00 kl_l=0.0055 kl_f=0.0060 ev=0.94 sps=19.5
[seed 0] upd 442/488 step=452608 ep_ret=8.739 cap=0.00 kl_l=0.0046 kl_f=0.0047 ev=0.91 sps=19.5
[seed 0] upd 443/488 step=453632 ep_ret=9.144 cap=0.00 kl_l=0.0053 kl_f=0.0051 ev=0.92 sps=19.5
[seed 0] upd 444/488 step=454656 ep_ret=7.969 cap=0.00 kl_l=0.0057 kl_f=0.0036 ev=0.95 sps=19.5
[seed 0] upd 445/488 step=455680 ep_ret=8.959 cap=0.00 kl_l=0.0052 kl_f=0.0052 ev=0.95 sps=19.5
[seed 0] upd 446/488 step=456704 ep_ret=8.246 cap=0.00 kl_l=0.0058 kl_f=0.0043 ev=0.93 sps=19.5
[seed 0] upd 447/488 step=457728 ep_ret=8.346 cap=0.00 kl_l=0.0051 kl_f=0.0048 ev=0.90 sps=19.5
[seed 0] upd 448/488 step=458752 ep_ret=9.227 cap=0.00 kl_l=0.0055 kl_f=0.0029 ev=0.94 sps=19.5
[seed 0] upd 449/488 step=459776 ep_ret=8.436 cap=0.00 kl_l=0.0043 kl_f=0.0037 ev=0.95 sps=19.5
[seed 0] upd 450/488 step=460800 ep_ret=8.000 cap=0.00 kl_l=0.0034 kl_f=0.0063 ev=0.95 sps=19.5
[seed 0] upd 451/488 step=461824 ep_ret=8.675 cap=0.00 kl_l=0.0049 kl_f=0.0083 ev=0.94 sps=19.5
[seed 0] upd 452/488 step=462848 ep_ret=8.321 cap=0.00 kl_l=0.0038 kl_f=0.0048 ev=0.94 sps=19.5
[seed 0] upd 453/488 step=463872 ep_ret=8.253 cap=0.00 kl_l=0.0068 kl_f=0.0042 ev=0.92 sps=19.5
[seed 0] upd 454/488 step=464896 ep_ret=7.822 cap=0.00 kl_l=0.0036 kl_f=0.0049 ev=0.95 sps=19.5
[seed 0] upd 455/488 step=465920 ep_ret=9.357 cap=0.00 kl_l=0.0052 kl_f=0.0040 ev=0.93 sps=19.6
[seed 0] upd 456/488 step=466944 ep_ret=8.783 cap=0.00 kl_l=0.0043 kl_f=0.0058 ev=0.96 sps=19.6
[seed 0] upd 457/488 step=467968 ep_ret=8.689 cap=0.00 kl_l=0.0055 kl_f=0.0062 ev=0.95 sps=19.6
[seed 0] upd 458/488 step=468992 ep_ret=7.468 cap=0.00 kl_l=0.0049 kl_f=0.0038 ev=0.93 sps=19.6
[seed 0] upd 459/488 step=470016 ep_ret=8.844 cap=0.00 kl_l=0.0051 kl_f=0.0038 ev=0.96 sps=19.6
[seed 0] upd 460/488 step=471040 ep_ret=9.063 cap=0.00 kl_l=0.0044 kl_f=0.0070 ev=0.95 sps=19.6
  [eval] return=11.286+-0.382 captured=0.00 wasted=0.00 clean=0.00 DoD_margin=+8.226 vs_ippo=+4.554
[seed 0] upd 461/488 step=472064 ep_ret=8.992 cap=0.00 kl_l=0.0045 kl_f=0.0059 ev=0.94 sps=19.5
[seed 0] upd 462/488 step=473088 ep_ret=9.636 cap=0.00 kl_l=0.0048 kl_f=0.0038 ev=0.96 sps=19.5
[seed 0] upd 463/488 step=474112 ep_ret=9.325 cap=0.00 kl_l=0.0043 kl_f=0.0040 ev=0.94 sps=19.5
[seed 0] upd 464/488 step=475136 ep_ret=9.538 cap=0.00 kl_l=0.0043 kl_f=0.0053 ev=0.96 sps=19.5
[seed 0] upd 465/488 step=476160 ep_ret=10.194 cap=0.00 kl_l=0.0049 kl_f=0.0060 ev=0.94 sps=19.5
[seed 0] upd 466/488 step=477184 ep_ret=10.094 cap=0.00 kl_l=0.0048 kl_f=0.0039 ev=0.95 sps=19.5
[seed 0] upd 467/488 step=478208 ep_ret=7.915 cap=0.00 kl_l=0.0053 kl_f=0.0029 ev=0.93 sps=19.5
[seed 0] upd 468/488 step=479232 ep_ret=8.377 cap=0.00 kl_l=0.0037 kl_f=0.0031 ev=0.93 sps=19.5
[seed 0] upd 469/488 step=480256 ep_ret=9.329 cap=0.00 kl_l=0.0043 kl_f=0.0038 ev=0.96 sps=19.5
[seed 0] upd 470/488 step=481280 ep_ret=9.549 cap=0.00 kl_l=0.0040 kl_f=0.0056 ev=0.92 sps=19.5
[seed 0] upd 471/488 step=482304 ep_ret=9.920 cap=0.00 kl_l=0.0036 kl_f=0.0048 ev=0.95 sps=19.6
[seed 0] upd 472/488 step=483328 ep_ret=8.922 cap=0.00 kl_l=0.0041 kl_f=0.0052 ev=0.96 sps=19.6
[seed 0] upd 473/488 step=484352 ep_ret=7.284 cap=0.00 kl_l=0.0056 kl_f=0.0030 ev=0.94 sps=19.6
[seed 0] upd 474/488 step=485376 ep_ret=7.347 cap=0.00 kl_l=0.0046 kl_f=0.0037 ev=0.95 sps=19.6
[seed 0] upd 475/488 step=486400 ep_ret=8.761 cap=0.00 kl_l=0.0050 kl_f=0.0053 ev=0.95 sps=19.6
[seed 0] upd 476/488 step=487424 ep_ret=8.892 cap=0.00 kl_l=0.0046 kl_f=0.0043 ev=0.95 sps=19.6
[seed 0] upd 477/488 step=488448 ep_ret=9.294 cap=0.00 kl_l=0.0047 kl_f=0.0045 ev=0.96 sps=19.6
[seed 0] upd 478/488 step=489472 ep_ret=8.617 cap=0.00 kl_l=0.0040 kl_f=0.0037 ev=0.93 sps=19.6
[seed 0] upd 479/488 step=490496 ep_ret=7.931 cap=0.00 kl_l=0.0030 kl_f=0.0042 ev=0.92 sps=19.6
[seed 0] upd 480/488 step=491520 ep_ret=8.373 cap=0.00 kl_l=0.0044 kl_f=0.0060 ev=0.95 sps=19.6
  [eval] return=13.949+-0.110 captured=0.00 wasted=0.00 clean=0.00 DoD_margin=+10.889 vs_ippo=+7.216
[seed 0] upd 481/488 step=492544 ep_ret=8.422 cap=0.00 kl_l=0.0043 kl_f=0.0044 ev=0.93 sps=19.6
[seed 0] upd 482/488 step=493568 ep_ret=9.467 cap=0.00 kl_l=0.0042 kl_f=0.0037 ev=0.93 sps=19.6
[seed 0] upd 483/488 step=494592 ep_ret=9.214 cap=0.00 kl_l=0.0039 kl_f=0.0048 ev=0.94 sps=19.6
[seed 0] upd 484/488 step=495616 ep_ret=9.270 cap=0.00 kl_l=0.0053 kl_f=0.0028 ev=0.94 sps=19.6
[seed 0] upd 485/488 step=496640 ep_ret=8.894 cap=0.00 kl_l=0.0032 kl_f=0.0031 ev=0.92 sps=19.6
[seed 0] upd 486/488 step=497664 ep_ret=9.768 cap=0.00 kl_l=0.0040 kl_f=0.0050 ev=0.96 sps=19.6
[seed 0] upd 487/488 step=498688 ep_ret=8.119 cap=0.00 kl_l=0.0031 kl_f=0.0022 ev=0.95 sps=19.6
[seed 0] upd 488/488 step=499712 ep_ret=9.549 cap=0.00 kl_l=0.0036 kl_f=0.0024 ev=0.95 sps=19.6
  [eval] return=17.395+-0.301 captured=0.00 wasted=0.00 clean=0.00 DoD_margin=+14.335 vs_ippo=+10.663
wandb: 
wandb: Run history:
wandb:   clip_fraction_action ▅▃▂▃▂▅▄▅▂▆█▇▆▇▅▇▇▅▅▇▆▅▅▇▄▅▆▂▄▅▂▁▃▄▃▆▃▆▄▅
wandb:   critic/explained_var ▁▂▄▆▇▇▇▇▇▇███████████▇▇█████████████████
wandb:      critic/value_loss ▇█▅▃▄▂▃▂▂▂▁▁▁▁▂▁▁▁▁▁▁▁▁▁▂▁▁▁▁▁▁▁▁▁▁▁▁▁▁▁
wandb:             epochs_ran █████▁██████████████████████████████████
wandb:     eval/captured_rate ▁▁▁▁▁▁▁▁▁▁▁▁▁▁▁▁▁▁▁▁▁▁▁▁▁
wandb:  eval/clean_cross_rate ▁▁▁▁▁▁▁▁▁▁▁▁▁▁▁▁▁▁▁▁▁▁▁▁▁
wandb:        eval/dod_margin ▁▂▂▃▄▅▅▅▄▅▅▅▆▆█▇█▅█▆▅▇▅▆█
wandb:          eval/episodes ▁▁▁▁▁▁▁▁▁▁▁▁▁▁▁▁▁▁▁▁▁▁▁▁▁
wandb: eval/headline_sum_mean ▁▂▂▃▄▅▄▅▄▅▅▆▆▆█▇▇▆█▆▆█▆▇█
wandb:          eval/len_mean ▁▁▁▁▁▁▁█▁████████▂█▃▁████
wandb:                    +31 ...
wandb: 
wandb: Run summary:
wandb:   clip_fraction_action 0.31378
wandb:   critic/explained_var 0.94898
wandb:      critic/value_loss 0.07982
wandb:       dod_margin_last3 11.14996
wandb:             epochs_ran 10
wandb:     eval/captured_rate 0
wandb:  eval/clean_cross_rate 0
wandb:        eval/dod_margin 14.33519
wandb:          eval/episodes 20
wandb: eval/headline_sum_mean 18.89517
wandb:                    +34 ...
wandb: 
wandb: You can sync this run to the cloud by running:
wandb: wandb sync /data/hjhong/l2/wandb/wandb/offline-run-20260705_034246-my5nmup5
wandb: Find logs at: /data/hjhong/l2/wandb/wandb/offline-run-20260705_034246-my5nmup5/logs

=== summary (last-3-eval mean; 2C DoD: >=IPPO / 2D DoD: >=MAPPO) ===
  seed 0: last3_return=14.210 last3_margin=+11.150 vs_ippo=+7.478
