wandb: Tracking run with wandb version 0.28.0
wandb: W&B syncing is set to `offline` in this directory. Run `wandb online` or set WANDB_MODE=online to enable cloud syncing.
wandb: Run data is saved locally in /data/hjhong/l2/wandb/wandb/offline-run-20260705_034256-5vgpmmqc
wandb: View this run in the terminal with `wandb leet`
[baseline hold_position] return=0.000+-0.000 captured=0.00
[baseline scripted_shaping] return=3.057+-0.008 captured=0.00
[ippo ref] mean_last3_return=6.732 per_seed={0: 5.701788090471795, 1: 8.849184441182201, 2: 5.645959797657081}
/data/hjhong/l2/newURP/.venv-l2/lib/python3.10/site-packages/torch/nn/modules/linear.py:125: UserWarning: Deterministic behavior was enabled with either `torch.use_deterministic_algorithms(True)` or `at::Context::setDeterministicAlgorithms(true)`, but this operation is not deterministic because it uses CuBLAS and you have CUDA >= 10.2. To enable deterministic behavior in this case, you must set an environment variable before running your PyTorch application: CUBLAS_WORKSPACE_CONFIG=:4096:8 or CUBLAS_WORKSPACE_CONFIG=:16:8. For more information, go to https://docs.nvidia.com/cuda/cublas/index.html#results-reproducibility (Triggered internally at /pytorch/aten/src/ATen/Context.cpp:217.)
  return F.linear(input, self.weight, self.bias)
/data/hjhong/l2/newURP/.venv-l2/lib/python3.10/site-packages/torch/autograd/graph.py:823: UserWarning: Deterministic behavior was enabled with either `torch.use_deterministic_algorithms(True)` or `at::Context::setDeterministicAlgorithms(true)`, but this operation is not deterministic because it uses CuBLAS and you have CUDA >= 10.2. To enable deterministic behavior in this case, you must set an environment variable before running your PyTorch application: CUBLAS_WORKSPACE_CONFIG=:4096:8 or CUBLAS_WORKSPACE_CONFIG=:16:8. For more information, go to https://docs.nvidia.com/cuda/cublas/index.html#results-reproducibility (Triggered internally at /pytorch/aten/src/ATen/Context.cpp:217.)
  return Variable._execution_engine.run_backward(  # Calls into the C++ engine to run the backward pass
[seed 2] upd 1/488 step=1024 ep_ret=0.052 cap=0.00 kl_l=0.0016 kl_f=0.0034 ev=-2.61 sps=20.5
[seed 2] upd 2/488 step=2048 ep_ret=0.075 cap=0.00 kl_l=0.0031 kl_f=0.0040 ev=0.12 sps=20.6
[seed 2] upd 3/488 step=3072 ep_ret=0.001 cap=0.00 kl_l=0.0031 kl_f=0.0051 ev=0.40 sps=20.5
[seed 2] upd 4/488 step=4096 ep_ret=0.150 cap=0.00 kl_l=0.0031 kl_f=0.0049 ev=0.30 sps=20.4
[seed 2] upd 5/488 step=5120 ep_ret=0.099 cap=0.00 kl_l=0.0025 kl_f=0.0029 ev=0.21 sps=20.4
[seed 2] upd 6/488 step=6144 ep_ret=-0.000 cap=0.00 kl_l=0.0035 kl_f=0.0082 ev=-0.47 sps=20.4
[seed 2] upd 7/488 step=7168 ep_ret=0.424 cap=0.00 kl_l=0.0044 kl_f=0.0043 ev=0.46 sps=20.4
[seed 2] upd 8/488 step=8192 ep_ret=0.351 cap=0.00 kl_l=0.0045 kl_f=0.0055 ev=0.51 sps=20.4
[seed 2] upd 9/488 step=9216 ep_ret=0.425 cap=0.00 kl_l=0.0045 kl_f=0.0050 ev=0.40 sps=20.4
[seed 2] upd 10/488 step=10240 ep_ret=0.720 cap=0.00 kl_l=0.0049 kl_f=0.0056 ev=0.40 sps=20.4
[seed 2] upd 11/488 step=11264 ep_ret=0.798 cap=0.00 kl_l=0.0048 kl_f=0.0069 ev=0.43 sps=20.3
[seed 2] upd 12/488 step=12288 ep_ret=0.751 cap=0.00 kl_l=0.0059 kl_f=0.0055 ev=0.44 sps=20.3
[seed 2] upd 13/488 step=13312 ep_ret=1.525 cap=0.00 kl_l=0.0048 kl_f=0.0044 ev=0.41 sps=20.3
[seed 2] upd 14/488 step=14336 ep_ret=1.524 cap=0.00 kl_l=0.0061 kl_f=0.0071 ev=0.48 sps=20.3
[seed 2] upd 15/488 step=15360 ep_ret=1.695 cap=0.00 kl_l=0.0054 kl_f=0.0085 ev=0.55 sps=20.3
[seed 2] upd 16/488 step=16384 ep_ret=2.269 cap=0.00 kl_l=0.0055 kl_f=0.0082 ev=0.53 sps=20.3
[seed 2] upd 17/488 step=17408 ep_ret=2.246 cap=0.00 kl_l=0.0052 kl_f=0.0073 ev=0.66 sps=20.3
[seed 2] upd 18/488 step=18432 ep_ret=2.564 cap=0.00 kl_l=0.0063 kl_f=0.0092 ev=0.61 sps=20.3
[seed 2] upd 19/488 step=19456 ep_ret=2.347 cap=0.00 kl_l=0.0053 kl_f=0.0097 ev=0.55 sps=20.3
[seed 2] upd 20/488 step=20480 ep_ret=2.248 cap=0.00 kl_l=0.0060 kl_f=0.0085 ev=0.50 sps=20.3
  [eval] return=6.999+-0.006 captured=0.00 wasted=0.00 clean=0.00 DoD_margin=+3.942 vs_ippo=+0.267
[seed 2] upd 21/488 step=21504 ep_ret=3.773 cap=0.00 kl_l=0.0060 kl_f=0.0092 ev=0.64 sps=19.9
[seed 2] upd 22/488 step=22528 ep_ret=1.723 cap=0.00 kl_l=0.0061 kl_f=0.0095 ev=0.63 sps=19.9
[seed 2] upd 23/488 step=23552 ep_ret=3.498 cap=0.00 kl_l=0.0067 kl_f=0.0099 ev=0.74 sps=20.0
[seed 2] upd 24/488 step=24576 ep_ret=3.474 cap=0.00 kl_l=0.0068 kl_f=0.0116 ev=0.64 sps=20.0
[seed 2] upd 25/488 step=25600 ep_ret=3.897 cap=0.00 kl_l=0.0069 kl_f=0.0080 ev=0.61 sps=20.0
[seed 2] upd 26/488 step=26624 ep_ret=3.745 cap=0.00 kl_l=0.0066 kl_f=0.0084 ev=0.64 sps=20.0
[seed 2] upd 27/488 step=27648 ep_ret=3.821 cap=0.00 kl_l=0.0057 kl_f=0.0092 ev=0.63 sps=20.1
[seed 2] upd 28/488 step=28672 ep_ret=3.530 cap=0.00 kl_l=0.0053 kl_f=0.0095 ev=0.65 sps=20.1
[seed 2] upd 29/488 step=29696 ep_ret=3.683 cap=0.00 kl_l=0.0065 kl_f=0.0102 ev=0.73 sps=20.1
[seed 2] upd 30/488 step=30720 ep_ret=4.031 cap=0.00 kl_l=0.0066 kl_f=0.0101 ev=0.74 sps=20.1
[seed 2] upd 31/488 step=31744 ep_ret=4.252 cap=0.00 kl_l=0.0071 kl_f=0.0093 ev=0.70 sps=20.1
[seed 2] upd 32/488 step=32768 ep_ret=3.932 cap=0.00 kl_l=0.0055 kl_f=0.0086 ev=0.77 sps=20.1
[seed 2] upd 33/488 step=33792 ep_ret=3.652 cap=0.00 kl_l=0.0059 kl_f=0.0087 ev=0.61 sps=20.1
[seed 2] upd 34/488 step=34816 ep_ret=3.573 cap=0.00 kl_l=0.0061 kl_f=0.0074 ev=0.70 sps=20.1
[seed 2] upd 35/488 step=35840 ep_ret=3.898 cap=0.00 kl_l=0.0064 kl_f=0.0098 ev=0.72 sps=20.1
[seed 2] upd 36/488 step=36864 ep_ret=3.750 cap=0.00 kl_l=0.0066 kl_f=0.0091 ev=0.68 sps=20.1
[seed 2] upd 37/488 step=37888 ep_ret=3.917 cap=0.00 kl_l=0.0064 kl_f=0.0115 ev=0.72 sps=20.2
[seed 2] upd 38/488 step=38912 ep_ret=4.112 cap=0.00 kl_l=0.0070 kl_f=0.0124 ev=0.73 sps=20.2
[seed 2] upd 39/488 step=39936 ep_ret=4.624 cap=0.00 kl_l=0.0061 kl_f=0.0086 ev=0.72 sps=20.2
[seed 2] upd 40/488 step=40960 ep_ret=3.869 cap=0.00 kl_l=0.0066 kl_f=0.0085 ev=0.68 sps=20.2
  [eval] return=3.991+-0.001 captured=0.00 wasted=0.00 clean=0.00 DoD_margin=+0.934 vs_ippo=-2.741
[seed 2] upd 41/488 step=41984 ep_ret=4.271 cap=0.00 kl_l=0.0063 kl_f=0.0104 ev=0.76 sps=20.0
[seed 2] upd 42/488 step=43008 ep_ret=4.726 cap=0.00 kl_l=0.0061 kl_f=0.0094 ev=0.80 sps=20.0
[seed 2] upd 43/488 step=44032 ep_ret=4.154 cap=0.00 kl_l=0.0070 kl_f=0.0093 ev=0.75 sps=20.0
[seed 2] upd 44/488 step=45056 ep_ret=4.940 cap=0.00 kl_l=0.0062 kl_f=0.0106 ev=0.77 sps=20.0
[seed 2] upd 45/488 step=46080 ep_ret=5.560 cap=0.00 kl_l=0.0085 kl_f=0.0082 ev=0.76 sps=20.1
[seed 2] upd 46/488 step=47104 ep_ret=3.920 cap=0.00 kl_l=0.0061 kl_f=0.0081 ev=0.74 sps=20.1
[seed 2] upd 47/488 step=48128 ep_ret=3.839 cap=0.00 kl_l=0.0063 kl_f=0.0093 ev=0.73 sps=20.1
[seed 2] upd 48/488 step=49152 ep_ret=4.781 cap=0.00 kl_l=0.0060 kl_f=0.0094 ev=0.79 sps=20.1
[seed 2] upd 49/488 step=50176 ep_ret=4.494 cap=0.00 kl_l=0.0065 kl_f=0.0098 ev=0.74 sps=20.1
[seed 2] upd 50/488 step=51200 ep_ret=4.169 cap=0.00 kl_l=0.0085 kl_f=0.0101 ev=0.77 sps=20.1
[seed 2] upd 51/488 step=52224 ep_ret=3.920 cap=0.00 kl_l=0.0062 kl_f=0.0088 ev=0.72 sps=20.1
[seed 2] upd 52/488 step=53248 ep_ret=3.663 cap=0.00 kl_l=0.0079 kl_f=0.0105 ev=0.84 sps=20.2
[seed 2] upd 53/488 step=54272 ep_ret=4.892 cap=0.00 kl_l=0.0063 kl_f=0.0096 ev=0.86 sps=20.2
[seed 2] upd 54/488 step=55296 ep_ret=4.204 cap=0.00 kl_l=0.0061 kl_f=0.0125 ev=0.82 sps=20.2
[seed 2] upd 55/488 step=56320 ep_ret=4.908 cap=0.00 kl_l=0.0068 kl_f=0.0098 ev=0.82 sps=20.2
[seed 2] upd 56/488 step=57344 ep_ret=4.043 cap=0.00 kl_l=0.0066 kl_f=0.0102 ev=0.77 sps=20.2
[seed 2] upd 57/488 step=58368 ep_ret=3.988 cap=0.00 kl_l=0.0062 kl_f=0.0109 ev=0.83 sps=20.2
[seed 2] upd 58/488 step=59392 ep_ret=4.717 cap=0.00 kl_l=0.0064 kl_f=0.0081 ev=0.80 sps=20.2
[seed 2] upd 59/488 step=60416 ep_ret=4.430 cap=0.00 kl_l=0.0074 kl_f=0.0083 ev=0.85 sps=20.2
[seed 2] upd 60/488 step=61440 ep_ret=4.521 cap=0.00 kl_l=0.0071 kl_f=0.0082 ev=0.82 sps=20.2
  [eval] return=4.994+-0.001 captured=0.00 wasted=0.00 clean=0.00 DoD_margin=+1.937 vs_ippo=-1.738
[seed 2] upd 61/488 step=62464 ep_ret=3.084 cap=0.00 kl_l=0.0068 kl_f=0.0103 ev=0.82 sps=20.1
[seed 2] upd 62/488 step=63488 ep_ret=3.788 cap=0.00 kl_l=0.0061 kl_f=0.0112 ev=0.88 sps=20.1
[seed 2] upd 63/488 step=64512 ep_ret=4.251 cap=0.00 kl_l=0.0065 kl_f=0.0081 ev=0.82 sps=20.1
[seed 2] upd 64/488 step=65536 ep_ret=5.724 cap=0.00 kl_l=0.0066 kl_f=0.0112 ev=0.88 sps=20.1
[seed 2] upd 65/488 step=66560 ep_ret=3.891 cap=0.00 kl_l=0.0066 kl_f=0.0073 ev=0.77 sps=20.1
[seed 2] upd 66/488 step=67584 ep_ret=4.143 cap=0.00 kl_l=0.0073 kl_f=0.0092 ev=0.85 sps=20.2
[seed 2] upd 67/488 step=68608 ep_ret=5.137 cap=0.00 kl_l=0.0070 kl_f=0.0087 ev=0.87 sps=20.2
[seed 2] upd 68/488 step=69632 ep_ret=4.516 cap=0.00 kl_l=0.0085 kl_f=0.0093 ev=0.81 sps=20.2
[seed 2] upd 69/488 step=70656 ep_ret=4.524 cap=0.00 kl_l=0.0075 kl_f=0.0077 ev=0.85 sps=20.2
[seed 2] upd 70/488 step=71680 ep_ret=4.246 cap=0.00 kl_l=0.0064 kl_f=0.0090 ev=0.86 sps=20.2
[seed 2] upd 71/488 step=72704 ep_ret=5.443 cap=0.00 kl_l=0.0077 kl_f=0.0118 ev=0.90 sps=20.2
[seed 2] upd 72/488 step=73728 ep_ret=5.393 cap=0.00 kl_l=0.0064 kl_f=0.0112 ev=0.92 sps=20.2
[seed 2] upd 73/488 step=74752 ep_ret=4.421 cap=0.00 kl_l=0.0083 kl_f=0.0095 ev=0.90 sps=20.2
[seed 2] upd 74/488 step=75776 ep_ret=4.066 cap=0.00 kl_l=0.0060 kl_f=0.0073 ev=0.82 sps=20.2
[seed 2] upd 75/488 step=76800 ep_ret=4.918 cap=0.00 kl_l=0.0066 kl_f=0.0094 ev=0.83 sps=20.2
[seed 2] upd 76/488 step=77824 ep_ret=5.896 cap=0.00 kl_l=0.0063 kl_f=0.0078 ev=0.92 sps=20.2
[seed 2] upd 77/488 step=78848 ep_ret=5.062 cap=0.00 kl_l=0.0070 kl_f=0.0079 ev=0.90 sps=20.2
[seed 2] upd 78/488 step=79872 ep_ret=5.276 cap=0.00 kl_l=0.0071 kl_f=0.0093 ev=0.91 sps=20.2
[seed 2] upd 79/488 step=80896 ep_ret=4.343 cap=0.00 kl_l=0.0086 kl_f=0.0111 ev=0.82 sps=20.2
[seed 2] upd 80/488 step=81920 ep_ret=4.742 cap=0.00 kl_l=0.0073 kl_f=0.0099 ev=0.88 sps=20.3
  [eval] return=5.498+-0.001 captured=0.00 wasted=0.00 clean=0.00 DoD_margin=+2.440 vs_ippo=-1.235
[seed 2] upd 81/488 step=82944 ep_ret=5.690 cap=0.00 kl_l=0.0081 kl_f=0.0096 ev=0.90 sps=20.1
[seed 2] upd 82/488 step=83968 ep_ret=5.728 cap=0.00 kl_l=0.0060 kl_f=0.0075 ev=0.90 sps=20.2
[seed 2] upd 83/488 step=84992 ep_ret=6.468 cap=0.00 kl_l=0.0060 kl_f=0.0090 ev=0.91 sps=20.2
[seed 2] upd 84/488 step=86016 ep_ret=5.789 cap=0.00 kl_l=0.0077 kl_f=0.0093 ev=0.89 sps=20.2
[seed 2] upd 85/488 step=87040 ep_ret=5.100 cap=0.00 kl_l=0.0069 kl_f=0.0063 ev=0.88 sps=20.2
[seed 2] upd 86/488 step=88064 ep_ret=4.924 cap=0.00 kl_l=0.0069 kl_f=0.0073 ev=0.89 sps=20.2
[seed 2] upd 87/488 step=89088 ep_ret=4.646 cap=0.00 kl_l=0.0062 kl_f=0.0108 ev=0.93 sps=20.2
[seed 2] upd 88/488 step=90112 ep_ret=5.694 cap=0.00 kl_l=0.0070 kl_f=0.0079 ev=0.93 sps=20.2
[seed 2] upd 89/488 step=91136 ep_ret=5.529 cap=0.00 kl_l=0.0061 kl_f=0.0093 ev=0.91 sps=20.2
[seed 2] upd 90/488 step=92160 ep_ret=5.854 cap=0.00 kl_l=0.0053 kl_f=0.0110 ev=0.92 sps=20.2
[seed 2] upd 91/488 step=93184 ep_ret=5.596 cap=0.00 kl_l=0.0063 kl_f=0.0115 ev=0.89 sps=20.2
[seed 2] upd 92/488 step=94208 ep_ret=5.849 cap=0.00 kl_l=0.0064 kl_f=0.0104 ev=0.93 sps=20.2
[seed 2] upd 93/488 step=95232 ep_ret=5.996 cap=0.00 kl_l=0.0063 kl_f=0.0078 ev=0.90 sps=20.2
[seed 2] upd 94/488 step=96256 ep_ret=6.974 cap=0.00 kl_l=0.0063 kl_f=0.0091 ev=0.93 sps=20.2
[seed 2] upd 95/488 step=97280 ep_ret=6.923 cap=0.00 kl_l=0.0085 kl_f=0.0105 ev=0.89 sps=20.2
[seed 2] upd 96/488 step=98304 ep_ret=5.919 cap=0.00 kl_l=0.0076 kl_f=0.0096 ev=0.89 sps=20.2
[seed 2] upd 97/488 step=99328 ep_ret=5.971 cap=0.00 kl_l=0.0072 kl_f=0.0105 ev=0.87 sps=20.2
[seed 2] upd 98/488 step=100352 ep_ret=5.457 cap=0.00 kl_l=0.0072 kl_f=0.0115 ev=0.89 sps=20.2
[seed 2] upd 99/488 step=101376 ep_ret=6.496 cap=0.00 kl_l=0.0060 kl_f=0.0088 ev=0.89 sps=20.2
[seed 2] upd 100/488 step=102400 ep_ret=6.398 cap=0.00 kl_l=0.0072 kl_f=0.0113 ev=0.93 sps=20.3
  [eval] return=6.496+-0.001 captured=0.00 wasted=0.00 clean=0.00 DoD_margin=+3.438 vs_ippo=-0.237
[seed 2] upd 101/488 step=103424 ep_ret=7.323 cap=0.00 kl_l=0.0071 kl_f=0.0077 ev=0.90 sps=20.2
[seed 2] upd 102/488 step=104448 ep_ret=5.470 cap=0.00 kl_l=0.0075 kl_f=0.0088 ev=0.94 sps=20.2
[seed 2] upd 103/488 step=105472 ep_ret=5.973 cap=0.00 kl_l=0.0072 kl_f=0.0077 ev=0.88 sps=20.2
[seed 2] upd 104/488 step=106496 ep_ret=5.792 cap=0.00 kl_l=0.0084 kl_f=0.0101 ev=0.93 sps=20.2
[seed 2] upd 105/488 step=107520 ep_ret=5.721 cap=0.00 kl_l=0.0067 kl_f=0.0105 ev=0.92 sps=20.2
[seed 2] upd 106/488 step=108544 ep_ret=6.622 cap=0.00 kl_l=0.0076 kl_f=0.0109 ev=0.94 sps=20.2
[seed 2] upd 107/488 step=109568 ep_ret=5.397 cap=0.00 kl_l=0.0064 kl_f=0.0081 ev=0.91 sps=20.2
[seed 2] upd 108/488 step=110592 ep_ret=5.575 cap=0.00 kl_l=0.0065 kl_f=0.0080 ev=0.89 sps=20.2
[seed 2] upd 109/488 step=111616 ep_ret=6.120 cap=0.00 kl_l=0.0072 kl_f=0.0085 ev=0.91 sps=20.2
[seed 2] upd 110/488 step=112640 ep_ret=5.996 cap=0.00 kl_l=0.0090 kl_f=0.0093 ev=0.91 sps=20.2
[seed 2] upd 111/488 step=113664 ep_ret=6.422 cap=0.00 kl_l=0.0072 kl_f=0.0093 ev=0.92 sps=20.2
[seed 2] upd 112/488 step=114688 ep_ret=6.573 cap=0.00 kl_l=0.0086 kl_f=0.0118 ev=0.93 sps=20.2
[seed 2] upd 113/488 step=115712 ep_ret=6.597 cap=0.00 kl_l=0.0079 kl_f=0.0081 ev=0.85 sps=20.2
[seed 2] upd 114/488 step=116736 ep_ret=6.646 cap=0.00 kl_l=0.0082 kl_f=0.0080 ev=0.92 sps=20.2
[seed 2] upd 115/488 step=117760 ep_ret=5.926 cap=0.00 kl_l=0.0070 kl_f=0.0092 ev=0.90 sps=20.2
[seed 2] upd 116/488 step=118784 ep_ret=6.197 cap=0.00 kl_l=0.0068 kl_f=0.0078 ev=0.87 sps=20.2
[seed 2] upd 117/488 step=119808 ep_ret=6.247 cap=0.00 kl_l=0.0068 kl_f=0.0117 ev=0.88 sps=20.2
[seed 2] upd 118/488 step=120832 ep_ret=5.345 cap=0.00 kl_l=0.0072 kl_f=0.0129 ev=0.90 sps=20.2
[seed 2] upd 119/488 step=121856 ep_ret=5.268 cap=0.00 kl_l=0.0067 kl_f=0.0093 ev=0.88 sps=20.3
[seed 2] upd 120/488 step=122880 ep_ret=6.118 cap=0.00 kl_l=0.0066 kl_f=0.0098 ev=0.87 sps=20.3
  [eval] return=6.994+-0.001 captured=0.00 wasted=0.00 clean=0.00 DoD_margin=+3.937 vs_ippo=+0.262
[seed 2] upd 121/488 step=123904 ep_ret=5.952 cap=0.00 kl_l=0.0078 kl_f=0.0099 ev=0.87 sps=20.2
[seed 2] upd 122/488 step=124928 ep_ret=6.227 cap=0.00 kl_l=0.0070 kl_f=0.0069 ev=0.91 sps=20.2
[seed 2] upd 123/488 step=125952 ep_ret=5.423 cap=0.00 kl_l=0.0061 kl_f=0.0121 ev=0.89 sps=20.2
[seed 2] upd 124/488 step=126976 ep_ret=5.221 cap=0.00 kl_l=0.0064 kl_f=0.0114 ev=0.92 sps=20.2
[seed 2] upd 125/488 step=128000 ep_ret=6.875 cap=0.00 kl_l=0.0072 kl_f=0.0083 ev=0.86 sps=20.2
[seed 2] upd 126/488 step=129024 ep_ret=6.247 cap=0.00 kl_l=0.0078 kl_f=0.0113 ev=0.93 sps=20.2
[seed 2] upd 127/488 step=130048 ep_ret=5.587 cap=0.00 kl_l=0.0075 kl_f=0.0092 ev=0.90 sps=20.2
[seed 2] upd 128/488 step=131072 ep_ret=6.819 cap=0.00 kl_l=0.0062 kl_f=0.0072 ev=0.89 sps=20.2
[seed 2] upd 129/488 step=132096 ep_ret=6.575 cap=0.00 kl_l=0.0076 kl_f=0.0087 ev=0.91 sps=20.2
[seed 2] upd 130/488 step=133120 ep_ret=4.987 cap=0.00 kl_l=0.0060 kl_f=0.0088 ev=0.90 sps=20.2
[seed 2] upd 131/488 step=134144 ep_ret=5.989 cap=0.00 kl_l=0.0071 kl_f=0.0087 ev=0.87 sps=20.2
[seed 2] upd 132/488 step=135168 ep_ret=5.720 cap=0.00 kl_l=0.0075 kl_f=0.0109 ev=0.91 sps=20.2
[seed 2] upd 133/488 step=136192 ep_ret=6.217 cap=0.00 kl_l=0.0067 kl_f=0.0118 ev=0.92 sps=20.2
[seed 2] upd 134/488 step=137216 ep_ret=5.544 cap=0.00 kl_l=0.0080 kl_f=0.0125 ev=0.86 sps=20.2
[seed 2] upd 135/488 step=138240 ep_ret=5.546 cap=0.00 kl_l=0.0073 kl_f=0.0112 ev=0.94 sps=20.2
[seed 2] upd 136/488 step=139264 ep_ret=5.367 cap=0.00 kl_l=0.0071 kl_f=0.0086 ev=0.89 sps=20.2
[seed 2] upd 137/488 step=140288 ep_ret=4.446 cap=0.00 kl_l=0.0092 kl_f=0.0114 ev=0.92 sps=20.3
[seed 2] upd 138/488 step=141312 ep_ret=5.390 cap=0.00 kl_l=0.0079 kl_f=0.0093 ev=0.90 sps=20.3
[seed 2] upd 139/488 step=142336 ep_ret=5.694 cap=0.00 kl_l=0.0076 kl_f=0.0098 ev=0.94 sps=20.3
[seed 2] upd 140/488 step=143360 ep_ret=6.347 cap=0.00 kl_l=0.0069 kl_f=0.0091 ev=0.94 sps=20.3
  [eval] return=7.991+-0.317 captured=0.00 wasted=0.00 clean=0.00 DoD_margin=+4.934 vs_ippo=+1.259
[seed 2] upd 141/488 step=144384 ep_ret=5.547 cap=0.00 kl_l=0.0089 kl_f=0.0084 ev=0.90 sps=20.1
[seed 2] upd 142/488 step=145408 ep_ret=6.122 cap=0.00 kl_l=0.0060 kl_f=0.0091 ev=0.91 sps=20.1
[seed 2] upd 143/488 step=146432 ep_ret=5.773 cap=0.00 kl_l=0.0071 kl_f=0.0072 ev=0.94 sps=20.1
[seed 2] upd 144/488 step=147456 ep_ret=5.540 cap=0.00 kl_l=0.0075 kl_f=0.0107 ev=0.86 sps=20.1
[seed 2] upd 145/488 step=148480 ep_ret=5.595 cap=0.00 kl_l=0.0072 kl_f=0.0094 ev=0.92 sps=20.1
[seed 2] upd 146/488 step=149504 ep_ret=5.397 cap=0.00 kl_l=0.0088 kl_f=0.0088 ev=0.85 sps=20.1
[seed 2] upd 147/488 step=150528 ep_ret=5.619 cap=0.00 kl_l=0.0082 kl_f=0.0133 ev=0.89 sps=20.1
[seed 2] upd 148/488 step=151552 ep_ret=5.870 cap=0.00 kl_l=0.0067 kl_f=0.0087 ev=0.90 sps=20.1
[seed 2] upd 149/488 step=152576 ep_ret=5.071 cap=0.00 kl_l=0.0070 kl_f=0.0081 ev=0.90 sps=20.1
[seed 2] upd 150/488 step=153600 ep_ret=5.047 cap=0.00 kl_l=0.0087 kl_f=0.0092 ev=0.86 sps=20.1
[seed 2] upd 151/488 step=154624 ep_ret=4.997 cap=0.00 kl_l=0.0085 kl_f=0.0088 ev=0.89 sps=20.1
[seed 2] upd 152/488 step=155648 ep_ret=7.088 cap=0.00 kl_l=0.0075 kl_f=0.0084 ev=0.91 sps=20.1
[seed 2] upd 153/488 step=156672 ep_ret=6.036 cap=0.00 kl_l=0.0081 kl_f=0.0109 ev=0.90 sps=20.1
[seed 2] upd 154/488 step=157696 ep_ret=6.322 cap=0.00 kl_l=0.0076 kl_f=0.0107 ev=0.89 sps=20.2
[seed 2] upd 155/488 step=158720 ep_ret=6.421 cap=0.00 kl_l=0.0063 kl_f=0.0111 ev=0.93 sps=20.2
[seed 2] upd 156/488 step=159744 ep_ret=5.997 cap=0.00 kl_l=0.0080 kl_f=0.0109 ev=0.90 sps=20.2
[seed 2] upd 157/488 step=160768 ep_ret=5.870 cap=0.00 kl_l=0.0070 kl_f=0.0058 ev=0.93 sps=20.2
[seed 2] upd 158/488 step=161792 ep_ret=5.945 cap=0.00 kl_l=0.0091 kl_f=0.0070 ev=0.87 sps=20.2
[seed 2] upd 159/488 step=162816 ep_ret=5.194 cap=0.00 kl_l=0.0067 kl_f=0.0083 ev=0.91 sps=20.2
[seed 2] upd 160/488 step=163840 ep_ret=5.221 cap=0.00 kl_l=0.0075 kl_f=0.0097 ev=0.92 sps=20.2
  [eval] return=9.944+-0.218 captured=0.00 wasted=0.00 clean=0.00 DoD_margin=+6.887 vs_ippo=+3.212
[seed 2] upd 161/488 step=164864 ep_ret=5.097 cap=0.00 kl_l=0.0078 kl_f=0.0066 ev=0.92 sps=20.0
[seed 2] upd 162/488 step=165888 ep_ret=5.673 cap=0.00 kl_l=0.0074 kl_f=0.0084 ev=0.93 sps=20.0
[seed 2] upd 163/488 step=166912 ep_ret=4.322 cap=0.00 kl_l=0.0084 kl_f=0.0080 ev=0.89 sps=20.0
[seed 2] upd 164/488 step=167936 ep_ret=5.896 cap=0.00 kl_l=0.0066 kl_f=0.0101 ev=0.91 sps=20.0
[seed 2] upd 165/488 step=168960 ep_ret=5.420 cap=0.00 kl_l=0.0078 kl_f=0.0092 ev=0.94 sps=20.0
[seed 2] upd 166/488 step=169984 ep_ret=6.022 cap=0.00 kl_l=0.0075 kl_f=0.0066 ev=0.94 sps=20.0
[seed 2] upd 167/488 step=171008 ep_ret=5.420 cap=0.00 kl_l=0.0075 kl_f=0.0090 ev=0.92 sps=20.0
[seed 2] upd 168/488 step=172032 ep_ret=5.404 cap=0.00 kl_l=0.0080 kl_f=0.0101 ev=0.90 sps=20.0
[seed 2] upd 169/488 step=173056 ep_ret=5.996 cap=0.00 kl_l=0.0078 kl_f=0.0085 ev=0.93 sps=20.0
[seed 2] upd 170/488 step=174080 ep_ret=5.195 cap=0.00 kl_l=0.0066 kl_f=0.0063 ev=0.89 sps=20.0
[seed 2] upd 171/488 step=175104 ep_ret=5.396 cap=0.00 kl_l=0.0067 kl_f=0.0090 ev=0.90 sps=20.0
[seed 2] upd 172/488 step=176128 ep_ret=4.646 cap=0.00 kl_l=0.0067 kl_f=0.0070 ev=0.92 sps=20.0
[seed 2] upd 173/488 step=177152 ep_ret=6.699 cap=0.00 kl_l=0.0068 kl_f=0.0098 ev=0.92 sps=20.0
[seed 2] upd 174/488 step=178176 ep_ret=5.320 cap=0.00 kl_l=0.0084 kl_f=0.0095 ev=0.93 sps=20.0
[seed 2] upd 175/488 step=179200 ep_ret=5.972 cap=0.00 kl_l=0.0060 kl_f=0.0069 ev=0.91 sps=20.0
[seed 2] upd 176/488 step=180224 ep_ret=5.422 cap=0.00 kl_l=0.0075 kl_f=0.0109 ev=0.91 sps=20.0
[seed 2] upd 177/488 step=181248 ep_ret=6.397 cap=0.00 kl_l=0.0069 kl_f=0.0089 ev=0.94 sps=20.0
[seed 2] upd 178/488 step=182272 ep_ret=6.648 cap=0.00 kl_l=0.0074 kl_f=0.0078 ev=0.93 sps=20.0
[seed 2] upd 179/488 step=183296 ep_ret=6.095 cap=0.00 kl_l=0.0065 kl_f=0.0083 ev=0.93 sps=20.0
[seed 2] upd 180/488 step=184320 ep_ret=6.723 cap=0.00 kl_l=0.0088 kl_f=0.0098 ev=0.95 sps=20.0
  [eval] return=7.547+-0.217 captured=0.00 wasted=0.00 clean=0.00 DoD_margin=+4.489 vs_ippo=+0.814
[seed 2] upd 181/488 step=185344 ep_ret=5.991 cap=0.00 kl_l=0.0080 kl_f=0.0115 ev=0.90 sps=19.9
[seed 2] upd 182/488 step=186368 ep_ret=4.448 cap=0.00 kl_l=0.0088 kl_f=0.0100 ev=0.88 sps=19.9
[seed 2] upd 183/488 step=187392 ep_ret=5.948 cap=0.00 kl_l=0.0072 kl_f=0.0101 ev=0.94 sps=19.9
[seed 2] upd 184/488 step=188416 ep_ret=6.198 cap=0.00 kl_l=0.0081 kl_f=0.0107 ev=0.92 sps=19.9
[seed 2] upd 185/488 step=189440 ep_ret=5.649 cap=0.00 kl_l=0.0074 kl_f=0.0095 ev=0.92 sps=19.9
[seed 2] upd 186/488 step=190464 ep_ret=6.273 cap=0.00 kl_l=0.0066 kl_f=0.0100 ev=0.92 sps=19.9
[seed 2] upd 187/488 step=191488 ep_ret=7.223 cap=0.00 kl_l=0.0087 kl_f=0.0124 ev=0.92 sps=19.9
[seed 2] upd 188/488 step=192512 ep_ret=7.018 cap=0.00 kl_l=0.0069 kl_f=0.0079 ev=0.93 sps=19.9
[seed 2] upd 189/488 step=193536 ep_ret=7.123 cap=0.00 kl_l=0.0087 kl_f=0.0082 ev=0.91 sps=19.9
[seed 2] upd 190/488 step=194560 ep_ret=6.472 cap=0.00 kl_l=0.0062 kl_f=0.0117 ev=0.93 sps=19.9
[seed 2] upd 191/488 step=195584 ep_ret=5.548 cap=0.00 kl_l=0.0089 kl_f=0.0107 ev=0.89 sps=19.9
[seed 2] upd 192/488 step=196608 ep_ret=6.722 cap=0.00 kl_l=0.0070 kl_f=0.0107 ev=0.93 sps=19.9
[seed 2] upd 193/488 step=197632 ep_ret=6.769 cap=0.00 kl_l=0.0062 kl_f=0.0091 ev=0.91 sps=19.9
[seed 2] upd 194/488 step=198656 ep_ret=7.021 cap=0.00 kl_l=0.0059 kl_f=0.0080 ev=0.94 sps=19.9
[seed 2] upd 195/488 step=199680 ep_ret=6.495 cap=0.00 kl_l=0.0078 kl_f=0.0085 ev=0.91 sps=19.9
[seed 2] upd 196/488 step=200704 ep_ret=5.368 cap=0.00 kl_l=0.0082 kl_f=0.0096 ev=0.90 sps=20.0
[seed 2] upd 197/488 step=201728 ep_ret=6.821 cap=0.00 kl_l=0.0067 kl_f=0.0072 ev=0.93 sps=20.0
[seed 2] upd 198/488 step=202752 ep_ret=5.868 cap=0.00 kl_l=0.0073 kl_f=0.0091 ev=0.90 sps=20.0
[seed 2] upd 199/488 step=203776 ep_ret=5.746 cap=0.00 kl_l=0.0071 kl_f=0.0123 ev=0.85 sps=20.0
[seed 2] upd 200/488 step=204800 ep_ret=6.096 cap=0.00 kl_l=0.0074 kl_f=0.0094 ev=0.92 sps=20.0
  [eval] return=0.594+-0.490 captured=0.00 wasted=0.00 clean=0.00 DoD_margin=-2.463 vs_ippo=-6.138
[seed 2] upd 201/488 step=205824 ep_ret=5.523 cap=0.00 kl_l=0.0081 kl_f=0.0085 ev=0.92 sps=19.8
[seed 2] upd 202/488 step=206848 ep_ret=6.420 cap=0.00 kl_l=0.0052 kl_f=0.0095 ev=0.91 sps=19.8
[seed 2] upd 203/488 step=207872 ep_ret=6.372 cap=0.00 kl_l=0.0079 kl_f=0.0104 ev=0.93 sps=19.9
[seed 2] upd 204/488 step=208896 ep_ret=6.294 cap=0.00 kl_l=0.0068 kl_f=0.0067 ev=0.90 sps=19.9
[seed 2] upd 205/488 step=209920 ep_ret=7.042 cap=0.00 kl_l=0.0077 kl_f=0.0106 ev=0.92 sps=19.9
[seed 2] upd 206/488 step=210944 ep_ret=6.900 cap=0.00 kl_l=0.0087 kl_f=0.0078 ev=0.91 sps=19.9
[seed 2] upd 207/488 step=211968 ep_ret=5.969 cap=0.00 kl_l=0.0070 kl_f=0.0106 ev=0.92 sps=19.9
[seed 2] upd 208/488 step=212992 ep_ret=6.363 cap=0.00 kl_l=0.0070 kl_f=0.0087 ev=0.92 sps=19.9
[seed 2] upd 209/488 step=214016 ep_ret=4.923 cap=0.00 kl_l=0.0065 kl_f=0.0090 ev=0.90 sps=19.9
[seed 2] upd 210/488 step=215040 ep_ret=6.446 cap=0.00 kl_l=0.0070 kl_f=0.0090 ev=0.94 sps=19.9
[seed 2] upd 211/488 step=216064 ep_ret=7.244 cap=0.00 kl_l=0.0071 kl_f=0.0082 ev=0.95 sps=19.9
[seed 2] upd 212/488 step=217088 ep_ret=8.272 cap=0.00 kl_l=0.0073 kl_f=0.0102 ev=0.93 sps=19.9
[seed 2] upd 213/488 step=218112 ep_ret=7.272 cap=0.00 kl_l=0.0082 kl_f=0.0088 ev=0.93 sps=19.9
[seed 2] upd 214/488 step=219136 ep_ret=6.522 cap=0.00 kl_l=0.0069 kl_f=0.0104 ev=0.92 sps=19.9
[seed 2] upd 215/488 step=220160 ep_ret=7.120 cap=0.00 kl_l=0.0072 kl_f=0.0085 ev=0.92 sps=19.9
[seed 2] upd 216/488 step=221184 ep_ret=5.797 cap=0.00 kl_l=0.0071 kl_f=0.0100 ev=0.92 sps=19.9
[seed 2] upd 217/488 step=222208 ep_ret=6.021 cap=0.00 kl_l=0.0073 kl_f=0.0074 ev=0.94 sps=19.9
[seed 2] upd 218/488 step=223232 ep_ret=7.421 cap=0.00 kl_l=0.0069 kl_f=0.0065 ev=0.91 sps=19.9
[seed 2] upd 219/488 step=224256 ep_ret=6.921 cap=0.00 kl_l=0.0070 kl_f=0.0072 ev=0.92 sps=19.9
[seed 2] upd 220/488 step=225280 ep_ret=6.695 cap=0.00 kl_l=0.0081 kl_f=0.0085 ev=0.91 sps=19.9
  [eval] return=3.672+-1.797 captured=0.00 wasted=0.00 clean=0.00 DoD_margin=+0.615 vs_ippo=-3.060
[seed 2] upd 221/488 step=226304 ep_ret=7.271 cap=0.00 kl_l=0.0074 kl_f=0.0083 ev=0.88 sps=19.8
[seed 2] upd 222/488 step=227328 ep_ret=6.621 cap=0.00 kl_l=0.0076 kl_f=0.0073 ev=0.92 sps=19.8
[seed 2] upd 223/488 step=228352 ep_ret=7.746 cap=0.00 kl_l=0.0082 kl_f=0.0083 ev=0.92 sps=19.8
[seed 2] upd 224/488 step=229376 ep_ret=6.877 cap=0.00 kl_l=0.0088 kl_f=0.0082 ev=0.92 sps=19.8
[seed 2] upd 225/488 step=230400 ep_ret=6.498 cap=0.00 kl_l=0.0074 kl_f=0.0066 ev=0.92 sps=19.8
[seed 2] upd 226/488 step=231424 ep_ret=6.870 cap=0.00 kl_l=0.0063 kl_f=0.0088 ev=0.92 sps=19.8
[seed 2] upd 227/488 step=232448 ep_ret=7.721 cap=0.00 kl_l=0.0078 kl_f=0.0112 ev=0.95 sps=19.8
[seed 2] upd 228/488 step=233472 ep_ret=7.798 cap=0.00 kl_l=0.0055 kl_f=0.0103 ev=0.94 sps=19.9
[seed 2] upd 229/488 step=234496 ep_ret=6.522 cap=0.00 kl_l=0.0081 kl_f=0.0099 ev=0.89 sps=19.9
[seed 2] upd 230/488 step=235520 ep_ret=6.621 cap=0.00 kl_l=0.0074 kl_f=0.0101 ev=0.93 sps=19.9
[seed 2] upd 231/488 step=236544 ep_ret=7.638 cap=0.00 kl_l=0.0069 kl_f=0.0087 ev=0.88 sps=19.9
[seed 2] upd 232/488 step=237568 ep_ret=7.643 cap=0.00 kl_l=0.0082 kl_f=0.0088 ev=0.88 sps=19.9
[seed 2] upd 233/488 step=238592 ep_ret=8.418 cap=0.00 kl_l=0.0060 kl_f=0.0094 ev=0.95 sps=19.9
[seed 2] upd 234/488 step=239616 ep_ret=7.044 cap=0.00 kl_l=0.0066 kl_f=0.0078 ev=0.91 sps=19.9
[seed 2] upd 235/488 step=240640 ep_ret=7.620 cap=0.00 kl_l=0.0070 kl_f=0.0082 ev=0.92 sps=19.9
[seed 2] upd 236/488 step=241664 ep_ret=7.189 cap=0.00 kl_l=0.0099 kl_f=0.0108 ev=0.93 sps=19.9
[seed 2] upd 237/488 step=242688 ep_ret=7.797 cap=0.00 kl_l=0.0072 kl_f=0.0080 ev=0.95 sps=19.9
[seed 2] upd 238/488 step=243712 ep_ret=7.570 cap=0.00 kl_l=0.0070 kl_f=0.0108 ev=0.92 sps=19.9
[seed 2] upd 239/488 step=244736 ep_ret=6.588 cap=0.00 kl_l=0.0077 kl_f=0.0073 ev=0.90 sps=19.9
[seed 2] upd 240/488 step=245760 ep_ret=7.593 cap=0.00 kl_l=0.0081 kl_f=0.0083 ev=0.92 sps=19.9
  [eval] return=10.871+-1.023 captured=0.00 wasted=0.00 clean=0.00 DoD_margin=+7.814 vs_ippo=+4.139
[seed 2] upd 241/488 step=246784 ep_ret=6.945 cap=0.00 kl_l=0.0057 kl_f=0.0131 ev=0.91 sps=19.8
[seed 2] upd 242/488 step=247808 ep_ret=6.618 cap=0.00 kl_l=0.0071 kl_f=0.0105 ev=0.91 sps=19.8
[seed 2] upd 243/488 step=248832 ep_ret=7.195 cap=0.00 kl_l=0.0079 kl_f=0.0084 ev=0.89 sps=19.8
[seed 2] upd 244/488 step=249856 ep_ret=6.069 cap=0.00 kl_l=0.0069 kl_f=0.0096 ev=0.87 sps=19.8
[seed 2] upd 245/488 step=250880 ep_ret=6.946 cap=0.00 kl_l=0.0079 kl_f=0.0103 ev=0.88 sps=19.8
[seed 2] upd 246/488 step=251904 ep_ret=7.123 cap=0.00 kl_l=0.0061 kl_f=0.0106 ev=0.89 sps=19.8
[seed 2] upd 247/488 step=252928 ep_ret=5.346 cap=0.00 kl_l=0.0077 kl_f=0.0087 ev=0.82 sps=19.8
[seed 2] upd 248/488 step=253952 ep_ret=6.494 cap=0.00 kl_l=0.0082 kl_f=0.0094 ev=0.91 sps=19.8
[seed 2] upd 249/488 step=254976 ep_ret=7.771 cap=0.00 kl_l=0.0081 kl_f=0.0078 ev=0.91 sps=19.8
[seed 2] upd 250/488 step=256000 ep_ret=6.172 cap=0.00 kl_l=0.0071 kl_f=0.0079 ev=0.91 sps=19.9
[seed 2] upd 251/488 step=257024 ep_ret=7.372 cap=0.00 kl_l=0.0068 kl_f=0.0079 ev=0.92 sps=19.9
[seed 2] upd 252/488 step=258048 ep_ret=7.094 cap=0.00 kl_l=0.0073 kl_f=0.0084 ev=0.92 sps=19.9
[seed 2] upd 253/488 step=259072 ep_ret=6.796 cap=0.00 kl_l=0.0088 kl_f=0.0086 ev=0.93 sps=19.9
[seed 2] upd 254/488 step=260096 ep_ret=6.007 cap=0.00 kl_l=0.0077 kl_f=0.0097 ev=0.90 sps=19.9
[seed 2] upd 255/488 step=261120 ep_ret=5.495 cap=0.00 kl_l=0.0076 kl_f=0.0093 ev=0.91 sps=19.9
[seed 2] upd 256/488 step=262144 ep_ret=6.445 cap=0.00 kl_l=0.0067 kl_f=0.0098 ev=0.93 sps=19.9
[seed 2] upd 257/488 step=263168 ep_ret=5.324 cap=0.00 kl_l=0.0076 kl_f=0.0078 ev=0.93 sps=19.9
[seed 2] upd 258/488 step=264192 ep_ret=5.921 cap=0.00 kl_l=0.0076 kl_f=0.0072 ev=0.93 sps=19.9
[seed 2] upd 259/488 step=265216 ep_ret=6.522 cap=0.00 kl_l=0.0065 kl_f=0.0095 ev=0.93 sps=19.9
[seed 2] upd 260/488 step=266240 ep_ret=6.020 cap=0.00 kl_l=0.0040 kl_f=0.0099 ev=0.91 sps=19.9
  [eval] return=9.945+-0.522 captured=0.00 wasted=0.00 clean=0.00 DoD_margin=+6.888 vs_ippo=+3.213
[seed 2] upd 261/488 step=267264 ep_ret=5.646 cap=0.00 kl_l=0.0079 kl_f=0.0088 ev=0.94 sps=19.8
[seed 2] upd 262/488 step=268288 ep_ret=6.070 cap=0.00 kl_l=0.0077 kl_f=0.0087 ev=0.89 sps=19.8
[seed 2] upd 263/488 step=269312 ep_ret=6.893 cap=0.00 kl_l=0.0083 kl_f=0.0091 ev=0.91 sps=19.8
[seed 2] upd 264/488 step=270336 ep_ret=6.872 cap=0.00 kl_l=0.0080 kl_f=0.0078 ev=0.89 sps=19.8
[seed 2] upd 265/488 step=271360 ep_ret=5.301 cap=0.00 kl_l=0.0081 kl_f=0.0084 ev=0.90 sps=19.8
[seed 2] upd 266/488 step=272384 ep_ret=6.647 cap=0.00 kl_l=0.0058 kl_f=0.0067 ev=0.93 sps=19.8
[seed 2] upd 267/488 step=273408 ep_ret=7.695 cap=0.00 kl_l=0.0074 kl_f=0.0096 ev=0.94 sps=19.8
[seed 2] upd 268/488 step=274432 ep_ret=6.920 cap=0.00 kl_l=0.0072 kl_f=0.0096 ev=0.95 sps=19.8
[seed 2] upd 269/488 step=275456 ep_ret=6.593 cap=0.00 kl_l=0.0072 kl_f=0.0077 ev=0.90 sps=19.8
[seed 2] upd 270/488 step=276480 ep_ret=6.716 cap=0.00 kl_l=0.0079 kl_f=0.0066 ev=0.91 sps=19.8
[seed 2] upd 271/488 step=277504 ep_ret=7.119 cap=0.00 kl_l=0.0062 kl_f=0.0078 ev=0.93 sps=19.8
[seed 2] upd 272/488 step=278528 ep_ret=6.172 cap=0.00 kl_l=0.0078 kl_f=0.0090 ev=0.92 sps=19.8
[seed 2] upd 273/488 step=279552 ep_ret=7.247 cap=0.00 kl_l=0.0077 kl_f=0.0072 ev=0.92 sps=19.8
[seed 2] upd 274/488 step=280576 ep_ret=7.346 cap=0.00 kl_l=0.0075 kl_f=0.0106 ev=0.93 sps=19.9
[seed 2] upd 275/488 step=281600 ep_ret=7.078 cap=0.00 kl_l=0.0065 kl_f=0.0076 ev=0.94 sps=19.9
[seed 2] upd 276/488 step=282624 ep_ret=6.871 cap=0.00 kl_l=0.0078 kl_f=0.0110 ev=0.94 sps=19.9
[seed 2] upd 277/488 step=283648 ep_ret=7.118 cap=0.00 kl_l=0.0069 kl_f=0.0076 ev=0.94 sps=19.9
[seed 2] upd 278/488 step=284672 ep_ret=6.549 cap=0.00 kl_l=0.0075 kl_f=0.0088 ev=0.95 sps=19.9
[seed 2] upd 279/488 step=285696 ep_ret=7.296 cap=0.00 kl_l=0.0076 kl_f=0.0084 ev=0.91 sps=19.9
[seed 2] upd 280/488 step=286720 ep_ret=8.245 cap=0.00 kl_l=0.0062 kl_f=0.0074 ev=0.90 sps=19.9
  [eval] return=10.297+-0.697 captured=0.00 wasted=0.00 clean=0.00 DoD_margin=+7.240 vs_ippo=+3.565
[seed 2] upd 281/488 step=287744 ep_ret=7.947 cap=0.00 kl_l=0.0075 kl_f=0.0068 ev=0.90 sps=19.8
[seed 2] upd 282/488 step=288768 ep_ret=6.746 cap=0.00 kl_l=0.0076 kl_f=0.0083 ev=0.91 sps=19.8
[seed 2] upd 283/488 step=289792 ep_ret=7.421 cap=0.00 kl_l=0.0076 kl_f=0.0087 ev=0.90 sps=19.8
[seed 2] upd 284/488 step=290816 ep_ret=7.299 cap=0.00 kl_l=0.0074 kl_f=0.0079 ev=0.91 sps=19.8
[seed 2] upd 285/488 step=291840 ep_ret=7.395 cap=0.00 kl_l=0.0075 kl_f=0.0076 ev=0.91 sps=19.8
[seed 2] upd 286/488 step=292864 ep_ret=7.545 cap=0.00 kl_l=0.0081 kl_f=0.0111 ev=0.91 sps=19.8
[seed 2] upd 287/488 step=293888 ep_ret=6.924 cap=0.00 kl_l=0.0071 kl_f=0.0080 ev=0.93 sps=19.8
[seed 2] upd 288/488 step=294912 ep_ret=8.046 cap=0.00 kl_l=0.0059 kl_f=0.0098 ev=0.93 sps=19.8
[seed 2] upd 289/488 step=295936 ep_ret=6.997 cap=0.00 kl_l=0.0077 kl_f=0.0092 ev=0.93 sps=19.8
[seed 2] upd 290/488 step=296960 ep_ret=6.272 cap=0.00 kl_l=0.0095 kl_f=0.0101 ev=0.92 sps=19.8
[seed 2] upd 291/488 step=297984 ep_ret=7.797 cap=0.00 kl_l=0.0080 kl_f=0.0084 ev=0.93 sps=19.8
[seed 2] upd 292/488 step=299008 ep_ret=7.470 cap=0.00 kl_l=0.0066 kl_f=0.0073 ev=0.93 sps=19.8
[seed 2] upd 293/488 step=300032 ep_ret=7.870 cap=0.00 kl_l=0.0072 kl_f=0.0059 ev=0.91 sps=19.8
[seed 2] upd 294/488 step=301056 ep_ret=6.470 cap=0.00 kl_l=0.0082 kl_f=0.0079 ev=0.92 sps=19.8
[seed 2] upd 295/488 step=302080 ep_ret=6.491 cap=0.00 kl_l=0.0078 kl_f=0.0090 ev=0.90 sps=19.8
[seed 2] upd 296/488 step=303104 ep_ret=7.992 cap=0.00 kl_l=0.0062 kl_f=0.0091 ev=0.92 sps=19.8
[seed 2] upd 297/488 step=304128 ep_ret=6.689 cap=0.00 kl_l=0.0072 kl_f=0.0066 ev=0.90 sps=19.9
[seed 2] upd 298/488 step=305152 ep_ret=6.647 cap=0.00 kl_l=0.0071 kl_f=0.0092 ev=0.87 sps=19.9
[seed 2] upd 299/488 step=306176 ep_ret=7.794 cap=0.00 kl_l=0.0088 kl_f=0.0075 ev=0.94 sps=19.9
[seed 2] upd 300/488 step=307200 ep_ret=7.719 cap=0.00 kl_l=0.0064 kl_f=0.0082 ev=0.89 sps=19.9
  [eval] return=8.623+-2.043 captured=0.00 wasted=0.00 clean=0.00 DoD_margin=+5.566 vs_ippo=+1.891
[seed 2] upd 301/488 step=308224 ep_ret=8.144 cap=0.00 kl_l=0.0061 kl_f=0.0085 ev=0.92 sps=19.8
[seed 2] upd 302/488 step=309248 ep_ret=7.396 cap=0.00 kl_l=0.0064 kl_f=0.0072 ev=0.90 sps=19.8
[seed 2] upd 303/488 step=310272 ep_ret=7.498 cap=0.00 kl_l=0.0079 kl_f=0.0072 ev=0.90 sps=19.8
[seed 2] upd 304/488 step=311296 ep_ret=8.524 cap=0.00 kl_l=0.0080 kl_f=0.0102 ev=0.95 sps=19.8
[seed 2] upd 305/488 step=312320 ep_ret=7.645 cap=0.00 kl_l=0.0077 kl_f=0.0060 ev=0.88 sps=19.8
[seed 2] upd 306/488 step=313344 ep_ret=7.196 cap=0.00 kl_l=0.0068 kl_f=0.0077 ev=0.93 sps=19.8
[seed 2] upd 307/488 step=314368 ep_ret=7.995 cap=0.00 kl_l=0.0063 kl_f=0.0101 ev=0.93 sps=19.8
[seed 2] upd 308/488 step=315392 ep_ret=7.645 cap=0.00 kl_l=0.0078 kl_f=0.0093 ev=0.91 sps=19.8
[seed 2] upd 309/488 step=316416 ep_ret=7.219 cap=0.00 kl_l=0.0090 kl_f=0.0088 ev=0.91 sps=19.8
[seed 2] upd 310/488 step=317440 ep_ret=6.392 cap=0.00 kl_l=0.0079 kl_f=0.0098 ev=0.91 sps=19.8
[seed 2] upd 311/488 step=318464 ep_ret=6.495 cap=0.00 kl_l=0.0071 kl_f=0.0074 ev=0.93 sps=19.8
[seed 2] upd 312/488 step=319488 ep_ret=7.273 cap=0.00 kl_l=0.0069 kl_f=0.0080 ev=0.93 sps=19.8
[seed 2] upd 313/488 step=320512 ep_ret=7.121 cap=0.00 kl_l=0.0082 kl_f=0.0068 ev=0.91 sps=19.8
[seed 2] upd 314/488 step=321536 ep_ret=8.245 cap=0.00 kl_l=0.0071 kl_f=0.0078 ev=0.93 sps=19.8
[seed 2] upd 315/488 step=322560 ep_ret=8.147 cap=0.00 kl_l=0.0070 kl_f=0.0084 ev=0.92 sps=19.8
[seed 2] upd 316/488 step=323584 ep_ret=7.745 cap=0.00 kl_l=0.0070 kl_f=0.0071 ev=0.89 sps=19.8
[seed 2] upd 317/488 step=324608 ep_ret=7.444 cap=0.00 kl_l=0.0060 kl_f=0.0075 ev=0.91 sps=19.8
[seed 2] upd 318/488 step=325632 ep_ret=7.820 cap=0.00 kl_l=0.0072 kl_f=0.0083 ev=0.90 sps=19.8
[seed 2] upd 319/488 step=326656 ep_ret=7.870 cap=0.00 kl_l=0.0063 kl_f=0.0100 ev=0.91 sps=19.9
[seed 2] upd 320/488 step=327680 ep_ret=7.373 cap=0.00 kl_l=0.0076 kl_f=0.0056 ev=0.93 sps=19.9
  [eval] return=10.222+-0.602 captured=0.00 wasted=0.00 clean=0.00 DoD_margin=+7.165 vs_ippo=+3.490
[seed 2] upd 321/488 step=328704 ep_ret=7.823 cap=0.00 kl_l=0.0061 kl_f=0.0074 ev=0.93 sps=19.8
[seed 2] upd 322/488 step=329728 ep_ret=7.922 cap=0.00 kl_l=0.0063 kl_f=0.0094 ev=0.92 sps=19.8
[seed 2] upd 323/488 step=330752 ep_ret=8.182 cap=0.00 kl_l=0.0078 kl_f=0.0079 ev=0.93 sps=19.8
[seed 2] upd 324/488 step=331776 ep_ret=7.647 cap=0.00 kl_l=0.0072 kl_f=0.0097 ev=0.91 sps=19.8
[seed 2] upd 325/488 step=332800 ep_ret=8.076 cap=0.00 kl_l=0.0074 kl_f=0.0102 ev=0.95 sps=19.8
[seed 2] upd 326/488 step=333824 ep_ret=8.525 cap=0.00 kl_l=0.0081 kl_f=0.0105 ev=0.93 sps=19.8
[seed 2] upd 327/488 step=334848 ep_ret=7.949 cap=0.00 kl_l=0.0070 kl_f=0.0060 ev=0.95 sps=19.8
[seed 2] upd 328/488 step=335872 ep_ret=8.196 cap=0.00 kl_l=0.0070 kl_f=0.0068 ev=0.94 sps=19.8
[seed 2] upd 329/488 step=336896 ep_ret=8.822 cap=0.00 kl_l=0.0070 kl_f=0.0070 ev=0.94 sps=19.8
[seed 2] upd 330/488 step=337920 ep_ret=6.796 cap=0.00 kl_l=0.0069 kl_f=0.0070 ev=0.92 sps=19.8
[seed 2] upd 331/488 step=338944 ep_ret=8.071 cap=0.00 kl_l=0.0064 kl_f=0.0062 ev=0.94 sps=19.8
[seed 2] upd 332/488 step=339968 ep_ret=6.945 cap=0.00 kl_l=0.0066 kl_f=0.0056 ev=0.90 sps=19.8
[seed 2] upd 333/488 step=340992 ep_ret=8.446 cap=0.00 kl_l=0.0066 kl_f=0.0071 ev=0.87 sps=19.8
[seed 2] upd 334/488 step=342016 ep_ret=8.222 cap=0.00 kl_l=0.0064 kl_f=0.0077 ev=0.94 sps=19.8
[seed 2] upd 335/488 step=343040 ep_ret=7.872 cap=0.00 kl_l=0.0069 kl_f=0.0054 ev=0.94 sps=19.8
[seed 2] upd 336/488 step=344064 ep_ret=5.996 cap=0.00 kl_l=0.0072 kl_f=0.0092 ev=0.93 sps=19.8
[seed 2] upd 337/488 step=345088 ep_ret=5.772 cap=0.00 kl_l=0.0070 kl_f=0.0079 ev=0.92 sps=19.8
[seed 2] upd 338/488 step=346112 ep_ret=5.697 cap=0.00 kl_l=0.0071 kl_f=0.0070 ev=0.92 sps=19.8
[seed 2] upd 339/488 step=347136 ep_ret=6.696 cap=0.00 kl_l=0.0069 kl_f=0.0079 ev=0.91 sps=19.8
[seed 2] upd 340/488 step=348160 ep_ret=6.424 cap=0.00 kl_l=0.0069 kl_f=0.0081 ev=0.86 sps=19.8
  [eval] return=10.398+-0.436 captured=0.00 wasted=0.00 clean=0.00 DoD_margin=+7.340 vs_ippo=+3.665
[seed 2] upd 341/488 step=349184 ep_ret=6.546 cap=0.00 kl_l=0.0071 kl_f=0.0072 ev=0.89 sps=19.8
[seed 2] upd 342/488 step=350208 ep_ret=7.319 cap=0.00 kl_l=0.0076 kl_f=0.0081 ev=0.91 sps=19.8
[seed 2] upd 343/488 step=351232 ep_ret=7.720 cap=0.00 kl_l=0.0075 kl_f=0.0054 ev=0.91 sps=19.8
[seed 2] upd 344/488 step=352256 ep_ret=8.516 cap=0.00 kl_l=0.0058 kl_f=0.0069 ev=0.94 sps=19.8
[seed 2] upd 345/488 step=353280 ep_ret=7.149 cap=0.00 kl_l=0.0069 kl_f=0.0064 ev=0.93 sps=19.8
[seed 2] upd 346/488 step=354304 ep_ret=6.131 cap=0.00 kl_l=0.0074 kl_f=0.0068 ev=0.91 sps=19.8
[seed 2] upd 347/488 step=355328 ep_ret=6.255 cap=0.00 kl_l=0.0068 kl_f=0.0074 ev=0.89 sps=19.8
[seed 2] upd 348/488 step=356352 ep_ret=7.085 cap=0.00 kl_l=0.0061 kl_f=0.0075 ev=0.92 sps=19.8
[seed 2] upd 349/488 step=357376 ep_ret=7.569 cap=0.00 kl_l=0.0062 kl_f=0.0081 ev=0.91 sps=19.8
[seed 2] upd 350/488 step=358400 ep_ret=7.545 cap=0.00 kl_l=0.0059 kl_f=0.0094 ev=0.92 sps=19.8
[seed 2] upd 351/488 step=359424 ep_ret=6.791 cap=0.00 kl_l=0.0081 kl_f=0.0087 ev=0.92 sps=19.8
[seed 2] upd 352/488 step=360448 ep_ret=7.772 cap=0.00 kl_l=0.0056 kl_f=0.0096 ev=0.93 sps=19.8
[seed 2] upd 353/488 step=361472 ep_ret=7.165 cap=0.00 kl_l=0.0068 kl_f=0.0067 ev=0.92 sps=19.8
[seed 2] upd 354/488 step=362496 ep_ret=7.223 cap=0.00 kl_l=0.0072 kl_f=0.0081 ev=0.93 sps=19.8
[seed 2] upd 355/488 step=363520 ep_ret=6.145 cap=0.00 kl_l=0.0074 kl_f=0.0065 ev=0.89 sps=19.8
[seed 2] upd 356/488 step=364544 ep_ret=7.874 cap=0.00 kl_l=0.0055 kl_f=0.0073 ev=0.94 sps=19.8
[seed 2] upd 357/488 step=365568 ep_ret=6.884 cap=0.00 kl_l=0.0077 kl_f=0.0067 ev=0.94 sps=19.8
[seed 2] upd 358/488 step=366592 ep_ret=6.421 cap=0.00 kl_l=0.0071 kl_f=0.0080 ev=0.90 sps=19.8
[seed 2] upd 359/488 step=367616 ep_ret=6.829 cap=0.00 kl_l=0.0070 kl_f=0.0053 ev=0.91 sps=19.8
[seed 2] upd 360/488 step=368640 ep_ret=8.271 cap=0.00 kl_l=0.0070 kl_f=0.0057 ev=0.93 sps=19.8
  [eval] return=10.872+-0.521 captured=0.00 wasted=0.00 clean=0.00 DoD_margin=+7.815 vs_ippo=+4.140
[seed 2] upd 361/488 step=369664 ep_ret=7.545 cap=0.00 kl_l=0.0061 kl_f=0.0062 ev=0.94 sps=19.8
[seed 2] upd 362/488 step=370688 ep_ret=7.147 cap=0.00 kl_l=0.0052 kl_f=0.0072 ev=0.92 sps=19.8
[seed 2] upd 363/488 step=371712 ep_ret=7.648 cap=0.00 kl_l=0.0050 kl_f=0.0077 ev=0.94 sps=19.8
[seed 2] upd 364/488 step=372736 ep_ret=7.295 cap=0.00 kl_l=0.0074 kl_f=0.0068 ev=0.92 sps=19.8
[seed 2] upd 365/488 step=373760 ep_ret=7.096 cap=0.00 kl_l=0.0073 kl_f=0.0056 ev=0.91 sps=19.8
[seed 2] upd 366/488 step=374784 ep_ret=7.147 cap=0.00 kl_l=0.0074 kl_f=0.0070 ev=0.94 sps=19.8
[seed 2] upd 367/488 step=375808 ep_ret=7.822 cap=0.00 kl_l=0.0072 kl_f=0.0074 ev=0.95 sps=19.8
[seed 2] upd 368/488 step=376832 ep_ret=6.098 cap=0.00 kl_l=0.0067 kl_f=0.0058 ev=0.91 sps=19.8
[seed 2] upd 369/488 step=377856 ep_ret=7.542 cap=0.00 kl_l=0.0053 kl_f=0.0060 ev=0.94 sps=19.8
[seed 2] upd 370/488 step=378880 ep_ret=7.521 cap=0.00 kl_l=0.0074 kl_f=0.0069 ev=0.93 sps=19.8
[seed 2] upd 371/488 step=379904 ep_ret=6.421 cap=0.00 kl_l=0.0057 kl_f=0.0075 ev=0.91 sps=19.8
[seed 2] upd 372/488 step=380928 ep_ret=7.472 cap=0.00 kl_l=0.0057 kl_f=0.0080 ev=0.93 sps=19.8
[seed 2] upd 373/488 step=381952 ep_ret=7.998 cap=0.00 kl_l=0.0053 kl_f=0.0060 ev=0.93 sps=19.8
[seed 2] upd 374/488 step=382976 ep_ret=8.272 cap=0.00 kl_l=0.0070 kl_f=0.0050 ev=0.92 sps=19.8
[seed 2] upd 375/488 step=384000 ep_ret=7.820 cap=0.00 kl_l=0.0081 kl_f=0.0067 ev=0.92 sps=19.8
[seed 2] upd 376/488 step=385024 ep_ret=6.446 cap=0.00 kl_l=0.0068 kl_f=0.0101 ev=0.93 sps=19.8
[seed 2] upd 377/488 step=386048 ep_ret=6.071 cap=0.00 kl_l=0.0069 kl_f=0.0076 ev=0.89 sps=19.8
[seed 2] upd 378/488 step=387072 ep_ret=6.520 cap=0.00 kl_l=0.0057 kl_f=0.0055 ev=0.94 sps=19.8
[seed 2] upd 379/488 step=388096 ep_ret=6.072 cap=0.00 kl_l=0.0071 kl_f=0.0070 ev=0.92 sps=19.8
[seed 2] upd 380/488 step=389120 ep_ret=6.736 cap=0.00 kl_l=0.0073 kl_f=0.0087 ev=0.93 sps=19.8
  [eval] return=5.744+-0.371 captured=0.00 wasted=0.00 clean=0.00 DoD_margin=+2.687 vs_ippo=-0.988
[seed 2] upd 381/488 step=390144 ep_ret=7.750 cap=0.00 kl_l=0.0068 kl_f=0.0056 ev=0.94 sps=19.8
[seed 2] upd 382/488 step=391168 ep_ret=7.269 cap=0.00 kl_l=0.0079 kl_f=0.0065 ev=0.92 sps=19.8
[seed 2] upd 383/488 step=392192 ep_ret=6.422 cap=0.00 kl_l=0.0057 kl_f=0.0057 ev=0.95 sps=19.8
[seed 2] upd 384/488 step=393216 ep_ret=7.046 cap=0.00 kl_l=0.0079 kl_f=0.0058 ev=0.94 sps=19.8
[seed 2] upd 385/488 step=394240 ep_ret=5.799 cap=0.00 kl_l=0.0061 kl_f=0.0066 ev=0.93 sps=19.8
[seed 2] upd 386/488 step=395264 ep_ret=6.398 cap=0.00 kl_l=0.0073 kl_f=0.0067 ev=0.89 sps=19.8
[seed 2] upd 387/488 step=396288 ep_ret=6.672 cap=0.00 kl_l=0.0059 kl_f=0.0059 ev=0.94 sps=19.8
[seed 2] upd 388/488 step=397312 ep_ret=6.920 cap=0.00 kl_l=0.0072 kl_f=0.0059 ev=0.93 sps=19.8
[seed 2] upd 389/488 step=398336 ep_ret=6.821 cap=0.00 kl_l=0.0064 kl_f=0.0062 ev=0.95 sps=19.8
[seed 2] upd 390/488 step=399360 ep_ret=7.870 cap=0.00 kl_l=0.0069 kl_f=0.0049 ev=0.96 sps=19.8
[seed 2] upd 391/488 step=400384 ep_ret=7.396 cap=0.00 kl_l=0.0057 kl_f=0.0076 ev=0.93 sps=19.8
[seed 2] upd 392/488 step=401408 ep_ret=6.971 cap=0.00 kl_l=0.0076 kl_f=0.0071 ev=0.93 sps=19.8
[seed 2] upd 393/488 step=402432 ep_ret=7.323 cap=0.00 kl_l=0.0056 kl_f=0.0056 ev=0.92 sps=19.8
[seed 2] upd 394/488 step=403456 ep_ret=7.973 cap=0.00 kl_l=0.0059 kl_f=0.0064 ev=0.93 sps=19.8
[seed 2] upd 395/488 step=404480 ep_ret=6.945 cap=0.00 kl_l=0.0066 kl_f=0.0054 ev=0.92 sps=19.8
[seed 2] upd 396/488 step=405504 ep_ret=6.704 cap=0.00 kl_l=0.0056 kl_f=0.0049 ev=0.95 sps=19.8
[seed 2] upd 397/488 step=406528 ep_ret=7.265 cap=0.00 kl_l=0.0068 kl_f=0.0056 ev=0.94 sps=19.8
[seed 2] upd 398/488 step=407552 ep_ret=7.900 cap=0.00 kl_l=0.0069 kl_f=0.0059 ev=0.95 sps=19.8
[seed 2] upd 399/488 step=408576 ep_ret=7.451 cap=0.00 kl_l=0.0069 kl_f=0.0058 ev=0.95 sps=19.8
[seed 2] upd 400/488 step=409600 ep_ret=7.321 cap=0.00 kl_l=0.0061 kl_f=0.0055 ev=0.94 sps=19.8
  [eval] return=9.145+-0.229 captured=0.00 wasted=0.00 clean=0.00 DoD_margin=+6.088 vs_ippo=+2.413
[seed 2] upd 401/488 step=410624 ep_ret=8.071 cap=0.00 kl_l=0.0062 kl_f=0.0049 ev=0.92 sps=19.8
[seed 2] upd 402/488 step=411648 ep_ret=7.272 cap=0.00 kl_l=0.0057 kl_f=0.0067 ev=0.93 sps=19.8
[seed 2] upd 403/488 step=412672 ep_ret=7.618 cap=0.00 kl_l=0.0065 kl_f=0.0066 ev=0.92 sps=19.8
[seed 2] upd 404/488 step=413696 ep_ret=7.421 cap=0.00 kl_l=0.0057 kl_f=0.0050 ev=0.96 sps=19.8
[seed 2] upd 405/488 step=414720 ep_ret=7.871 cap=0.00 kl_l=0.0074 kl_f=0.0067 ev=0.92 sps=19.8
[seed 2] upd 406/488 step=415744 ep_ret=7.845 cap=0.00 kl_l=0.0074 kl_f=0.0056 ev=0.96 sps=19.8
[seed 2] upd 407/488 step=416768 ep_ret=7.624 cap=0.00 kl_l=0.0057 kl_f=0.0048 ev=0.94 sps=19.8
[seed 2] upd 408/488 step=417792 ep_ret=8.197 cap=0.00 kl_l=0.0057 kl_f=0.0049 ev=0.93 sps=19.8
[seed 2] upd 409/488 step=418816 ep_ret=8.696 cap=0.00 kl_l=0.0067 kl_f=0.0058 ev=0.92 sps=19.8
[seed 2] upd 410/488 step=419840 ep_ret=6.869 cap=0.00 kl_l=0.0069 kl_f=0.0063 ev=0.92 sps=19.8
[seed 2] upd 411/488 step=420864 ep_ret=7.877 cap=0.00 kl_l=0.0056 kl_f=0.0065 ev=0.95 sps=19.9
[seed 2] upd 412/488 step=421888 ep_ret=8.520 cap=0.00 kl_l=0.0052 kl_f=0.0073 ev=0.97 sps=19.9
[seed 2] upd 413/488 step=422912 ep_ret=8.053 cap=0.00 kl_l=0.0058 kl_f=0.0062 ev=0.94 sps=19.9
[seed 2] upd 414/488 step=423936 ep_ret=6.471 cap=0.00 kl_l=0.0062 kl_f=0.0047 ev=0.93 sps=19.9
[seed 2] upd 415/488 step=424960 ep_ret=7.578 cap=0.00 kl_l=0.0058 kl_f=0.0067 ev=0.95 sps=19.9
[seed 2] upd 416/488 step=425984 ep_ret=6.878 cap=0.00 kl_l=0.0056 kl_f=0.0051 ev=0.92 sps=19.9
[seed 2] upd 417/488 step=427008 ep_ret=8.270 cap=0.00 kl_l=0.0058 kl_f=0.0062 ev=0.94 sps=19.9
[seed 2] upd 418/488 step=428032 ep_ret=8.820 cap=0.00 kl_l=0.0058 kl_f=0.0046 ev=0.94 sps=19.9
[seed 2] upd 419/488 step=429056 ep_ret=7.671 cap=0.00 kl_l=0.0057 kl_f=0.0059 ev=0.96 sps=19.9
[seed 2] upd 420/488 step=430080 ep_ret=7.796 cap=0.00 kl_l=0.0071 kl_f=0.0046 ev=0.95 sps=19.9
  [eval] return=10.696+-0.980 captured=0.00 wasted=0.00 clean=0.00 DoD_margin=+7.639 vs_ippo=+3.964
[seed 2] upd 421/488 step=431104 ep_ret=8.446 cap=0.00 kl_l=0.0064 kl_f=0.0044 ev=0.95 sps=19.8
[seed 2] upd 422/488 step=432128 ep_ret=7.321 cap=0.00 kl_l=0.0064 kl_f=0.0064 ev=0.94 sps=19.8
[seed 2] upd 423/488 step=433152 ep_ret=7.422 cap=0.00 kl_l=0.0047 kl_f=0.0042 ev=0.93 sps=19.8
[seed 2] upd 424/488 step=434176 ep_ret=8.497 cap=0.00 kl_l=0.0052 kl_f=0.0043 ev=0.97 sps=19.8
[seed 2] upd 425/488 step=435200 ep_ret=8.048 cap=0.00 kl_l=0.0060 kl_f=0.0061 ev=0.94 sps=19.8
[seed 2] upd 426/488 step=436224 ep_ret=8.226 cap=0.00 kl_l=0.0052 kl_f=0.0061 ev=0.95 sps=19.8
[seed 2] upd 427/488 step=437248 ep_ret=8.596 cap=0.00 kl_l=0.0057 kl_f=0.0063 ev=0.94 sps=19.8
[seed 2] upd 428/488 step=438272 ep_ret=7.971 cap=0.00 kl_l=0.0043 kl_f=0.0055 ev=0.94 sps=19.8
[seed 2] upd 429/488 step=439296 ep_ret=8.084 cap=0.00 kl_l=0.0063 kl_f=0.0067 ev=0.96 sps=19.8
[seed 2] upd 430/488 step=440320 ep_ret=8.769 cap=0.00 kl_l=0.0055 kl_f=0.0045 ev=0.94 sps=19.8
[seed 2] upd 431/488 step=441344 ep_ret=9.045 cap=0.00 kl_l=0.0054 kl_f=0.0045 ev=0.96 sps=19.8
[seed 2] upd 432/488 step=442368 ep_ret=8.295 cap=0.00 kl_l=0.0063 kl_f=0.0057 ev=0.95 sps=19.8
[seed 2] upd 433/488 step=443392 ep_ret=6.165 cap=0.00 kl_l=0.0056 kl_f=0.0051 ev=0.93 sps=19.8
[seed 2] upd 434/488 step=444416 ep_ret=6.976 cap=0.00 kl_l=0.0061 kl_f=0.0057 ev=0.95 sps=19.9
[seed 2] upd 435/488 step=445440 ep_ret=7.007 cap=0.00 kl_l=0.0062 kl_f=0.0057 ev=0.96 sps=19.9
[seed 2] upd 436/488 step=446464 ep_ret=6.890 cap=0.00 kl_l=0.0066 kl_f=0.0068 ev=0.93 sps=19.9
[seed 2] upd 437/488 step=447488 ep_ret=7.580 cap=0.00 kl_l=0.0045 kl_f=0.0047 ev=0.94 sps=19.9
[seed 2] upd 438/488 step=448512 ep_ret=8.448 cap=0.00 kl_l=0.0052 kl_f=0.0054 ev=0.95 sps=19.9
[seed 2] upd 439/488 step=449536 ep_ret=8.023 cap=0.00 kl_l=0.0057 kl_f=0.0043 ev=0.93 sps=19.9
[seed 2] upd 440/488 step=450560 ep_ret=8.123 cap=0.00 kl_l=0.0064 kl_f=0.0041 ev=0.94 sps=19.9
  [eval] return=10.170+-0.427 captured=0.00 wasted=0.00 clean=0.00 DoD_margin=+7.113 vs_ippo=+3.438
[seed 2] upd 441/488 step=451584 ep_ret=6.871 cap=0.00 kl_l=0.0040 kl_f=0.0043 ev=0.95 sps=19.8
[seed 2] upd 442/488 step=452608 ep_ret=7.698 cap=0.00 kl_l=0.0062 kl_f=0.0045 ev=0.95 sps=19.8
[seed 2] upd 443/488 step=453632 ep_ret=7.645 cap=0.00 kl_l=0.0056 kl_f=0.0060 ev=0.94 sps=19.8
[seed 2] upd 444/488 step=454656 ep_ret=6.746 cap=0.00 kl_l=0.0045 kl_f=0.0043 ev=0.94 sps=19.8
[seed 2] upd 445/488 step=455680 ep_ret=7.178 cap=0.00 kl_l=0.0053 kl_f=0.0048 ev=0.94 sps=19.8
[seed 2] upd 446/488 step=456704 ep_ret=7.629 cap=0.00 kl_l=0.0050 kl_f=0.0039 ev=0.95 sps=19.8
[seed 2] upd 447/488 step=457728 ep_ret=7.745 cap=0.00 kl_l=0.0046 kl_f=0.0036 ev=0.96 sps=19.8
[seed 2] upd 448/488 step=458752 ep_ret=7.444 cap=0.00 kl_l=0.0051 kl_f=0.0061 ev=0.94 sps=19.8
[seed 2] upd 449/488 step=459776 ep_ret=6.622 cap=0.00 kl_l=0.0043 kl_f=0.0066 ev=0.93 sps=19.8
[seed 2] upd 450/488 step=460800 ep_ret=7.869 cap=0.00 kl_l=0.0052 kl_f=0.0051 ev=0.93 sps=19.8
[seed 2] upd 451/488 step=461824 ep_ret=7.770 cap=0.00 kl_l=0.0056 kl_f=0.0072 ev=0.94 sps=19.8
[seed 2] upd 452/488 step=462848 ep_ret=6.771 cap=0.00 kl_l=0.0049 kl_f=0.0036 ev=0.94 sps=19.8
[seed 2] upd 453/488 step=463872 ep_ret=7.021 cap=0.00 kl_l=0.0062 kl_f=0.0062 ev=0.94 sps=19.8
[seed 2] upd 454/488 step=464896 ep_ret=5.777 cap=0.00 kl_l=0.0061 kl_f=0.0049 ev=0.91 sps=19.8
[seed 2] upd 455/488 step=465920 ep_ret=7.649 cap=0.00 kl_l=0.0045 kl_f=0.0032 ev=0.96 sps=19.9
[seed 2] upd 456/488 step=466944 ep_ret=7.976 cap=0.00 kl_l=0.0048 kl_f=0.0043 ev=0.94 sps=19.9
[seed 2] upd 457/488 step=467968 ep_ret=7.498 cap=0.00 kl_l=0.0050 kl_f=0.0042 ev=0.95 sps=19.9
[seed 2] upd 458/488 step=468992 ep_ret=7.316 cap=0.00 kl_l=0.0046 kl_f=0.0038 ev=0.95 sps=19.9
[seed 2] upd 459/488 step=470016 ep_ret=6.727 cap=0.00 kl_l=0.0043 kl_f=0.0053 ev=0.95 sps=19.9
[seed 2] upd 460/488 step=471040 ep_ret=6.981 cap=0.00 kl_l=0.0046 kl_f=0.0061 ev=0.94 sps=19.9
  [eval] return=2.221+-2.205 captured=0.00 wasted=0.00 clean=0.00 DoD_margin=-0.837 vs_ippo=-4.512
[seed 2] upd 461/488 step=472064 ep_ret=7.295 cap=0.00 kl_l=0.0053 kl_f=0.0037 ev=0.93 sps=19.8
[seed 2] upd 462/488 step=473088 ep_ret=7.571 cap=0.00 kl_l=0.0038 kl_f=0.0064 ev=0.95 sps=19.8
[seed 2] upd 463/488 step=474112 ep_ret=7.919 cap=0.00 kl_l=0.0058 kl_f=0.0051 ev=0.95 sps=19.8
[seed 2] upd 464/488 step=475136 ep_ret=8.449 cap=0.00 kl_l=0.0044 kl_f=0.0045 ev=0.94 sps=19.8
[seed 2] upd 465/488 step=476160 ep_ret=7.898 cap=0.00 kl_l=0.0045 kl_f=0.0053 ev=0.94 sps=19.8
[seed 2] upd 466/488 step=477184 ep_ret=7.819 cap=0.00 kl_l=0.0052 kl_f=0.0029 ev=0.96 sps=19.8
[seed 2] upd 467/488 step=478208 ep_ret=8.020 cap=0.00 kl_l=0.0047 kl_f=0.0049 ev=0.96 sps=19.8
[seed 2] upd 468/488 step=479232 ep_ret=8.505 cap=0.00 kl_l=0.0044 kl_f=0.0040 ev=0.92 sps=19.8
[seed 2] upd 469/488 step=480256 ep_ret=7.968 cap=0.00 kl_l=0.0040 kl_f=0.0040 ev=0.94 sps=19.8
[seed 2] upd 470/488 step=481280 ep_ret=7.870 cap=0.00 kl_l=0.0053 kl_f=0.0030 ev=0.93 sps=19.8
[seed 2] upd 471/488 step=482304 ep_ret=6.827 cap=0.00 kl_l=0.0044 kl_f=0.0040 ev=0.92 sps=19.8
[seed 2] upd 472/488 step=483328 ep_ret=8.567 cap=0.00 kl_l=0.0049 kl_f=0.0029 ev=0.94 sps=19.8
[seed 2] upd 473/488 step=484352 ep_ret=8.245 cap=0.00 kl_l=0.0049 kl_f=0.0038 ev=0.93 sps=19.8
[seed 2] upd 474/488 step=485376 ep_ret=6.900 cap=0.00 kl_l=0.0038 kl_f=0.0041 ev=0.93 sps=19.8
[seed 2] upd 475/488 step=486400 ep_ret=7.523 cap=0.00 kl_l=0.0048 kl_f=0.0075 ev=0.94 sps=19.9
[seed 2] upd 476/488 step=487424 ep_ret=7.173 cap=0.00 kl_l=0.0039 kl_f=0.0048 ev=0.95 sps=19.9
[seed 2] upd 477/488 step=488448 ep_ret=6.969 cap=0.00 kl_l=0.0047 kl_f=0.0039 ev=0.90 sps=19.9
[seed 2] upd 478/488 step=489472 ep_ret=7.293 cap=0.00 kl_l=0.0048 kl_f=0.0030 ev=0.94 sps=19.9
[seed 2] upd 479/488 step=490496 ep_ret=7.574 cap=0.00 kl_l=0.0065 kl_f=0.0047 ev=0.91 sps=19.9
[seed 2] upd 480/488 step=491520 ep_ret=7.422 cap=0.00 kl_l=0.0046 kl_f=0.0038 ev=0.96 sps=19.9
  [eval] return=11.622+-0.705 captured=0.00 wasted=0.00 clean=0.00 DoD_margin=+8.565 vs_ippo=+4.890
[seed 2] upd 481/488 step=492544 ep_ret=7.897 cap=0.00 kl_l=0.0043 kl_f=0.0022 ev=0.94 sps=19.8
[seed 2] upd 482/488 step=493568 ep_ret=9.098 cap=0.00 kl_l=0.0038 kl_f=0.0026 ev=0.94 sps=19.8
[seed 2] upd 483/488 step=494592 ep_ret=9.270 cap=0.00 kl_l=0.0047 kl_f=0.0027 ev=0.95 sps=19.8
[seed 2] upd 484/488 step=495616 ep_ret=8.143 cap=0.00 kl_l=0.0043 kl_f=0.0020 ev=0.96 sps=19.8
[seed 2] upd 485/488 step=496640 ep_ret=7.297 cap=0.00 kl_l=0.0037 kl_f=0.0032 ev=0.93 sps=19.9
[seed 2] upd 486/488 step=497664 ep_ret=8.270 cap=0.00 kl_l=0.0049 kl_f=0.0035 ev=0.95 sps=19.9
[seed 2] upd 487/488 step=498688 ep_ret=8.521 cap=0.00 kl_l=0.0038 kl_f=0.0038 ev=0.92 sps=19.9
[seed 2] upd 488/488 step=499712 ep_ret=7.746 cap=0.00 kl_l=0.0042 kl_f=0.0043 ev=0.94 sps=19.9
  [eval] return=12.319+-0.427 captured=0.00 wasted=0.00 clean=0.00 DoD_margin=+9.262 vs_ippo=+5.587
wandb: 
wandb: Run history:
wandb:   clip_fraction_action ▂▂▁▁▂▃▃▃▄▄▄▃▄▅▆▄▄▄▄▄▃▄▄▅▄▅▅▅▆▅▅▇▇█▇▆▆▅▇█
wandb:   critic/explained_var ▃▂▁▅▆▇▇▆▇█▇▇▇▇▇▇█▇█▇▇▇▇▇▇▇█▇█▇▇▇█▇▇▇████
wandb:      critic/value_loss ▆█▅▄▂▃▂▃▂▂▁▂▂▂▂▁▁▂▂▂▂▂▂▂▁▂▁▂▂▁▂▂▂▂▁▂▁▁▂▂
wandb:             epochs_ran ▁▁▁▁▁▁▁▁▁▁▁▁▁▁▁▁▁▁▁▁▁▁▁▁▁▁▁▁▁▁▁▁▁▁▁▁▁▁▁▁
wandb:     eval/captured_rate ▁▁▁▁▁▁▁▁▁▁▁▁▁▁▁▁▁▁▁▁▁▁▁▁▁
wandb:  eval/clean_cross_rate ▁▁▁▁▁▁▁▁▁▁▁▁▁▁▁▁▁▁▁▁▁▁▁▁▁
wandb:        eval/dod_margin ▅▃▄▄▅▅▅▇▅▁▃▇▇▇▆▇▇▇▄▆▇▇▂██
wandb:          eval/episodes ▁▁▁▁▁▁▁▁▁▁▁▁▁▁▁▁▁▁▁▁▁▁▁▁▁
wandb: eval/headline_sum_mean ▃▁▂▃▃▃▄▅▅▁▂▇▆▆▅▇▇▇▅▇▇▇▃██
wandb:          eval/len_mean ▁▁▁▁▁▁█████████████▁█████
wandb:                    +31 ...
wandb: 
wandb: Run summary:
wandb:   clip_fraction_action 0.36041
wandb:   critic/explained_var 0.93784
wandb:      critic/value_loss 0.07039
wandb:       dod_margin_last3 5.66337
wandb:             epochs_ran 10
wandb:     eval/captured_rate 0
wandb:  eval/clean_cross_rate 0
wandb:        eval/dod_margin 9.26208
wandb:          eval/episodes 20
wandb: eval/headline_sum_mean 16.39439
wandb:                    +34 ...
wandb: 
wandb: You can sync this run to the cloud by running:
wandb: wandb sync /data/hjhong/l2/wandb/wandb/offline-run-20260705_034256-5vgpmmqc
wandb: Find logs at: /data/hjhong/l2/wandb/wandb/offline-run-20260705_034256-5vgpmmqc/logs

=== summary (last-3-eval mean; 2C DoD: >=IPPO / 2D DoD: >=MAPPO) ===
  seed 2: last3_return=8.721 last3_margin=+5.663 vs_ippo=+1.988
