wandb: Tracking run with wandb version 0.28.0
wandb: W&B syncing is set to `offline` in this directory. Run `wandb online` or set WANDB_MODE=online to enable cloud syncing.
wandb: Run data is saved locally in /data/hjhong/l2/wandb/wandb/offline-run-20260705_034225-yvcwxwbu
wandb: View this run in the terminal with `wandb leet`
[baseline hold_position] return=0.000+-0.000 captured=0.00
[baseline scripted_shaping] return=3.056+-0.009 captured=0.00
[ippo ref] mean_last3_return=6.732 per_seed={0: 5.701788090471795, 1: 8.849184441182201, 2: 5.645959797657081}
/data/hjhong/l2/newURP/.venv-l2/lib/python3.10/site-packages/torch/nn/modules/linear.py:125: UserWarning: Deterministic behavior was enabled with either `torch.use_deterministic_algorithms(True)` or `at::Context::setDeterministicAlgorithms(true)`, but this operation is not deterministic because it uses CuBLAS and you have CUDA >= 10.2. To enable deterministic behavior in this case, you must set an environment variable before running your PyTorch application: CUBLAS_WORKSPACE_CONFIG=:4096:8 or CUBLAS_WORKSPACE_CONFIG=:16:8. For more information, go to https://docs.nvidia.com/cuda/cublas/index.html#results-reproducibility (Triggered internally at /pytorch/aten/src/ATen/Context.cpp:217.)
  return F.linear(input, self.weight, self.bias)
/data/hjhong/l2/newURP/.venv-l2/lib/python3.10/site-packages/torch/autograd/graph.py:823: UserWarning: Deterministic behavior was enabled with either `torch.use_deterministic_algorithms(True)` or `at::Context::setDeterministicAlgorithms(true)`, but this operation is not deterministic because it uses CuBLAS and you have CUDA >= 10.2. To enable deterministic behavior in this case, you must set an environment variable before running your PyTorch application: CUBLAS_WORKSPACE_CONFIG=:4096:8 or CUBLAS_WORKSPACE_CONFIG=:16:8. For more information, go to https://docs.nvidia.com/cuda/cublas/index.html#results-reproducibility (Triggered internally at /pytorch/aten/src/ATen/Context.cpp:217.)
  return Variable._execution_engine.run_backward(  # Calls into the C++ engine to run the backward pass
[seed 1] upd 1/488 step=1024 ep_ret=0.101 cap=0.00 kl_l=0.0042 kl_f=0.0054 ev=-2.02 sps=20.7
[seed 1] upd 2/488 step=2048 ep_ret=0.471 cap=0.00 kl_l=0.0015 kl_f=0.0026 ev=0.15 sps=20.6
[seed 1] upd 3/488 step=3072 ep_ret=0.175 cap=0.00 kl_l=0.0032 kl_f=0.0047 ev=0.00 sps=20.5
[seed 1] upd 4/488 step=4096 ep_ret=0.075 cap=0.00 kl_l=0.0026 kl_f=0.0040 ev=0.37 sps=20.5
[seed 1] upd 5/488 step=5120 ep_ret=0.225 cap=0.00 kl_l=0.0039 kl_f=0.0064 ev=0.31 sps=20.4
[seed 1] upd 6/488 step=6144 ep_ret=0.050 cap=0.00 kl_l=0.0037 kl_f=0.0071 ev=0.09 sps=20.3
[seed 1] upd 7/488 step=7168 ep_ret=0.525 cap=0.00 kl_l=0.0046 kl_f=0.0048 ev=0.47 sps=20.3
[seed 1] upd 8/488 step=8192 ep_ret=0.225 cap=0.00 kl_l=0.0051 kl_f=0.0056 ev=-0.10 sps=20.3
[seed 1] upd 9/488 step=9216 ep_ret=0.826 cap=0.00 kl_l=0.0036 kl_f=0.0054 ev=0.46 sps=20.3
[seed 1] upd 10/488 step=10240 ep_ret=0.874 cap=0.00 kl_l=0.0049 kl_f=0.0070 ev=0.57 sps=20.3
[seed 1] upd 11/488 step=11264 ep_ret=0.375 cap=0.00 kl_l=0.0047 kl_f=0.0086 ev=0.35 sps=20.3
[seed 1] upd 12/488 step=12288 ep_ret=0.953 cap=0.00 kl_l=0.0046 kl_f=0.0057 ev=0.50 sps=20.3
[seed 1] upd 13/488 step=13312 ep_ret=0.877 cap=0.00 kl_l=0.0056 kl_f=0.0088 ev=0.52 sps=20.3
[seed 1] upd 14/488 step=14336 ep_ret=0.970 cap=0.00 kl_l=0.0048 kl_f=0.0073 ev=0.53 sps=20.3
[seed 1] upd 15/488 step=15360 ep_ret=2.153 cap=0.00 kl_l=0.0050 kl_f=0.0085 ev=0.61 sps=20.3
[seed 1] upd 16/488 step=16384 ep_ret=1.474 cap=0.00 kl_l=0.0051 kl_f=0.0066 ev=0.47 sps=20.2
[seed 1] upd 17/488 step=17408 ep_ret=2.375 cap=0.00 kl_l=0.0041 kl_f=0.0092 ev=0.58 sps=20.2
[seed 1] upd 18/488 step=18432 ep_ret=2.269 cap=0.00 kl_l=0.0056 kl_f=0.0078 ev=0.57 sps=20.2
[seed 1] upd 19/488 step=19456 ep_ret=1.750 cap=0.00 kl_l=0.0062 kl_f=0.0099 ev=0.58 sps=20.2
[seed 1] upd 20/488 step=20480 ep_ret=2.027 cap=0.00 kl_l=0.0051 kl_f=0.0075 ev=0.56 sps=20.2
  [eval] return=4.993+-0.002 captured=0.00 wasted=0.00 clean=0.00 DoD_margin=+1.937 vs_ippo=-1.739
[seed 1] upd 21/488 step=21504 ep_ret=3.019 cap=0.00 kl_l=0.0061 kl_f=0.0085 ev=0.53 sps=18.9
[seed 1] upd 22/488 step=22528 ep_ret=1.873 cap=0.00 kl_l=0.0047 kl_f=0.0079 ev=0.61 sps=18.9
[seed 1] upd 23/488 step=23552 ep_ret=2.772 cap=0.00 kl_l=0.0057 kl_f=0.0092 ev=0.64 sps=19.0
[seed 1] upd 24/488 step=24576 ep_ret=2.167 cap=0.00 kl_l=0.0060 kl_f=0.0081 ev=0.74 sps=19.1
[seed 1] upd 25/488 step=25600 ep_ret=2.254 cap=0.00 kl_l=0.0051 kl_f=0.0087 ev=0.68 sps=19.1
[seed 1] upd 26/488 step=26624 ep_ret=2.326 cap=0.00 kl_l=0.0051 kl_f=0.0097 ev=0.61 sps=19.1
[seed 1] upd 27/488 step=27648 ep_ret=3.185 cap=0.00 kl_l=0.0047 kl_f=0.0103 ev=0.82 sps=19.2
[seed 1] upd 28/488 step=28672 ep_ret=2.926 cap=0.00 kl_l=0.0051 kl_f=0.0112 ev=0.66 sps=19.2
[seed 1] upd 29/488 step=29696 ep_ret=2.999 cap=0.00 kl_l=0.0055 kl_f=0.0104 ev=0.65 sps=19.2
[seed 1] upd 30/488 step=30720 ep_ret=2.189 cap=0.00 kl_l=0.0051 kl_f=0.0084 ev=0.51 sps=19.2
[seed 1] upd 31/488 step=31744 ep_ret=2.767 cap=0.00 kl_l=0.0053 kl_f=0.0075 ev=0.63 sps=19.3
[seed 1] upd 32/488 step=32768 ep_ret=1.717 cap=0.00 kl_l=0.0050 kl_f=0.0099 ev=0.61 sps=19.3
[seed 1] upd 33/488 step=33792 ep_ret=3.049 cap=0.00 kl_l=0.0058 kl_f=0.0094 ev=0.74 sps=19.3
[seed 1] upd 34/488 step=34816 ep_ret=2.393 cap=0.00 kl_l=0.0053 kl_f=0.0079 ev=0.70 sps=19.4
[seed 1] upd 35/488 step=35840 ep_ret=3.074 cap=0.00 kl_l=0.0052 kl_f=0.0102 ev=0.74 sps=19.4
[seed 1] upd 36/488 step=36864 ep_ret=2.371 cap=0.00 kl_l=0.0051 kl_f=0.0099 ev=0.62 sps=19.4
[seed 1] upd 37/488 step=37888 ep_ret=3.049 cap=0.00 kl_l=0.0048 kl_f=0.0095 ev=0.53 sps=19.5
[seed 1] upd 38/488 step=38912 ep_ret=3.372 cap=0.00 kl_l=0.0047 kl_f=0.0082 ev=0.64 sps=19.5
[seed 1] upd 39/488 step=39936 ep_ret=3.120 cap=0.00 kl_l=0.0056 kl_f=0.0088 ev=0.59 sps=19.5
[seed 1] upd 40/488 step=40960 ep_ret=3.296 cap=0.00 kl_l=0.0056 kl_f=0.0100 ev=0.59 sps=19.5
  [eval] return=2.988+-0.002 captured=0.00 wasted=0.00 clean=0.00 DoD_margin=-0.068 vs_ippo=-3.744
[seed 1] upd 41/488 step=41984 ep_ret=3.669 cap=0.00 kl_l=0.0057 kl_f=0.0098 ev=0.68 sps=19.3
[seed 1] upd 42/488 step=43008 ep_ret=3.449 cap=0.00 kl_l=0.0054 kl_f=0.0077 ev=0.73 sps=19.4
[seed 1] upd 43/488 step=44032 ep_ret=2.724 cap=0.00 kl_l=0.0059 kl_f=0.0066 ev=0.52 sps=19.4
[seed 1] upd 44/488 step=45056 ep_ret=3.523 cap=0.00 kl_l=0.0059 kl_f=0.0096 ev=0.68 sps=19.4
[seed 1] upd 45/488 step=46080 ep_ret=2.172 cap=0.00 kl_l=0.0050 kl_f=0.0092 ev=0.63 sps=19.4
[seed 1] upd 46/488 step=47104 ep_ret=2.722 cap=0.00 kl_l=0.0072 kl_f=0.0078 ev=0.57 sps=19.4
[seed 1] upd 47/488 step=48128 ep_ret=3.526 cap=0.00 kl_l=0.0053 kl_f=0.0080 ev=0.50 sps=19.5
[seed 1] upd 48/488 step=49152 ep_ret=3.323 cap=0.00 kl_l=0.0068 kl_f=0.0084 ev=0.67 sps=19.5
[seed 1] upd 49/488 step=50176 ep_ret=3.754 cap=0.00 kl_l=0.0059 kl_f=0.0106 ev=0.65 sps=19.5
[seed 1] upd 50/488 step=51200 ep_ret=3.867 cap=0.00 kl_l=0.0055 kl_f=0.0081 ev=0.58 sps=19.5
[seed 1] upd 51/488 step=52224 ep_ret=2.348 cap=0.00 kl_l=0.0053 kl_f=0.0094 ev=0.55 sps=19.5
[seed 1] upd 52/488 step=53248 ep_ret=3.297 cap=0.00 kl_l=0.0060 kl_f=0.0098 ev=0.59 sps=19.5
[seed 1] upd 53/488 step=54272 ep_ret=3.845 cap=0.00 kl_l=0.0060 kl_f=0.0096 ev=0.67 sps=19.6
[seed 1] upd 54/488 step=55296 ep_ret=3.519 cap=0.00 kl_l=0.0048 kl_f=0.0092 ev=0.73 sps=19.6
[seed 1] upd 55/488 step=56320 ep_ret=3.922 cap=0.00 kl_l=0.0051 kl_f=0.0117 ev=0.66 sps=19.6
[seed 1] upd 56/488 step=57344 ep_ret=3.417 cap=0.00 kl_l=0.0059 kl_f=0.0098 ev=0.59 sps=19.6
[seed 1] upd 57/488 step=58368 ep_ret=3.821 cap=0.00 kl_l=0.0058 kl_f=0.0084 ev=0.67 sps=19.6
[seed 1] upd 58/488 step=59392 ep_ret=3.225 cap=0.00 kl_l=0.0061 kl_f=0.0087 ev=0.63 sps=19.6
[seed 1] upd 59/488 step=60416 ep_ret=3.671 cap=0.00 kl_l=0.0067 kl_f=0.0086 ev=0.68 sps=19.6
[seed 1] upd 60/488 step=61440 ep_ret=3.523 cap=0.00 kl_l=0.0053 kl_f=0.0105 ev=0.61 sps=19.7
  [eval] return=2.992+-0.002 captured=0.00 wasted=0.00 clean=0.00 DoD_margin=-0.065 vs_ippo=-3.741
[seed 1] upd 61/488 step=62464 ep_ret=3.047 cap=0.00 kl_l=0.0054 kl_f=0.0086 ev=0.56 sps=19.5
[seed 1] upd 62/488 step=63488 ep_ret=3.826 cap=0.00 kl_l=0.0051 kl_f=0.0091 ev=0.66 sps=19.5
[seed 1] upd 63/488 step=64512 ep_ret=3.946 cap=0.00 kl_l=0.0063 kl_f=0.0098 ev=0.78 sps=19.6
[seed 1] upd 64/488 step=65536 ep_ret=3.171 cap=0.00 kl_l=0.0062 kl_f=0.0077 ev=0.69 sps=19.6
[seed 1] upd 65/488 step=66560 ep_ret=3.546 cap=0.00 kl_l=0.0054 kl_f=0.0076 ev=0.73 sps=19.6
[seed 1] upd 66/488 step=67584 ep_ret=4.343 cap=0.00 kl_l=0.0071 kl_f=0.0089 ev=0.70 sps=19.6
[seed 1] upd 67/488 step=68608 ep_ret=2.953 cap=0.00 kl_l=0.0056 kl_f=0.0092 ev=0.71 sps=19.6
[seed 1] upd 68/488 step=69632 ep_ret=3.718 cap=0.00 kl_l=0.0064 kl_f=0.0096 ev=0.76 sps=19.6
[seed 1] upd 69/488 step=70656 ep_ret=3.398 cap=0.00 kl_l=0.0053 kl_f=0.0093 ev=0.74 sps=19.6
[seed 1] upd 70/488 step=71680 ep_ret=3.346 cap=0.00 kl_l=0.0065 kl_f=0.0106 ev=0.74 sps=19.6
[seed 1] upd 71/488 step=72704 ep_ret=4.719 cap=0.00 kl_l=0.0065 kl_f=0.0083 ev=0.69 sps=19.7
[seed 1] upd 72/488 step=73728 ep_ret=3.696 cap=0.00 kl_l=0.0062 kl_f=0.0086 ev=0.79 sps=19.7
[seed 1] upd 73/488 step=74752 ep_ret=3.069 cap=0.00 kl_l=0.0047 kl_f=0.0086 ev=0.64 sps=19.7
[seed 1] upd 74/488 step=75776 ep_ret=3.697 cap=0.00 kl_l=0.0052 kl_f=0.0111 ev=0.75 sps=19.7
[seed 1] upd 75/488 step=76800 ep_ret=3.394 cap=0.00 kl_l=0.0057 kl_f=0.0090 ev=0.78 sps=19.7
[seed 1] upd 76/488 step=77824 ep_ret=4.223 cap=0.00 kl_l=0.0068 kl_f=0.0083 ev=0.73 sps=19.7
[seed 1] upd 77/488 step=78848 ep_ret=5.268 cap=0.00 kl_l=0.0052 kl_f=0.0067 ev=0.71 sps=19.7
[seed 1] upd 78/488 step=79872 ep_ret=4.020 cap=0.00 kl_l=0.0062 kl_f=0.0081 ev=0.82 sps=19.7
[seed 1] upd 79/488 step=80896 ep_ret=3.596 cap=0.00 kl_l=0.0064 kl_f=0.0088 ev=0.71 sps=19.7
[seed 1] upd 80/488 step=81920 ep_ret=3.470 cap=0.00 kl_l=0.0056 kl_f=0.0094 ev=0.77 sps=19.7
  [eval] return=2.993+-0.002 captured=0.00 wasted=0.00 clean=0.00 DoD_margin=-0.064 vs_ippo=-3.740
[seed 1] upd 81/488 step=82944 ep_ret=3.971 cap=0.00 kl_l=0.0058 kl_f=0.0078 ev=0.81 sps=19.6
[seed 1] upd 82/488 step=83968 ep_ret=3.869 cap=0.00 kl_l=0.0057 kl_f=0.0117 ev=0.79 sps=19.7
[seed 1] upd 83/488 step=84992 ep_ret=3.950 cap=0.00 kl_l=0.0056 kl_f=0.0093 ev=0.82 sps=19.7
[seed 1] upd 84/488 step=86016 ep_ret=4.043 cap=0.00 kl_l=0.0067 kl_f=0.0083 ev=0.76 sps=19.7
[seed 1] upd 85/488 step=87040 ep_ret=3.380 cap=0.00 kl_l=0.0054 kl_f=0.0085 ev=0.79 sps=19.7
[seed 1] upd 86/488 step=88064 ep_ret=3.946 cap=0.00 kl_l=0.0068 kl_f=0.0104 ev=0.82 sps=19.7
[seed 1] upd 87/488 step=89088 ep_ret=3.972 cap=0.00 kl_l=0.0057 kl_f=0.0077 ev=0.81 sps=19.7
[seed 1] upd 88/488 step=90112 ep_ret=3.919 cap=0.00 kl_l=0.0068 kl_f=0.0119 ev=0.80 sps=19.7
[seed 1] upd 89/488 step=91136 ep_ret=4.619 cap=0.00 kl_l=0.0061 kl_f=0.0097 ev=0.82 sps=19.7
[seed 1] upd 90/488 step=92160 ep_ret=3.980 cap=0.00 kl_l=0.0058 kl_f=0.0100 ev=0.83 sps=19.7
[seed 1] upd 91/488 step=93184 ep_ret=4.936 cap=0.00 kl_l=0.0066 kl_f=0.0106 ev=0.87 sps=19.7
[seed 1] upd 92/488 step=94208 ep_ret=4.393 cap=0.00 kl_l=0.0063 kl_f=0.0078 ev=0.76 sps=19.7
[seed 1] upd 93/488 step=95232 ep_ret=3.669 cap=0.00 kl_l=0.0061 kl_f=0.0110 ev=0.77 sps=19.7
[seed 1] upd 94/488 step=96256 ep_ret=4.170 cap=0.00 kl_l=0.0055 kl_f=0.0094 ev=0.77 sps=19.8
[seed 1] upd 95/488 step=97280 ep_ret=4.766 cap=0.00 kl_l=0.0055 kl_f=0.0096 ev=0.82 sps=19.8
[seed 1] upd 96/488 step=98304 ep_ret=4.496 cap=0.00 kl_l=0.0057 kl_f=0.0115 ev=0.93 sps=19.8
[seed 1] upd 97/488 step=99328 ep_ret=4.618 cap=0.00 kl_l=0.0062 kl_f=0.0105 ev=0.88 sps=19.8
[seed 1] upd 98/488 step=100352 ep_ret=3.895 cap=0.00 kl_l=0.0059 kl_f=0.0113 ev=0.83 sps=19.8
[seed 1] upd 99/488 step=101376 ep_ret=4.023 cap=0.00 kl_l=0.0055 kl_f=0.0098 ev=0.79 sps=19.8
[seed 1] upd 100/488 step=102400 ep_ret=4.666 cap=0.00 kl_l=0.0068 kl_f=0.0096 ev=0.88 sps=19.8
  [eval] return=5.990+-0.001 captured=0.00 wasted=0.00 clean=0.00 DoD_margin=+2.933 vs_ippo=-0.743
[seed 1] upd 101/488 step=103424 ep_ret=4.475 cap=0.00 kl_l=0.0061 kl_f=0.0085 ev=0.86 sps=19.7
[seed 1] upd 102/488 step=104448 ep_ret=4.527 cap=0.00 kl_l=0.0057 kl_f=0.0093 ev=0.84 sps=19.7
[seed 1] upd 103/488 step=105472 ep_ret=4.445 cap=0.00 kl_l=0.0062 kl_f=0.0129 ev=0.87 sps=19.7
[seed 1] upd 104/488 step=106496 ep_ret=4.166 cap=0.00 kl_l=0.0066 kl_f=0.0122 ev=0.86 sps=19.7
[seed 1] upd 105/488 step=107520 ep_ret=5.468 cap=0.00 kl_l=0.0064 kl_f=0.0082 ev=0.85 sps=19.7
[seed 1] upd 106/488 step=108544 ep_ret=4.444 cap=0.00 kl_l=0.0060 kl_f=0.0091 ev=0.86 sps=19.8
[seed 1] upd 107/488 step=109568 ep_ret=3.898 cap=0.00 kl_l=0.0048 kl_f=0.0088 ev=0.80 sps=19.8
[seed 1] upd 108/488 step=110592 ep_ret=3.271 cap=0.00 kl_l=0.0056 kl_f=0.0110 ev=0.89 sps=19.8
[seed 1] upd 109/488 step=111616 ep_ret=4.721 cap=0.00 kl_l=0.0060 kl_f=0.0085 ev=0.80 sps=19.8
[seed 1] upd 110/488 step=112640 ep_ret=4.396 cap=0.00 kl_l=0.0056 kl_f=0.0116 ev=0.76 sps=19.8
[seed 1] upd 111/488 step=113664 ep_ret=4.872 cap=0.00 kl_l=0.0060 kl_f=0.0099 ev=0.81 sps=19.8
[seed 1] upd 112/488 step=114688 ep_ret=6.120 cap=0.00 kl_l=0.0077 kl_f=0.0101 ev=0.92 sps=19.8
[seed 1] upd 113/488 step=115712 ep_ret=5.242 cap=0.00 kl_l=0.0059 kl_f=0.0089 ev=0.85 sps=19.8
[seed 1] upd 114/488 step=116736 ep_ret=4.724 cap=0.00 kl_l=0.0074 kl_f=0.0097 ev=0.85 sps=19.8
[seed 1] upd 115/488 step=117760 ep_ret=4.845 cap=0.00 kl_l=0.0058 kl_f=0.0128 ev=0.84 sps=19.8
[seed 1] upd 116/488 step=118784 ep_ret=5.050 cap=0.00 kl_l=0.0049 kl_f=0.0108 ev=0.85 sps=19.8
[seed 1] upd 117/488 step=119808 ep_ret=4.771 cap=0.00 kl_l=0.0060 kl_f=0.0064 ev=0.80 sps=19.8
[seed 1] upd 118/488 step=120832 ep_ret=4.049 cap=0.00 kl_l=0.0064 kl_f=0.0105 ev=0.84 sps=19.8
[seed 1] upd 119/488 step=121856 ep_ret=4.397 cap=0.00 kl_l=0.0065 kl_f=0.0102 ev=0.89 sps=19.8
[seed 1] upd 120/488 step=122880 ep_ret=5.317 cap=0.00 kl_l=0.0056 kl_f=0.0118 ev=0.89 sps=19.8
  [eval] return=7.994+-0.002 captured=0.00 wasted=0.00 clean=0.00 DoD_margin=+4.937 vs_ippo=+1.261
[seed 1] upd 121/488 step=123904 ep_ret=4.946 cap=0.00 kl_l=0.0062 kl_f=0.0077 ev=0.84 sps=19.8
[seed 1] upd 122/488 step=124928 ep_ret=4.172 cap=0.00 kl_l=0.0060 kl_f=0.0090 ev=0.86 sps=19.8
[seed 1] upd 123/488 step=125952 ep_ret=4.496 cap=0.00 kl_l=0.0065 kl_f=0.0091 ev=0.84 sps=19.8
[seed 1] upd 124/488 step=126976 ep_ret=5.822 cap=0.00 kl_l=0.0056 kl_f=0.0130 ev=0.88 sps=19.8
[seed 1] upd 125/488 step=128000 ep_ret=4.574 cap=0.00 kl_l=0.0066 kl_f=0.0091 ev=0.79 sps=19.8
[seed 1] upd 126/488 step=129024 ep_ret=4.673 cap=0.00 kl_l=0.0061 kl_f=0.0097 ev=0.86 sps=19.8
[seed 1] upd 127/488 step=130048 ep_ret=4.945 cap=0.00 kl_l=0.0068 kl_f=0.0094 ev=0.88 sps=19.8
[seed 1] upd 128/488 step=131072 ep_ret=5.218 cap=0.00 kl_l=0.0057 kl_f=0.0095 ev=0.86 sps=19.8
[seed 1] upd 129/488 step=132096 ep_ret=4.373 cap=0.00 kl_l=0.0064 kl_f=0.0084 ev=0.85 sps=19.8
[seed 1] upd 130/488 step=133120 ep_ret=6.069 cap=0.00 kl_l=0.0062 kl_f=0.0105 ev=0.85 sps=19.8
[seed 1] upd 131/488 step=134144 ep_ret=4.495 cap=0.00 kl_l=0.0053 kl_f=0.0109 ev=0.86 sps=19.8
[seed 1] upd 132/488 step=135168 ep_ret=6.371 cap=0.00 kl_l=0.0059 kl_f=0.0093 ev=0.87 sps=19.8
[seed 1] upd 133/488 step=136192 ep_ret=4.898 cap=0.00 kl_l=0.0059 kl_f=0.0099 ev=0.82 sps=19.8
[seed 1] upd 134/488 step=137216 ep_ret=5.670 cap=0.00 kl_l=0.0060 kl_f=0.0113 ev=0.82 sps=19.8
[seed 1] upd 135/488 step=138240 ep_ret=5.069 cap=0.00 kl_l=0.0054 kl_f=0.0065 ev=0.83 sps=19.8
[seed 1] upd 136/488 step=139264 ep_ret=5.371 cap=0.00 kl_l=0.0064 kl_f=0.0092 ev=0.86 sps=19.8
[seed 1] upd 137/488 step=140288 ep_ret=5.972 cap=0.00 kl_l=0.0062 kl_f=0.0105 ev=0.91 sps=19.9
[seed 1] upd 138/488 step=141312 ep_ret=4.620 cap=0.00 kl_l=0.0070 kl_f=0.0082 ev=0.85 sps=19.9
[seed 1] upd 139/488 step=142336 ep_ret=4.722 cap=0.00 kl_l=0.0064 kl_f=0.0092 ev=0.86 sps=19.9
[seed 1] upd 140/488 step=143360 ep_ret=5.944 cap=0.00 kl_l=0.0071 kl_f=0.0115 ev=0.88 sps=19.9
  [eval] return=9.095+-0.735 captured=0.00 wasted=0.00 clean=0.00 DoD_margin=+6.039 vs_ippo=+2.363
[seed 1] upd 141/488 step=144384 ep_ret=5.720 cap=0.00 kl_l=0.0070 kl_f=0.0096 ev=0.86 sps=19.8
[seed 1] upd 142/488 step=145408 ep_ret=5.849 cap=0.00 kl_l=0.0073 kl_f=0.0083 ev=0.87 sps=19.8
[seed 1] upd 143/488 step=146432 ep_ret=4.894 cap=0.00 kl_l=0.0064 kl_f=0.0095 ev=0.75 sps=19.8
[seed 1] upd 144/488 step=147456 ep_ret=5.668 cap=0.00 kl_l=0.0058 kl_f=0.0101 ev=0.85 sps=19.9
[seed 1] upd 145/488 step=148480 ep_ret=5.445 cap=0.00 kl_l=0.0069 kl_f=0.0127 ev=0.84 sps=19.9
[seed 1] upd 146/488 step=149504 ep_ret=5.767 cap=0.00 kl_l=0.0068 kl_f=0.0075 ev=0.83 sps=19.9
[seed 1] upd 147/488 step=150528 ep_ret=6.139 cap=0.00 kl_l=0.0069 kl_f=0.0098 ev=0.91 sps=19.9
[seed 1] upd 148/488 step=151552 ep_ret=5.471 cap=0.00 kl_l=0.0063 kl_f=0.0087 ev=0.85 sps=19.9
[seed 1] upd 149/488 step=152576 ep_ret=5.857 cap=0.00 kl_l=0.0073 kl_f=0.0103 ev=0.87 sps=19.9
[seed 1] upd 150/488 step=153600 ep_ret=6.120 cap=0.00 kl_l=0.0066 kl_f=0.0077 ev=0.82 sps=19.9
[seed 1] upd 151/488 step=154624 ep_ret=5.794 cap=0.00 kl_l=0.0063 kl_f=0.0090 ev=0.93 sps=19.9
[seed 1] upd 152/488 step=155648 ep_ret=4.222 cap=0.00 kl_l=0.0052 kl_f=0.0102 ev=0.90 sps=19.9
[seed 1] upd 153/488 step=156672 ep_ret=6.493 cap=0.00 kl_l=0.0060 kl_f=0.0086 ev=0.92 sps=19.9
[seed 1] upd 154/488 step=157696 ep_ret=5.246 cap=0.00 kl_l=0.0060 kl_f=0.0117 ev=0.91 sps=19.9
[seed 1] upd 155/488 step=158720 ep_ret=6.021 cap=0.00 kl_l=0.0061 kl_f=0.0100 ev=0.91 sps=19.9
[seed 1] upd 156/488 step=159744 ep_ret=6.219 cap=0.00 kl_l=0.0059 kl_f=0.0083 ev=0.92 sps=19.9
[seed 1] upd 157/488 step=160768 ep_ret=4.995 cap=0.00 kl_l=0.0066 kl_f=0.0080 ev=0.83 sps=20.0
[seed 1] upd 158/488 step=161792 ep_ret=6.421 cap=0.00 kl_l=0.0067 kl_f=0.0080 ev=0.85 sps=20.0
[seed 1] upd 159/488 step=162816 ep_ret=4.794 cap=0.00 kl_l=0.0063 kl_f=0.0136 ev=0.84 sps=20.0
[seed 1] upd 160/488 step=163840 ep_ret=5.250 cap=0.00 kl_l=0.0058 kl_f=0.0071 ev=0.86 sps=20.0
  [eval] return=9.069+-0.179 captured=0.00 wasted=0.00 clean=0.00 DoD_margin=+6.013 vs_ippo=+2.337
[seed 1] upd 161/488 step=164864 ep_ret=5.321 cap=0.00 kl_l=0.0063 kl_f=0.0081 ev=0.87 sps=19.9
[seed 1] upd 162/488 step=165888 ep_ret=6.297 cap=0.00 kl_l=0.0057 kl_f=0.0100 ev=0.87 sps=19.9
[seed 1] upd 163/488 step=166912 ep_ret=4.150 cap=0.00 kl_l=0.0047 kl_f=0.0086 ev=0.83 sps=19.9
[seed 1] upd 164/488 step=167936 ep_ret=7.372 cap=0.00 kl_l=0.0075 kl_f=0.0101 ev=0.86 sps=20.0
[seed 1] upd 165/488 step=168960 ep_ret=6.396 cap=0.00 kl_l=0.0073 kl_f=0.0114 ev=0.87 sps=20.0
[seed 1] upd 166/488 step=169984 ep_ret=5.644 cap=0.00 kl_l=0.0066 kl_f=0.0117 ev=0.84 sps=20.0
[seed 1] upd 167/488 step=171008 ep_ret=6.573 cap=0.00 kl_l=0.0049 kl_f=0.0108 ev=0.90 sps=20.0
[seed 1] upd 168/488 step=172032 ep_ret=4.422 cap=0.00 kl_l=0.0057 kl_f=0.0095 ev=0.85 sps=20.0
[seed 1] upd 169/488 step=173056 ep_ret=5.747 cap=0.00 kl_l=0.0057 kl_f=0.0096 ev=0.87 sps=20.0
[seed 1] upd 170/488 step=174080 ep_ret=6.299 cap=0.00 kl_l=0.0065 kl_f=0.0108 ev=0.89 sps=20.0
[seed 1] upd 171/488 step=175104 ep_ret=4.946 cap=0.00 kl_l=0.0055 kl_f=0.0109 ev=0.85 sps=20.0
[seed 1] upd 172/488 step=176128 ep_ret=5.537 cap=0.00 kl_l=0.0066 kl_f=0.0111 ev=0.83 sps=20.0
[seed 1] upd 173/488 step=177152 ep_ret=5.470 cap=0.00 kl_l=0.0046 kl_f=0.0096 ev=0.89 sps=20.0
[seed 1] upd 174/488 step=178176 ep_ret=5.820 cap=0.00 kl_l=0.0066 kl_f=0.0088 ev=0.92 sps=20.0
[seed 1] upd 175/488 step=179200 ep_ret=6.200 cap=0.00 kl_l=0.0066 kl_f=0.0128 ev=0.91 sps=20.0
[seed 1] upd 176/488 step=180224 ep_ret=4.918 cap=0.00 kl_l=0.0063 kl_f=0.0114 ev=0.77 sps=20.0
[seed 1] upd 177/488 step=181248 ep_ret=5.695 cap=0.00 kl_l=0.0064 kl_f=0.0091 ev=0.88 sps=20.0
[seed 1] upd 178/488 step=182272 ep_ret=6.268 cap=0.00 kl_l=0.0064 kl_f=0.0097 ev=0.90 sps=20.1
[seed 1] upd 179/488 step=183296 ep_ret=7.267 cap=0.00 kl_l=0.0073 kl_f=0.0111 ev=0.87 sps=20.1
[seed 1] upd 180/488 step=184320 ep_ret=5.870 cap=0.00 kl_l=0.0059 kl_f=0.0120 ev=0.85 sps=20.1
  [eval] return=7.493+-0.922 captured=0.00 wasted=0.10 clean=0.00 DoD_margin=+4.437 vs_ippo=+0.761
[seed 1] upd 181/488 step=185344 ep_ret=5.295 cap=0.00 kl_l=0.0057 kl_f=0.0072 ev=0.80 sps=20.0
[seed 1] upd 182/488 step=186368 ep_ret=6.470 cap=0.00 kl_l=0.0066 kl_f=0.0084 ev=0.85 sps=20.0
[seed 1] upd 183/488 step=187392 ep_ret=6.218 cap=0.00 kl_l=0.0064 kl_f=0.0094 ev=0.82 sps=20.0
[seed 1] upd 184/488 step=188416 ep_ret=5.300 cap=0.00 kl_l=0.0068 kl_f=0.0080 ev=0.89 sps=20.0
[seed 1] upd 185/488 step=189440 ep_ret=6.371 cap=0.00 kl_l=0.0059 kl_f=0.0085 ev=0.77 sps=20.0
[seed 1] upd 186/488 step=190464 ep_ret=6.195 cap=0.00 kl_l=0.0069 kl_f=0.0104 ev=0.77 sps=20.1
[seed 1] upd 187/488 step=191488 ep_ret=5.301 cap=0.00 kl_l=0.0071 kl_f=0.0083 ev=0.85 sps=20.1
[seed 1] upd 188/488 step=192512 ep_ret=5.521 cap=0.00 kl_l=0.0056 kl_f=0.0106 ev=0.86 sps=20.1
[seed 1] upd 189/488 step=193536 ep_ret=5.794 cap=0.00 kl_l=0.0062 kl_f=0.0107 ev=0.86 sps=20.1
[seed 1] upd 190/488 step=194560 ep_ret=6.021 cap=0.00 kl_l=0.0062 kl_f=0.0108 ev=0.87 sps=20.1
[seed 1] upd 191/488 step=195584 ep_ret=6.894 cap=0.00 kl_l=0.0064 kl_f=0.0109 ev=0.92 sps=20.1
[seed 1] upd 192/488 step=196608 ep_ret=6.295 cap=0.00 kl_l=0.0072 kl_f=0.0081 ev=0.90 sps=20.1
[seed 1] upd 193/488 step=197632 ep_ret=7.293 cap=0.00 kl_l=0.0066 kl_f=0.0111 ev=0.94 sps=20.1
[seed 1] upd 194/488 step=198656 ep_ret=6.446 cap=0.00 kl_l=0.0063 kl_f=0.0089 ev=0.87 sps=20.1
[seed 1] upd 195/488 step=199680 ep_ret=7.444 cap=0.00 kl_l=0.0063 kl_f=0.0093 ev=0.81 sps=20.1
[seed 1] upd 196/488 step=200704 ep_ret=6.245 cap=0.00 kl_l=0.0059 kl_f=0.0091 ev=0.92 sps=20.1
[seed 1] upd 197/488 step=201728 ep_ret=6.169 cap=0.00 kl_l=0.0061 kl_f=0.0120 ev=0.90 sps=20.1
[seed 1] upd 198/488 step=202752 ep_ret=7.296 cap=0.00 kl_l=0.0049 kl_f=0.0090 ev=0.80 sps=20.1
[seed 1] upd 199/488 step=203776 ep_ret=6.122 cap=0.00 kl_l=0.0057 kl_f=0.0086 ev=0.82 sps=20.1
[seed 1] upd 200/488 step=204800 ep_ret=6.944 cap=0.00 kl_l=0.0053 kl_f=0.0092 ev=0.89 sps=20.1
  [eval] return=8.545+-0.218 captured=0.00 wasted=0.00 clean=0.00 DoD_margin=+5.489 vs_ippo=+1.813
[seed 1] upd 201/488 step=205824 ep_ret=8.044 cap=0.00 kl_l=0.0064 kl_f=0.0077 ev=0.87 sps=20.1
[seed 1] upd 202/488 step=206848 ep_ret=7.493 cap=0.00 kl_l=0.0069 kl_f=0.0099 ev=0.91 sps=20.1
[seed 1] upd 203/488 step=207872 ep_ret=7.044 cap=0.00 kl_l=0.0048 kl_f=0.0094 ev=0.92 sps=20.1
[seed 1] upd 204/488 step=208896 ep_ret=6.569 cap=0.00 kl_l=0.0052 kl_f=0.0103 ev=0.93 sps=20.1
[seed 1] upd 205/488 step=209920 ep_ret=7.740 cap=0.00 kl_l=0.0063 kl_f=0.0080 ev=0.91 sps=20.1
[seed 1] upd 206/488 step=210944 ep_ret=5.847 cap=0.00 kl_l=0.0062 kl_f=0.0088 ev=0.89 sps=20.1
[seed 1] upd 207/488 step=211968 ep_ret=6.569 cap=0.00 kl_l=0.0059 kl_f=0.0075 ev=0.73 sps=20.1
[seed 1] upd 208/488 step=212992 ep_ret=7.769 cap=0.00 kl_l=0.0059 kl_f=0.0083 ev=0.87 sps=20.1
[seed 1] upd 209/488 step=214016 ep_ret=6.245 cap=0.00 kl_l=0.0061 kl_f=0.0094 ev=0.88 sps=20.1
[seed 1] upd 210/488 step=215040 ep_ret=7.598 cap=0.00 kl_l=0.0057 kl_f=0.0088 ev=0.76 sps=20.1
[seed 1] upd 211/488 step=216064 ep_ret=6.247 cap=0.00 kl_l=0.0058 kl_f=0.0074 ev=0.80 sps=20.1
[seed 1] upd 212/488 step=217088 ep_ret=7.315 cap=0.00 kl_l=0.0046 kl_f=0.0092 ev=0.86 sps=20.1
[seed 1] upd 213/488 step=218112 ep_ret=7.568 cap=0.00 kl_l=0.0061 kl_f=0.0095 ev=0.92 sps=20.2
[seed 1] upd 214/488 step=219136 ep_ret=7.168 cap=0.00 kl_l=0.0065 kl_f=0.0073 ev=0.83 sps=20.2
[seed 1] upd 215/488 step=220160 ep_ret=7.470 cap=0.00 kl_l=0.0053 kl_f=0.0087 ev=0.92 sps=20.2
[seed 1] upd 216/488 step=221184 ep_ret=6.694 cap=0.00 kl_l=0.0049 kl_f=0.0094 ev=0.87 sps=20.2
[seed 1] upd 217/488 step=222208 ep_ret=6.695 cap=0.00 kl_l=0.0069 kl_f=0.0087 ev=0.90 sps=20.2
[seed 1] upd 218/488 step=223232 ep_ret=6.671 cap=0.00 kl_l=0.0064 kl_f=0.0085 ev=0.75 sps=20.2
[seed 1] upd 219/488 step=224256 ep_ret=7.420 cap=0.00 kl_l=0.0052 kl_f=0.0076 ev=0.84 sps=20.2
[seed 1] upd 220/488 step=225280 ep_ret=7.018 cap=0.00 kl_l=0.0070 kl_f=0.0084 ev=0.89 sps=20.2
  [eval] return=7.495+-0.001 captured=0.00 wasted=0.00 clean=0.00 DoD_margin=+4.439 vs_ippo=+0.763
[seed 1] upd 221/488 step=226304 ep_ret=8.019 cap=0.00 kl_l=0.0070 kl_f=0.0086 ev=0.94 sps=20.1
[seed 1] upd 222/488 step=227328 ep_ret=8.468 cap=0.00 kl_l=0.0072 kl_f=0.0091 ev=0.92 sps=20.2
[seed 1] upd 223/488 step=228352 ep_ret=7.219 cap=0.00 kl_l=0.0063 kl_f=0.0111 ev=0.87 sps=20.2
[seed 1] upd 224/488 step=229376 ep_ret=7.141 cap=0.00 kl_l=0.0055 kl_f=0.0098 ev=0.93 sps=20.2
[seed 1] upd 225/488 step=230400 ep_ret=5.994 cap=0.00 kl_l=0.0060 kl_f=0.0114 ev=0.94 sps=20.2
[seed 1] upd 226/488 step=231424 ep_ret=6.644 cap=0.00 kl_l=0.0064 kl_f=0.0081 ev=0.85 sps=20.2
[seed 1] upd 227/488 step=232448 ep_ret=7.597 cap=0.00 kl_l=0.0057 kl_f=0.0098 ev=0.91 sps=20.2
[seed 1] upd 228/488 step=233472 ep_ret=7.668 cap=0.00 kl_l=0.0058 kl_f=0.0119 ev=0.88 sps=20.2
[seed 1] upd 229/488 step=234496 ep_ret=7.594 cap=0.00 kl_l=0.0051 kl_f=0.0092 ev=0.93 sps=20.2
[seed 1] upd 230/488 step=235520 ep_ret=7.618 cap=0.00 kl_l=0.0066 kl_f=0.0092 ev=0.87 sps=20.2
[seed 1] upd 231/488 step=236544 ep_ret=7.244 cap=0.00 kl_l=0.0053 kl_f=0.0101 ev=0.92 sps=20.2
[seed 1] upd 232/488 step=237568 ep_ret=7.218 cap=0.00 kl_l=0.0049 kl_f=0.0087 ev=0.94 sps=20.2
[seed 1] upd 233/488 step=238592 ep_ret=7.766 cap=0.00 kl_l=0.0045 kl_f=0.0106 ev=0.94 sps=20.2
[seed 1] upd 234/488 step=239616 ep_ret=7.792 cap=0.00 kl_l=0.0070 kl_f=0.0110 ev=0.89 sps=20.2
[seed 1] upd 235/488 step=240640 ep_ret=6.644 cap=0.00 kl_l=0.0062 kl_f=0.0107 ev=0.90 sps=20.2
[seed 1] upd 236/488 step=241664 ep_ret=8.213 cap=0.00 kl_l=0.0065 kl_f=0.0106 ev=0.95 sps=20.2
[seed 1] upd 237/488 step=242688 ep_ret=7.118 cap=0.00 kl_l=0.0041 kl_f=0.0095 ev=0.82 sps=20.2
[seed 1] upd 238/488 step=243712 ep_ret=7.495 cap=0.00 kl_l=0.0059 kl_f=0.0127 ev=0.90 sps=20.2
[seed 1] upd 239/488 step=244736 ep_ret=6.619 cap=0.00 kl_l=0.0062 kl_f=0.0069 ev=0.91 sps=20.2
[seed 1] upd 240/488 step=245760 ep_ret=6.918 cap=0.00 kl_l=0.0052 kl_f=0.0090 ev=0.85 sps=20.2
  [eval] return=8.995+-0.001 captured=0.00 wasted=0.00 clean=0.00 DoD_margin=+5.938 vs_ippo=+2.262
[seed 1] upd 241/488 step=246784 ep_ret=7.202 cap=0.00 kl_l=0.0063 kl_f=0.0088 ev=0.78 sps=20.2
[seed 1] upd 242/488 step=247808 ep_ret=7.093 cap=0.00 kl_l=0.0063 kl_f=0.0065 ev=0.89 sps=20.2
[seed 1] upd 243/488 step=248832 ep_ret=8.464 cap=0.00 kl_l=0.0065 kl_f=0.0090 ev=0.90 sps=20.2
[seed 1] upd 244/488 step=249856 ep_ret=7.544 cap=0.00 kl_l=0.0082 kl_f=0.0090 ev=0.89 sps=20.2
[seed 1] upd 245/488 step=250880 ep_ret=7.790 cap=0.00 kl_l=0.0064 kl_f=0.0060 ev=0.83 sps=20.2
[seed 1] upd 246/488 step=251904 ep_ret=8.291 cap=0.00 kl_l=0.0056 kl_f=0.0076 ev=0.89 sps=20.2
[seed 1] upd 247/488 step=252928 ep_ret=7.391 cap=0.00 kl_l=0.0065 kl_f=0.0061 ev=0.86 sps=20.2
[seed 1] upd 248/488 step=253952 ep_ret=7.194 cap=0.00 kl_l=0.0059 kl_f=0.0119 ev=0.93 sps=20.2
[seed 1] upd 249/488 step=254976 ep_ret=6.443 cap=0.00 kl_l=0.0063 kl_f=0.0108 ev=0.88 sps=20.2
[seed 1] upd 250/488 step=256000 ep_ret=7.644 cap=0.00 kl_l=0.0054 kl_f=0.0080 ev=0.77 sps=20.2
[seed 1] upd 251/488 step=257024 ep_ret=7.388 cap=0.00 kl_l=0.0047 kl_f=0.0065 ev=0.92 sps=20.2
[seed 1] upd 252/488 step=258048 ep_ret=7.418 cap=0.00 kl_l=0.0057 kl_f=0.0104 ev=0.87 sps=20.2
[seed 1] upd 253/488 step=259072 ep_ret=7.519 cap=0.00 kl_l=0.0049 kl_f=0.0091 ev=0.92 sps=20.2
[seed 1] upd 254/488 step=260096 ep_ret=7.519 cap=0.00 kl_l=0.0068 kl_f=0.0102 ev=0.91 sps=20.2
[seed 1] upd 255/488 step=261120 ep_ret=7.543 cap=0.00 kl_l=0.0060 kl_f=0.0058 ev=0.84 sps=20.2
[seed 1] upd 256/488 step=262144 ep_ret=7.368 cap=0.00 kl_l=0.0053 kl_f=0.0100 ev=0.86 sps=20.2
[seed 1] upd 257/488 step=263168 ep_ret=7.970 cap=0.00 kl_l=0.0058 kl_f=0.0088 ev=0.79 sps=20.3
[seed 1] upd 258/488 step=264192 ep_ret=8.767 cap=0.00 kl_l=0.0048 kl_f=0.0081 ev=0.90 sps=20.3
[seed 1] upd 259/488 step=265216 ep_ret=8.195 cap=0.00 kl_l=0.0061 kl_f=0.0092 ev=0.96 sps=20.3
[seed 1] upd 260/488 step=266240 ep_ret=6.895 cap=0.00 kl_l=0.0054 kl_f=0.0088 ev=0.88 sps=20.3
  [eval] return=8.996+-0.001 captured=0.00 wasted=0.00 clean=0.00 DoD_margin=+5.940 vs_ippo=+2.264
[seed 1] upd 261/488 step=267264 ep_ret=7.744 cap=0.00 kl_l=0.0051 kl_f=0.0065 ev=0.80 sps=20.2
[seed 1] upd 262/488 step=268288 ep_ret=7.670 cap=0.00 kl_l=0.0041 kl_f=0.0092 ev=0.87 sps=20.2
[seed 1] upd 263/488 step=269312 ep_ret=8.068 cap=0.00 kl_l=0.0065 kl_f=0.0067 ev=0.82 sps=20.2
[seed 1] upd 264/488 step=270336 ep_ret=8.491 cap=0.00 kl_l=0.0056 kl_f=0.0051 ev=0.89 sps=20.2
[seed 1] upd 265/488 step=271360 ep_ret=7.194 cap=0.00 kl_l=0.0064 kl_f=0.0084 ev=0.88 sps=20.2
[seed 1] upd 266/488 step=272384 ep_ret=7.565 cap=0.00 kl_l=0.0056 kl_f=0.0079 ev=0.84 sps=20.2
[seed 1] upd 267/488 step=273408 ep_ret=8.267 cap=0.00 kl_l=0.0047 kl_f=0.0115 ev=0.86 sps=20.3
[seed 1] upd 268/488 step=274432 ep_ret=8.716 cap=0.00 kl_l=0.0053 kl_f=0.0072 ev=0.92 sps=20.3
[seed 1] upd 269/488 step=275456 ep_ret=8.267 cap=0.00 kl_l=0.0056 kl_f=0.0110 ev=0.91 sps=20.3
[seed 1] upd 270/488 step=276480 ep_ret=7.992 cap=0.00 kl_l=0.0054 kl_f=0.0102 ev=0.94 sps=20.3
[seed 1] upd 271/488 step=277504 ep_ret=7.418 cap=0.00 kl_l=0.0074 kl_f=0.0100 ev=0.92 sps=20.3
[seed 1] upd 272/488 step=278528 ep_ret=7.144 cap=0.00 kl_l=0.0048 kl_f=0.0099 ev=0.87 sps=20.3
[seed 1] upd 273/488 step=279552 ep_ret=8.167 cap=0.00 kl_l=0.0048 kl_f=0.0102 ev=0.92 sps=20.3
[seed 1] upd 274/488 step=280576 ep_ret=6.741 cap=0.00 kl_l=0.0066 kl_f=0.0118 ev=0.93 sps=20.3
[seed 1] upd 275/488 step=281600 ep_ret=8.389 cap=0.00 kl_l=0.0050 kl_f=0.0101 ev=0.93 sps=20.3
[seed 1] upd 276/488 step=282624 ep_ret=7.494 cap=0.00 kl_l=0.0054 kl_f=0.0081 ev=0.93 sps=20.3
[seed 1] upd 277/488 step=283648 ep_ret=8.592 cap=0.00 kl_l=0.0061 kl_f=0.0092 ev=0.94 sps=20.3
[seed 1] upd 278/488 step=284672 ep_ret=7.868 cap=0.00 kl_l=0.0061 kl_f=0.0087 ev=0.93 sps=20.3
[seed 1] upd 279/488 step=285696 ep_ret=7.641 cap=0.00 kl_l=0.0046 kl_f=0.0072 ev=0.92 sps=20.3
[seed 1] upd 280/488 step=286720 ep_ret=7.417 cap=0.00 kl_l=0.0061 kl_f=0.0094 ev=0.86 sps=20.3
  [eval] return=8.989+-0.002 captured=0.00 wasted=0.00 clean=0.00 DoD_margin=+5.933 vs_ippo=+2.257
[seed 1] upd 281/488 step=287744 ep_ret=8.018 cap=0.00 kl_l=0.0064 kl_f=0.0049 ev=0.90 sps=20.3
[seed 1] upd 282/488 step=288768 ep_ret=7.293 cap=0.00 kl_l=0.0053 kl_f=0.0079 ev=0.90 sps=20.3
[seed 1] upd 283/488 step=289792 ep_ret=7.543 cap=0.00 kl_l=0.0062 kl_f=0.0062 ev=0.91 sps=20.3
[seed 1] upd 284/488 step=290816 ep_ret=7.412 cap=0.00 kl_l=0.0051 kl_f=0.0075 ev=0.94 sps=20.3
[seed 1] upd 285/488 step=291840 ep_ret=6.521 cap=0.00 kl_l=0.0047 kl_f=0.0047 ev=0.75 sps=20.3
[seed 1] upd 286/488 step=292864 ep_ret=7.144 cap=0.00 kl_l=0.0051 kl_f=0.0081 ev=0.78 sps=20.3
[seed 1] upd 287/488 step=293888 ep_ret=8.242 cap=0.00 kl_l=0.0062 kl_f=0.0090 ev=0.91 sps=20.3
[seed 1] upd 288/488 step=294912 ep_ret=8.418 cap=0.00 kl_l=0.0052 kl_f=0.0099 ev=0.92 sps=20.3
[seed 1] upd 289/488 step=295936 ep_ret=7.768 cap=0.00 kl_l=0.0057 kl_f=0.0074 ev=0.94 sps=20.3
[seed 1] upd 290/488 step=296960 ep_ret=7.742 cap=0.00 kl_l=0.0044 kl_f=0.0091 ev=0.93 sps=20.3
[seed 1] upd 291/488 step=297984 ep_ret=8.042 cap=0.00 kl_l=0.0058 kl_f=0.0082 ev=0.94 sps=20.3
[seed 1] upd 292/488 step=299008 ep_ret=7.518 cap=0.00 kl_l=0.0062 kl_f=0.0058 ev=0.94 sps=20.3
[seed 1] upd 293/488 step=300032 ep_ret=7.769 cap=0.00 kl_l=0.0047 kl_f=0.0074 ev=0.88 sps=20.3
[seed 1] upd 294/488 step=301056 ep_ret=8.593 cap=0.00 kl_l=0.0048 kl_f=0.0098 ev=0.80 sps=20.3
[seed 1] upd 295/488 step=302080 ep_ret=8.493 cap=0.00 kl_l=0.0049 kl_f=0.0080 ev=0.92 sps=20.3
[seed 1] upd 296/488 step=303104 ep_ret=8.568 cap=0.00 kl_l=0.0052 kl_f=0.0062 ev=0.91 sps=20.3
[seed 1] upd 297/488 step=304128 ep_ret=7.819 cap=0.00 kl_l=0.0049 kl_f=0.0075 ev=0.86 sps=20.3
[seed 1] upd 298/488 step=305152 ep_ret=8.245 cap=0.00 kl_l=0.0050 kl_f=0.0062 ev=0.94 sps=20.3
[seed 1] upd 299/488 step=306176 ep_ret=8.920 cap=0.00 kl_l=0.0054 kl_f=0.0107 ev=0.93 sps=20.3
[seed 1] upd 300/488 step=307200 ep_ret=8.243 cap=0.00 kl_l=0.0057 kl_f=0.0062 ev=0.89 sps=20.3
  [eval] return=8.994+-0.003 captured=0.00 wasted=0.00 clean=0.00 DoD_margin=+5.937 vs_ippo=+2.261
[seed 1] upd 301/488 step=308224 ep_ret=7.919 cap=0.00 kl_l=0.0051 kl_f=0.0090 ev=0.89 sps=20.3
[seed 1] upd 302/488 step=309248 ep_ret=7.967 cap=0.00 kl_l=0.0043 kl_f=0.0075 ev=0.88 sps=20.3
[seed 1] upd 303/488 step=310272 ep_ret=8.943 cap=0.00 kl_l=0.0049 kl_f=0.0121 ev=0.88 sps=20.3
[seed 1] upd 304/488 step=311296 ep_ret=7.295 cap=0.00 kl_l=0.0052 kl_f=0.0081 ev=0.83 sps=20.3
[seed 1] upd 305/488 step=312320 ep_ret=8.120 cap=0.00 kl_l=0.0062 kl_f=0.0091 ev=0.90 sps=20.3
[seed 1] upd 306/488 step=313344 ep_ret=8.143 cap=0.00 kl_l=0.0057 kl_f=0.0092 ev=0.92 sps=20.3
[seed 1] upd 307/488 step=314368 ep_ret=8.867 cap=0.00 kl_l=0.0068 kl_f=0.0097 ev=0.85 sps=20.3
[seed 1] upd 308/488 step=315392 ep_ret=6.795 cap=0.00 kl_l=0.0063 kl_f=0.0074 ev=0.90 sps=20.3
[seed 1] upd 309/488 step=316416 ep_ret=8.694 cap=0.00 kl_l=0.0054 kl_f=0.0065 ev=0.93 sps=20.3
[seed 1] upd 310/488 step=317440 ep_ret=8.569 cap=0.00 kl_l=0.0056 kl_f=0.0071 ev=0.97 sps=20.3
[seed 1] upd 311/488 step=318464 ep_ret=10.042 cap=0.00 kl_l=0.0047 kl_f=0.0079 ev=0.88 sps=20.3
[seed 1] upd 312/488 step=319488 ep_ret=7.495 cap=0.00 kl_l=0.0058 kl_f=0.0109 ev=0.91 sps=20.3
[seed 1] upd 313/488 step=320512 ep_ret=7.920 cap=0.00 kl_l=0.0066 kl_f=0.0095 ev=0.87 sps=20.3
[seed 1] upd 314/488 step=321536 ep_ret=8.867 cap=0.00 kl_l=0.0047 kl_f=0.0071 ev=0.90 sps=20.3
[seed 1] upd 315/488 step=322560 ep_ret=8.895 cap=0.00 kl_l=0.0067 kl_f=0.0102 ev=0.88 sps=20.3
[seed 1] upd 316/488 step=323584 ep_ret=8.519 cap=0.00 kl_l=0.0054 kl_f=0.0089 ev=0.91 sps=20.3
[seed 1] upd 317/488 step=324608 ep_ret=8.845 cap=0.00 kl_l=0.0044 kl_f=0.0090 ev=0.92 sps=20.3
[seed 1] upd 318/488 step=325632 ep_ret=8.543 cap=0.00 kl_l=0.0050 kl_f=0.0074 ev=0.85 sps=20.3
[seed 1] upd 319/488 step=326656 ep_ret=8.970 cap=0.00 kl_l=0.0056 kl_f=0.0061 ev=0.93 sps=20.3
[seed 1] upd 320/488 step=327680 ep_ret=9.346 cap=0.00 kl_l=0.0060 kl_f=0.0095 ev=0.94 sps=20.3
  [eval] return=8.993+-0.002 captured=0.00 wasted=0.00 clean=0.00 DoD_margin=+5.937 vs_ippo=+2.261
[seed 1] upd 321/488 step=328704 ep_ret=8.045 cap=0.00 kl_l=0.0058 kl_f=0.0073 ev=0.90 sps=20.3
[seed 1] upd 322/488 step=329728 ep_ret=8.893 cap=0.00 kl_l=0.0051 kl_f=0.0084 ev=0.89 sps=20.3
[seed 1] upd 323/488 step=330752 ep_ret=8.944 cap=0.00 kl_l=0.0038 kl_f=0.0072 ev=0.94 sps=20.3
[seed 1] upd 324/488 step=331776 ep_ret=7.868 cap=0.00 kl_l=0.0061 kl_f=0.0075 ev=0.92 sps=20.3
[seed 1] upd 325/488 step=332800 ep_ret=9.094 cap=0.00 kl_l=0.0055 kl_f=0.0065 ev=0.89 sps=20.3
[seed 1] upd 326/488 step=333824 ep_ret=7.467 cap=0.00 kl_l=0.0054 kl_f=0.0079 ev=0.93 sps=20.3
[seed 1] upd 327/488 step=334848 ep_ret=9.268 cap=0.00 kl_l=0.0054 kl_f=0.0068 ev=0.92 sps=20.3
[seed 1] upd 328/488 step=335872 ep_ret=9.293 cap=0.00 kl_l=0.0053 kl_f=0.0082 ev=0.90 sps=20.3
[seed 1] upd 329/488 step=336896 ep_ret=7.093 cap=0.00 kl_l=0.0036 kl_f=0.0082 ev=0.88 sps=20.3
[seed 1] upd 330/488 step=337920 ep_ret=9.019 cap=0.00 kl_l=0.0061 kl_f=0.0072 ev=0.93 sps=20.3
[seed 1] upd 331/488 step=338944 ep_ret=8.719 cap=0.00 kl_l=0.0060 kl_f=0.0080 ev=0.93 sps=20.3
[seed 1] upd 332/488 step=339968 ep_ret=8.468 cap=0.00 kl_l=0.0049 kl_f=0.0069 ev=0.83 sps=20.3
[seed 1] upd 333/488 step=340992 ep_ret=7.370 cap=0.00 kl_l=0.0053 kl_f=0.0054 ev=0.90 sps=20.4
[seed 1] upd 334/488 step=342016 ep_ret=9.191 cap=0.00 kl_l=0.0066 kl_f=0.0073 ev=0.96 sps=20.4
[seed 1] upd 335/488 step=343040 ep_ret=9.492 cap=0.00 kl_l=0.0064 kl_f=0.0080 ev=0.97 sps=20.4
[seed 1] upd 336/488 step=344064 ep_ret=8.666 cap=0.00 kl_l=0.0043 kl_f=0.0069 ev=0.89 sps=20.4
[seed 1] upd 337/488 step=345088 ep_ret=9.420 cap=0.00 kl_l=0.0058 kl_f=0.0087 ev=0.92 sps=20.4
[seed 1] upd 338/488 step=346112 ep_ret=7.992 cap=0.00 kl_l=0.0062 kl_f=0.0057 ev=0.97 sps=20.4
[seed 1] upd 339/488 step=347136 ep_ret=8.944 cap=0.00 kl_l=0.0049 kl_f=0.0086 ev=0.93 sps=20.4
[seed 1] upd 340/488 step=348160 ep_ret=8.994 cap=0.00 kl_l=0.0052 kl_f=0.0078 ev=0.95 sps=20.4
  [eval] return=9.991+-0.001 captured=0.00 wasted=0.00 clean=0.00 DoD_margin=+6.935 vs_ippo=+3.259
[seed 1] upd 341/488 step=349184 ep_ret=9.843 cap=0.00 kl_l=0.0046 kl_f=0.0043 ev=0.91 sps=20.3
[seed 1] upd 342/488 step=350208 ep_ret=8.695 cap=0.00 kl_l=0.0066 kl_f=0.0069 ev=0.91 sps=20.3
[seed 1] upd 343/488 step=351232 ep_ret=8.645 cap=0.00 kl_l=0.0045 kl_f=0.0057 ev=0.92 sps=20.3
[seed 1] upd 344/488 step=352256 ep_ret=8.245 cap=0.00 kl_l=0.0045 kl_f=0.0071 ev=0.94 sps=20.4
[seed 1] upd 345/488 step=353280 ep_ret=9.469 cap=0.00 kl_l=0.0062 kl_f=0.0051 ev=0.86 sps=20.4
[seed 1] upd 346/488 step=354304 ep_ret=9.694 cap=0.00 kl_l=0.0051 kl_f=0.0075 ev=0.90 sps=20.4
[seed 1] upd 347/488 step=355328 ep_ret=9.694 cap=0.00 kl_l=0.0055 kl_f=0.0064 ev=0.97 sps=20.4
[seed 1] upd 348/488 step=356352 ep_ret=9.094 cap=0.00 kl_l=0.0059 kl_f=0.0074 ev=0.97 sps=20.4
[seed 1] upd 349/488 step=357376 ep_ret=9.093 cap=0.00 kl_l=0.0042 kl_f=0.0069 ev=0.95 sps=20.4
[seed 1] upd 350/488 step=358400 ep_ret=9.769 cap=0.00 kl_l=0.0061 kl_f=0.0055 ev=0.95 sps=20.4
[seed 1] upd 351/488 step=359424 ep_ret=9.868 cap=0.00 kl_l=0.0043 kl_f=0.0079 ev=0.89 sps=20.4
[seed 1] upd 352/488 step=360448 ep_ret=8.619 cap=0.00 kl_l=0.0043 kl_f=0.0060 ev=0.91 sps=20.4
[seed 1] upd 353/488 step=361472 ep_ret=7.595 cap=0.00 kl_l=0.0052 kl_f=0.0102 ev=0.93 sps=20.4
[seed 1] upd 354/488 step=362496 ep_ret=9.294 cap=0.00 kl_l=0.0054 kl_f=0.0065 ev=0.84 sps=20.4
[seed 1] upd 355/488 step=363520 ep_ret=9.218 cap=0.00 kl_l=0.0049 kl_f=0.0088 ev=0.94 sps=20.4
[seed 1] upd 356/488 step=364544 ep_ret=8.794 cap=0.00 kl_l=0.0058 kl_f=0.0051 ev=0.96 sps=20.4
[seed 1] upd 357/488 step=365568 ep_ret=8.521 cap=0.00 kl_l=0.0053 kl_f=0.0088 ev=0.93 sps=20.4
[seed 1] upd 358/488 step=366592 ep_ret=8.418 cap=0.00 kl_l=0.0060 kl_f=0.0067 ev=0.93 sps=20.4
[seed 1] upd 359/488 step=367616 ep_ret=8.518 cap=0.00 kl_l=0.0047 kl_f=0.0045 ev=0.94 sps=20.4
[seed 1] upd 360/488 step=368640 ep_ret=9.368 cap=0.00 kl_l=0.0048 kl_f=0.0070 ev=0.96 sps=20.4
  [eval] return=8.993+-0.001 captured=0.00 wasted=0.00 clean=0.00 DoD_margin=+5.936 vs_ippo=+2.260
[seed 1] upd 361/488 step=369664 ep_ret=10.219 cap=0.00 kl_l=0.0050 kl_f=0.0067 ev=0.93 sps=20.4
[seed 1] upd 362/488 step=370688 ep_ret=9.469 cap=0.00 kl_l=0.0048 kl_f=0.0042 ev=0.90 sps=20.4
[seed 1] upd 363/488 step=371712 ep_ret=7.772 cap=0.00 kl_l=0.0049 kl_f=0.0102 ev=0.84 sps=20.4
[seed 1] upd 364/488 step=372736 ep_ret=9.171 cap=0.00 kl_l=0.0056 kl_f=0.0057 ev=0.93 sps=20.4
[seed 1] upd 365/488 step=373760 ep_ret=8.794 cap=0.00 kl_l=0.0061 kl_f=0.0068 ev=0.95 sps=20.4
[seed 1] upd 366/488 step=374784 ep_ret=8.645 cap=0.00 kl_l=0.0048 kl_f=0.0073 ev=0.95 sps=20.4
[seed 1] upd 367/488 step=375808 ep_ret=9.519 cap=0.00 kl_l=0.0044 kl_f=0.0081 ev=0.94 sps=20.4
[seed 1] upd 368/488 step=376832 ep_ret=7.668 cap=0.00 kl_l=0.0049 kl_f=0.0078 ev=0.89 sps=20.4
[seed 1] upd 369/488 step=377856 ep_ret=8.320 cap=0.00 kl_l=0.0048 kl_f=0.0050 ev=0.97 sps=20.4
[seed 1] upd 370/488 step=378880 ep_ret=9.468 cap=0.00 kl_l=0.0058 kl_f=0.0067 ev=0.97 sps=20.4
[seed 1] upd 371/488 step=379904 ep_ret=9.244 cap=0.00 kl_l=0.0048 kl_f=0.0096 ev=0.98 sps=20.4
[seed 1] upd 372/488 step=380928 ep_ret=8.294 cap=0.00 kl_l=0.0050 kl_f=0.0070 ev=0.94 sps=20.4
[seed 1] upd 373/488 step=381952 ep_ret=8.793 cap=0.00 kl_l=0.0052 kl_f=0.0084 ev=0.96 sps=20.4
[seed 1] upd 374/488 step=382976 ep_ret=8.694 cap=0.00 kl_l=0.0056 kl_f=0.0091 ev=0.85 sps=20.4
[seed 1] upd 375/488 step=384000 ep_ret=9.167 cap=0.00 kl_l=0.0042 kl_f=0.0071 ev=0.97 sps=20.4
[seed 1] upd 376/488 step=385024 ep_ret=8.919 cap=0.00 kl_l=0.0049 kl_f=0.0053 ev=0.96 sps=20.4
[seed 1] upd 377/488 step=386048 ep_ret=9.044 cap=0.00 kl_l=0.0048 kl_f=0.0071 ev=0.96 sps=20.4
[seed 1] upd 378/488 step=387072 ep_ret=8.296 cap=0.00 kl_l=0.0052 kl_f=0.0058 ev=0.97 sps=20.4
[seed 1] upd 379/488 step=388096 ep_ret=8.742 cap=0.00 kl_l=0.0043 kl_f=0.0078 ev=0.94 sps=20.4
[seed 1] upd 380/488 step=389120 ep_ret=8.942 cap=0.00 kl_l=0.0045 kl_f=0.0059 ev=0.97 sps=20.4
  [eval] return=8.991+-0.002 captured=0.00 wasted=0.00 clean=0.00 DoD_margin=+5.935 vs_ippo=+2.259
[seed 1] upd 381/488 step=390144 ep_ret=8.345 cap=0.00 kl_l=0.0049 kl_f=0.0049 ev=0.94 sps=20.4
[seed 1] upd 382/488 step=391168 ep_ret=9.745 cap=0.00 kl_l=0.0043 kl_f=0.0065 ev=0.86 sps=20.4
[seed 1] upd 383/488 step=392192 ep_ret=8.668 cap=0.00 kl_l=0.0047 kl_f=0.0077 ev=0.94 sps=20.4
[seed 1] upd 384/488 step=393216 ep_ret=9.842 cap=0.00 kl_l=0.0040 kl_f=0.0062 ev=0.91 sps=20.4
[seed 1] upd 385/488 step=394240 ep_ret=9.094 cap=0.00 kl_l=0.0046 kl_f=0.0066 ev=0.96 sps=20.4
[seed 1] upd 386/488 step=395264 ep_ret=9.018 cap=0.00 kl_l=0.0053 kl_f=0.0078 ev=0.92 sps=20.4
[seed 1] upd 387/488 step=396288 ep_ret=8.245 cap=0.00 kl_l=0.0058 kl_f=0.0054 ev=0.94 sps=20.4
[seed 1] upd 388/488 step=397312 ep_ret=7.744 cap=0.00 kl_l=0.0049 kl_f=0.0055 ev=0.90 sps=20.4
[seed 1] upd 389/488 step=398336 ep_ret=9.568 cap=0.00 kl_l=0.0054 kl_f=0.0069 ev=0.97 sps=20.4
[seed 1] upd 390/488 step=399360 ep_ret=9.543 cap=0.00 kl_l=0.0053 kl_f=0.0056 ev=0.96 sps=20.4
[seed 1] upd 391/488 step=400384 ep_ret=9.143 cap=0.00 kl_l=0.0062 kl_f=0.0041 ev=0.92 sps=20.4
[seed 1] upd 392/488 step=401408 ep_ret=9.542 cap=0.00 kl_l=0.0049 kl_f=0.0047 ev=0.97 sps=20.4
[seed 1] upd 393/488 step=402432 ep_ret=10.167 cap=0.00 kl_l=0.0050 kl_f=0.0050 ev=0.90 sps=20.4
[seed 1] upd 394/488 step=403456 ep_ret=8.867 cap=0.00 kl_l=0.0050 kl_f=0.0071 ev=0.95 sps=20.4
[seed 1] upd 395/488 step=404480 ep_ret=9.042 cap=0.00 kl_l=0.0065 kl_f=0.0055 ev=0.91 sps=20.4
[seed 1] upd 396/488 step=405504 ep_ret=9.264 cap=0.00 kl_l=0.0041 kl_f=0.0079 ev=0.94 sps=20.4
[seed 1] upd 397/488 step=406528 ep_ret=9.940 cap=0.00 kl_l=0.0042 kl_f=0.0043 ev=0.93 sps=20.4
[seed 1] upd 398/488 step=407552 ep_ret=9.363 cap=0.00 kl_l=0.0050 kl_f=0.0052 ev=0.96 sps=20.4
[seed 1] upd 399/488 step=408576 ep_ret=9.191 cap=0.00 kl_l=0.0045 kl_f=0.0044 ev=0.96 sps=20.4
[seed 1] upd 400/488 step=409600 ep_ret=8.769 cap=0.00 kl_l=0.0050 kl_f=0.0064 ev=0.82 sps=20.4
  [eval] return=9.836+-0.356 captured=0.00 wasted=0.00 clean=0.00 DoD_margin=+6.780 vs_ippo=+3.104
[seed 1] upd 401/488 step=410624 ep_ret=8.519 cap=0.00 kl_l=0.0038 kl_f=0.0066 ev=0.93 sps=20.4
[seed 1] upd 402/488 step=411648 ep_ret=9.542 cap=0.00 kl_l=0.0044 kl_f=0.0076 ev=0.92 sps=20.4
[seed 1] upd 403/488 step=412672 ep_ret=8.968 cap=0.00 kl_l=0.0054 kl_f=0.0061 ev=0.93 sps=20.4
[seed 1] upd 404/488 step=413696 ep_ret=9.819 cap=0.00 kl_l=0.0039 kl_f=0.0062 ev=0.90 sps=20.4
[seed 1] upd 405/488 step=414720 ep_ret=9.240 cap=0.00 kl_l=0.0043 kl_f=0.0061 ev=0.94 sps=20.4
[seed 1] upd 406/488 step=415744 ep_ret=8.769 cap=0.00 kl_l=0.0053 kl_f=0.0055 ev=0.96 sps=20.4
[seed 1] upd 407/488 step=416768 ep_ret=9.467 cap=0.00 kl_l=0.0038 kl_f=0.0075 ev=0.95 sps=20.4
[seed 1] upd 408/488 step=417792 ep_ret=9.516 cap=0.00 kl_l=0.0060 kl_f=0.0091 ev=0.89 sps=20.4
[seed 1] upd 409/488 step=418816 ep_ret=8.869 cap=0.00 kl_l=0.0054 kl_f=0.0044 ev=0.93 sps=20.4
[seed 1] upd 410/488 step=419840 ep_ret=9.393 cap=0.00 kl_l=0.0039 kl_f=0.0058 ev=0.92 sps=20.4
[seed 1] upd 411/488 step=420864 ep_ret=9.144 cap=0.00 kl_l=0.0044 kl_f=0.0042 ev=0.93 sps=20.4
[seed 1] upd 412/488 step=421888 ep_ret=9.568 cap=0.00 kl_l=0.0041 kl_f=0.0049 ev=0.96 sps=20.4
[seed 1] upd 413/488 step=422912 ep_ret=8.296 cap=0.00 kl_l=0.0043 kl_f=0.0041 ev=0.93 sps=20.4
[seed 1] upd 414/488 step=423936 ep_ret=8.941 cap=0.00 kl_l=0.0044 kl_f=0.0058 ev=0.95 sps=20.4
[seed 1] upd 415/488 step=424960 ep_ret=9.970 cap=0.00 kl_l=0.0040 kl_f=0.0079 ev=0.96 sps=20.4
[seed 1] upd 416/488 step=425984 ep_ret=9.342 cap=0.00 kl_l=0.0044 kl_f=0.0079 ev=0.96 sps=20.4
[seed 1] upd 417/488 step=427008 ep_ret=9.694 cap=0.00 kl_l=0.0037 kl_f=0.0075 ev=0.80 sps=20.4
[seed 1] upd 418/488 step=428032 ep_ret=9.219 cap=0.00 kl_l=0.0050 kl_f=0.0041 ev=0.84 sps=20.4
[seed 1] upd 419/488 step=429056 ep_ret=9.094 cap=0.00 kl_l=0.0047 kl_f=0.0070 ev=0.93 sps=20.4
[seed 1] upd 420/488 step=430080 ep_ret=9.468 cap=0.00 kl_l=0.0043 kl_f=0.0045 ev=0.93 sps=20.4
  [eval] return=9.978+-0.003 captured=0.00 wasted=0.00 clean=0.00 DoD_margin=+6.922 vs_ippo=+3.246
[seed 1] upd 421/488 step=431104 ep_ret=9.793 cap=0.00 kl_l=0.0043 kl_f=0.0036 ev=0.95 sps=20.4
[seed 1] upd 422/488 step=432128 ep_ret=8.869 cap=0.00 kl_l=0.0041 kl_f=0.0055 ev=0.93 sps=20.4
[seed 1] upd 423/488 step=433152 ep_ret=9.417 cap=0.00 kl_l=0.0039 kl_f=0.0054 ev=0.95 sps=20.4
[seed 1] upd 424/488 step=434176 ep_ret=10.391 cap=0.00 kl_l=0.0032 kl_f=0.0054 ev=0.89 sps=20.4
[seed 1] upd 425/488 step=435200 ep_ret=7.542 cap=0.00 kl_l=0.0047 kl_f=0.0045 ev=0.84 sps=20.4
[seed 1] upd 426/488 step=436224 ep_ret=8.743 cap=0.00 kl_l=0.0049 kl_f=0.0047 ev=0.94 sps=20.4
[seed 1] upd 427/488 step=437248 ep_ret=8.445 cap=0.00 kl_l=0.0036 kl_f=0.0061 ev=0.95 sps=20.4
[seed 1] upd 428/488 step=438272 ep_ret=9.519 cap=0.00 kl_l=0.0041 kl_f=0.0068 ev=0.97 sps=20.4
[seed 1] upd 429/488 step=439296 ep_ret=9.267 cap=0.00 kl_l=0.0046 kl_f=0.0055 ev=0.94 sps=20.4
[seed 1] upd 430/488 step=440320 ep_ret=9.068 cap=0.00 kl_l=0.0041 kl_f=0.0086 ev=0.95 sps=20.4
[seed 1] upd 431/488 step=441344 ep_ret=9.192 cap=0.00 kl_l=0.0055 kl_f=0.0051 ev=0.93 sps=20.5
[seed 1] upd 432/488 step=442368 ep_ret=9.567 cap=0.00 kl_l=0.0043 kl_f=0.0067 ev=0.91 sps=20.5
[seed 1] upd 433/488 step=443392 ep_ret=9.394 cap=0.00 kl_l=0.0038 kl_f=0.0061 ev=0.95 sps=20.5
[seed 1] upd 434/488 step=444416 ep_ret=9.045 cap=0.00 kl_l=0.0046 kl_f=0.0051 ev=0.93 sps=20.5
[seed 1] upd 435/488 step=445440 ep_ret=9.293 cap=0.00 kl_l=0.0043 kl_f=0.0067 ev=0.90 sps=20.5
[seed 1] upd 436/488 step=446464 ep_ret=8.644 cap=0.00 kl_l=0.0052 kl_f=0.0042 ev=0.93 sps=20.5
[seed 1] upd 437/488 step=447488 ep_ret=9.966 cap=0.00 kl_l=0.0032 kl_f=0.0054 ev=0.96 sps=20.5
[seed 1] upd 438/488 step=448512 ep_ret=8.369 cap=0.00 kl_l=0.0035 kl_f=0.0060 ev=0.90 sps=20.5
[seed 1] upd 439/488 step=449536 ep_ret=9.544 cap=0.00 kl_l=0.0044 kl_f=0.0062 ev=0.97 sps=20.5
[seed 1] upd 440/488 step=450560 ep_ret=8.620 cap=0.00 kl_l=0.0052 kl_f=0.0052 ev=0.98 sps=20.5
  [eval] return=9.990+-0.002 captured=0.00 wasted=0.00 clean=0.00 DoD_margin=+6.933 vs_ippo=+3.258
[seed 1] upd 441/488 step=451584 ep_ret=10.442 cap=0.00 kl_l=0.0041 kl_f=0.0044 ev=0.97 sps=20.4
[seed 1] upd 442/488 step=452608 ep_ret=8.293 cap=0.00 kl_l=0.0054 kl_f=0.0058 ev=0.96 sps=20.4
[seed 1] upd 443/488 step=453632 ep_ret=9.716 cap=0.00 kl_l=0.0041 kl_f=0.0057 ev=0.96 sps=20.5
[seed 1] upd 444/488 step=454656 ep_ret=8.418 cap=0.00 kl_l=0.0041 kl_f=0.0072 ev=0.93 sps=20.5
[seed 1] upd 445/488 step=455680 ep_ret=9.894 cap=0.00 kl_l=0.0052 kl_f=0.0048 ev=0.93 sps=20.5
[seed 1] upd 446/488 step=456704 ep_ret=9.866 cap=0.00 kl_l=0.0059 kl_f=0.0062 ev=0.95 sps=20.5
[seed 1] upd 447/488 step=457728 ep_ret=9.368 cap=0.00 kl_l=0.0045 kl_f=0.0048 ev=0.91 sps=20.5
[seed 1] upd 448/488 step=458752 ep_ret=8.418 cap=0.00 kl_l=0.0059 kl_f=0.0045 ev=0.79 sps=20.5
[seed 1] upd 449/488 step=459776 ep_ret=9.474 cap=0.00 kl_l=0.0036 kl_f=0.0047 ev=0.93 sps=20.5
[seed 1] upd 450/488 step=460800 ep_ret=9.594 cap=0.00 kl_l=0.0037 kl_f=0.0037 ev=0.93 sps=20.5
[seed 1] upd 451/488 step=461824 ep_ret=9.094 cap=0.00 kl_l=0.0046 kl_f=0.0043 ev=0.96 sps=20.5
[seed 1] upd 452/488 step=462848 ep_ret=10.443 cap=0.00 kl_l=0.0042 kl_f=0.0058 ev=0.94 sps=20.5
[seed 1] upd 453/488 step=463872 ep_ret=10.067 cap=0.00 kl_l=0.0042 kl_f=0.0033 ev=0.94 sps=20.5
[seed 1] upd 454/488 step=464896 ep_ret=9.593 cap=0.00 kl_l=0.0042 kl_f=0.0075 ev=0.97 sps=20.5
[seed 1] upd 455/488 step=465920 ep_ret=10.493 cap=0.00 kl_l=0.0034 kl_f=0.0067 ev=0.96 sps=20.5
[seed 1] upd 456/488 step=466944 ep_ret=9.992 cap=0.00 kl_l=0.0042 kl_f=0.0057 ev=0.98 sps=20.5
[seed 1] upd 457/488 step=467968 ep_ret=10.344 cap=0.00 kl_l=0.0029 kl_f=0.0044 ev=0.96 sps=20.5
[seed 1] upd 458/488 step=468992 ep_ret=9.544 cap=0.00 kl_l=0.0030 kl_f=0.0045 ev=0.91 sps=20.5
[seed 1] upd 459/488 step=470016 ep_ret=9.046 cap=0.00 kl_l=0.0042 kl_f=0.0051 ev=0.95 sps=20.5
[seed 1] upd 460/488 step=471040 ep_ret=9.418 cap=0.00 kl_l=0.0044 kl_f=0.0064 ev=0.97 sps=20.5
  [eval] return=9.988+-0.002 captured=0.00 wasted=0.00 clean=0.00 DoD_margin=+6.931 vs_ippo=+3.256
[seed 1] upd 461/488 step=472064 ep_ret=9.568 cap=0.00 kl_l=0.0028 kl_f=0.0058 ev=0.91 sps=20.5
[seed 1] upd 462/488 step=473088 ep_ret=7.918 cap=0.00 kl_l=0.0028 kl_f=0.0082 ev=0.82 sps=20.5
[seed 1] upd 463/488 step=474112 ep_ret=9.716 cap=0.00 kl_l=0.0038 kl_f=0.0046 ev=0.89 sps=20.5
[seed 1] upd 464/488 step=475136 ep_ret=9.692 cap=0.00 kl_l=0.0039 kl_f=0.0051 ev=0.88 sps=20.5
[seed 1] upd 465/488 step=476160 ep_ret=9.268 cap=0.00 kl_l=0.0031 kl_f=0.0031 ev=0.96 sps=20.5
[seed 1] upd 466/488 step=477184 ep_ret=9.019 cap=0.00 kl_l=0.0028 kl_f=0.0033 ev=0.97 sps=20.5
[seed 1] upd 467/488 step=478208 ep_ret=8.744 cap=0.00 kl_l=0.0033 kl_f=0.0045 ev=0.96 sps=20.5
[seed 1] upd 468/488 step=479232 ep_ret=8.545 cap=0.00 kl_l=0.0029 kl_f=0.0037 ev=0.96 sps=20.5
[seed 1] upd 469/488 step=480256 ep_ret=8.994 cap=0.00 kl_l=0.0033 kl_f=0.0035 ev=0.96 sps=20.5
[seed 1] upd 470/488 step=481280 ep_ret=8.444 cap=0.00 kl_l=0.0032 kl_f=0.0036 ev=0.91 sps=20.5
[seed 1] upd 471/488 step=482304 ep_ret=9.219 cap=0.00 kl_l=0.0045 kl_f=0.0062 ev=0.95 sps=20.5
[seed 1] upd 472/488 step=483328 ep_ret=9.269 cap=0.00 kl_l=0.0033 kl_f=0.0035 ev=0.92 sps=20.5
[seed 1] upd 473/488 step=484352 ep_ret=9.193 cap=0.00 kl_l=0.0030 kl_f=0.0018 ev=0.97 sps=20.5
[seed 1] upd 474/488 step=485376 ep_ret=10.541 cap=0.00 kl_l=0.0026 kl_f=0.0038 ev=0.94 sps=20.5
[seed 1] upd 475/488 step=486400 ep_ret=9.142 cap=0.00 kl_l=0.0037 kl_f=0.0048 ev=0.97 sps=20.5
[seed 1] upd 476/488 step=487424 ep_ret=10.193 cap=0.00 kl_l=0.0028 kl_f=0.0045 ev=0.92 sps=20.5
[seed 1] upd 477/488 step=488448 ep_ret=9.443 cap=0.00 kl_l=0.0028 kl_f=0.0062 ev=0.97 sps=20.5
[seed 1] upd 478/488 step=489472 ep_ret=9.867 cap=0.00 kl_l=0.0036 kl_f=0.0039 ev=0.98 sps=20.5
[seed 1] upd 479/488 step=490496 ep_ret=9.766 cap=0.00 kl_l=0.0037 kl_f=0.0044 ev=0.97 sps=20.5
[seed 1] upd 480/488 step=491520 ep_ret=8.993 cap=0.00 kl_l=0.0039 kl_f=0.0037 ev=0.97 sps=20.4
  [eval] return=9.988+-0.002 captured=0.00 wasted=0.00 clean=0.00 DoD_margin=+6.932 vs_ippo=+3.256
[seed 1] upd 481/488 step=492544 ep_ret=9.768 cap=0.00 kl_l=0.0033 kl_f=0.0036 ev=0.89 sps=20.4
[seed 1] upd 482/488 step=493568 ep_ret=9.567 cap=0.00 kl_l=0.0030 kl_f=0.0054 ev=0.94 sps=20.4
[seed 1] upd 483/488 step=494592 ep_ret=10.117 cap=0.00 kl_l=0.0029 kl_f=0.0043 ev=0.95 sps=20.4
[seed 1] upd 484/488 step=495616 ep_ret=11.242 cap=0.00 kl_l=0.0028 kl_f=0.0040 ev=0.95 sps=20.4
[seed 1] upd 485/488 step=496640 ep_ret=9.843 cap=0.00 kl_l=0.0046 kl_f=0.0038 ev=0.95 sps=20.4
[seed 1] upd 486/488 step=497664 ep_ret=8.744 cap=0.00 kl_l=0.0034 kl_f=0.0042 ev=0.93 sps=20.4
[seed 1] upd 487/488 step=498688 ep_ret=9.394 cap=0.00 kl_l=0.0035 kl_f=0.0044 ev=0.97 sps=20.4
[seed 1] upd 488/488 step=499712 ep_ret=10.045 cap=0.00 kl_l=0.0046 kl_f=0.0033 ev=0.93 sps=20.4
  [eval] return=9.990+-0.002 captured=0.00 wasted=0.00 clean=0.00 DoD_margin=+6.933 vs_ippo=+3.257
wandb: 
wandb: Run history:
wandb:   clip_fraction_action ▁▁▁▂▂▃▂▃▃▃▃▃▄▄▄▅▅▅▅▅▆▆▅▅▆▆▆▇▆▆▇▇▇▇▇▇▇███
wandb:   critic/explained_var ▁▇▇▇▇███████████████████████████████████
wandb:      critic/value_loss ▅▆█▆▄▅▅▅▄▄▄▃▃▂▂▂▃▂▂▂▂▂▁▂▁▂▂▁▁▁▂▁▁▁▁▁▁▁▁▁
wandb:             epochs_ran ▁▁▁▁▁▁▁▁▁▁▁▁▁▁▁▁▁▁▁▁▁▁▁▁▁▁▁▁▁▁▁▁▁▁▁▁▁▁▁▁
wandb:     eval/captured_rate ▁▁▁▁▁▁▁▁▁▁▁▁▁▁▁▁▁▁▁▁▁▁▁▁▁
wandb:  eval/clean_cross_rate ▁▁▁▁▁▁▁▁▁▁▁▁▁▁▁▁▁▁▁▁▁▁▁▁▁
wandb:        eval/dod_margin ▃▁▁▁▄▆▇▇▆▇▆▇▇▇▇▇█▇▇██████
wandb:          eval/episodes ▁▁▁▁▁▁▁▁▁▁▁▁▁▁▁▁▁▁▁▁▁▁▁▁▁
wandb: eval/headline_sum_mean ▅▁▁▁▄▆▇▇▇█▇█▇▇▇▇█▇▇██████
wandb:          eval/len_mean █▁▁▁▁▁▁▁▁▁▁▁▁▁▁▁▁▁▁▁▁▁▁▁▁
wandb:                    +29 ...
wandb: 
wandb: Run summary:
wandb:   clip_fraction_action 0.49036
wandb:   critic/explained_var 0.93164
wandb:      critic/value_loss 0.05469
wandb:       dod_margin_last3 6.93202
wandb:             epochs_ran 10
wandb:     eval/captured_rate 0
wandb:  eval/clean_cross_rate 0
wandb:        eval/dod_margin 6.93313
wandb:          eval/episodes 20
wandb: eval/headline_sum_mean 9.9896
wandb:                    +32 ...
wandb: 
wandb: You can sync this run to the cloud by running:
wandb: wandb sync /data/hjhong/l2/wandb/wandb/offline-run-20260705_034225-yvcwxwbu
wandb: Find logs at: /data/hjhong/l2/wandb/wandb/offline-run-20260705_034225-yvcwxwbu/logs

=== summary (last-3-eval mean; 2C DoD: >=IPPO / 2D DoD: >=MAPPO) ===
  seed 1: last3_return=9.988 last3_margin=+6.932 vs_ippo=+3.256
