wandb: Tracking run with wandb version 0.28.0
wandb: W&B syncing is set to `offline` in this directory. Run `wandb online` or set WANDB_MODE=online to enable cloud syncing.
wandb: Run data is saved locally in /data/hjhong/l2/wandb/wandb/offline-run-20260705_000312-esz60k90
wandb: View this run in the terminal with `wandb leet`
[baseline hold_position] return=0.000+-0.000 captured=0.00
[baseline scripted_shaping] return=3.060+-0.010 captured=0.00
[ippo ref] mean_last3_return=6.732 per_seed={0: 5.701788090471795, 1: 8.849184441182201, 2: 5.645959797657081}
/data/hjhong/l2/newURP/.venv-l2/lib/python3.10/site-packages/torch/nn/modules/linear.py:125: UserWarning: Deterministic behavior was enabled with either `torch.use_deterministic_algorithms(True)` or `at::Context::setDeterministicAlgorithms(true)`, but this operation is not deterministic because it uses CuBLAS and you have CUDA >= 10.2. To enable deterministic behavior in this case, you must set an environment variable before running your PyTorch application: CUBLAS_WORKSPACE_CONFIG=:4096:8 or CUBLAS_WORKSPACE_CONFIG=:16:8. For more information, go to https://docs.nvidia.com/cuda/cublas/index.html#results-reproducibility (Triggered internally at /pytorch/aten/src/ATen/Context.cpp:217.)
  return F.linear(input, self.weight, self.bias)
/data/hjhong/l2/newURP/.venv-l2/lib/python3.10/site-packages/torch/autograd/graph.py:823: UserWarning: Deterministic behavior was enabled with either `torch.use_deterministic_algorithms(True)` or `at::Context::setDeterministicAlgorithms(true)`, but this operation is not deterministic because it uses CuBLAS and you have CUDA >= 10.2. To enable deterministic behavior in this case, you must set an environment variable before running your PyTorch application: CUBLAS_WORKSPACE_CONFIG=:4096:8 or CUBLAS_WORKSPACE_CONFIG=:16:8. For more information, go to https://docs.nvidia.com/cuda/cublas/index.html#results-reproducibility (Triggered internally at /pytorch/aten/src/ATen/Context.cpp:217.)
  return Variable._execution_engine.run_backward(  # Calls into the C++ engine to run the backward pass
[seed 0] upd 1/390 step=512 ep_ret=0.100 cap=0.00 kl_l=0.0045 kl_f=0.0046 ev=-0.83 sps=20.7
[seed 0] upd 2/390 step=1024 ep_ret=0.167 cap=0.00 kl_l=0.0022 kl_f=0.0049 ev=0.24 sps=20.7
[seed 0] upd 3/390 step=1536 ep_ret=0.101 cap=0.00 kl_l=0.0034 kl_f=0.0047 ev=0.30 sps=20.8
[seed 0] upd 4/390 step=2048 ep_ret=0.125 cap=0.00 kl_l=0.0041 kl_f=0.0045 ev=0.26 sps=20.8
[seed 0] upd 5/390 step=2560 ep_ret=0.347 cap=0.00 kl_l=0.0030 kl_f=0.0059 ev=0.27 sps=20.8
[seed 0] upd 6/390 step=3072 ep_ret=0.414 cap=0.00 kl_l=0.0051 kl_f=0.0070 ev=0.37 sps=20.8
[seed 0] upd 7/390 step=3584 ep_ret=0.604 cap=0.00 kl_l=0.0038 kl_f=0.0086 ev=0.51 sps=20.7
[seed 0] upd 8/390 step=4096 ep_ret=0.600 cap=0.00 kl_l=0.0058 kl_f=0.0065 ev=0.37 sps=20.7
[seed 0] upd 9/390 step=4608 ep_ret=0.621 cap=0.00 kl_l=0.0052 kl_f=0.0090 ev=0.53 sps=20.7
[seed 0] upd 10/390 step=5120 ep_ret=0.323 cap=0.00 kl_l=0.0043 kl_f=0.0081 ev=0.26 sps=20.7
[seed 0] upd 11/390 step=5632 ep_ret=1.296 cap=0.00 kl_l=0.0060 kl_f=0.0078 ev=0.43 sps=20.7
[seed 0] upd 12/390 step=6144 ep_ret=0.822 cap=0.00 kl_l=0.0068 kl_f=0.0084 ev=0.52 sps=20.6
[seed 0] upd 13/390 step=6656 ep_ret=1.542 cap=0.00 kl_l=0.0058 kl_f=0.0091 ev=0.68 sps=20.6
[seed 0] upd 14/390 step=7168 ep_ret=1.369 cap=0.00 kl_l=0.0038 kl_f=0.0065 ev=0.40 sps=20.6
[seed 0] upd 15/390 step=7680 ep_ret=2.200 cap=0.00 kl_l=0.0060 kl_f=0.0104 ev=0.49 sps=20.6
[seed 0] upd 16/390 step=8192 ep_ret=1.651 cap=0.00 kl_l=0.0047 kl_f=0.0103 ev=0.59 sps=20.6
[seed 0] upd 17/390 step=8704 ep_ret=2.017 cap=0.00 kl_l=0.0057 kl_f=0.0102 ev=0.63 sps=20.6
[seed 0] upd 18/390 step=9216 ep_ret=2.365 cap=0.00 kl_l=0.0060 kl_f=0.0094 ev=0.71 sps=20.6
[seed 0] upd 19/390 step=9728 ep_ret=2.573 cap=0.00 kl_l=0.0074 kl_f=0.0095 ev=0.69 sps=20.6
[seed 0] upd 20/390 step=10240 ep_ret=1.880 cap=0.00 kl_l=0.0058 kl_f=0.0101 ev=0.74 sps=20.6
  [eval] return=1.684+-0.458 captured=0.00 wasted=0.00 clean=0.00 DoD_margin=-1.376 vs_ippo=-5.049
[seed 0] upd 21/390 step=10752 ep_ret=2.272 cap=0.00 kl_l=0.0053 kl_f=0.0112 ev=0.51 sps=19.8
[seed 0] upd 22/390 step=11264 ep_ret=2.049 cap=0.00 kl_l=0.0050 kl_f=0.0109 ev=0.57 sps=19.8
[seed 0] upd 23/390 step=11776 ep_ret=2.617 cap=0.00 kl_l=0.0078 kl_f=0.0100 ev=0.73 sps=19.8
[seed 0] upd 24/390 step=12288 ep_ret=2.101 cap=0.00 kl_l=0.0064 kl_f=0.0092 ev=0.66 sps=19.8
[seed 0] upd 25/390 step=12800 ep_ret=2.415 cap=0.00 kl_l=0.0056 kl_f=0.0107 ev=0.76 sps=19.9
[seed 0] upd 26/390 step=13312 ep_ret=1.622 cap=0.00 kl_l=0.0061 kl_f=0.0095 ev=0.41 sps=19.9
[seed 0] upd 27/390 step=13824 ep_ret=2.372 cap=0.00 kl_l=0.0075 kl_f=0.0099 ev=0.66 sps=19.9
[seed 0] upd 28/390 step=14336 ep_ret=2.317 cap=0.00 kl_l=0.0057 kl_f=0.0100 ev=0.64 sps=19.9
[seed 0] upd 29/390 step=14848 ep_ret=1.578 cap=0.00 kl_l=0.0073 kl_f=0.0106 ev=0.44 sps=19.9
[seed 0] upd 30/390 step=15360 ep_ret=1.963 cap=0.00 kl_l=0.0061 kl_f=0.0114 ev=0.49 sps=20.0
[seed 0] upd 31/390 step=15872 ep_ret=2.439 cap=0.00 kl_l=0.0058 kl_f=0.0100 ev=0.57 sps=20.0
[seed 0] upd 32/390 step=16384 ep_ret=2.596 cap=0.00 kl_l=0.0073 kl_f=0.0107 ev=0.39 sps=20.0
[seed 0] upd 33/390 step=16896 ep_ret=2.094 cap=0.00 kl_l=0.0063 kl_f=0.0094 ev=0.56 sps=20.0
[seed 0] upd 34/390 step=17408 ep_ret=2.044 cap=0.00 kl_l=0.0057 kl_f=0.0114 ev=0.64 sps=20.0
[seed 0] upd 35/390 step=17920 ep_ret=2.736 cap=0.00 kl_l=0.0032 kl_f=0.0090 ev=0.79 sps=20.0
[seed 0] upd 36/390 step=18432 ep_ret=3.217 cap=0.00 kl_l=0.0071 kl_f=0.0106 ev=0.66 sps=20.0
[seed 0] upd 37/390 step=18944 ep_ret=1.970 cap=0.00 kl_l=0.0054 kl_f=0.0108 ev=0.63 sps=20.0
[seed 0] upd 38/390 step=19456 ep_ret=2.389 cap=0.00 kl_l=0.0067 kl_f=0.0121 ev=0.75 sps=20.0
[seed 0] upd 39/390 step=19968 ep_ret=2.714 cap=0.00 kl_l=0.0075 kl_f=0.0091 ev=0.75 sps=20.1
[seed 0] upd 40/390 step=20480 ep_ret=2.043 cap=0.00 kl_l=0.0053 kl_f=0.0085 ev=0.46 sps=20.1
  [eval] return=4.570+-0.179 captured=0.00 wasted=0.00 clean=0.00 DoD_margin=+1.510 vs_ippo=-2.162
[seed 0] upd 41/390 step=20992 ep_ret=2.965 cap=0.00 kl_l=0.0057 kl_f=0.0113 ev=0.65 sps=19.7
[seed 0] upd 42/390 step=21504 ep_ret=2.117 cap=0.00 kl_l=0.0047 kl_f=0.0102 ev=0.49 sps=19.7
[seed 0] upd 43/390 step=22016 ep_ret=2.192 cap=0.00 kl_l=0.0075 kl_f=0.0132 ev=0.65 sps=19.7
[seed 0] upd 44/390 step=22528 ep_ret=2.617 cap=0.00 kl_l=0.0057 kl_f=0.0094 ev=0.78 sps=19.7
[seed 0] upd 45/390 step=23040 ep_ret=3.143 cap=0.00 kl_l=0.0062 kl_f=0.0117 ev=0.75 sps=19.7
[seed 0] upd 46/390 step=23552 ep_ret=2.816 cap=0.00 kl_l=0.0057 kl_f=0.0100 ev=0.70 sps=19.7
[seed 0] upd 47/390 step=24064 ep_ret=3.187 cap=0.00 kl_l=0.0060 kl_f=0.0109 ev=0.77 sps=19.8
[seed 0] upd 48/390 step=24576 ep_ret=3.314 cap=0.00 kl_l=0.0065 kl_f=0.0106 ev=0.75 sps=19.8
[seed 0] upd 49/390 step=25088 ep_ret=2.799 cap=0.00 kl_l=0.0068 kl_f=0.0122 ev=0.71 sps=19.8
[seed 0] upd 50/390 step=25600 ep_ret=2.674 cap=0.00 kl_l=0.0073 kl_f=0.0100 ev=0.68 sps=19.8
[seed 0] upd 51/390 step=26112 ep_ret=2.970 cap=0.00 kl_l=0.0060 kl_f=0.0102 ev=0.77 sps=19.8
[seed 0] upd 52/390 step=26624 ep_ret=2.872 cap=0.00 kl_l=0.0075 kl_f=0.0108 ev=0.66 sps=19.8
[seed 0] upd 53/390 step=27136 ep_ret=3.071 cap=0.00 kl_l=0.0052 kl_f=0.0096 ev=0.79 sps=19.8
[seed 0] upd 54/390 step=27648 ep_ret=3.718 cap=0.00 kl_l=0.0061 kl_f=0.0123 ev=0.72 sps=19.8
[seed 0] upd 55/390 step=28160 ep_ret=2.775 cap=0.00 kl_l=0.0062 kl_f=0.0111 ev=0.70 sps=19.8
[seed 0] upd 56/390 step=28672 ep_ret=3.108 cap=0.00 kl_l=0.0065 kl_f=0.0134 ev=0.75 sps=19.9
[seed 0] upd 57/390 step=29184 ep_ret=2.496 cap=0.00 kl_l=0.0067 kl_f=0.0133 ev=0.66 sps=19.9
[seed 0] upd 58/390 step=29696 ep_ret=3.838 cap=0.00 kl_l=0.0054 kl_f=0.0110 ev=0.66 sps=19.9
[seed 0] upd 59/390 step=30208 ep_ret=3.912 cap=0.00 kl_l=0.0074 kl_f=0.0129 ev=0.82 sps=19.9
[seed 0] upd 60/390 step=30720 ep_ret=3.191 cap=0.00 kl_l=0.0072 kl_f=0.0124 ev=0.75 sps=19.9
  [eval] return=6.545+-0.219 captured=0.00 wasted=0.10 clean=0.00 DoD_margin=+3.485 vs_ippo=-0.187
[seed 0] upd 61/390 step=31232 ep_ret=2.670 cap=0.00 kl_l=0.0070 kl_f=0.0113 ev=0.73 sps=19.1
[seed 0] upd 62/390 step=31744 ep_ret=3.119 cap=0.00 kl_l=0.0065 kl_f=0.0106 ev=0.80 sps=19.1
[seed 0] upd 63/390 step=32256 ep_ret=2.994 cap=0.00 kl_l=0.0080 kl_f=0.0113 ev=0.83 sps=19.1
[seed 0] upd 64/390 step=32768 ep_ret=3.391 cap=0.00 kl_l=0.0070 kl_f=0.0098 ev=0.65 sps=19.2
[seed 0] upd 65/390 step=33280 ep_ret=3.692 cap=0.00 kl_l=0.0063 kl_f=0.0126 ev=0.73 sps=19.2
[seed 0] upd 66/390 step=33792 ep_ret=3.764 cap=0.00 kl_l=0.0056 kl_f=0.0103 ev=0.81 sps=19.2
[seed 0] upd 67/390 step=34304 ep_ret=3.111 cap=0.00 kl_l=0.0061 kl_f=0.0088 ev=0.69 sps=19.2
[seed 0] upd 68/390 step=34816 ep_ret=2.764 cap=0.00 kl_l=0.0068 kl_f=0.0108 ev=0.69 sps=19.2
[seed 0] upd 69/390 step=35328 ep_ret=4.362 cap=0.00 kl_l=0.0052 kl_f=0.0092 ev=0.68 sps=19.2
[seed 0] upd 70/390 step=35840 ep_ret=4.263 cap=0.00 kl_l=0.0058 kl_f=0.0109 ev=0.81 sps=19.3
[seed 0] upd 71/390 step=36352 ep_ret=3.260 cap=0.00 kl_l=0.0071 kl_f=0.0094 ev=0.65 sps=19.3
[seed 0] upd 72/390 step=36864 ep_ret=3.895 cap=0.00 kl_l=0.0091 kl_f=0.0117 ev=0.80 sps=19.3
[seed 0] upd 73/390 step=37376 ep_ret=4.068 cap=0.00 kl_l=0.0059 kl_f=0.0115 ev=0.85 sps=19.3
[seed 0] upd 74/390 step=37888 ep_ret=4.045 cap=0.00 kl_l=0.0080 kl_f=0.0124 ev=0.85 sps=19.3
[seed 0] upd 75/390 step=38400 ep_ret=3.174 cap=0.00 kl_l=0.0089 kl_f=0.0101 ev=0.60 sps=19.3
[seed 0] upd 76/390 step=38912 ep_ret=2.949 cap=0.00 kl_l=0.0104 kl_f=0.0089 ev=0.78 sps=19.3
[seed 0] upd 77/390 step=39424 ep_ret=3.467 cap=0.00 kl_l=0.0080 kl_f=0.0121 ev=0.63 sps=19.4
[seed 0] upd 78/390 step=39936 ep_ret=3.470 cap=0.00 kl_l=0.0071 kl_f=0.0083 ev=0.69 sps=19.4
[seed 0] upd 79/390 step=40448 ep_ret=3.573 cap=0.00 kl_l=0.0058 kl_f=0.0110 ev=0.85 sps=19.4
[seed 0] upd 80/390 step=40960 ep_ret=3.123 cap=0.00 kl_l=0.0058 kl_f=0.0109 ev=0.70 sps=19.4
  [eval] return=3.991+-0.002 captured=0.00 wasted=0.00 clean=0.00 DoD_margin=+0.931 vs_ippo=-2.742
[seed 0] upd 81/390 step=41472 ep_ret=2.645 cap=0.00 kl_l=0.0065 kl_f=0.0095 ev=0.59 sps=19.2
[seed 0] upd 82/390 step=41984 ep_ret=3.193 cap=0.00 kl_l=0.0086 kl_f=0.0118 ev=0.57 sps=19.2
[seed 0] upd 83/390 step=42496 ep_ret=3.192 cap=0.00 kl_l=0.0074 kl_f=0.0076 ev=0.60 sps=19.2
[seed 0] upd 84/390 step=43008 ep_ret=3.592 cap=0.00 kl_l=0.0071 kl_f=0.0083 ev=0.75 sps=19.2
[seed 0] upd 85/390 step=43520 ep_ret=3.572 cap=0.00 kl_l=0.0064 kl_f=0.0107 ev=0.59 sps=19.3
[seed 0] upd 86/390 step=44032 ep_ret=3.401 cap=0.00 kl_l=0.0079 kl_f=0.0092 ev=0.77 sps=19.3
[seed 0] upd 87/390 step=44544 ep_ret=3.271 cap=0.00 kl_l=0.0062 kl_f=0.0109 ev=0.84 sps=19.3
[seed 0] upd 88/390 step=45056 ep_ret=2.696 cap=0.00 kl_l=0.0074 kl_f=0.0096 ev=0.62 sps=19.3
[seed 0] upd 89/390 step=45568 ep_ret=3.693 cap=0.00 kl_l=0.0066 kl_f=0.0109 ev=0.74 sps=19.3
[seed 0] upd 90/390 step=46080 ep_ret=4.645 cap=0.00 kl_l=0.0077 kl_f=0.0079 ev=0.89 sps=19.3
[seed 0] upd 91/390 step=46592 ep_ret=3.215 cap=0.00 kl_l=0.0063 kl_f=0.0105 ev=0.63 sps=19.3
[seed 0] upd 92/390 step=47104 ep_ret=3.194 cap=0.00 kl_l=0.0046 kl_f=0.0108 ev=0.75 sps=19.3
[seed 0] upd 93/390 step=47616 ep_ret=3.893 cap=0.00 kl_l=0.0052 kl_f=0.0097 ev=0.74 sps=19.3
[seed 0] upd 94/390 step=48128 ep_ret=3.595 cap=0.00 kl_l=0.0077 kl_f=0.0121 ev=0.75 sps=19.4
[seed 0] upd 95/390 step=48640 ep_ret=2.969 cap=0.00 kl_l=0.0028 kl_f=0.0083 ev=0.57 sps=19.4
[seed 0] upd 96/390 step=49152 ep_ret=2.793 cap=0.00 kl_l=0.0074 kl_f=0.0107 ev=0.69 sps=19.4
[seed 0] upd 97/390 step=49664 ep_ret=4.113 cap=0.00 kl_l=0.0064 kl_f=0.0084 ev=0.81 sps=19.4
[seed 0] upd 98/390 step=50176 ep_ret=4.666 cap=0.00 kl_l=0.0066 kl_f=0.0078 ev=0.84 sps=19.4
[seed 0] upd 99/390 step=50688 ep_ret=3.620 cap=0.00 kl_l=0.0049 kl_f=0.0103 ev=0.73 sps=19.4
[seed 0] upd 100/390 step=51200 ep_ret=4.795 cap=0.00 kl_l=0.0064 kl_f=0.0099 ev=0.77 sps=19.4
  [eval] return=5.995+-0.001 captured=0.00 wasted=0.00 clean=0.00 DoD_margin=+2.935 vs_ippo=-0.737
[seed 0] upd 101/390 step=51712 ep_ret=5.471 cap=0.00 kl_l=0.0071 kl_f=0.0072 ev=0.87 sps=19.3
[seed 0] upd 102/390 step=52224 ep_ret=4.169 cap=0.00 kl_l=0.0059 kl_f=0.0088 ev=0.76 sps=19.3
[seed 0] upd 103/390 step=52736 ep_ret=4.220 cap=0.00 kl_l=0.0077 kl_f=0.0099 ev=0.70 sps=19.3
[seed 0] upd 104/390 step=53248 ep_ret=4.302 cap=0.00 kl_l=0.0063 kl_f=0.0068 ev=0.55 sps=19.3
[seed 0] upd 105/390 step=53760 ep_ret=3.456 cap=0.00 kl_l=0.0051 kl_f=0.0065 ev=0.78 sps=19.3
[seed 0] upd 106/390 step=54272 ep_ret=3.018 cap=0.00 kl_l=0.0064 kl_f=0.0100 ev=0.55 sps=19.3
[seed 0] upd 107/390 step=54784 ep_ret=3.069 cap=0.00 kl_l=0.0059 kl_f=0.0100 ev=0.75 sps=19.3
[seed 0] upd 108/390 step=55296 ep_ret=3.869 cap=0.00 kl_l=0.0067 kl_f=0.0139 ev=0.80 sps=19.3
[seed 0] upd 109/390 step=55808 ep_ret=3.348 cap=0.00 kl_l=0.0047 kl_f=0.0097 ev=0.68 sps=19.3
[seed 0] upd 110/390 step=56320 ep_ret=3.349 cap=0.00 kl_l=0.0052 kl_f=0.0089 ev=0.70 sps=19.4
[seed 0] upd 111/390 step=56832 ep_ret=4.573 cap=0.00 kl_l=0.0062 kl_f=0.0086 ev=0.71 sps=19.4
[seed 0] upd 112/390 step=57344 ep_ret=4.448 cap=0.00 kl_l=0.0061 kl_f=0.0086 ev=0.77 sps=19.4
[seed 0] upd 113/390 step=57856 ep_ret=4.194 cap=0.00 kl_l=0.0068 kl_f=0.0080 ev=0.59 sps=19.4
[seed 0] upd 114/390 step=58368 ep_ret=3.320 cap=0.00 kl_l=0.0051 kl_f=0.0095 ev=0.61 sps=19.4
[seed 0] upd 115/390 step=58880 ep_ret=3.179 cap=0.00 kl_l=0.0060 kl_f=0.0104 ev=0.69 sps=19.4
[seed 0] upd 116/390 step=59392 ep_ret=3.974 cap=0.00 kl_l=0.0063 kl_f=0.0116 ev=0.75 sps=19.4
[seed 0] upd 117/390 step=59904 ep_ret=3.797 cap=0.00 kl_l=0.0069 kl_f=0.0111 ev=0.60 sps=19.4
[seed 0] upd 118/390 step=60416 ep_ret=4.249 cap=0.00 kl_l=0.0056 kl_f=0.0086 ev=0.78 sps=19.4
[seed 0] upd 119/390 step=60928 ep_ret=3.372 cap=0.00 kl_l=0.0052 kl_f=0.0093 ev=0.63 sps=19.4
[seed 0] upd 120/390 step=61440 ep_ret=3.902 cap=0.00 kl_l=0.0069 kl_f=0.0091 ev=0.61 sps=19.4
  [eval] return=1.018+-0.012 captured=0.00 wasted=0.00 clean=0.00 DoD_margin=-2.042 vs_ippo=-5.714
[seed 0] upd 121/390 step=61952 ep_ret=3.750 cap=0.00 kl_l=0.0076 kl_f=0.0127 ev=0.63 sps=19.3
[seed 0] upd 122/390 step=62464 ep_ret=3.772 cap=0.00 kl_l=0.0068 kl_f=0.0089 ev=0.65 sps=19.3
[seed 0] upd 123/390 step=62976 ep_ret=3.725 cap=0.00 kl_l=0.0066 kl_f=0.0082 ev=0.76 sps=19.3
[seed 0] upd 124/390 step=63488 ep_ret=4.073 cap=0.00 kl_l=0.0060 kl_f=0.0089 ev=0.63 sps=19.3
[seed 0] upd 125/390 step=64000 ep_ret=3.600 cap=0.00 kl_l=0.0068 kl_f=0.0096 ev=0.65 sps=19.3
[seed 0] upd 126/390 step=64512 ep_ret=3.651 cap=0.00 kl_l=0.0058 kl_f=0.0117 ev=0.75 sps=19.3
[seed 0] upd 127/390 step=65024 ep_ret=4.246 cap=0.00 kl_l=0.0080 kl_f=0.0103 ev=0.80 sps=19.4
[seed 0] upd 128/390 step=65536 ep_ret=4.419 cap=0.00 kl_l=0.0063 kl_f=0.0119 ev=0.76 sps=19.4
[seed 0] upd 129/390 step=66048 ep_ret=3.473 cap=0.00 kl_l=0.0060 kl_f=0.0136 ev=0.69 sps=19.4
[seed 0] upd 130/390 step=66560 ep_ret=3.821 cap=0.00 kl_l=0.0061 kl_f=0.0112 ev=0.60 sps=19.4
[seed 0] upd 131/390 step=67072 ep_ret=3.377 cap=0.00 kl_l=0.0061 kl_f=0.0083 ev=0.72 sps=19.4
[seed 0] upd 132/390 step=67584 ep_ret=3.522 cap=0.00 kl_l=0.0073 kl_f=0.0103 ev=0.60 sps=19.4
[seed 0] upd 133/390 step=68096 ep_ret=3.850 cap=0.00 kl_l=0.0056 kl_f=0.0097 ev=0.69 sps=19.4
[seed 0] upd 134/390 step=68608 ep_ret=3.897 cap=0.00 kl_l=0.0060 kl_f=0.0085 ev=0.76 sps=19.4
[seed 0] upd 135/390 step=69120 ep_ret=4.123 cap=0.00 kl_l=0.0077 kl_f=0.0126 ev=0.77 sps=19.4
[seed 0] upd 136/390 step=69632 ep_ret=4.170 cap=0.00 kl_l=0.0069 kl_f=0.0080 ev=0.67 sps=19.4
[seed 0] upd 137/390 step=70144 ep_ret=4.946 cap=0.00 kl_l=0.0061 kl_f=0.0087 ev=0.71 sps=19.4
[seed 0] upd 138/390 step=70656 ep_ret=3.644 cap=0.00 kl_l=0.0037 kl_f=0.0100 ev=0.67 sps=19.4
[seed 0] upd 139/390 step=71168 ep_ret=3.498 cap=0.00 kl_l=0.0041 kl_f=0.0112 ev=0.68 sps=19.4
[seed 0] upd 140/390 step=71680 ep_ret=3.473 cap=0.00 kl_l=0.0068 kl_f=0.0076 ev=0.62 sps=19.4
  [eval] return=5.391+-0.735 captured=0.00 wasted=0.10 clean=0.00 DoD_margin=+2.331 vs_ippo=-1.341
[seed 0] upd 141/390 step=72192 ep_ret=3.449 cap=0.00 kl_l=0.0073 kl_f=0.0103 ev=0.81 sps=19.3
[seed 0] upd 142/390 step=72704 ep_ret=3.777 cap=0.00 kl_l=0.0047 kl_f=0.0111 ev=0.70 sps=19.3
[seed 0] upd 143/390 step=73216 ep_ret=3.149 cap=0.00 kl_l=0.0047 kl_f=0.0078 ev=0.64 sps=19.4
[seed 0] upd 144/390 step=73728 ep_ret=3.935 cap=0.00 kl_l=0.0064 kl_f=0.0090 ev=0.61 sps=19.4
[seed 0] upd 145/390 step=74240 ep_ret=3.828 cap=0.00 kl_l=0.0064 kl_f=0.0074 ev=0.66 sps=19.4
[seed 0] upd 146/390 step=74752 ep_ret=3.705 cap=0.00 kl_l=0.0066 kl_f=0.0091 ev=0.72 sps=19.4
[seed 0] upd 147/390 step=75264 ep_ret=4.195 cap=0.00 kl_l=0.0065 kl_f=0.0113 ev=0.81 sps=19.4
[seed 0] upd 148/390 step=75776 ep_ret=4.802 cap=0.00 kl_l=0.0087 kl_f=0.0119 ev=0.73 sps=19.4
[seed 0] upd 149/390 step=76288 ep_ret=4.098 cap=0.00 kl_l=0.0060 kl_f=0.0089 ev=0.76 sps=19.4
[seed 0] upd 150/390 step=76800 ep_ret=2.949 cap=0.00 kl_l=0.0053 kl_f=0.0078 ev=0.64 sps=19.4
[seed 0] upd 151/390 step=77312 ep_ret=3.596 cap=0.00 kl_l=0.0062 kl_f=0.0098 ev=0.73 sps=19.4
[seed 0] upd 152/390 step=77824 ep_ret=4.458 cap=0.00 kl_l=0.0054 kl_f=0.0102 ev=0.81 sps=19.4
[seed 0] upd 153/390 step=78336 ep_ret=3.773 cap=0.00 kl_l=0.0059 kl_f=0.0095 ev=0.69 sps=19.4
[seed 0] upd 154/390 step=78848 ep_ret=4.425 cap=0.00 kl_l=0.0059 kl_f=0.0124 ev=0.79 sps=19.4
[seed 0] upd 155/390 step=79360 ep_ret=4.701 cap=0.00 kl_l=0.0062 kl_f=0.0122 ev=0.79 sps=19.4
[seed 0] upd 156/390 step=79872 ep_ret=3.322 cap=0.00 kl_l=0.0054 kl_f=0.0093 ev=0.77 sps=19.4
[seed 0] upd 157/390 step=80384 ep_ret=5.304 cap=0.00 kl_l=0.0051 kl_f=0.0119 ev=0.78 sps=19.4
[seed 0] upd 158/390 step=80896 ep_ret=4.329 cap=0.00 kl_l=0.0074 kl_f=0.0081 ev=0.81 sps=19.4
[seed 0] upd 159/390 step=81408 ep_ret=4.269 cap=0.00 kl_l=0.0048 kl_f=0.0098 ev=0.80 sps=19.5
[seed 0] upd 160/390 step=81920 ep_ret=5.619 cap=0.00 kl_l=0.0059 kl_f=0.0094 ev=0.72 sps=19.5
  [eval] return=7.145+-1.852 captured=0.00 wasted=0.25 clean=0.00 DoD_margin=+4.085 vs_ippo=+0.413
[seed 0] upd 161/390 step=82432 ep_ret=5.148 cap=0.00 kl_l=0.0049 kl_f=0.0103 ev=0.66 sps=19.4
[seed 0] upd 162/390 step=82944 ep_ret=4.840 cap=0.00 kl_l=0.0053 kl_f=0.0098 ev=0.80 sps=19.4
[seed 0] upd 163/390 step=83456 ep_ret=4.471 cap=0.00 kl_l=0.0056 kl_f=0.0117 ev=0.82 sps=19.4
[seed 0] upd 164/390 step=83968 ep_ret=4.145 cap=0.00 kl_l=0.0068 kl_f=0.0129 ev=0.80 sps=19.4
[seed 0] upd 165/390 step=84480 ep_ret=4.148 cap=0.00 kl_l=0.0051 kl_f=0.0108 ev=0.78 sps=19.4
[seed 0] upd 166/390 step=84992 ep_ret=4.520 cap=0.00 kl_l=0.0074 kl_f=0.0108 ev=0.84 sps=19.4
[seed 0] upd 167/390 step=85504 ep_ret=4.421 cap=0.00 kl_l=0.0055 kl_f=0.0100 ev=0.78 sps=19.4
[seed 0] upd 168/390 step=86016 ep_ret=4.896 cap=0.00 kl_l=0.0072 kl_f=0.0090 ev=0.79 sps=19.4
[seed 0] upd 169/390 step=86528 ep_ret=4.024 cap=0.00 kl_l=0.0053 kl_f=0.0109 ev=0.70 sps=19.4
[seed 0] upd 170/390 step=87040 ep_ret=3.898 cap=0.00 kl_l=0.0054 kl_f=0.0107 ev=0.80 sps=19.4
[seed 0] upd 171/390 step=87552 ep_ret=4.373 cap=0.00 kl_l=0.0056 kl_f=0.0101 ev=0.59 sps=19.4
[seed 0] upd 172/390 step=88064 ep_ret=5.094 cap=0.00 kl_l=0.0086 kl_f=0.0106 ev=0.86 sps=19.4
[seed 0] upd 173/390 step=88576 ep_ret=5.293 cap=0.00 kl_l=0.0059 kl_f=0.0121 ev=0.77 sps=19.4
[seed 0] upd 174/390 step=89088 ep_ret=4.343 cap=0.00 kl_l=0.0065 kl_f=0.0114 ev=0.82 sps=19.4
[seed 0] upd 175/390 step=89600 ep_ret=4.167 cap=0.00 kl_l=0.0053 kl_f=0.0098 ev=0.77 sps=19.4
[seed 0] upd 176/390 step=90112 ep_ret=3.947 cap=0.00 kl_l=0.0054 kl_f=0.0098 ev=0.79 sps=19.4
[seed 0] upd 177/390 step=90624 ep_ret=3.775 cap=0.00 kl_l=0.0067 kl_f=0.0112 ev=0.71 sps=19.4
[seed 0] upd 178/390 step=91136 ep_ret=4.489 cap=0.00 kl_l=0.0062 kl_f=0.0114 ev=0.82 sps=19.4
[seed 0] upd 179/390 step=91648 ep_ret=4.745 cap=0.00 kl_l=0.0056 kl_f=0.0085 ev=0.74 sps=19.5
[seed 0] upd 180/390 step=92160 ep_ret=4.941 cap=0.00 kl_l=0.0079 kl_f=0.0122 ev=0.88 sps=19.5
  [eval] return=5.996+-0.001 captured=0.00 wasted=0.00 clean=0.00 DoD_margin=+2.936 vs_ippo=-0.737
[seed 0] upd 181/390 step=92672 ep_ret=4.991 cap=0.00 kl_l=0.0054 kl_f=0.0083 ev=0.86 sps=19.4
[seed 0] upd 182/390 step=93184 ep_ret=3.419 cap=0.00 kl_l=0.0059 kl_f=0.0084 ev=0.69 sps=19.4
[seed 0] upd 183/390 step=93696 ep_ret=5.142 cap=0.00 kl_l=0.0059 kl_f=0.0105 ev=0.81 sps=19.4
[seed 0] upd 184/390 step=94208 ep_ret=5.067 cap=0.00 kl_l=0.0061 kl_f=0.0088 ev=0.83 sps=19.4
[seed 0] upd 185/390 step=94720 ep_ret=5.518 cap=0.00 kl_l=0.0046 kl_f=0.0104 ev=0.83 sps=19.4
[seed 0] upd 186/390 step=95232 ep_ret=5.265 cap=0.00 kl_l=0.0056 kl_f=0.0102 ev=0.85 sps=19.4
[seed 0] upd 187/390 step=95744 ep_ret=4.822 cap=0.00 kl_l=0.0056 kl_f=0.0069 ev=0.87 sps=19.4
[seed 0] upd 188/390 step=96256 ep_ret=4.790 cap=0.00 kl_l=0.0070 kl_f=0.0071 ev=0.85 sps=19.4
[seed 0] upd 189/390 step=96768 ep_ret=5.383 cap=0.00 kl_l=0.0056 kl_f=0.0099 ev=0.77 sps=19.4
[seed 0] upd 190/390 step=97280 ep_ret=5.087 cap=0.00 kl_l=0.0047 kl_f=0.0128 ev=0.88 sps=19.4
[seed 0] upd 191/390 step=97792 ep_ret=4.866 cap=0.00 kl_l=0.0071 kl_f=0.0102 ev=0.88 sps=19.4
[seed 0] upd 192/390 step=98304 ep_ret=3.770 cap=0.00 kl_l=0.0068 kl_f=0.0066 ev=0.72 sps=19.4
[seed 0] upd 193/390 step=98816 ep_ret=4.891 cap=0.00 kl_l=0.0045 kl_f=0.0105 ev=0.82 sps=19.4
[seed 0] upd 194/390 step=99328 ep_ret=4.642 cap=0.00 kl_l=0.0056 kl_f=0.0108 ev=0.72 sps=19.4
[seed 0] upd 195/390 step=99840 ep_ret=5.043 cap=0.00 kl_l=0.0041 kl_f=0.0092 ev=0.89 sps=19.4
[seed 0] upd 196/390 step=100352 ep_ret=4.071 cap=0.00 kl_l=0.0055 kl_f=0.0087 ev=0.83 sps=19.4
[seed 0] upd 197/390 step=100864 ep_ret=5.233 cap=0.00 kl_l=0.0060 kl_f=0.0105 ev=0.87 sps=19.5
[seed 0] upd 198/390 step=101376 ep_ret=6.647 cap=0.00 kl_l=0.0063 kl_f=0.0067 ev=0.77 sps=19.5
[seed 0] upd 199/390 step=101888 ep_ret=6.642 cap=0.00 kl_l=0.0078 kl_f=0.0066 ev=0.92 sps=19.5
[seed 0] upd 200/390 step=102400 ep_ret=4.623 cap=0.00 kl_l=0.0040 kl_f=0.0094 ev=0.80 sps=19.5
  [eval] return=7.995+-0.001 captured=0.00 wasted=0.00 clean=0.00 DoD_margin=+4.935 vs_ippo=+1.262
[seed 0] upd 201/390 step=102912 ep_ret=4.845 cap=0.00 kl_l=0.0046 kl_f=0.0101 ev=0.82 sps=19.4
[seed 0] upd 202/390 step=103424 ep_ret=5.517 cap=0.00 kl_l=0.0067 kl_f=0.0055 ev=0.85 sps=19.4
[seed 0] upd 203/390 step=103936 ep_ret=3.896 cap=0.00 kl_l=0.0070 kl_f=0.0115 ev=0.84 sps=19.4
[seed 0] upd 204/390 step=104448 ep_ret=3.999 cap=0.00 kl_l=0.0066 kl_f=0.0071 ev=0.82 sps=19.4
[seed 0] upd 205/390 step=104960 ep_ret=3.794 cap=0.00 kl_l=0.0075 kl_f=0.0109 ev=0.71 sps=19.4
[seed 0] upd 206/390 step=105472 ep_ret=5.143 cap=0.00 kl_l=0.0050 kl_f=0.0103 ev=0.79 sps=19.4
[seed 0] upd 207/390 step=105984 ep_ret=4.644 cap=0.00 kl_l=0.0051 kl_f=0.0098 ev=0.85 sps=19.4
[seed 0] upd 208/390 step=106496 ep_ret=5.316 cap=0.00 kl_l=0.0051 kl_f=0.0095 ev=0.85 sps=19.4
[seed 0] upd 209/390 step=107008 ep_ret=6.099 cap=0.00 kl_l=0.0045 kl_f=0.0101 ev=0.77 sps=19.4
[seed 0] upd 210/390 step=107520 ep_ret=4.695 cap=0.00 kl_l=0.0040 kl_f=0.0110 ev=0.83 sps=19.4
[seed 0] upd 211/390 step=108032 ep_ret=4.195 cap=0.00 kl_l=0.0065 kl_f=0.0092 ev=0.85 sps=19.4
[seed 0] upd 212/390 step=108544 ep_ret=4.543 cap=0.00 kl_l=0.0050 kl_f=0.0091 ev=0.69 sps=19.4
[seed 0] upd 213/390 step=109056 ep_ret=5.516 cap=0.00 kl_l=0.0054 kl_f=0.0098 ev=0.87 sps=19.4
[seed 0] upd 214/390 step=109568 ep_ret=4.916 cap=0.00 kl_l=0.0054 kl_f=0.0104 ev=0.74 sps=19.4
[seed 0] upd 215/390 step=110080 ep_ret=5.546 cap=0.00 kl_l=0.0047 kl_f=0.0097 ev=0.79 sps=19.4
[seed 0] upd 216/390 step=110592 ep_ret=4.618 cap=0.00 kl_l=0.0058 kl_f=0.0086 ev=0.81 sps=19.4
[seed 0] upd 217/390 step=111104 ep_ret=5.313 cap=0.00 kl_l=0.0055 kl_f=0.0092 ev=0.75 sps=19.4
[seed 0] upd 218/390 step=111616 ep_ret=5.646 cap=0.00 kl_l=0.0052 kl_f=0.0095 ev=0.82 sps=19.5
[seed 0] upd 219/390 step=112128 ep_ret=4.689 cap=0.00 kl_l=0.0055 kl_f=0.0107 ev=0.80 sps=19.5
[seed 0] upd 220/390 step=112640 ep_ret=5.465 cap=0.00 kl_l=0.0048 kl_f=0.0073 ev=0.82 sps=19.5
  [eval] return=7.917+-0.218 captured=0.00 wasted=0.00 clean=0.00 DoD_margin=+4.857 vs_ippo=+1.185
[seed 0] upd 221/390 step=113152 ep_ret=5.966 cap=0.00 kl_l=0.0057 kl_f=0.0112 ev=0.83 sps=19.4
[seed 0] upd 222/390 step=113664 ep_ret=5.015 cap=0.00 kl_l=0.0053 kl_f=0.0104 ev=0.91 sps=19.4
[seed 0] upd 223/390 step=114176 ep_ret=4.669 cap=0.00 kl_l=0.0049 kl_f=0.0115 ev=0.86 sps=19.4
[seed 0] upd 224/390 step=114688 ep_ret=5.144 cap=0.00 kl_l=0.0051 kl_f=0.0096 ev=0.92 sps=19.4
[seed 0] upd 225/390 step=115200 ep_ret=5.270 cap=0.00 kl_l=0.0058 kl_f=0.0065 ev=0.80 sps=19.4
[seed 0] upd 226/390 step=115712 ep_ret=5.918 cap=0.00 kl_l=0.0054 kl_f=0.0112 ev=0.93 sps=19.4
[seed 0] upd 227/390 step=116224 ep_ret=6.009 cap=0.00 kl_l=0.0062 kl_f=0.0104 ev=0.87 sps=19.4
[seed 0] upd 228/390 step=116736 ep_ret=5.239 cap=0.00 kl_l=0.0055 kl_f=0.0071 ev=0.92 sps=19.4
[seed 0] upd 229/390 step=117248 ep_ret=5.121 cap=0.00 kl_l=0.0057 kl_f=0.0106 ev=0.88 sps=19.4
[seed 0] upd 230/390 step=117760 ep_ret=5.822 cap=0.00 kl_l=0.0076 kl_f=0.0070 ev=0.87 sps=19.4
[seed 0] upd 231/390 step=118272 ep_ret=5.362 cap=0.00 kl_l=0.0049 kl_f=0.0094 ev=0.83 sps=19.4
[seed 0] upd 232/390 step=118784 ep_ret=4.894 cap=0.00 kl_l=0.0053 kl_f=0.0075 ev=0.86 sps=19.4
[seed 0] upd 233/390 step=119296 ep_ret=4.416 cap=0.00 kl_l=0.0047 kl_f=0.0077 ev=0.88 sps=19.4
[seed 0] upd 234/390 step=119808 ep_ret=4.496 cap=0.00 kl_l=0.0058 kl_f=0.0092 ev=0.83 sps=19.4
[seed 0] upd 235/390 step=120320 ep_ret=4.502 cap=0.00 kl_l=0.0060 kl_f=0.0075 ev=0.84 sps=19.4
[seed 0] upd 236/390 step=120832 ep_ret=4.693 cap=0.00 kl_l=0.0057 kl_f=0.0123 ev=0.87 sps=19.4
[seed 0] upd 237/390 step=121344 ep_ret=6.219 cap=0.00 kl_l=0.0053 kl_f=0.0085 ev=0.87 sps=19.4
[seed 0] upd 238/390 step=121856 ep_ret=6.218 cap=0.00 kl_l=0.0044 kl_f=0.0066 ev=0.92 sps=19.4
[seed 0] upd 239/390 step=122368 ep_ret=6.266 cap=0.00 kl_l=0.0037 kl_f=0.0112 ev=0.81 sps=19.4
[seed 0] upd 240/390 step=122880 ep_ret=6.919 cap=0.00 kl_l=0.0045 kl_f=0.0058 ev=0.83 sps=19.4
  [eval] return=7.989+-0.002 captured=0.00 wasted=0.00 clean=0.00 DoD_margin=+4.929 vs_ippo=+1.256
[seed 0] upd 241/390 step=123392 ep_ret=5.366 cap=0.00 kl_l=0.0047 kl_f=0.0074 ev=0.87 sps=19.4
[seed 0] upd 242/390 step=123904 ep_ret=4.390 cap=0.00 kl_l=0.0051 kl_f=0.0063 ev=0.84 sps=19.4
[seed 0] upd 243/390 step=124416 ep_ret=5.265 cap=0.00 kl_l=0.0062 kl_f=0.0055 ev=0.87 sps=19.4
[seed 0] upd 244/390 step=124928 ep_ret=5.448 cap=0.00 kl_l=0.0058 kl_f=0.0080 ev=0.90 sps=19.4
[seed 0] upd 245/390 step=125440 ep_ret=4.872 cap=0.00 kl_l=0.0050 kl_f=0.0084 ev=0.92 sps=19.4
[seed 0] upd 246/390 step=125952 ep_ret=4.766 cap=0.00 kl_l=0.0038 kl_f=0.0069 ev=0.85 sps=19.4
[seed 0] upd 247/390 step=126464 ep_ret=4.812 cap=0.00 kl_l=0.0055 kl_f=0.0051 ev=0.93 sps=19.4
[seed 0] upd 248/390 step=126976 ep_ret=4.792 cap=0.00 kl_l=0.0049 kl_f=0.0068 ev=0.85 sps=19.4
[seed 0] upd 249/390 step=127488 ep_ret=4.145 cap=0.00 kl_l=0.0041 kl_f=0.0069 ev=0.84 sps=19.4
[seed 0] upd 250/390 step=128000 ep_ret=5.189 cap=0.00 kl_l=0.0053 kl_f=0.0100 ev=0.87 sps=19.4
[seed 0] upd 251/390 step=128512 ep_ret=6.016 cap=0.00 kl_l=0.0062 kl_f=0.0121 ev=0.87 sps=19.4
[seed 0] upd 252/390 step=129024 ep_ret=6.615 cap=0.00 kl_l=0.0048 kl_f=0.0071 ev=0.92 sps=19.4
[seed 0] upd 253/390 step=129536 ep_ret=5.839 cap=0.00 kl_l=0.0043 kl_f=0.0086 ev=0.88 sps=19.4
[seed 0] upd 254/390 step=130048 ep_ret=5.267 cap=0.00 kl_l=0.0060 kl_f=0.0096 ev=0.85 sps=19.4
[seed 0] upd 255/390 step=130560 ep_ret=5.841 cap=0.00 kl_l=0.0053 kl_f=0.0061 ev=0.78 sps=19.4
[seed 0] upd 256/390 step=131072 ep_ret=6.036 cap=0.00 kl_l=0.0041 kl_f=0.0073 ev=0.83 sps=19.4
[seed 0] upd 257/390 step=131584 ep_ret=6.418 cap=0.00 kl_l=0.0048 kl_f=0.0108 ev=0.87 sps=19.4
[seed 0] upd 258/390 step=132096 ep_ret=6.134 cap=0.00 kl_l=0.0039 kl_f=0.0056 ev=0.84 sps=19.4
[seed 0] upd 259/390 step=132608 ep_ret=5.816 cap=0.00 kl_l=0.0052 kl_f=0.0053 ev=0.85 sps=19.4
[seed 0] upd 260/390 step=133120 ep_ret=5.270 cap=0.00 kl_l=0.0045 kl_f=0.0074 ev=0.87 sps=19.4
  [eval] return=7.982+-0.003 captured=0.00 wasted=0.00 clean=0.00 DoD_margin=+4.922 vs_ippo=+1.250
[seed 0] upd 261/390 step=133632 ep_ret=5.138 cap=0.00 kl_l=0.0048 kl_f=0.0056 ev=0.81 sps=19.3
[seed 0] upd 262/390 step=134144 ep_ret=5.491 cap=0.00 kl_l=0.0055 kl_f=0.0059 ev=0.88 sps=19.3
[seed 0] upd 263/390 step=134656 ep_ret=5.191 cap=0.00 kl_l=0.0059 kl_f=0.0087 ev=0.86 sps=19.3
[seed 0] upd 264/390 step=135168 ep_ret=5.095 cap=0.00 kl_l=0.0063 kl_f=0.0054 ev=0.85 sps=19.3
[seed 0] upd 265/390 step=135680 ep_ret=5.317 cap=0.00 kl_l=0.0049 kl_f=0.0111 ev=0.93 sps=19.3
[seed 0] upd 266/390 step=136192 ep_ret=6.868 cap=0.00 kl_l=0.0044 kl_f=0.0051 ev=0.91 sps=19.3
[seed 0] upd 267/390 step=136704 ep_ret=6.695 cap=0.00 kl_l=0.0044 kl_f=0.0069 ev=0.92 sps=19.4
[seed 0] upd 268/390 step=137216 ep_ret=6.339 cap=0.00 kl_l=0.0061 kl_f=0.0078 ev=0.82 sps=19.4
[seed 0] upd 269/390 step=137728 ep_ret=6.038 cap=0.00 kl_l=0.0048 kl_f=0.0079 ev=0.88 sps=19.4
[seed 0] upd 270/390 step=138240 ep_ret=6.992 cap=0.00 kl_l=0.0048 kl_f=0.0053 ev=0.89 sps=19.4
[seed 0] upd 271/390 step=138752 ep_ret=6.768 cap=0.00 kl_l=0.0047 kl_f=0.0058 ev=0.90 sps=19.4
[seed 0] upd 272/390 step=139264 ep_ret=5.810 cap=0.00 kl_l=0.0037 kl_f=0.0077 ev=0.89 sps=19.4
[seed 0] upd 273/390 step=139776 ep_ret=5.264 cap=0.00 kl_l=0.0057 kl_f=0.0086 ev=0.90 sps=19.4
[seed 0] upd 274/390 step=140288 ep_ret=6.270 cap=0.00 kl_l=0.0041 kl_f=0.0058 ev=0.94 sps=19.4
[seed 0] upd 275/390 step=140800 ep_ret=5.393 cap=0.00 kl_l=0.0049 kl_f=0.0102 ev=0.91 sps=19.4
[seed 0] upd 276/390 step=141312 ep_ret=5.743 cap=0.00 kl_l=0.0034 kl_f=0.0067 ev=0.91 sps=19.4
[seed 0] upd 277/390 step=141824 ep_ret=5.271 cap=0.00 kl_l=0.0032 kl_f=0.0053 ev=0.83 sps=19.4
[seed 0] upd 278/390 step=142336 ep_ret=5.745 cap=0.00 kl_l=0.0053 kl_f=0.0054 ev=0.87 sps=19.4
[seed 0] upd 279/390 step=142848 ep_ret=5.621 cap=0.00 kl_l=0.0051 kl_f=0.0054 ev=0.88 sps=19.4
[seed 0] upd 280/390 step=143360 ep_ret=4.799 cap=0.00 kl_l=0.0048 kl_f=0.0078 ev=0.88 sps=19.4
  [eval] return=11.987+-0.001 captured=0.00 wasted=0.00 clean=0.00 DoD_margin=+8.927 vs_ippo=+5.255
[seed 0] upd 281/390 step=143872 ep_ret=5.296 cap=0.00 kl_l=0.0049 kl_f=0.0045 ev=0.81 sps=19.2
[seed 0] upd 282/390 step=144384 ep_ret=5.345 cap=0.00 kl_l=0.0053 kl_f=0.0046 ev=0.91 sps=19.2
[seed 0] upd 283/390 step=144896 ep_ret=6.042 cap=0.00 kl_l=0.0043 kl_f=0.0072 ev=0.90 sps=19.2
[seed 0] upd 284/390 step=145408 ep_ret=6.491 cap=0.00 kl_l=0.0056 kl_f=0.0040 ev=0.90 sps=19.2
[seed 0] upd 285/390 step=145920 ep_ret=6.496 cap=0.00 kl_l=0.0048 kl_f=0.0076 ev=0.96 sps=19.2
[seed 0] upd 286/390 step=146432 ep_ret=6.873 cap=0.00 kl_l=0.0058 kl_f=0.0062 ev=0.96 sps=19.2
[seed 0] upd 287/390 step=146944 ep_ret=5.841 cap=0.00 kl_l=0.0041 kl_f=0.0061 ev=0.90 sps=19.2
[seed 0] upd 288/390 step=147456 ep_ret=5.727 cap=0.00 kl_l=0.0037 kl_f=0.0072 ev=0.82 sps=19.2
[seed 0] upd 289/390 step=147968 ep_ret=6.347 cap=0.00 kl_l=0.0048 kl_f=0.0056 ev=0.97 sps=19.2
[seed 0] upd 290/390 step=148480 ep_ret=5.621 cap=0.00 kl_l=0.0038 kl_f=0.0065 ev=0.87 sps=19.2
[seed 0] upd 291/390 step=148992 ep_ret=5.220 cap=0.00 kl_l=0.0037 kl_f=0.0072 ev=0.86 sps=19.2
[seed 0] upd 292/390 step=149504 ep_ret=5.143 cap=0.00 kl_l=0.0036 kl_f=0.0102 ev=0.88 sps=19.2
[seed 0] upd 293/390 step=150016 ep_ret=4.944 cap=0.00 kl_l=0.0031 kl_f=0.0038 ev=0.93 sps=19.2
[seed 0] upd 294/390 step=150528 ep_ret=4.770 cap=0.00 kl_l=0.0029 kl_f=0.0068 ev=0.91 sps=19.2
[seed 0] upd 295/390 step=151040 ep_ret=5.366 cap=0.00 kl_l=0.0048 kl_f=0.0060 ev=0.85 sps=19.3
[seed 0] upd 296/390 step=151552 ep_ret=5.322 cap=0.00 kl_l=0.0050 kl_f=0.0052 ev=0.91 sps=19.3
[seed 0] upd 297/390 step=152064 ep_ret=5.173 cap=0.00 kl_l=0.0024 kl_f=0.0063 ev=0.83 sps=19.3
[seed 0] upd 298/390 step=152576 ep_ret=5.047 cap=0.00 kl_l=0.0035 kl_f=0.0063 ev=0.75 sps=19.3
[seed 0] upd 299/390 step=153088 ep_ret=6.101 cap=0.00 kl_l=0.0041 kl_f=0.0061 ev=0.83 sps=19.3
[seed 0] upd 300/390 step=153600 ep_ret=6.681 cap=0.00 kl_l=0.0035 kl_f=0.0051 ev=0.87 sps=19.3
  [eval] return=7.487+-0.002 captured=0.00 wasted=0.00 clean=0.00 DoD_margin=+4.427 vs_ippo=+0.755
[seed 0] upd 301/390 step=154112 ep_ret=5.768 cap=0.00 kl_l=0.0034 kl_f=0.0070 ev=0.88 sps=19.2
[seed 0] upd 302/390 step=154624 ep_ret=5.321 cap=0.00 kl_l=0.0036 kl_f=0.0072 ev=0.88 sps=19.2
[seed 0] upd 303/390 step=155136 ep_ret=6.220 cap=0.00 kl_l=0.0034 kl_f=0.0078 ev=0.93 sps=19.2
[seed 0] upd 304/390 step=155648 ep_ret=5.793 cap=0.00 kl_l=0.0031 kl_f=0.0045 ev=0.88 sps=19.2
[seed 0] upd 305/390 step=156160 ep_ret=4.871 cap=0.00 kl_l=0.0034 kl_f=0.0056 ev=0.88 sps=19.2
[seed 0] upd 306/390 step=156672 ep_ret=5.567 cap=0.00 kl_l=0.0028 kl_f=0.0078 ev=0.89 sps=19.3
[seed 0] upd 307/390 step=157184 ep_ret=6.115 cap=0.00 kl_l=0.0039 kl_f=0.0043 ev=0.91 sps=19.3
[seed 0] upd 308/390 step=157696 ep_ret=5.768 cap=0.00 kl_l=0.0054 kl_f=0.0062 ev=0.83 sps=19.3
[seed 0] upd 309/390 step=158208 ep_ret=5.165 cap=0.00 kl_l=0.0045 kl_f=0.0077 ev=0.88 sps=19.3
[seed 0] upd 310/390 step=158720 ep_ret=6.243 cap=0.00 kl_l=0.0043 kl_f=0.0061 ev=0.87 sps=19.3
[seed 0] upd 311/390 step=159232 ep_ret=5.593 cap=0.00 kl_l=0.0038 kl_f=0.0035 ev=0.89 sps=19.3
[seed 0] upd 312/390 step=159744 ep_ret=6.045 cap=0.00 kl_l=0.0044 kl_f=0.0054 ev=0.88 sps=19.3
[seed 0] upd 313/390 step=160256 ep_ret=5.671 cap=0.00 kl_l=0.0031 kl_f=0.0053 ev=0.89 sps=19.3
[seed 0] upd 314/390 step=160768 ep_ret=5.495 cap=0.00 kl_l=0.0060 kl_f=0.0068 ev=0.85 sps=19.3
[seed 0] upd 315/390 step=161280 ep_ret=5.923 cap=0.00 kl_l=0.0045 kl_f=0.0064 ev=0.93 sps=19.3
[seed 0] upd 316/390 step=161792 ep_ret=6.422 cap=0.00 kl_l=0.0060 kl_f=0.0048 ev=0.86 sps=19.3
[seed 0] upd 317/390 step=162304 ep_ret=5.723 cap=0.00 kl_l=0.0032 kl_f=0.0040 ev=0.88 sps=19.3
[seed 0] upd 318/390 step=162816 ep_ret=5.669 cap=0.00 kl_l=0.0020 kl_f=0.0053 ev=0.82 sps=19.3
[seed 0] upd 319/390 step=163328 ep_ret=5.649 cap=0.00 kl_l=0.0042 kl_f=0.0067 ev=0.88 sps=19.3
[seed 0] upd 320/390 step=163840 ep_ret=5.870 cap=0.00 kl_l=0.0035 kl_f=0.0040 ev=0.88 sps=19.3
  [eval] return=7.983+-0.002 captured=0.00 wasted=0.00 clean=0.00 DoD_margin=+4.923 vs_ippo=+1.251
[seed 0] upd 321/390 step=164352 ep_ret=5.643 cap=0.00 kl_l=0.0033 kl_f=0.0065 ev=0.93 sps=19.3
[seed 0] upd 322/390 step=164864 ep_ret=5.045 cap=0.00 kl_l=0.0028 kl_f=0.0047 ev=0.81 sps=19.3
[seed 0] upd 323/390 step=165376 ep_ret=5.690 cap=0.00 kl_l=0.0045 kl_f=0.0049 ev=0.88 sps=19.3
[seed 0] upd 324/390 step=165888 ep_ret=6.740 cap=0.00 kl_l=0.0037 kl_f=0.0049 ev=0.91 sps=19.3
[seed 0] upd 325/390 step=166400 ep_ret=6.267 cap=0.00 kl_l=0.0034 kl_f=0.0044 ev=0.89 sps=19.3
[seed 0] upd 326/390 step=166912 ep_ret=6.365 cap=0.00 kl_l=0.0032 kl_f=0.0040 ev=0.93 sps=19.3
[seed 0] upd 327/390 step=167424 ep_ret=6.070 cap=0.00 kl_l=0.0021 kl_f=0.0051 ev=0.91 sps=19.3
[seed 0] upd 328/390 step=167936 ep_ret=6.546 cap=0.00 kl_l=0.0032 kl_f=0.0042 ev=0.90 sps=19.3
[seed 0] upd 329/390 step=168448 ep_ret=7.492 cap=0.00 kl_l=0.0039 kl_f=0.0038 ev=0.80 sps=19.3
[seed 0] upd 330/390 step=168960 ep_ret=7.370 cap=0.00 kl_l=0.0038 kl_f=0.0027 ev=0.92 sps=19.3
[seed 0] upd 331/390 step=169472 ep_ret=5.896 cap=0.00 kl_l=0.0036 kl_f=0.0033 ev=0.85 sps=19.3
[seed 0] upd 332/390 step=169984 ep_ret=6.122 cap=0.00 kl_l=0.0039 kl_f=0.0040 ev=0.82 sps=19.3
[seed 0] upd 333/390 step=170496 ep_ret=7.369 cap=0.00 kl_l=0.0016 kl_f=0.0022 ev=0.90 sps=19.3
[seed 0] upd 334/390 step=171008 ep_ret=5.671 cap=0.00 kl_l=0.0029 kl_f=0.0029 ev=0.85 sps=19.3
[seed 0] upd 335/390 step=171520 ep_ret=5.175 cap=0.00 kl_l=0.0030 kl_f=0.0023 ev=0.77 sps=19.3
[seed 0] upd 336/390 step=172032 ep_ret=5.073 cap=0.00 kl_l=0.0024 kl_f=0.0031 ev=0.87 sps=19.3
[seed 0] upd 337/390 step=172544 ep_ret=4.772 cap=0.00 kl_l=0.0068 kl_f=0.0035 ev=0.93 sps=19.3
[seed 0] upd 338/390 step=173056 ep_ret=4.977 cap=0.00 kl_l=0.0044 kl_f=0.0047 ev=0.92 sps=19.3
[seed 0] upd 339/390 step=173568 ep_ret=4.766 cap=0.00 kl_l=0.0025 kl_f=0.0032 ev=0.83 sps=19.3
[seed 0] upd 340/390 step=174080 ep_ret=5.592 cap=0.00 kl_l=0.0026 kl_f=0.0034 ev=0.76 sps=19.3
  [eval] return=9.284+-0.679 captured=0.00 wasted=0.05 clean=0.00 DoD_margin=+6.224 vs_ippo=+2.551
[seed 0] upd 341/390 step=174592 ep_ret=5.794 cap=0.00 kl_l=0.0027 kl_f=0.0030 ev=0.90 sps=19.2
[seed 0] upd 342/390 step=175104 ep_ret=5.039 cap=0.00 kl_l=0.0028 kl_f=0.0034 ev=0.85 sps=19.2
[seed 0] upd 343/390 step=175616 ep_ret=5.137 cap=0.00 kl_l=0.0035 kl_f=0.0037 ev=0.88 sps=19.3
[seed 0] upd 344/390 step=176128 ep_ret=5.866 cap=0.00 kl_l=0.0030 kl_f=0.0024 ev=0.90 sps=19.3
[seed 0] upd 345/390 step=176640 ep_ret=5.770 cap=0.00 kl_l=0.0029 kl_f=0.0024 ev=0.88 sps=19.3
[seed 0] upd 346/390 step=177152 ep_ret=5.669 cap=0.00 kl_l=0.0030 kl_f=0.0035 ev=0.85 sps=19.3
[seed 0] upd 347/390 step=177664 ep_ret=6.496 cap=0.00 kl_l=0.0015 kl_f=0.0056 ev=0.81 sps=19.3
[seed 0] upd 348/390 step=178176 ep_ret=6.167 cap=0.00 kl_l=0.0026 kl_f=0.0021 ev=0.79 sps=19.3
[seed 0] upd 349/390 step=178688 ep_ret=5.764 cap=0.00 kl_l=0.0032 kl_f=0.0027 ev=0.85 sps=19.3
[seed 0] upd 350/390 step=179200 ep_ret=5.743 cap=0.00 kl_l=0.0017 kl_f=0.0028 ev=0.87 sps=19.3
[seed 0] upd 351/390 step=179712 ep_ret=6.071 cap=0.00 kl_l=0.0021 kl_f=0.0052 ev=0.89 sps=19.3
[seed 0] upd 352/390 step=180224 ep_ret=6.744 cap=0.00 kl_l=0.0022 kl_f=0.0031 ev=0.84 sps=19.3
[seed 0] upd 353/390 step=180736 ep_ret=6.494 cap=0.00 kl_l=0.0027 kl_f=0.0021 ev=0.90 sps=19.3
[seed 0] upd 354/390 step=181248 ep_ret=5.594 cap=0.00 kl_l=0.0032 kl_f=0.0023 ev=0.88 sps=19.3
[seed 0] upd 355/390 step=181760 ep_ret=5.396 cap=0.00 kl_l=0.0015 kl_f=0.0018 ev=0.81 sps=19.3
[seed 0] upd 356/390 step=182272 ep_ret=6.768 cap=0.00 kl_l=0.0016 kl_f=0.0022 ev=0.89 sps=19.3
[seed 0] upd 357/390 step=182784 ep_ret=6.265 cap=0.00 kl_l=0.0010 kl_f=0.0015 ev=0.87 sps=19.3
[seed 0] upd 358/390 step=183296 ep_ret=5.896 cap=0.00 kl_l=0.0008 kl_f=0.0007 ev=0.88 sps=19.3
[seed 0] upd 359/390 step=183808 ep_ret=4.926 cap=0.00 kl_l=0.0007 kl_f=0.0022 ev=0.83 sps=19.3
[seed 0] upd 360/390 step=184320 ep_ret=5.971 cap=0.00 kl_l=0.0021 kl_f=0.0009 ev=0.84 sps=19.3
  [eval] return=7.986+-0.002 captured=0.00 wasted=0.00 clean=0.00 DoD_margin=+4.926 vs_ippo=+1.253
[seed 0] upd 361/390 step=184832 ep_ret=4.740 cap=0.00 kl_l=0.0016 kl_f=0.0008 ev=0.83 sps=19.2
[seed 0] upd 362/390 step=185344 ep_ret=5.745 cap=0.00 kl_l=0.0009 kl_f=0.0019 ev=0.87 sps=19.2
[seed 0] upd 363/390 step=185856 ep_ret=5.795 cap=0.00 kl_l=0.0018 kl_f=0.0040 ev=0.87 sps=19.2
[seed 0] upd 364/390 step=186368 ep_ret=6.019 cap=0.00 kl_l=0.0016 kl_f=0.0023 ev=0.80 sps=19.2
[seed 0] upd 365/390 step=186880 ep_ret=6.093 cap=0.00 kl_l=0.0015 kl_f=0.0013 ev=0.94 sps=19.2
[seed 0] upd 366/390 step=187392 ep_ret=6.112 cap=0.00 kl_l=0.0009 kl_f=0.0014 ev=0.85 sps=19.2
[seed 0] upd 367/390 step=187904 ep_ret=5.961 cap=0.00 kl_l=0.0007 kl_f=0.0021 ev=0.92 sps=19.2
[seed 0] upd 368/390 step=188416 ep_ret=5.491 cap=0.00 kl_l=0.0010 kl_f=0.0015 ev=0.94 sps=19.2
[seed 0] upd 369/390 step=188928 ep_ret=5.645 cap=0.00 kl_l=0.0005 kl_f=0.0018 ev=0.89 sps=19.2
[seed 0] upd 370/390 step=189440 ep_ret=5.845 cap=0.00 kl_l=0.0008 kl_f=0.0005 ev=0.88 sps=19.2
[seed 0] upd 371/390 step=189952 ep_ret=5.095 cap=0.00 kl_l=0.0013 kl_f=0.0014 ev=0.89 sps=19.2
[seed 0] upd 372/390 step=190464 ep_ret=5.845 cap=0.00 kl_l=0.0013 kl_f=0.0015 ev=0.82 sps=19.2
[seed 0] upd 373/390 step=190976 ep_ret=5.344 cap=0.00 kl_l=0.0007 kl_f=0.0010 ev=0.82 sps=19.2
[seed 0] upd 374/390 step=191488 ep_ret=5.587 cap=0.00 kl_l=0.0008 kl_f=0.0015 ev=0.80 sps=19.2
[seed 0] upd 375/390 step=192000 ep_ret=6.943 cap=0.00 kl_l=0.0005 kl_f=0.0007 ev=0.87 sps=19.2
[seed 0] upd 376/390 step=192512 ep_ret=6.573 cap=0.00 kl_l=0.0003 kl_f=0.0002 ev=0.89 sps=19.3
[seed 0] upd 377/390 step=193024 ep_ret=7.497 cap=0.00 kl_l=0.0006 kl_f=0.0003 ev=0.94 sps=19.3
[seed 0] upd 378/390 step=193536 ep_ret=5.694 cap=0.00 kl_l=0.0005 kl_f=0.0003 ev=0.85 sps=19.3
[seed 0] upd 379/390 step=194048 ep_ret=4.186 cap=0.00 kl_l=0.0003 kl_f=0.0004 ev=0.92 sps=19.3
[seed 0] upd 380/390 step=194560 ep_ret=5.087 cap=0.00 kl_l=0.0001 kl_f=0.0007 ev=0.89 sps=19.3
  [eval] return=8.485+-0.002 captured=0.00 wasted=0.00 clean=0.00 DoD_margin=+5.425 vs_ippo=+1.752
[seed 0] upd 381/390 step=195072 ep_ret=5.816 cap=0.00 kl_l=0.0003 kl_f=0.0002 ev=0.89 sps=19.2
[seed 0] upd 382/390 step=195584 ep_ret=6.119 cap=0.00 kl_l=0.0004 kl_f=0.0003 ev=0.84 sps=19.2
[seed 0] upd 383/390 step=196096 ep_ret=4.594 cap=0.00 kl_l=0.0001 kl_f=0.0001 ev=0.91 sps=19.2
[seed 0] upd 384/390 step=196608 ep_ret=4.327 cap=0.00 kl_l=0.0000 kl_f=0.0000 ev=0.82 sps=19.2
[seed 0] upd 385/390 step=197120 ep_ret=5.873 cap=0.00 kl_l=0.0003 kl_f=0.0001 ev=0.83 sps=19.2
[seed 0] upd 386/390 step=197632 ep_ret=5.696 cap=0.00 kl_l=0.0001 kl_f=0.0000 ev=0.87 sps=19.2
[seed 0] upd 387/390 step=198144 ep_ret=5.322 cap=0.00 kl_l=0.0000 kl_f=0.0000 ev=0.89 sps=19.2
[seed 0] upd 388/390 step=198656 ep_ret=6.792 cap=0.00 kl_l=0.0000 kl_f=0.0000 ev=0.86 sps=19.2
[seed 0] upd 389/390 step=199168 ep_ret=6.618 cap=0.00 kl_l=0.0000 kl_f=0.0000 ev=0.92 sps=19.2
[seed 0] upd 390/390 step=199680 ep_ret=5.711 cap=0.00 kl_l=0.0000 kl_f=0.0000 ev=0.90 sps=19.2
  [eval] return=9.486+-0.002 captured=0.00 wasted=0.00 clean=0.00 DoD_margin=+6.426 vs_ippo=+2.754
wandb: 
wandb: Run history:
wandb:   clip_fraction_action ▁▁▁▃▃▃▄▄▄▄▅▅▆▅▅▆▅▆▆▆▅▆▆▆▅▇▅▅█▇▇▇▇▆▆▇█▇▇▇
wandb:   critic/explained_var ▁▂▄▅▅▆▆▇▆▆▅▅▇▆▇▆▆█▇▆▆▆▇██▇▇██▇▇▇▇▇▇▇█▇██
wandb:      critic/value_loss ▇▆█▆▂▅▅▆▄▅▅▄▅▃▃▄▃▃▄▃▃▂▃▃▁▃▂▅▃▁▂▅▄▃▂▁▅▃▃▁
wandb:             epochs_ran █████▁██████████████████████████████████
wandb:     eval/captured_rate ▁▁▁▁▁▁▁▁▁▁▁▁▁▁▁▁▁▁▁▁
wandb:  eval/clean_cross_rate ▁▁▁▁▁▁▁▁▁▁▁▁▁▁▁▁▁▁▁▁
wandb:        eval/dod_margin ▁▃▅▃▄▁▄▅▄▅▅▅▅█▅▅▆▅▆▆
wandb:          eval/episodes ▁▁▁▁▁▁▁▁▁▁▁▁▁▁▁▁▁▁▁▁
wandb: eval/headline_sum_mean ▁▃▅▃▄▁▄▅▄▅▅▅▅█▅▅▆▅▆▆
wandb:          eval/len_mean ▁▁▇▁▁▁▁▁▁▁▁▁▁█▁▁▁▁▁▁
wandb:                    +29 ...
wandb: 
wandb: Run summary:
wandb:   clip_fraction_action 0.41809
wandb:   critic/explained_var 0.90002
wandb:      critic/value_loss 0.09345
wandb:       dod_margin_last3 5.59217
wandb:             epochs_ran 10
wandb:     eval/captured_rate 0
wandb:  eval/clean_cross_rate 0
wandb:        eval/dod_margin 6.42613
wandb:          eval/episodes 20
wandb: eval/headline_sum_mean 9.9861
wandb:                    +32 ...
wandb: 
wandb: You can sync this run to the cloud by running:
wandb: wandb sync /data/hjhong/l2/wandb/wandb/offline-run-20260705_000312-esz60k90
wandb: Find logs at: /data/hjhong/l2/wandb/wandb/offline-run-20260705_000312-esz60k90/logs

=== Phase 2C summary (DoD: MAPPO >= IPPO, last-3-eval mean) ===
  seed 0: last3_return=8.652 last3_margin=+5.592 vs_ippo=+1.920
