wandb: Tracking run with wandb version 0.28.0
wandb: W&B syncing is set to `offline` in this directory. Run `wandb online` or set WANDB_MODE=online to enable cloud syncing.
wandb: Run data is saved locally in /data/hjhong/l2/wandb/wandb/offline-run-20260705_000332-w58dwwi7
wandb: View this run in the terminal with `wandb leet`
[baseline hold_position] return=0.000+-0.000 captured=0.00
[baseline scripted_shaping] return=3.060+-0.011 captured=0.00
[ippo ref] mean_last3_return=6.732 per_seed={0: 5.701788090471795, 1: 8.849184441182201, 2: 5.645959797657081}
/data/hjhong/l2/newURP/.venv-l2/lib/python3.10/site-packages/torch/nn/modules/linear.py:125: UserWarning: Deterministic behavior was enabled with either `torch.use_deterministic_algorithms(True)` or `at::Context::setDeterministicAlgorithms(true)`, but this operation is not deterministic because it uses CuBLAS and you have CUDA >= 10.2. To enable deterministic behavior in this case, you must set an environment variable before running your PyTorch application: CUBLAS_WORKSPACE_CONFIG=:4096:8 or CUBLAS_WORKSPACE_CONFIG=:16:8. For more information, go to https://docs.nvidia.com/cuda/cublas/index.html#results-reproducibility (Triggered internally at /pytorch/aten/src/ATen/Context.cpp:217.)
  return F.linear(input, self.weight, self.bias)
/data/hjhong/l2/newURP/.venv-l2/lib/python3.10/site-packages/torch/autograd/graph.py:823: UserWarning: Deterministic behavior was enabled with either `torch.use_deterministic_algorithms(True)` or `at::Context::setDeterministicAlgorithms(true)`, but this operation is not deterministic because it uses CuBLAS and you have CUDA >= 10.2. To enable deterministic behavior in this case, you must set an environment variable before running your PyTorch application: CUBLAS_WORKSPACE_CONFIG=:4096:8 or CUBLAS_WORKSPACE_CONFIG=:16:8. For more information, go to https://docs.nvidia.com/cuda/cublas/index.html#results-reproducibility (Triggered internally at /pytorch/aten/src/ATen/Context.cpp:217.)
  return Variable._execution_engine.run_backward(  # Calls into the C++ engine to run the backward pass
[seed 4] upd 1/390 step=512 ep_ret=0.001 cap=0.00 kl_l=0.0044 kl_f=0.0045 ev=-2.54 sps=20.1
[seed 4] upd 2/390 step=1024 ep_ret=-0.001 cap=0.00 kl_l=0.0034 kl_f=0.0053 ev=-0.58 sps=20.2
[seed 4] upd 3/390 step=1536 ep_ret=0.000 cap=0.00 kl_l=0.0041 kl_f=0.0057 ev=-4.21 sps=20.2
[seed 4] upd 4/390 step=2048 ep_ret=0.125 cap=0.00 kl_l=0.0025 kl_f=0.0040 ev=0.22 sps=20.0
[seed 4] upd 5/390 step=2560 ep_ret=0.199 cap=0.00 kl_l=0.0020 kl_f=0.0043 ev=0.25 sps=20.1
[seed 4] upd 6/390 step=3072 ep_ret=0.000 cap=0.00 kl_l=0.0037 kl_f=0.0073 ev=-3.49 sps=20.1
[seed 4] upd 7/390 step=3584 ep_ret=0.195 cap=0.00 kl_l=0.0023 kl_f=0.0039 ev=0.40 sps=20.1
[seed 4] upd 8/390 step=4096 ep_ret=0.150 cap=0.00 kl_l=0.0030 kl_f=0.0053 ev=0.25 sps=20.1
[seed 4] upd 9/390 step=4608 ep_ret=0.300 cap=0.00 kl_l=0.0040 kl_f=0.0061 ev=0.44 sps=20.1
[seed 4] upd 10/390 step=5120 ep_ret=0.175 cap=0.00 kl_l=0.0040 kl_f=0.0086 ev=0.26 sps=20.1
[seed 4] upd 11/390 step=5632 ep_ret=0.175 cap=0.00 kl_l=0.0037 kl_f=0.0085 ev=0.34 sps=20.1
[seed 4] upd 12/390 step=6144 ep_ret=0.899 cap=0.00 kl_l=0.0022 kl_f=0.0046 ev=0.43 sps=20.1
[seed 4] upd 13/390 step=6656 ep_ret=0.526 cap=0.00 kl_l=0.0034 kl_f=0.0060 ev=0.36 sps=20.1
[seed 4] upd 14/390 step=7168 ep_ret=0.525 cap=0.00 kl_l=0.0047 kl_f=0.0077 ev=0.29 sps=20.1
[seed 4] upd 15/390 step=7680 ep_ret=1.497 cap=0.00 kl_l=0.0045 kl_f=0.0103 ev=0.54 sps=20.1
[seed 4] upd 16/390 step=8192 ep_ret=1.547 cap=0.00 kl_l=0.0049 kl_f=0.0087 ev=0.52 sps=20.1
[seed 4] upd 17/390 step=8704 ep_ret=1.075 cap=0.00 kl_l=0.0058 kl_f=0.0076 ev=0.52 sps=20.1
[seed 4] upd 18/390 step=9216 ep_ret=1.623 cap=0.00 kl_l=0.0061 kl_f=0.0100 ev=0.38 sps=20.1
[seed 4] upd 19/390 step=9728 ep_ret=2.150 cap=0.00 kl_l=0.0055 kl_f=0.0097 ev=0.60 sps=20.1
[seed 4] upd 20/390 step=10240 ep_ret=2.326 cap=0.00 kl_l=0.0060 kl_f=0.0114 ev=0.66 sps=20.1
  [eval] return=3.504+-0.002 captured=0.00 wasted=0.00 clean=0.00 DoD_margin=+0.445 vs_ippo=-3.228
[seed 4] upd 21/390 step=10752 ep_ret=2.520 cap=0.00 kl_l=0.0062 kl_f=0.0074 ev=0.43 sps=19.3
[seed 4] upd 22/390 step=11264 ep_ret=2.096 cap=0.00 kl_l=0.0058 kl_f=0.0081 ev=0.37 sps=19.4
[seed 4] upd 23/390 step=11776 ep_ret=2.049 cap=0.00 kl_l=0.0078 kl_f=0.0115 ev=0.53 sps=19.4
[seed 4] upd 24/390 step=12288 ep_ret=2.923 cap=0.00 kl_l=0.0037 kl_f=0.0087 ev=0.60 sps=19.5
[seed 4] upd 25/390 step=12800 ep_ret=2.571 cap=0.00 kl_l=0.0066 kl_f=0.0105 ev=0.79 sps=19.5
[seed 4] upd 26/390 step=13312 ep_ret=2.677 cap=0.00 kl_l=0.0071 kl_f=0.0120 ev=0.57 sps=19.6
[seed 4] upd 27/390 step=13824 ep_ret=3.100 cap=0.00 kl_l=0.0078 kl_f=0.0118 ev=0.64 sps=19.6
[seed 4] upd 28/390 step=14336 ep_ret=2.795 cap=0.00 kl_l=0.0074 kl_f=0.0112 ev=0.49 sps=19.6
[seed 4] upd 29/390 step=14848 ep_ret=3.149 cap=0.00 kl_l=0.0071 kl_f=0.0104 ev=0.64 sps=19.6
[seed 4] upd 30/390 step=15360 ep_ret=2.698 cap=0.00 kl_l=0.0100 kl_f=0.0093 ev=0.62 sps=19.7
[seed 4] upd 31/390 step=15872 ep_ret=2.898 cap=0.00 kl_l=0.0072 kl_f=0.0111 ev=0.53 sps=19.7
[seed 4] upd 32/390 step=16384 ep_ret=2.025 cap=0.00 kl_l=0.0052 kl_f=0.0122 ev=0.68 sps=19.7
[seed 4] upd 33/390 step=16896 ep_ret=2.298 cap=0.00 kl_l=0.0057 kl_f=0.0101 ev=0.84 sps=19.8
[seed 4] upd 34/390 step=17408 ep_ret=2.446 cap=0.00 kl_l=0.0044 kl_f=0.0096 ev=0.81 sps=19.8
[seed 4] upd 35/390 step=17920 ep_ret=2.597 cap=0.00 kl_l=0.0062 kl_f=0.0116 ev=0.74 sps=19.8
[seed 4] upd 36/390 step=18432 ep_ret=2.721 cap=0.00 kl_l=0.0068 kl_f=0.0105 ev=0.66 sps=19.8
[seed 4] upd 37/390 step=18944 ep_ret=2.675 cap=0.00 kl_l=0.0075 kl_f=0.0118 ev=0.75 sps=19.8
[seed 4] upd 38/390 step=19456 ep_ret=2.696 cap=0.00 kl_l=0.0051 kl_f=0.0108 ev=0.69 sps=19.8
[seed 4] upd 39/390 step=19968 ep_ret=2.198 cap=0.00 kl_l=0.0055 kl_f=0.0096 ev=0.69 sps=19.9
[seed 4] upd 40/390 step=20480 ep_ret=2.951 cap=0.00 kl_l=0.0038 kl_f=0.0091 ev=0.66 sps=19.9
  [eval] return=4.496+-0.001 captured=0.00 wasted=0.00 clean=0.00 DoD_margin=+1.436 vs_ippo=-2.236
[seed 4] upd 41/390 step=20992 ep_ret=2.722 cap=0.00 kl_l=0.0077 kl_f=0.0128 ev=0.78 sps=19.5
[seed 4] upd 42/390 step=21504 ep_ret=2.825 cap=0.00 kl_l=0.0069 kl_f=0.0111 ev=0.80 sps=19.5
[seed 4] upd 43/390 step=22016 ep_ret=2.775 cap=0.00 kl_l=0.0061 kl_f=0.0110 ev=0.79 sps=19.5
[seed 4] upd 44/390 step=22528 ep_ret=3.325 cap=0.00 kl_l=0.0049 kl_f=0.0098 ev=0.70 sps=19.5
[seed 4] upd 45/390 step=23040 ep_ret=2.802 cap=0.00 kl_l=0.0067 kl_f=0.0108 ev=0.72 sps=19.6
[seed 4] upd 46/390 step=23552 ep_ret=3.199 cap=0.00 kl_l=0.0079 kl_f=0.0111 ev=0.80 sps=19.6
[seed 4] upd 47/390 step=24064 ep_ret=2.997 cap=0.00 kl_l=0.0053 kl_f=0.0104 ev=0.63 sps=19.6
[seed 4] upd 48/390 step=24576 ep_ret=2.297 cap=0.00 kl_l=0.0062 kl_f=0.0139 ev=0.71 sps=19.6
[seed 4] upd 49/390 step=25088 ep_ret=2.723 cap=0.00 kl_l=0.0066 kl_f=0.0109 ev=0.70 sps=19.6
[seed 4] upd 50/390 step=25600 ep_ret=2.998 cap=0.00 kl_l=0.0053 kl_f=0.0093 ev=0.73 sps=19.7
[seed 4] upd 51/390 step=26112 ep_ret=3.446 cap=0.00 kl_l=0.0065 kl_f=0.0130 ev=0.82 sps=19.7
[seed 4] upd 52/390 step=26624 ep_ret=2.174 cap=0.00 kl_l=0.0059 kl_f=0.0102 ev=0.60 sps=19.7
[seed 4] upd 53/390 step=27136 ep_ret=2.274 cap=0.00 kl_l=0.0087 kl_f=0.0100 ev=0.65 sps=19.7
[seed 4] upd 54/390 step=27648 ep_ret=3.698 cap=0.00 kl_l=0.0053 kl_f=0.0099 ev=0.77 sps=19.7
[seed 4] upd 55/390 step=28160 ep_ret=3.374 cap=0.00 kl_l=0.0038 kl_f=0.0102 ev=0.82 sps=19.7
[seed 4] upd 56/390 step=28672 ep_ret=2.798 cap=0.00 kl_l=0.0063 kl_f=0.0125 ev=0.68 sps=19.7
[seed 4] upd 57/390 step=29184 ep_ret=1.898 cap=0.00 kl_l=0.0053 kl_f=0.0105 ev=0.62 sps=19.7
[seed 4] upd 58/390 step=29696 ep_ret=2.496 cap=0.00 kl_l=0.0059 kl_f=0.0088 ev=0.84 sps=19.7
[seed 4] upd 59/390 step=30208 ep_ret=2.871 cap=0.00 kl_l=0.0062 kl_f=0.0099 ev=0.81 sps=19.7
[seed 4] upd 60/390 step=30720 ep_ret=2.672 cap=0.00 kl_l=0.0065 kl_f=0.0115 ev=0.66 sps=19.7
  [eval] return=2.999+-0.001 captured=0.00 wasted=0.00 clean=0.00 DoD_margin=-0.061 vs_ippo=-3.734
[seed 4] upd 61/390 step=31232 ep_ret=2.451 cap=0.00 kl_l=0.0076 kl_f=0.0138 ev=0.76 sps=19.5
[seed 4] upd 62/390 step=31744 ep_ret=2.423 cap=0.00 kl_l=0.0061 kl_f=0.0094 ev=0.62 sps=19.5
[seed 4] upd 63/390 step=32256 ep_ret=2.920 cap=0.00 kl_l=0.0055 kl_f=0.0108 ev=0.78 sps=19.5
[seed 4] upd 64/390 step=32768 ep_ret=2.573 cap=0.00 kl_l=0.0057 kl_f=0.0140 ev=0.72 sps=19.5
[seed 4] upd 65/390 step=33280 ep_ret=2.972 cap=0.00 kl_l=0.0076 kl_f=0.0115 ev=0.83 sps=19.5
[seed 4] upd 66/390 step=33792 ep_ret=3.072 cap=0.00 kl_l=0.0064 kl_f=0.0101 ev=0.76 sps=19.5
[seed 4] upd 67/390 step=34304 ep_ret=2.446 cap=0.00 kl_l=0.0044 kl_f=0.0083 ev=0.72 sps=19.5
[seed 4] upd 68/390 step=34816 ep_ret=2.368 cap=0.00 kl_l=0.0043 kl_f=0.0107 ev=0.73 sps=19.5
[seed 4] upd 69/390 step=35328 ep_ret=2.570 cap=0.00 kl_l=0.0058 kl_f=0.0107 ev=0.73 sps=19.6
[seed 4] upd 70/390 step=35840 ep_ret=2.549 cap=0.00 kl_l=0.0047 kl_f=0.0103 ev=0.87 sps=19.6
[seed 4] upd 71/390 step=36352 ep_ret=3.572 cap=0.00 kl_l=0.0064 kl_f=0.0100 ev=0.74 sps=19.6
[seed 4] upd 72/390 step=36864 ep_ret=3.392 cap=0.00 kl_l=0.0064 kl_f=0.0106 ev=0.85 sps=19.6
[seed 4] upd 73/390 step=37376 ep_ret=3.442 cap=0.00 kl_l=0.0082 kl_f=0.0117 ev=0.83 sps=19.6
[seed 4] upd 74/390 step=37888 ep_ret=2.744 cap=0.00 kl_l=0.0053 kl_f=0.0115 ev=0.69 sps=19.6
[seed 4] upd 75/390 step=38400 ep_ret=3.023 cap=0.00 kl_l=0.0078 kl_f=0.0117 ev=0.81 sps=19.6
[seed 4] upd 76/390 step=38912 ep_ret=3.350 cap=0.00 kl_l=0.0069 kl_f=0.0103 ev=0.87 sps=19.6
[seed 4] upd 77/390 step=39424 ep_ret=3.348 cap=0.00 kl_l=0.0047 kl_f=0.0123 ev=0.78 sps=19.6
[seed 4] upd 78/390 step=39936 ep_ret=2.873 cap=0.00 kl_l=0.0062 kl_f=0.0112 ev=0.72 sps=19.6
[seed 4] upd 79/390 step=40448 ep_ret=2.853 cap=0.00 kl_l=0.0072 kl_f=0.0116 ev=0.65 sps=19.6
[seed 4] upd 80/390 step=40960 ep_ret=2.750 cap=0.00 kl_l=0.0078 kl_f=0.0089 ev=0.72 sps=19.6
  [eval] return=4.497+-0.001 captured=0.00 wasted=0.00 clean=0.00 DoD_margin=+1.437 vs_ippo=-2.236
[seed 4] upd 81/390 step=41472 ep_ret=2.098 cap=0.00 kl_l=0.0064 kl_f=0.0105 ev=0.73 sps=19.4
[seed 4] upd 82/390 step=41984 ep_ret=2.772 cap=0.00 kl_l=0.0071 kl_f=0.0116 ev=0.81 sps=19.4
[seed 4] upd 83/390 step=42496 ep_ret=3.094 cap=0.00 kl_l=0.0045 kl_f=0.0098 ev=0.76 sps=19.4
[seed 4] upd 84/390 step=43008 ep_ret=3.065 cap=0.00 kl_l=0.0063 kl_f=0.0109 ev=0.83 sps=19.5
[seed 4] upd 85/390 step=43520 ep_ret=3.515 cap=0.00 kl_l=0.0071 kl_f=0.0114 ev=0.83 sps=19.5
[seed 4] upd 86/390 step=44032 ep_ret=2.999 cap=0.00 kl_l=0.0075 kl_f=0.0126 ev=0.84 sps=19.5
[seed 4] upd 87/390 step=44544 ep_ret=2.671 cap=0.00 kl_l=0.0056 kl_f=0.0119 ev=0.70 sps=19.5
[seed 4] upd 88/390 step=45056 ep_ret=2.949 cap=0.00 kl_l=0.0063 kl_f=0.0083 ev=0.74 sps=19.5
[seed 4] upd 89/390 step=45568 ep_ret=3.199 cap=0.00 kl_l=0.0069 kl_f=0.0101 ev=0.79 sps=19.5
[seed 4] upd 90/390 step=46080 ep_ret=3.148 cap=0.00 kl_l=0.0049 kl_f=0.0107 ev=0.79 sps=19.5
[seed 4] upd 91/390 step=46592 ep_ret=2.573 cap=0.00 kl_l=0.0054 kl_f=0.0080 ev=0.80 sps=19.5
[seed 4] upd 92/390 step=47104 ep_ret=2.721 cap=0.00 kl_l=0.0069 kl_f=0.0102 ev=0.89 sps=19.5
[seed 4] upd 93/390 step=47616 ep_ret=3.494 cap=0.00 kl_l=0.0086 kl_f=0.0103 ev=0.79 sps=19.5
[seed 4] upd 94/390 step=48128 ep_ret=3.221 cap=0.00 kl_l=0.0045 kl_f=0.0090 ev=0.82 sps=19.5
[seed 4] upd 95/390 step=48640 ep_ret=3.050 cap=0.00 kl_l=0.0081 kl_f=0.0119 ev=0.87 sps=19.6
[seed 4] upd 96/390 step=49152 ep_ret=2.547 cap=0.00 kl_l=0.0065 kl_f=0.0129 ev=0.78 sps=19.6
[seed 4] upd 97/390 step=49664 ep_ret=2.493 cap=0.00 kl_l=0.0056 kl_f=0.0124 ev=0.85 sps=19.6
[seed 4] upd 98/390 step=50176 ep_ret=2.971 cap=0.00 kl_l=0.0063 kl_f=0.0093 ev=0.74 sps=19.6
[seed 4] upd 99/390 step=50688 ep_ret=3.768 cap=0.00 kl_l=0.0055 kl_f=0.0107 ev=0.82 sps=19.6
[seed 4] upd 100/390 step=51200 ep_ret=3.068 cap=0.00 kl_l=0.0068 kl_f=0.0095 ev=0.71 sps=19.6
  [eval] return=3.496+-0.001 captured=0.00 wasted=0.00 clean=0.00 DoD_margin=+0.436 vs_ippo=-3.236
[seed 4] upd 101/390 step=51712 ep_ret=2.823 cap=0.00 kl_l=0.0071 kl_f=0.0109 ev=0.78 sps=19.1
[seed 4] upd 102/390 step=52224 ep_ret=3.697 cap=0.00 kl_l=0.0071 kl_f=0.0115 ev=0.81 sps=19.1
[seed 4] upd 103/390 step=52736 ep_ret=4.171 cap=0.00 kl_l=0.0055 kl_f=0.0106 ev=0.86 sps=19.1
[seed 4] upd 104/390 step=53248 ep_ret=4.222 cap=0.00 kl_l=0.0075 kl_f=0.0086 ev=0.76 sps=19.1
[seed 4] upd 105/390 step=53760 ep_ret=3.752 cap=0.00 kl_l=0.0068 kl_f=0.0111 ev=0.76 sps=19.1
[seed 4] upd 106/390 step=54272 ep_ret=3.650 cap=0.00 kl_l=0.0042 kl_f=0.0093 ev=0.84 sps=19.1
[seed 4] upd 107/390 step=54784 ep_ret=4.329 cap=0.00 kl_l=0.0079 kl_f=0.0113 ev=0.84 sps=19.1
[seed 4] upd 108/390 step=55296 ep_ret=3.701 cap=0.00 kl_l=0.0071 kl_f=0.0100 ev=0.75 sps=19.1
[seed 4] upd 109/390 step=55808 ep_ret=2.775 cap=0.00 kl_l=0.0060 kl_f=0.0092 ev=0.69 sps=19.2
[seed 4] upd 110/390 step=56320 ep_ret=3.324 cap=0.00 kl_l=0.0054 kl_f=0.0098 ev=0.76 sps=19.2
[seed 4] upd 111/390 step=56832 ep_ret=3.348 cap=0.00 kl_l=0.0059 kl_f=0.0109 ev=0.69 sps=19.2
[seed 4] upd 112/390 step=57344 ep_ret=3.447 cap=0.00 kl_l=0.0065 kl_f=0.0103 ev=0.75 sps=19.2
[seed 4] upd 113/390 step=57856 ep_ret=3.639 cap=0.00 kl_l=0.0071 kl_f=0.0115 ev=0.76 sps=19.2
[seed 4] upd 114/390 step=58368 ep_ret=3.035 cap=0.00 kl_l=0.0028 kl_f=0.0090 ev=0.85 sps=19.2
[seed 4] upd 115/390 step=58880 ep_ret=3.870 cap=0.00 kl_l=0.0073 kl_f=0.0107 ev=0.73 sps=19.2
[seed 4] upd 116/390 step=59392 ep_ret=4.074 cap=0.00 kl_l=0.0038 kl_f=0.0107 ev=0.79 sps=19.2
[seed 4] upd 117/390 step=59904 ep_ret=4.297 cap=0.00 kl_l=0.0076 kl_f=0.0108 ev=0.82 sps=19.2
[seed 4] upd 118/390 step=60416 ep_ret=3.895 cap=0.00 kl_l=0.0052 kl_f=0.0120 ev=0.81 sps=19.2
[seed 4] upd 119/390 step=60928 ep_ret=3.024 cap=0.00 kl_l=0.0059 kl_f=0.0089 ev=0.67 sps=19.2
[seed 4] upd 120/390 step=61440 ep_ret=2.900 cap=0.00 kl_l=0.0075 kl_f=0.0110 ev=0.54 sps=19.3
  [eval] return=3.992+-0.001 captured=0.00 wasted=0.00 clean=0.00 DoD_margin=+0.933 vs_ippo=-2.740
[seed 4] upd 121/390 step=61952 ep_ret=3.326 cap=0.00 kl_l=0.0080 kl_f=0.0108 ev=0.68 sps=19.1
[seed 4] upd 122/390 step=62464 ep_ret=4.399 cap=0.00 kl_l=0.0060 kl_f=0.0102 ev=0.80 sps=19.1
[seed 4] upd 123/390 step=62976 ep_ret=3.151 cap=0.00 kl_l=0.0066 kl_f=0.0099 ev=0.67 sps=19.1
[seed 4] upd 124/390 step=63488 ep_ret=2.924 cap=0.00 kl_l=0.0084 kl_f=0.0102 ev=0.71 sps=19.1
[seed 4] upd 125/390 step=64000 ep_ret=3.349 cap=0.00 kl_l=0.0065 kl_f=0.0105 ev=0.75 sps=19.1
[seed 4] upd 126/390 step=64512 ep_ret=3.619 cap=0.00 kl_l=0.0064 kl_f=0.0107 ev=0.82 sps=19.1
[seed 4] upd 127/390 step=65024 ep_ret=3.555 cap=0.00 kl_l=0.0072 kl_f=0.0095 ev=0.72 sps=19.1
[seed 4] upd 128/390 step=65536 ep_ret=3.746 cap=0.00 kl_l=0.0057 kl_f=0.0135 ev=0.67 sps=19.2
[seed 4] upd 129/390 step=66048 ep_ret=3.198 cap=0.00 kl_l=0.0049 kl_f=0.0110 ev=0.66 sps=19.2
[seed 4] upd 130/390 step=66560 ep_ret=3.697 cap=0.00 kl_l=0.0081 kl_f=0.0085 ev=0.74 sps=19.2
[seed 4] upd 131/390 step=67072 ep_ret=4.167 cap=0.00 kl_l=0.0069 kl_f=0.0101 ev=0.84 sps=19.2
[seed 4] upd 132/390 step=67584 ep_ret=3.972 cap=0.00 kl_l=0.0057 kl_f=0.0117 ev=0.79 sps=19.2
[seed 4] upd 133/390 step=68096 ep_ret=3.544 cap=0.00 kl_l=0.0056 kl_f=0.0105 ev=0.77 sps=19.2
[seed 4] upd 134/390 step=68608 ep_ret=4.023 cap=0.00 kl_l=0.0038 kl_f=0.0105 ev=0.75 sps=19.2
[seed 4] upd 135/390 step=69120 ep_ret=3.422 cap=0.00 kl_l=0.0051 kl_f=0.0098 ev=0.89 sps=19.2
[seed 4] upd 136/390 step=69632 ep_ret=3.796 cap=0.00 kl_l=0.0062 kl_f=0.0120 ev=0.88 sps=19.2
[seed 4] upd 137/390 step=70144 ep_ret=3.896 cap=0.00 kl_l=0.0069 kl_f=0.0118 ev=0.89 sps=19.2
[seed 4] upd 138/390 step=70656 ep_ret=3.853 cap=0.00 kl_l=0.0061 kl_f=0.0109 ev=0.85 sps=19.2
[seed 4] upd 139/390 step=71168 ep_ret=2.747 cap=0.00 kl_l=0.0072 kl_f=0.0100 ev=0.77 sps=19.2
[seed 4] upd 140/390 step=71680 ep_ret=2.667 cap=0.00 kl_l=0.0074 kl_f=0.0105 ev=0.74 sps=19.2
  [eval] return=5.992+-0.001 captured=0.00 wasted=0.00 clean=0.00 DoD_margin=+2.933 vs_ippo=-0.740
[seed 4] upd 141/390 step=72192 ep_ret=3.541 cap=0.00 kl_l=0.0058 kl_f=0.0102 ev=0.85 sps=19.1
[seed 4] upd 142/390 step=72704 ep_ret=3.572 cap=0.00 kl_l=0.0075 kl_f=0.0125 ev=0.87 sps=19.1
[seed 4] upd 143/390 step=73216 ep_ret=3.570 cap=0.00 kl_l=0.0068 kl_f=0.0074 ev=0.77 sps=19.1
[seed 4] upd 144/390 step=73728 ep_ret=4.349 cap=0.00 kl_l=0.0055 kl_f=0.0105 ev=0.74 sps=19.1
[seed 4] upd 145/390 step=74240 ep_ret=4.580 cap=0.00 kl_l=0.0074 kl_f=0.0097 ev=0.80 sps=19.1
[seed 4] upd 146/390 step=74752 ep_ret=3.369 cap=0.00 kl_l=0.0067 kl_f=0.0103 ev=0.85 sps=19.1
[seed 4] upd 147/390 step=75264 ep_ret=4.447 cap=0.00 kl_l=0.0065 kl_f=0.0092 ev=0.72 sps=19.1
[seed 4] upd 148/390 step=75776 ep_ret=3.945 cap=0.00 kl_l=0.0055 kl_f=0.0093 ev=0.84 sps=19.1
[seed 4] upd 149/390 step=76288 ep_ret=3.372 cap=0.00 kl_l=0.0061 kl_f=0.0109 ev=0.84 sps=19.2
[seed 4] upd 150/390 step=76800 ep_ret=3.174 cap=0.00 kl_l=0.0057 kl_f=0.0086 ev=0.78 sps=19.2
[seed 4] upd 151/390 step=77312 ep_ret=4.123 cap=0.00 kl_l=0.0069 kl_f=0.0111 ev=0.76 sps=19.2
[seed 4] upd 152/390 step=77824 ep_ret=4.425 cap=0.00 kl_l=0.0080 kl_f=0.0115 ev=0.75 sps=19.2
[seed 4] upd 153/390 step=78336 ep_ret=3.799 cap=0.00 kl_l=0.0075 kl_f=0.0094 ev=0.84 sps=19.2
[seed 4] upd 154/390 step=78848 ep_ret=3.524 cap=0.00 kl_l=0.0064 kl_f=0.0080 ev=0.65 sps=19.2
[seed 4] upd 155/390 step=79360 ep_ret=4.399 cap=0.00 kl_l=0.0041 kl_f=0.0095 ev=0.71 sps=19.2
[seed 4] upd 156/390 step=79872 ep_ret=4.920 cap=0.00 kl_l=0.0061 kl_f=0.0107 ev=0.72 sps=19.2
[seed 4] upd 157/390 step=80384 ep_ret=3.474 cap=0.00 kl_l=0.0060 kl_f=0.0134 ev=0.79 sps=19.2
[seed 4] upd 158/390 step=80896 ep_ret=5.201 cap=0.00 kl_l=0.0062 kl_f=0.0109 ev=0.77 sps=19.2
[seed 4] upd 159/390 step=81408 ep_ret=3.672 cap=0.00 kl_l=0.0065 kl_f=0.0084 ev=0.71 sps=19.2
[seed 4] upd 160/390 step=81920 ep_ret=3.946 cap=0.00 kl_l=0.0073 kl_f=0.0090 ev=0.73 sps=19.2
  [eval] return=7.996+-0.001 captured=0.00 wasted=0.00 clean=0.00 DoD_margin=+4.936 vs_ippo=+1.264
[seed 4] upd 161/390 step=82432 ep_ret=3.797 cap=0.00 kl_l=0.0075 kl_f=0.0080 ev=0.73 sps=19.2
[seed 4] upd 162/390 step=82944 ep_ret=4.550 cap=0.00 kl_l=0.0071 kl_f=0.0084 ev=0.54 sps=19.2
[seed 4] upd 163/390 step=83456 ep_ret=4.542 cap=0.00 kl_l=0.0076 kl_f=0.0113 ev=0.84 sps=19.2
[seed 4] upd 164/390 step=83968 ep_ret=3.898 cap=0.00 kl_l=0.0062 kl_f=0.0108 ev=0.71 sps=19.2
[seed 4] upd 165/390 step=84480 ep_ret=3.601 cap=0.00 kl_l=0.0038 kl_f=0.0096 ev=0.68 sps=19.2
[seed 4] upd 166/390 step=84992 ep_ret=3.697 cap=0.00 kl_l=0.0067 kl_f=0.0083 ev=0.67 sps=19.2
[seed 4] upd 167/390 step=85504 ep_ret=3.800 cap=0.00 kl_l=0.0073 kl_f=0.0086 ev=0.82 sps=19.2
[seed 4] upd 168/390 step=86016 ep_ret=4.374 cap=0.00 kl_l=0.0070 kl_f=0.0074 ev=0.77 sps=19.2
[seed 4] upd 169/390 step=86528 ep_ret=3.670 cap=0.00 kl_l=0.0059 kl_f=0.0102 ev=0.73 sps=19.2
[seed 4] upd 170/390 step=87040 ep_ret=4.499 cap=0.00 kl_l=0.0066 kl_f=0.0105 ev=0.85 sps=19.2
[seed 4] upd 171/390 step=87552 ep_ret=3.275 cap=0.00 kl_l=0.0055 kl_f=0.0075 ev=0.74 sps=19.2
[seed 4] upd 172/390 step=88064 ep_ret=4.072 cap=0.00 kl_l=0.0055 kl_f=0.0070 ev=0.78 sps=19.2
[seed 4] upd 173/390 step=88576 ep_ret=4.572 cap=0.00 kl_l=0.0049 kl_f=0.0106 ev=0.76 sps=19.2
[seed 4] upd 174/390 step=89088 ep_ret=3.477 cap=0.00 kl_l=0.0063 kl_f=0.0081 ev=0.76 sps=19.2
[seed 4] upd 175/390 step=89600 ep_ret=3.700 cap=0.00 kl_l=0.0049 kl_f=0.0086 ev=0.77 sps=19.2
[seed 4] upd 176/390 step=90112 ep_ret=4.046 cap=0.00 kl_l=0.0068 kl_f=0.0101 ev=0.87 sps=19.2
[seed 4] upd 177/390 step=90624 ep_ret=2.896 cap=0.00 kl_l=0.0079 kl_f=0.0110 ev=0.62 sps=19.3
[seed 4] upd 178/390 step=91136 ep_ret=3.523 cap=0.00 kl_l=0.0052 kl_f=0.0100 ev=0.76 sps=19.3
[seed 4] upd 179/390 step=91648 ep_ret=3.367 cap=0.00 kl_l=0.0061 kl_f=0.0110 ev=0.77 sps=19.3
[seed 4] upd 180/390 step=92160 ep_ret=3.749 cap=0.00 kl_l=0.0061 kl_f=0.0100 ev=0.74 sps=19.3
  [eval] return=1.995+-0.001 captured=0.00 wasted=0.00 clean=0.00 DoD_margin=-1.065 vs_ippo=-4.737
[seed 4] upd 181/390 step=92672 ep_ret=3.897 cap=0.00 kl_l=0.0074 kl_f=0.0123 ev=0.71 sps=19.2
[seed 4] upd 182/390 step=93184 ep_ret=3.722 cap=0.00 kl_l=0.0076 kl_f=0.0097 ev=0.79 sps=19.2
[seed 4] upd 183/390 step=93696 ep_ret=3.797 cap=0.00 kl_l=0.0065 kl_f=0.0088 ev=0.68 sps=19.2
[seed 4] upd 184/390 step=94208 ep_ret=3.471 cap=0.00 kl_l=0.0062 kl_f=0.0076 ev=0.82 sps=19.2
[seed 4] upd 185/390 step=94720 ep_ret=4.345 cap=0.00 kl_l=0.0056 kl_f=0.0103 ev=0.72 sps=19.2
[seed 4] upd 186/390 step=95232 ep_ret=2.926 cap=0.00 kl_l=0.0059 kl_f=0.0062 ev=0.70 sps=19.2
[seed 4] upd 187/390 step=95744 ep_ret=3.875 cap=0.00 kl_l=0.0065 kl_f=0.0066 ev=0.69 sps=19.2
[seed 4] upd 188/390 step=96256 ep_ret=3.895 cap=0.00 kl_l=0.0059 kl_f=0.0086 ev=0.81 sps=19.2
[seed 4] upd 189/390 step=96768 ep_ret=4.144 cap=0.00 kl_l=0.0068 kl_f=0.0080 ev=0.83 sps=19.2
[seed 4] upd 190/390 step=97280 ep_ret=4.293 cap=0.00 kl_l=0.0076 kl_f=0.0084 ev=0.87 sps=19.3
[seed 4] upd 191/390 step=97792 ep_ret=3.967 cap=0.00 kl_l=0.0066 kl_f=0.0077 ev=0.81 sps=19.3
[seed 4] upd 192/390 step=98304 ep_ret=4.246 cap=0.00 kl_l=0.0065 kl_f=0.0081 ev=0.88 sps=19.3
[seed 4] upd 193/390 step=98816 ep_ret=3.647 cap=0.00 kl_l=0.0093 kl_f=0.0105 ev=0.80 sps=19.3
[seed 4] upd 194/390 step=99328 ep_ret=3.398 cap=0.00 kl_l=0.0066 kl_f=0.0115 ev=0.76 sps=19.3
[seed 4] upd 195/390 step=99840 ep_ret=3.997 cap=0.00 kl_l=0.0050 kl_f=0.0073 ev=0.69 sps=19.3
[seed 4] upd 196/390 step=100352 ep_ret=4.347 cap=0.00 kl_l=0.0053 kl_f=0.0077 ev=0.82 sps=19.3
[seed 4] upd 197/390 step=100864 ep_ret=3.770 cap=0.00 kl_l=0.0070 kl_f=0.0096 ev=0.79 sps=19.3
[seed 4] upd 198/390 step=101376 ep_ret=3.969 cap=0.00 kl_l=0.0069 kl_f=0.0087 ev=0.87 sps=19.3
[seed 4] upd 199/390 step=101888 ep_ret=3.773 cap=0.00 kl_l=0.0069 kl_f=0.0108 ev=0.79 sps=19.3
[seed 4] upd 200/390 step=102400 ep_ret=3.648 cap=0.00 kl_l=0.0061 kl_f=0.0093 ev=0.72 sps=19.3
  [eval] return=1.796+-0.399 captured=0.00 wasted=0.10 clean=0.00 DoD_margin=-1.264 vs_ippo=-4.936
[seed 4] upd 201/390 step=102912 ep_ret=3.872 cap=0.00 kl_l=0.0060 kl_f=0.0055 ev=0.51 sps=19.2
[seed 4] upd 202/390 step=103424 ep_ret=3.623 cap=0.00 kl_l=0.0049 kl_f=0.0111 ev=0.72 sps=19.2
[seed 4] upd 203/390 step=103936 ep_ret=3.397 cap=0.00 kl_l=0.0063 kl_f=0.0106 ev=0.78 sps=19.2
[seed 4] upd 204/390 step=104448 ep_ret=2.772 cap=0.00 kl_l=0.0053 kl_f=0.0097 ev=0.72 sps=19.2
[seed 4] upd 205/390 step=104960 ep_ret=3.222 cap=0.00 kl_l=0.0064 kl_f=0.0068 ev=0.78 sps=19.3
[seed 4] upd 206/390 step=105472 ep_ret=4.195 cap=0.00 kl_l=0.0064 kl_f=0.0100 ev=0.80 sps=19.3
[seed 4] upd 207/390 step=105984 ep_ret=4.196 cap=0.00 kl_l=0.0053 kl_f=0.0098 ev=0.83 sps=19.3
[seed 4] upd 208/390 step=106496 ep_ret=4.198 cap=0.00 kl_l=0.0068 kl_f=0.0086 ev=0.87 sps=19.3
[seed 4] upd 209/390 step=107008 ep_ret=3.772 cap=0.00 kl_l=0.0052 kl_f=0.0073 ev=0.82 sps=19.3
[seed 4] upd 210/390 step=107520 ep_ret=4.222 cap=0.00 kl_l=0.0067 kl_f=0.0088 ev=0.72 sps=19.3
[seed 4] upd 211/390 step=108032 ep_ret=3.948 cap=0.00 kl_l=0.0080 kl_f=0.0120 ev=0.80 sps=19.3
[seed 4] upd 212/390 step=108544 ep_ret=3.399 cap=0.00 kl_l=0.0050 kl_f=0.0090 ev=0.74 sps=19.3
[seed 4] upd 213/390 step=109056 ep_ret=3.777 cap=0.00 kl_l=0.0063 kl_f=0.0090 ev=0.78 sps=19.3
[seed 4] upd 214/390 step=109568 ep_ret=4.295 cap=0.00 kl_l=0.0072 kl_f=0.0092 ev=0.76 sps=19.3
[seed 4] upd 215/390 step=110080 ep_ret=4.522 cap=0.00 kl_l=0.0051 kl_f=0.0068 ev=0.75 sps=19.3
[seed 4] upd 216/390 step=110592 ep_ret=4.174 cap=0.00 kl_l=0.0059 kl_f=0.0073 ev=0.81 sps=19.3
[seed 4] upd 217/390 step=111104 ep_ret=4.774 cap=0.00 kl_l=0.0058 kl_f=0.0081 ev=0.79 sps=19.3
[seed 4] upd 218/390 step=111616 ep_ret=3.849 cap=0.00 kl_l=0.0072 kl_f=0.0078 ev=0.68 sps=19.3
[seed 4] upd 219/390 step=112128 ep_ret=4.147 cap=0.00 kl_l=0.0046 kl_f=0.0134 ev=0.84 sps=19.3
[seed 4] upd 220/390 step=112640 ep_ret=4.771 cap=0.00 kl_l=0.0069 kl_f=0.0105 ev=0.80 sps=19.3
  [eval] return=8.996+-0.001 captured=0.00 wasted=0.00 clean=0.00 DoD_margin=+5.937 vs_ippo=+2.264
[seed 4] upd 221/390 step=113152 ep_ret=3.948 cap=0.00 kl_l=0.0057 kl_f=0.0096 ev=0.77 sps=19.3
[seed 4] upd 222/390 step=113664 ep_ret=2.873 cap=0.00 kl_l=0.0047 kl_f=0.0092 ev=0.69 sps=19.3
[seed 4] upd 223/390 step=114176 ep_ret=3.799 cap=0.00 kl_l=0.0069 kl_f=0.0088 ev=0.83 sps=19.3
[seed 4] upd 224/390 step=114688 ep_ret=4.198 cap=0.00 kl_l=0.0059 kl_f=0.0090 ev=0.59 sps=19.3
[seed 4] upd 225/390 step=115200 ep_ret=3.325 cap=0.00 kl_l=0.0051 kl_f=0.0077 ev=0.70 sps=19.3
[seed 4] upd 226/390 step=115712 ep_ret=4.595 cap=0.00 kl_l=0.0050 kl_f=0.0100 ev=0.80 sps=19.3
[seed 4] upd 227/390 step=116224 ep_ret=4.294 cap=0.00 kl_l=0.0072 kl_f=0.0099 ev=0.80 sps=19.3
[seed 4] upd 228/390 step=116736 ep_ret=4.575 cap=0.00 kl_l=0.0061 kl_f=0.0097 ev=0.88 sps=19.3
[seed 4] upd 229/390 step=117248 ep_ret=5.003 cap=0.00 kl_l=0.0047 kl_f=0.0051 ev=0.84 sps=19.3
[seed 4] upd 230/390 step=117760 ep_ret=4.397 cap=0.00 kl_l=0.0033 kl_f=0.0089 ev=0.82 sps=19.3
[seed 4] upd 231/390 step=118272 ep_ret=5.520 cap=0.00 kl_l=0.0056 kl_f=0.0096 ev=0.86 sps=19.3
[seed 4] upd 232/390 step=118784 ep_ret=5.148 cap=0.00 kl_l=0.0056 kl_f=0.0084 ev=0.85 sps=19.3
[seed 4] upd 233/390 step=119296 ep_ret=5.196 cap=0.00 kl_l=0.0060 kl_f=0.0079 ev=0.81 sps=19.3
[seed 4] upd 234/390 step=119808 ep_ret=4.973 cap=0.00 kl_l=0.0050 kl_f=0.0070 ev=0.85 sps=19.3
[seed 4] upd 235/390 step=120320 ep_ret=5.023 cap=0.00 kl_l=0.0051 kl_f=0.0039 ev=0.68 sps=19.3
[seed 4] upd 236/390 step=120832 ep_ret=4.498 cap=0.00 kl_l=0.0026 kl_f=0.0091 ev=0.75 sps=19.3
[seed 4] upd 237/390 step=121344 ep_ret=4.646 cap=0.00 kl_l=0.0053 kl_f=0.0103 ev=0.86 sps=19.3
[seed 4] upd 238/390 step=121856 ep_ret=4.747 cap=0.00 kl_l=0.0051 kl_f=0.0073 ev=0.88 sps=19.3
[seed 4] upd 239/390 step=122368 ep_ret=4.695 cap=0.00 kl_l=0.0059 kl_f=0.0102 ev=0.88 sps=19.3
[seed 4] upd 240/390 step=122880 ep_ret=3.451 cap=0.00 kl_l=0.0059 kl_f=0.0076 ev=0.81 sps=19.3
  [eval] return=6.895+-0.583 captured=0.00 wasted=0.00 clean=0.00 DoD_margin=+3.835 vs_ippo=+0.163
[seed 4] upd 241/390 step=123392 ep_ret=3.799 cap=0.00 kl_l=0.0057 kl_f=0.0088 ev=0.82 sps=19.3
[seed 4] upd 242/390 step=123904 ep_ret=5.871 cap=0.00 kl_l=0.0047 kl_f=0.0090 ev=0.76 sps=19.3
[seed 4] upd 243/390 step=124416 ep_ret=4.021 cap=0.00 kl_l=0.0054 kl_f=0.0117 ev=0.84 sps=19.3
[seed 4] upd 244/390 step=124928 ep_ret=4.622 cap=0.00 kl_l=0.0046 kl_f=0.0099 ev=0.82 sps=19.3
[seed 4] upd 245/390 step=125440 ep_ret=4.248 cap=0.00 kl_l=0.0048 kl_f=0.0069 ev=0.83 sps=19.3
[seed 4] upd 246/390 step=125952 ep_ret=4.823 cap=0.00 kl_l=0.0056 kl_f=0.0103 ev=0.84 sps=19.3
[seed 4] upd 247/390 step=126464 ep_ret=4.047 cap=0.00 kl_l=0.0057 kl_f=0.0106 ev=0.90 sps=19.3
[seed 4] upd 248/390 step=126976 ep_ret=4.321 cap=0.00 kl_l=0.0051 kl_f=0.0065 ev=0.86 sps=19.3
[seed 4] upd 249/390 step=127488 ep_ret=4.448 cap=0.00 kl_l=0.0054 kl_f=0.0091 ev=0.86 sps=19.3
[seed 4] upd 250/390 step=128000 ep_ret=5.023 cap=0.00 kl_l=0.0050 kl_f=0.0092 ev=0.85 sps=19.3
[seed 4] upd 251/390 step=128512 ep_ret=4.894 cap=0.00 kl_l=0.0043 kl_f=0.0043 ev=0.79 sps=19.3
[seed 4] upd 252/390 step=129024 ep_ret=4.117 cap=0.00 kl_l=0.0043 kl_f=0.0087 ev=0.82 sps=19.3
[seed 4] upd 253/390 step=129536 ep_ret=4.221 cap=0.00 kl_l=0.0072 kl_f=0.0088 ev=0.80 sps=19.3
[seed 4] upd 254/390 step=130048 ep_ret=3.872 cap=0.00 kl_l=0.0039 kl_f=0.0064 ev=0.86 sps=19.3
[seed 4] upd 255/390 step=130560 ep_ret=5.222 cap=0.00 kl_l=0.0058 kl_f=0.0105 ev=0.82 sps=19.3
[seed 4] upd 256/390 step=131072 ep_ret=5.721 cap=0.00 kl_l=0.0057 kl_f=0.0087 ev=0.90 sps=19.3
[seed 4] upd 257/390 step=131584 ep_ret=4.572 cap=0.00 kl_l=0.0051 kl_f=0.0057 ev=0.83 sps=19.3
[seed 4] upd 258/390 step=132096 ep_ret=5.473 cap=0.00 kl_l=0.0059 kl_f=0.0051 ev=0.78 sps=19.3
[seed 4] upd 259/390 step=132608 ep_ret=3.559 cap=0.00 kl_l=0.0042 kl_f=0.0072 ev=0.81 sps=19.3
[seed 4] upd 260/390 step=133120 ep_ret=4.082 cap=0.00 kl_l=0.0046 kl_f=0.0116 ev=0.76 sps=19.3
  [eval] return=2.995+-0.001 captured=0.00 wasted=0.00 clean=0.00 DoD_margin=-0.065 vs_ippo=-3.737
[seed 4] upd 261/390 step=133632 ep_ret=4.147 cap=0.00 kl_l=0.0043 kl_f=0.0084 ev=0.86 sps=19.2
[seed 4] upd 262/390 step=134144 ep_ret=3.948 cap=0.00 kl_l=0.0051 kl_f=0.0058 ev=0.87 sps=19.2
[seed 4] upd 263/390 step=134656 ep_ret=4.248 cap=0.00 kl_l=0.0055 kl_f=0.0086 ev=0.89 sps=19.2
[seed 4] upd 264/390 step=135168 ep_ret=4.047 cap=0.00 kl_l=0.0050 kl_f=0.0075 ev=0.79 sps=19.2
[seed 4] upd 265/390 step=135680 ep_ret=4.844 cap=0.00 kl_l=0.0045 kl_f=0.0087 ev=0.86 sps=19.2
[seed 4] upd 266/390 step=136192 ep_ret=4.840 cap=0.00 kl_l=0.0040 kl_f=0.0046 ev=0.89 sps=19.3
[seed 4] upd 267/390 step=136704 ep_ret=4.567 cap=0.00 kl_l=0.0050 kl_f=0.0083 ev=0.86 sps=19.3
[seed 4] upd 268/390 step=137216 ep_ret=4.422 cap=0.00 kl_l=0.0045 kl_f=0.0041 ev=0.88 sps=19.3
[seed 4] upd 269/390 step=137728 ep_ret=4.548 cap=0.00 kl_l=0.0047 kl_f=0.0075 ev=0.85 sps=19.3
[seed 4] upd 270/390 step=138240 ep_ret=4.497 cap=0.00 kl_l=0.0046 kl_f=0.0061 ev=0.83 sps=19.3
[seed 4] upd 271/390 step=138752 ep_ret=4.648 cap=0.00 kl_l=0.0046 kl_f=0.0050 ev=0.84 sps=19.3
[seed 4] upd 272/390 step=139264 ep_ret=4.423 cap=0.00 kl_l=0.0038 kl_f=0.0095 ev=0.87 sps=19.3
[seed 4] upd 273/390 step=139776 ep_ret=4.972 cap=0.00 kl_l=0.0051 kl_f=0.0102 ev=0.88 sps=19.3
[seed 4] upd 274/390 step=140288 ep_ret=5.205 cap=0.00 kl_l=0.0053 kl_f=0.0089 ev=0.88 sps=19.3
[seed 4] upd 275/390 step=140800 ep_ret=4.355 cap=0.00 kl_l=0.0054 kl_f=0.0041 ev=0.81 sps=19.3
[seed 4] upd 276/390 step=141312 ep_ret=4.498 cap=0.00 kl_l=0.0042 kl_f=0.0075 ev=0.75 sps=19.3
[seed 4] upd 277/390 step=141824 ep_ret=3.928 cap=0.00 kl_l=0.0038 kl_f=0.0080 ev=0.89 sps=19.3
[seed 4] upd 278/390 step=142336 ep_ret=4.673 cap=0.00 kl_l=0.0046 kl_f=0.0074 ev=0.88 sps=19.3
[seed 4] upd 279/390 step=142848 ep_ret=4.197 cap=0.00 kl_l=0.0044 kl_f=0.0067 ev=0.84 sps=19.3
[seed 4] upd 280/390 step=143360 ep_ret=4.521 cap=0.00 kl_l=0.0048 kl_f=0.0083 ev=0.91 sps=19.3
  [eval] return=2.993+-0.001 captured=0.00 wasted=0.00 clean=0.00 DoD_margin=-0.067 vs_ippo=-3.739
[seed 4] upd 281/390 step=143872 ep_ret=4.996 cap=0.00 kl_l=0.0041 kl_f=0.0111 ev=0.84 sps=19.2
[seed 4] upd 282/390 step=144384 ep_ret=4.522 cap=0.00 kl_l=0.0046 kl_f=0.0040 ev=0.85 sps=19.2
[seed 4] upd 283/390 step=144896 ep_ret=4.621 cap=0.00 kl_l=0.0035 kl_f=0.0070 ev=0.86 sps=19.2
[seed 4] upd 284/390 step=145408 ep_ret=6.025 cap=0.00 kl_l=0.0048 kl_f=0.0050 ev=0.87 sps=19.3
[seed 4] upd 285/390 step=145920 ep_ret=4.673 cap=0.00 kl_l=0.0041 kl_f=0.0058 ev=0.84 sps=19.3
[seed 4] upd 286/390 step=146432 ep_ret=5.192 cap=0.00 kl_l=0.0046 kl_f=0.0067 ev=0.88 sps=19.3
[seed 4] upd 287/390 step=146944 ep_ret=4.771 cap=0.00 kl_l=0.0038 kl_f=0.0048 ev=0.83 sps=19.3
[seed 4] upd 288/390 step=147456 ep_ret=4.022 cap=0.00 kl_l=0.0043 kl_f=0.0066 ev=0.83 sps=19.3
[seed 4] upd 289/390 step=147968 ep_ret=4.098 cap=0.00 kl_l=0.0061 kl_f=0.0057 ev=0.90 sps=19.3
[seed 4] upd 290/390 step=148480 ep_ret=5.470 cap=0.00 kl_l=0.0043 kl_f=0.0097 ev=0.88 sps=19.3
[seed 4] upd 291/390 step=148992 ep_ret=4.871 cap=0.00 kl_l=0.0048 kl_f=0.0058 ev=0.90 sps=19.3
[seed 4] upd 292/390 step=149504 ep_ret=4.323 cap=0.00 kl_l=0.0037 kl_f=0.0031 ev=0.84 sps=19.3
[seed 4] upd 293/390 step=150016 ep_ret=4.847 cap=0.00 kl_l=0.0039 kl_f=0.0078 ev=0.86 sps=19.3
[seed 4] upd 294/390 step=150528 ep_ret=4.522 cap=0.00 kl_l=0.0028 kl_f=0.0085 ev=0.80 sps=19.3
[seed 4] upd 295/390 step=151040 ep_ret=4.750 cap=0.00 kl_l=0.0038 kl_f=0.0053 ev=0.87 sps=19.3
[seed 4] upd 296/390 step=151552 ep_ret=5.397 cap=0.00 kl_l=0.0055 kl_f=0.0054 ev=0.85 sps=19.3
[seed 4] upd 297/390 step=152064 ep_ret=4.946 cap=0.00 kl_l=0.0043 kl_f=0.0053 ev=0.92 sps=19.3
[seed 4] upd 298/390 step=152576 ep_ret=4.247 cap=0.00 kl_l=0.0044 kl_f=0.0111 ev=0.88 sps=19.3
[seed 4] upd 299/390 step=153088 ep_ret=4.748 cap=0.00 kl_l=0.0033 kl_f=0.0064 ev=0.80 sps=19.3
[seed 4] upd 300/390 step=153600 ep_ret=4.622 cap=0.00 kl_l=0.0037 kl_f=0.0047 ev=0.79 sps=19.3
  [eval] return=5.894+-0.583 captured=0.00 wasted=0.00 clean=0.00 DoD_margin=+2.834 vs_ippo=-0.838
[seed 4] upd 301/390 step=154112 ep_ret=4.871 cap=0.00 kl_l=0.0037 kl_f=0.0060 ev=0.79 sps=19.3
[seed 4] upd 302/390 step=154624 ep_ret=4.972 cap=0.00 kl_l=0.0045 kl_f=0.0086 ev=0.88 sps=19.3
[seed 4] upd 303/390 step=155136 ep_ret=5.172 cap=0.00 kl_l=0.0038 kl_f=0.0053 ev=0.86 sps=19.3
[seed 4] upd 304/390 step=155648 ep_ret=4.773 cap=0.00 kl_l=0.0049 kl_f=0.0047 ev=0.90 sps=19.3
[seed 4] upd 305/390 step=156160 ep_ret=5.072 cap=0.00 kl_l=0.0047 kl_f=0.0045 ev=0.91 sps=19.3
[seed 4] upd 306/390 step=156672 ep_ret=3.723 cap=0.00 kl_l=0.0043 kl_f=0.0079 ev=0.82 sps=19.3
[seed 4] upd 307/390 step=157184 ep_ret=4.022 cap=0.00 kl_l=0.0061 kl_f=0.0051 ev=0.89 sps=19.3
[seed 4] upd 308/390 step=157696 ep_ret=4.348 cap=0.00 kl_l=0.0048 kl_f=0.0052 ev=0.84 sps=19.3
[seed 4] upd 309/390 step=158208 ep_ret=4.498 cap=0.00 kl_l=0.0064 kl_f=0.0039 ev=0.82 sps=19.3
[seed 4] upd 310/390 step=158720 ep_ret=4.072 cap=0.00 kl_l=0.0032 kl_f=0.0044 ev=0.81 sps=19.3
[seed 4] upd 311/390 step=159232 ep_ret=5.396 cap=0.00 kl_l=0.0052 kl_f=0.0040 ev=0.79 sps=19.3
[seed 4] upd 312/390 step=159744 ep_ret=5.321 cap=0.00 kl_l=0.0047 kl_f=0.0051 ev=0.86 sps=19.3
[seed 4] upd 313/390 step=160256 ep_ret=4.522 cap=0.00 kl_l=0.0037 kl_f=0.0051 ev=0.84 sps=19.3
[seed 4] upd 314/390 step=160768 ep_ret=4.125 cap=0.00 kl_l=0.0032 kl_f=0.0057 ev=0.88 sps=19.3
[seed 4] upd 315/390 step=161280 ep_ret=5.571 cap=0.00 kl_l=0.0036 kl_f=0.0054 ev=0.84 sps=19.4
[seed 4] upd 316/390 step=161792 ep_ret=4.820 cap=0.00 kl_l=0.0039 kl_f=0.0038 ev=0.88 sps=19.4
[seed 4] upd 317/390 step=162304 ep_ret=4.993 cap=0.00 kl_l=0.0046 kl_f=0.0044 ev=0.92 sps=19.4
[seed 4] upd 318/390 step=162816 ep_ret=5.276 cap=0.00 kl_l=0.0038 kl_f=0.0047 ev=0.86 sps=19.4
[seed 4] upd 319/390 step=163328 ep_ret=5.572 cap=0.00 kl_l=0.0051 kl_f=0.0039 ev=0.87 sps=19.4
[seed 4] upd 320/390 step=163840 ep_ret=5.148 cap=0.00 kl_l=0.0063 kl_f=0.0041 ev=0.91 sps=19.4
  [eval] return=10.294+-0.458 captured=0.00 wasted=0.00 clean=0.00 DoD_margin=+7.234 vs_ippo=+3.562
[seed 4] upd 321/390 step=164352 ep_ret=5.247 cap=0.00 kl_l=0.0044 kl_f=0.0079 ev=0.86 sps=19.2
[seed 4] upd 322/390 step=164864 ep_ret=5.128 cap=0.00 kl_l=0.0044 kl_f=0.0061 ev=0.86 sps=19.2
[seed 4] upd 323/390 step=165376 ep_ret=5.146 cap=0.00 kl_l=0.0038 kl_f=0.0053 ev=0.84 sps=19.2
[seed 4] upd 324/390 step=165888 ep_ret=5.893 cap=0.00 kl_l=0.0046 kl_f=0.0048 ev=0.82 sps=19.2
[seed 4] upd 325/390 step=166400 ep_ret=5.714 cap=0.00 kl_l=0.0035 kl_f=0.0043 ev=0.89 sps=19.2
[seed 4] upd 326/390 step=166912 ep_ret=5.618 cap=0.00 kl_l=0.0041 kl_f=0.0043 ev=0.89 sps=19.2
[seed 4] upd 327/390 step=167424 ep_ret=5.523 cap=0.00 kl_l=0.0040 kl_f=0.0042 ev=0.84 sps=19.2
[seed 4] upd 328/390 step=167936 ep_ret=5.622 cap=0.00 kl_l=0.0046 kl_f=0.0037 ev=0.90 sps=19.2
[seed 4] upd 329/390 step=168448 ep_ret=5.824 cap=0.00 kl_l=0.0042 kl_f=0.0050 ev=0.91 sps=19.2
[seed 4] upd 330/390 step=168960 ep_ret=4.649 cap=0.00 kl_l=0.0034 kl_f=0.0050 ev=0.83 sps=19.2
[seed 4] upd 331/390 step=169472 ep_ret=4.349 cap=0.00 kl_l=0.0025 kl_f=0.0019 ev=0.84 sps=19.2
[seed 4] upd 332/390 step=169984 ep_ret=4.595 cap=0.00 kl_l=0.0028 kl_f=0.0043 ev=0.90 sps=19.2
[seed 4] upd 333/390 step=170496 ep_ret=4.995 cap=0.00 kl_l=0.0025 kl_f=0.0037 ev=0.93 sps=19.2
[seed 4] upd 334/390 step=171008 ep_ret=4.277 cap=0.00 kl_l=0.0031 kl_f=0.0028 ev=0.81 sps=19.2
[seed 4] upd 335/390 step=171520 ep_ret=3.776 cap=0.00 kl_l=0.0024 kl_f=0.0038 ev=0.84 sps=19.2
[seed 4] upd 336/390 step=172032 ep_ret=5.446 cap=0.00 kl_l=0.0031 kl_f=0.0017 ev=0.89 sps=19.2
[seed 4] upd 337/390 step=172544 ep_ret=5.597 cap=0.00 kl_l=0.0036 kl_f=0.0031 ev=0.88 sps=19.2
[seed 4] upd 338/390 step=173056 ep_ret=4.771 cap=0.00 kl_l=0.0034 kl_f=0.0078 ev=0.86 sps=19.2
[seed 4] upd 339/390 step=173568 ep_ret=5.021 cap=0.00 kl_l=0.0028 kl_f=0.0022 ev=0.86 sps=19.2
[seed 4] upd 340/390 step=174080 ep_ret=6.321 cap=0.00 kl_l=0.0032 kl_f=0.0044 ev=0.85 sps=19.2
  [eval] return=7.995+-0.001 captured=0.00 wasted=0.00 clean=0.00 DoD_margin=+4.935 vs_ippo=+1.262
[seed 4] upd 341/390 step=174592 ep_ret=5.497 cap=0.00 kl_l=0.0030 kl_f=0.0049 ev=0.91 sps=19.2
[seed 4] upd 342/390 step=175104 ep_ret=5.348 cap=0.00 kl_l=0.0034 kl_f=0.0049 ev=0.89 sps=19.2
[seed 4] upd 343/390 step=175616 ep_ret=5.597 cap=0.00 kl_l=0.0035 kl_f=0.0026 ev=0.76 sps=19.2
[seed 4] upd 344/390 step=176128 ep_ret=5.671 cap=0.00 kl_l=0.0025 kl_f=0.0053 ev=0.89 sps=19.2
[seed 4] upd 345/390 step=176640 ep_ret=5.647 cap=0.00 kl_l=0.0022 kl_f=0.0026 ev=0.87 sps=19.2
[seed 4] upd 346/390 step=177152 ep_ret=4.455 cap=0.00 kl_l=0.0033 kl_f=0.0026 ev=0.87 sps=19.2
[seed 4] upd 347/390 step=177664 ep_ret=5.004 cap=0.00 kl_l=0.0032 kl_f=0.0030 ev=0.90 sps=19.2
[seed 4] upd 348/390 step=178176 ep_ret=4.655 cap=0.00 kl_l=0.0034 kl_f=0.0042 ev=0.81 sps=19.2
[seed 4] upd 349/390 step=178688 ep_ret=4.226 cap=0.00 kl_l=0.0027 kl_f=0.0036 ev=0.82 sps=19.2
[seed 4] upd 350/390 step=179200 ep_ret=5.772 cap=0.00 kl_l=0.0025 kl_f=0.0033 ev=0.88 sps=19.2
[seed 4] upd 351/390 step=179712 ep_ret=5.323 cap=0.00 kl_l=0.0021 kl_f=0.0018 ev=0.86 sps=19.2
[seed 4] upd 352/390 step=180224 ep_ret=4.447 cap=0.00 kl_l=0.0010 kl_f=0.0021 ev=0.86 sps=19.2
[seed 4] upd 353/390 step=180736 ep_ret=4.525 cap=0.00 kl_l=0.0021 kl_f=0.0041 ev=0.81 sps=19.2
[seed 4] upd 354/390 step=181248 ep_ret=4.398 cap=0.00 kl_l=0.0018 kl_f=0.0025 ev=0.89 sps=19.2
[seed 4] upd 355/390 step=181760 ep_ret=4.897 cap=0.00 kl_l=0.0014 kl_f=0.0014 ev=0.88 sps=19.2
[seed 4] upd 356/390 step=182272 ep_ret=4.197 cap=0.00 kl_l=0.0027 kl_f=0.0019 ev=0.88 sps=19.2
[seed 4] upd 357/390 step=182784 ep_ret=4.422 cap=0.00 kl_l=0.0019 kl_f=0.0028 ev=0.84 sps=19.2
[seed 4] upd 358/390 step=183296 ep_ret=4.849 cap=0.00 kl_l=0.0022 kl_f=0.0016 ev=0.84 sps=19.2
[seed 4] upd 359/390 step=183808 ep_ret=4.996 cap=0.00 kl_l=0.0027 kl_f=0.0017 ev=0.85 sps=19.2
[seed 4] upd 360/390 step=184320 ep_ret=4.473 cap=0.00 kl_l=0.0015 kl_f=0.0024 ev=0.85 sps=19.2
  [eval] return=11.070+-1.637 captured=0.00 wasted=0.05 clean=0.00 DoD_margin=+8.010 vs_ippo=+4.337
[seed 4] upd 361/390 step=184832 ep_ret=4.673 cap=0.00 kl_l=0.0009 kl_f=0.0008 ev=0.82 sps=19.2
[seed 4] upd 362/390 step=185344 ep_ret=5.046 cap=0.00 kl_l=0.0037 kl_f=0.0008 ev=0.84 sps=19.2
[seed 4] upd 363/390 step=185856 ep_ret=5.024 cap=0.00 kl_l=0.0016 kl_f=0.0010 ev=0.82 sps=19.2
[seed 4] upd 364/390 step=186368 ep_ret=4.598 cap=0.00 kl_l=0.0027 kl_f=0.0009 ev=0.84 sps=19.2
[seed 4] upd 365/390 step=186880 ep_ret=4.623 cap=0.00 kl_l=0.0010 kl_f=0.0008 ev=0.88 sps=19.2
[seed 4] upd 366/390 step=187392 ep_ret=5.571 cap=0.00 kl_l=0.0007 kl_f=0.0015 ev=0.91 sps=19.2
[seed 4] upd 367/390 step=187904 ep_ret=5.800 cap=0.00 kl_l=0.0012 kl_f=0.0008 ev=0.92 sps=19.2
[seed 4] upd 368/390 step=188416 ep_ret=5.047 cap=0.00 kl_l=0.0008 kl_f=0.0009 ev=0.78 sps=19.2
[seed 4] upd 369/390 step=188928 ep_ret=5.870 cap=0.00 kl_l=0.0012 kl_f=0.0007 ev=0.85 sps=19.2
[seed 4] upd 370/390 step=189440 ep_ret=4.472 cap=0.00 kl_l=0.0018 kl_f=0.0011 ev=0.84 sps=19.2
[seed 4] upd 371/390 step=189952 ep_ret=4.997 cap=0.00 kl_l=0.0008 kl_f=0.0007 ev=0.86 sps=19.2
[seed 4] upd 372/390 step=190464 ep_ret=5.348 cap=0.00 kl_l=0.0006 kl_f=0.0009 ev=0.90 sps=19.2
[seed 4] upd 373/390 step=190976 ep_ret=6.000 cap=0.00 kl_l=0.0006 kl_f=0.0007 ev=0.89 sps=19.2
[seed 4] upd 374/390 step=191488 ep_ret=5.398 cap=0.00 kl_l=0.0003 kl_f=0.0006 ev=0.88 sps=19.2
[seed 4] upd 375/390 step=192000 ep_ret=5.669 cap=0.00 kl_l=0.0007 kl_f=0.0009 ev=0.82 sps=19.2
[seed 4] upd 376/390 step=192512 ep_ret=5.306 cap=0.00 kl_l=0.0003 kl_f=0.0003 ev=0.85 sps=19.2
[seed 4] upd 377/390 step=193024 ep_ret=4.787 cap=0.00 kl_l=0.0003 kl_f=0.0004 ev=0.83 sps=19.2
[seed 4] upd 378/390 step=193536 ep_ret=5.547 cap=0.00 kl_l=0.0003 kl_f=0.0005 ev=0.84 sps=19.2
[seed 4] upd 379/390 step=194048 ep_ret=5.768 cap=0.00 kl_l=0.0003 kl_f=0.0002 ev=0.84 sps=19.2
[seed 4] upd 380/390 step=194560 ep_ret=6.024 cap=0.00 kl_l=0.0004 kl_f=0.0002 ev=0.86 sps=19.2
  [eval] return=9.920+-0.179 captured=0.00 wasted=0.00 clean=0.00 DoD_margin=+6.860 vs_ippo=+3.187
[seed 4] upd 381/390 step=195072 ep_ret=6.200 cap=0.00 kl_l=0.0003 kl_f=0.0002 ev=0.91 sps=19.2
[seed 4] upd 382/390 step=195584 ep_ret=5.523 cap=0.00 kl_l=0.0002 kl_f=0.0002 ev=0.82 sps=19.2
[seed 4] upd 383/390 step=196096 ep_ret=5.223 cap=0.00 kl_l=0.0001 kl_f=0.0001 ev=0.79 sps=19.2
[seed 4] upd 384/390 step=196608 ep_ret=5.022 cap=0.00 kl_l=0.0002 kl_f=0.0002 ev=0.87 sps=19.2
[seed 4] upd 385/390 step=197120 ep_ret=6.325 cap=0.00 kl_l=0.0000 kl_f=0.0002 ev=0.88 sps=19.2
[seed 4] upd 386/390 step=197632 ep_ret=5.795 cap=0.00 kl_l=0.0001 kl_f=0.0001 ev=0.88 sps=19.2
[seed 4] upd 387/390 step=198144 ep_ret=5.418 cap=0.00 kl_l=0.0001 kl_f=0.0001 ev=0.88 sps=19.2
[seed 4] upd 388/390 step=198656 ep_ret=5.644 cap=0.00 kl_l=0.0000 kl_f=0.0000 ev=0.86 sps=19.2
[seed 4] upd 389/390 step=199168 ep_ret=4.298 cap=0.00 kl_l=0.0000 kl_f=0.0000 ev=0.84 sps=19.2
[seed 4] upd 390/390 step=199680 ep_ret=5.048 cap=0.00 kl_l=0.0000 kl_f=0.0000 ev=0.85 sps=19.2
  [eval] return=10.494+-0.001 captured=0.00 wasted=0.00 clean=0.00 DoD_margin=+7.435 vs_ippo=+3.762
wandb: 
wandb: Run history:
wandb:   clip_fraction_action ▁▁▁▁▂▂▂▃▃▃▅▄▄▅▅▅▆▆▆▆▅▅▅▅▆▇▆▆▇█████▇▇████
wandb:   critic/explained_var ▁▆▅▆▆▇▇▇█▇▇▇▇▇▇▇█▇▇▇▇█▇▇▇██▇███▇█▇██████
wandb:      critic/value_loss ▆█▅▄▂▃▂▁▂▁▂▃▂▃▃▂▂▁▂▁▂▃▂▂▂▁▁▁▁▁▂▁▁▂▁▂▁▁▂▁
wandb:             epochs_ran ██▅██▇█▇█▄▇███▁█████████████████████████
wandb:     eval/captured_rate ▁▁▁▁▁▁▁▁▁▁▁▁▁▁▁▁▁▁▁▁
wandb:  eval/clean_cross_rate ▁▁▁▁▁▁▁▁▁▁▁▁▁▁▁▁▁▁▁▁
wandb:        eval/dod_margin ▂▃▂▃▂▃▄▆▁▁▆▅▂▂▄▇▆█▇█
wandb:          eval/episodes ▁▁▁▁▁▁▁▁▁▁▁▁▁▁▁▁▁▁▁▁
wandb: eval/headline_sum_mean ▃▄▂▃▃▃▄▅▁▁▆▅▃▃▄█▅███
wandb:          eval/len_mean ▁▁▁▁█▁▁▁▁▁▁▁▁▁▁█▁▁▁▁
wandb:                    +29 ...
wandb: 
wandb: Run summary:
wandb:   clip_fraction_action 0.46326
wandb:   critic/explained_var 0.84888
wandb:      critic/value_loss 0.18989
wandb:       dod_margin_last3 7.43475
wandb:             epochs_ran 10
wandb:     eval/captured_rate 0
wandb:  eval/clean_cross_rate 0
wandb:        eval/dod_margin 7.43451
wandb:          eval/episodes 20
wandb: eval/headline_sum_mean 10.99429
wandb:                    +32 ...
wandb: 
wandb: You can sync this run to the cloud by running:
wandb: wandb sync /data/hjhong/l2/wandb/wandb/offline-run-20260705_000332-w58dwwi7
wandb: Find logs at: /data/hjhong/l2/wandb/wandb/offline-run-20260705_000332-w58dwwi7/logs

=== Phase 2C summary (DoD: MAPPO >= IPPO, last-3-eval mean) ===
  seed 4: last3_return=10.495 last3_margin=+7.435 vs_ippo=+3.762
