[intercept] 100/2700
[intercept] 200/2700
[intercept] 300/2700
[intercept] 400/2700
[intercept] 500/2700
[intercept] 600/2700
[intercept] 700/2700
[intercept] 800/2700
[intercept] 900/2700
[intercept] 1000/2700
[intercept] 1100/2700
[intercept] 1200/2700
[intercept] 1300/2700
[intercept] 1400/2700
[intercept] 1500/2700
[intercept] 1600/2700
[intercept] 1700/2700
[intercept] 1800/2700
[intercept] 1900/2700
[intercept] 2000/2700
[intercept] 2100/2700
[intercept] 2200/2700
[intercept] 2300/2700
[intercept] 2400/2700
[intercept] 2500/2700
[intercept] 2600/2700
[intercept] 2700/2700
{
  "mode": "intercept",
  "n": 2700,
  "level": "A2",
  "jink_amp": 0.6,
  "a_star": 39.333333333333336,
  "psi_med_deg": 4.26,
  "band_bounds": [
    25.753772736458263,
    39.333333333333336
  ],
  "by_band": {
    "EASY": {
      "n": 590,
      "net_capture": {
        "k": 423,
        "p": 0.7169491525423729,
        "lo": 0.6792868313620536,
        "hi": 0.7518046597612907
      },
      "neutralized": {
        "k": 460,
        "p": 0.7796610169491526,
        "lo": 0.7444670447822216,
        "hi": 0.8112368304939643
      },
      "nondestructive_frac": 0.9195652173913044
    },
    "BAND_AIM": {
      "n": 512,
      "net_capture": {
        "k": 3,
        "p": 0.005859375,
        "lo": 0.001994675776686812,
        "hi": 0.017083780814683612
      },
      "neutralized": {
        "k": 123,
        "p": 0.240234375,
        "lo": 0.20525031476076733,
        "hi": 0.27908737190584243
      },
      "nondestructive_frac": 0.024390243902439025
    },
    "SHAPING_NEEDED": {
      "n": 1598,
      "net_capture": {
        "k": 0,
        "p": 0.0,
        "lo": 0.0,
        "hi": 0.002398151739672677
      },
      "neutralized": {
        "k": 388,
        "p": 0.2428035043804756,
        "lo": 0.22241362201521608,
        "hi": 0.2644269791925504
      },
      "nondestructive_frac": 0.0
    },
    "_bounds": {
      "psi_med_deg": 4.26,
      "band_aim_lo": 25.753772736458263,
      "band_aim_hi": 39.333333333333336
    }
  },
  "bins": [
    {
      "lo": 11.0,
      "hi": 18.083333333333336,
      "mid": 14.541666666666668,
      "n": 292,
      "net_capture": {
        "k": 283,
        "p": 0.9691780821917808,
        "lo": 0.9424703995387156,
        "hi": 0.983701344733071
      },
      "neutralized": {
        "k": 290,
        "p": 0.9931506849315068,
        "lo": 0.9753747313548264,
        "hi": 0.9981196567848617
      }
    },
    {
      "lo": 18.083333333333336,
      "hi": 25.166666666666668,
      "mid": 21.625,
      "n": 277,
      "net_capture": {
        "k": 135,
        "p": 0.48736462093862815,
        "lo": 0.429078548468587,
        "hi": 0.5459963566829392
      },
      "neutralized": {
        "k": 164,
        "p": 0.592057761732852,
        "lo": 0.5333071372244996,
        "hi": 0.6482899823858079
      }
    },
    {
      "lo": 25.166666666666668,
      "hi": 32.25,
      "mid": 28.708333333333336,
      "n": 261,
      "net_capture": {
        "k": 8,
        "p": 0.03065134099616858,
        "lo": 0.015611730743149229,
        "hi": 0.05930652021766086
      },
      "neutralized": {
        "k": 52,
        "p": 0.19923371647509577,
        "lo": 0.15529393485277365,
        "hi": 0.2518985769874189
      }
    },
    {
      "lo": 32.25,
      "hi": 39.333333333333336,
      "mid": 35.79166666666667,
      "n": 272,
      "net_capture": {
        "k": 0,
        "p": 0.0,
        "lo": 0.0,
        "hi": 0.013926328902389947
      },
      "neutralized": {
        "k": 77,
        "p": 0.28308823529411764,
        "lo": 0.2328599480358434,
        "hi": 0.33935809170857584
      }
    },
    {
      "lo": 39.333333333333336,
      "hi": 49.0,
      "mid": 44.16666666666667,
      "n": 408,
      "net_capture": {
        "k": 0,
        "p": 0.0,
        "lo": 0.0,
        "hi": 0.009327518632365795
      },
      "neutralized": {
        "k": 106,
        "p": 0.25980392156862747,
        "lo": 0.21963261267702266,
        "hi": 0.30445609725421185
      }
    },
    {
      "lo": 49.0,
      "hi": 58.66666666666667,
      "mid": 53.833333333333336,
      "n": 398,
      "net_capture": {
        "k": 0,
        "p": 0.0,
        "lo": 0.0,
        "hi": 0.009559638002485868
      },
      "neutralized": {
        "k": 91,
        "p": 0.228643216080402,
        "lo": 0.19009461610075762,
        "hi": 0.2723799613076266
      }
    },
    {
      "lo": 58.66666666666667,
      "hi": 68.33333333333334,
      "mid": 63.50000000000001,
      "n": 382,
      "net_capture": {
        "k": 0,
        "p": 0.0,
        "lo": 0.0,
        "hi": 0.00995605524723517
      },
      "neutralized": {
        "k": 88,
        "p": 0.23036649214659685,
        "lo": 0.19095118165253658,
        "hi": 0.27515077484204564
      }
    },
    {
      "lo": 68.33333333333334,
      "hi": 78.0,
      "mid": 73.16666666666667,
      "n": 410,
      "net_capture": {
        "k": 0,
        "p": 0.0,
        "lo": 8.593105039223463e-19,
        "hi": 0.00928244089338053
      },
      "neutralized": {
        "k": 103,
        "p": 0.25121951219512195,
        "lo": 0.21167863261254619,
        "hi": 0.29537897212464803
      }
    }
  ],
  "cross50_net_capture": 21.4392422142961,
  "above_a_star": {
    "n": 1598,
    "net_capture_k": 0,
    "wilson_hi": 0.002398151739672677
  },
  "_declared": {
    "net_radius": 1.77,
    "tau_deploy": 0.3,
    "range_max": 8.22,
    "half_angle": 0.2121,
    "a_att_bracket": [
      11.0,
      78.0
    ]
  },
  "_caveat": "손튜닝 기준선의 곡선이다. 학습 정책의 성능이 아니다."
}

>> intercept  n=2700   a* = 39.33
   a in [ 11.0,  18.1)  n= 292  네트포획 0.969 [0.942, 0.984]
   a in [ 18.1,  25.2)  n= 277  네트포획 0.487 [0.429, 0.546]
   a in [ 25.2,  32.2)  n= 261  네트포획 0.031 [0.016, 0.059]
   a in [ 32.2,  39.3)  n= 272  네트포획 0.000 [0.000, 0.014]
   a in [ 39.3,  49.0)  n= 408  네트포획 0.000 [0.000, 0.009]
   a in [ 49.0,  58.7)  n= 398  네트포획 0.000 [0.000, 0.010]
   a in [ 58.7,  68.3)  n= 382  네트포획 0.000 [0.000, 0.010]
   a in [ 68.3,  78.0)  n= 410  네트포획 0.000 [0.000, 0.009]
   50% 교차 = 21.44
   경계 위: 네트 포획 0/1598  (Wilson 상한 0.0024)

   세 칸 (BAND_AIM = [25.8, 39.3), psi_med=4.26deg)
     EASY            n= 590  네트포획 0.717 [0.679, 0.752]   무력화 0.780
     BAND_AIM        n= 512  네트포획 0.006 [0.002, 0.017]   무력화 0.240
     SHAPING_NEEDED  n=1598  네트포획 0.000 [0.000, 0.002]   무력화 0.243
   ※ 손튜닝 기준선의 곡선이다. 학습 정책의 성능이 아니다.
