[hold] 100/2700
[hold] 200/2700
[hold] 300/2700
[hold] 400/2700
[hold] 500/2700
[hold] 600/2700
[hold] 700/2700
[hold] 800/2700
[hold] 900/2700
[hold] 1000/2700
[hold] 1100/2700
[hold] 1200/2700
[hold] 1300/2700
[hold] 1400/2700
[hold] 1500/2700
[hold] 1600/2700
[hold] 1700/2700
[hold] 1800/2700
[hold] 1900/2700
[hold] 2000/2700
[hold] 2100/2700
[hold] 2200/2700
[hold] 2300/2700
[hold] 2400/2700
[hold] 2500/2700
[hold] 2600/2700
[hold] 2700/2700
{
  "mode": "hold",
  "n": 2700,
  "level": "A2",
  "jink_amp": 0.6,
  "a_star": 39.333333333333336,
  "psi_med_deg": 4.26,
  "band_bounds": [
    25.753772736458263,
    39.333333333333336
  ],
  "by_band": {
    "EASY": {
      "n": 590,
      "net_capture": {
        "k": 450,
        "p": 0.7627118644067796,
        "lo": 0.7267541018685679,
        "hi": 0.7952707506636066
      },
      "neutralized": {
        "k": 450,
        "p": 0.7627118644067796,
        "lo": 0.7267541018685679,
        "hi": 0.7952707506636066
      },
      "nondestructive_frac": 1.0
    },
    "BAND_AIM": {
      "n": 512,
      "net_capture": {
        "k": 8,
        "p": 0.015625,
        "lo": 0.007938224937449142,
        "hi": 0.030526032907056255
      },
      "neutralized": {
        "k": 8,
        "p": 0.015625,
        "lo": 0.007938224937449142,
        "hi": 0.030526032907056255
      },
      "nondestructive_frac": 1.0
    },
    "SHAPING_NEEDED": {
      "n": 1598,
      "net_capture": {
        "k": 0,
        "p": 0.0,
        "lo": 0.0,
        "hi": 0.002398151739672677
      },
      "neutralized": {
        "k": 0,
        "p": 0.0,
        "lo": 0.0,
        "hi": 0.002398151739672677
      },
      "nondestructive_frac": null
    },
    "_bounds": {
      "psi_med_deg": 4.26,
      "band_aim_lo": 25.753772736458263,
      "band_aim_hi": 39.333333333333336
    }
  },
  "bins": [
    {
      "lo": 11.0,
      "hi": 18.083333333333336,
      "mid": 14.541666666666668,
      "n": 292,
      "net_capture": {
        "k": 290,
        "p": 0.9931506849315068,
        "lo": 0.9753747313548264,
        "hi": 0.9981196567848617
      },
      "neutralized": {
        "k": 290,
        "p": 0.9931506849315068,
        "lo": 0.9753747313548264,
        "hi": 0.9981196567848617
      }
    },
    {
      "lo": 18.083333333333336,
      "hi": 25.166666666666668,
      "mid": 21.625,
      "n": 277,
      "net_capture": {
        "k": 155,
        "p": 0.5595667870036101,
        "lo": 0.5006854305692086,
        "hi": 0.6168185880021669
      },
      "neutralized": {
        "k": 155,
        "p": 0.5595667870036101,
        "lo": 0.5006854305692086,
        "hi": 0.6168185880021669
      }
    },
    {
      "lo": 25.166666666666668,
      "hi": 32.25,
      "mid": 28.708333333333336,
      "n": 261,
      "net_capture": {
        "k": 13,
        "p": 0.04980842911877394,
        "lo": 0.029336233356810498,
        "hi": 0.08334045634029306
      },
      "neutralized": {
        "k": 13,
        "p": 0.04980842911877394,
        "lo": 0.029336233356810498,
        "hi": 0.08334045634029306
      }
    },
    {
      "lo": 32.25,
      "hi": 39.333333333333336,
      "mid": 35.79166666666667,
      "n": 272,
      "net_capture": {
        "k": 0,
        "p": 0.0,
        "lo": 0.0,
        "hi": 0.013926328902389947
      },
      "neutralized": {
        "k": 0,
        "p": 0.0,
        "lo": 0.0,
        "hi": 0.013926328902389947
      }
    },
    {
      "lo": 39.333333333333336,
      "hi": 49.0,
      "mid": 44.16666666666667,
      "n": 408,
      "net_capture": {
        "k": 0,
        "p": 0.0,
        "lo": 0.0,
        "hi": 0.009327518632365795
      },
      "neutralized": {
        "k": 0,
        "p": 0.0,
        "lo": 0.0,
        "hi": 0.009327518632365795
      }
    },
    {
      "lo": 49.0,
      "hi": 58.66666666666667,
      "mid": 53.833333333333336,
      "n": 398,
      "net_capture": {
        "k": 0,
        "p": 0.0,
        "lo": 0.0,
        "hi": 0.009559638002485868
      },
      "neutralized": {
        "k": 0,
        "p": 0.0,
        "lo": 0.0,
        "hi": 0.009559638002485868
      }
    },
    {
      "lo": 58.66666666666667,
      "hi": 68.33333333333334,
      "mid": 63.50000000000001,
      "n": 382,
      "net_capture": {
        "k": 0,
        "p": 0.0,
        "lo": 0.0,
        "hi": 0.00995605524723517
      },
      "neutralized": {
        "k": 0,
        "p": 0.0,
        "lo": 0.0,
        "hi": 0.00995605524723517
      }
    },
    {
      "lo": 68.33333333333334,
      "hi": 78.0,
      "mid": 73.16666666666667,
      "n": 410,
      "net_capture": {
        "k": 0,
        "p": 0.0,
        "lo": 8.593105039223463e-19,
        "hi": 0.00928244089338053
      },
      "neutralized": {
        "k": 0,
        "p": 0.0,
        "lo": 8.593105039223463e-19,
        "hi": 0.00928244089338053
      }
    }
  ],
  "cross50_net_capture": 22.45270866120367,
  "above_a_star": {
    "n": 1598,
    "net_capture_k": 0,
    "wilson_hi": 0.002398151739672677
  },
  "_declared": {
    "net_radius": 1.77,
    "tau_deploy": 0.3,
    "range_max": 8.22,
    "half_angle": 0.2121,
    "a_att_bracket": [
      11.0,
      78.0
    ]
  },
  "_caveat": "손튜닝 기준선의 곡선이다. 학습 정책의 성능이 아니다."
}

>> hold  n=2700   a* = 39.33
   a in [ 11.0,  18.1)  n= 292  네트포획 0.993 [0.975, 0.998]
   a in [ 18.1,  25.2)  n= 277  네트포획 0.560 [0.501, 0.617]
   a in [ 25.2,  32.2)  n= 261  네트포획 0.050 [0.029, 0.083]
   a in [ 32.2,  39.3)  n= 272  네트포획 0.000 [0.000, 0.014]
   a in [ 39.3,  49.0)  n= 408  네트포획 0.000 [0.000, 0.009]
   a in [ 49.0,  58.7)  n= 398  네트포획 0.000 [0.000, 0.010]
   a in [ 58.7,  68.3)  n= 382  네트포획 0.000 [0.000, 0.010]
   a in [ 68.3,  78.0)  n= 410  네트포획 0.000 [0.000, 0.009]
   50% 교차 = 22.45
   경계 위: 네트 포획 0/1598  (Wilson 상한 0.0024)

   세 칸 (BAND_AIM = [25.8, 39.3), psi_med=4.26deg)
     EASY            n= 590  네트포획 0.763 [0.727, 0.795]   무력화 0.763
     BAND_AIM        n= 512  네트포획 0.016 [0.008, 0.031]   무력화 0.016
     SHAPING_NEEDED  n=1598  네트포획 0.000 [0.000, 0.002]   무력화 0.000
   ※ 손튜닝 기준선의 곡선이다. 학습 정책의 성능이 아니다.
