[E1e · docs/83 §32] n=300 · seeds 31000..31299 · tau 0.3 · R_max 8.22 · theta 12.1524deg · tan 0.215339 · ax* 6.763546
  동결 예측 a*: E-1(5.5) 26.32 · E-2(6.75) 32.30 · E-3(7.2) 22.67 · E-4(7.9) 7.11
    [pass1] 50/300    54.5s (ETA   272s)
    [pass1] 100/300   111.3s (ETA   223s)
    [pass1] 150/300   164.5s (ETA   165s)
    [pass1] 200/300   217.0s (ETA   109s)
    [pass1] 250/300   268.7s (ETA    54s)
    [pass1] 300/300   316.0s (ETA     0s)
    [E-1] 50/300    66.9s (ETA   335s)
    [E-1] 100/300   131.9s (ETA   264s)
    [E-1] 150/300   197.1s (ETA   197s)
    [E-1] 200/300   258.8s (ETA   129s)
    [E-1] 250/300   322.2s (ETA    64s)
    [E-1] 300/300   382.3s (ETA     0s)

  E-1 (ax 5.5): 제외 0 발사 300
    ax_realized med 5.4810 · psi med 0.0000deg
    **P_C 0.2333** (0.189, 0.2844) · cross50 22.394927536231886 (예측 26.32)
    S1 마진분류 정확도 0.9967 (n=300)
    [E-2] 50/300    61.9s (ETA   310s)
    [E-2] 100/300   123.6s (ETA   247s)
    [E-2] 150/300   184.0s (ETA   184s)
    [E-2] 200/300   244.5s (ETA   122s)
    [E-2] 250/300   303.9s (ETA    61s)
    [E-2] 300/300   359.5s (ETA     0s)

  E-2 (ax 6.75): 제외 0 발사 300
    ax_realized med 6.7244 · psi med 0.0000deg
    **P_C 0.2767** (0.2291, 0.3299) · cross50 27.030701754385966 (예측 32.30)
    S1 마진분류 정확도 0.9933 (n=300)
    [E-3] 50/300    62.0s (ETA   310s)
    [E-3] 100/300   128.3s (ETA   257s)
    [E-3] 150/300   191.9s (ETA   192s)
    [E-3] 200/300   255.3s (ETA   128s)
    [E-3] 250/300   317.2s (ETA    63s)
    [E-3] 300/300   378.5s (ETA     0s)

  E-3 (ax 7.2): 제외 0 발사 300
    ax_realized med 7.1938 · psi med 0.0000deg
    **P_C 0.1733** (0.1347, 0.2202) · cross50 19.58585858585859 (예측 22.67)
    S1 마진분류 정확도 0.9900 (n=300)
    [E-4] 50/300    65.3s (ETA   326s)
    [E-4] 100/300   134.5s (ETA   269s)
    [E-4] 150/300   202.0s (ETA   202s)
    [E-4] 200/300   267.4s (ETA   134s)
    [E-4] 250/300   337.3s (ETA    67s)
    [E-4] 300/300   402.5s (ETA     0s)

  E-4 (ax 7.9): 제외 0 발사 300
    ax_realized med 7.8041 · psi med 0.0000deg
    **P_C 0.0367** (0.0206, 0.0645) · cross50 nan (예측 7.11)
    S1 마진분류 정확도 1.0000 (n=300)

==============================================================
  H1: P_C(E-2) - P_C(E-1) = +0.0433  CI95 [+0.0200, +0.0700]  -> HOLDS
  H2: P_C(E-2) - P_C(E-4) = +0.2400  CI95 [+0.1933, +0.2900]  -> HOLDS
  H3: P_C(E-2) - P_C(E-3) = +0.1033  CI95 [+0.0700, +0.1400]  -> HOLDS

★ 판정 (§32.4 동결): E1e-A (보정 법칙 확인 — 사후 -> confirmatory 승격)
  -> results/e1e.json
