[E4-1 · docs/83 §20] n=300 · D=[0.0, 0.125, 0.25] · 세계 = E2-A 동일
    [D=0.000] 50/300    61.3s (ETA   306s)
    [D=0.000] 100/300   144.6s (ETA   289s)
    [D=0.000] 150/300   228.4s (ETA   228s)
    [D=0.000] 200/300   318.7s (ETA   159s)
    [D=0.000] 250/300   408.6s (ETA    82s)
    [D=0.000] 300/300   489.6s (ETA     0s)

  D=0.000  ★range(t_min) med 0.150s [0.050,0.200]
    HK 0.190 (0.15, 0.238) · net 0.133 · pen 0.677 · 접촉권 0.190 · d_min med 1.433
    clamp: episode 0.000 · limiter-step 0.0000
    [D=0.125] 50/300    72.8s (ETA   364s)
    [D=0.125] 100/300   148.7s (ETA   297s)
    [D=0.125] 150/300   220.5s (ETA   221s)
    [D=0.125] 200/300   300.1s (ETA   150s)
    [D=0.125] 250/300   377.7s (ETA    76s)
    [D=0.125] 300/300   447.6s (ETA     0s)

  D=0.125  ★range(t_min) med 0.150s [0.050,0.200]
    HK 0.253 (0.207, 0.305) · net 0.123 · pen 0.623 · 접촉권 0.250 · d_min med 1.379
    clamp: episode 0.167 · limiter-step 0.0028
    [D=0.250] 50/300    75.2s (ETA   376s)
    [D=0.250] 100/300   145.5s (ETA   291s)
    [D=0.250] 150/300   216.1s (ETA   216s)
    [D=0.250] 200/300   293.1s (ETA   147s)
    [D=0.250] 250/300   357.5s (ETA    72s)
    [D=0.250] 300/300   422.5s (ETA     0s)

  D=0.250  ★range(t_min) med 0.200s [0.100,0.300]
    HK 0.273 (0.226, 0.326) · net 0.123 · pen 0.603 · 접촉권 0.277 · d_min med 1.294
    clamp: episode 0.980 · limiter-step 0.0877

  paired D=0.125 vs 0: Δrange(t_min) med +0.000s CI95 [+0.000,+0.000] · ΔP_HK +0.0633 CI95 [+0.0167,+0.1100]

  paired D=0.250 vs 0: Δrange(t_min) med +0.050s CI95 [+0.050,+0.100] · ΔP_HK +0.0833 CI95 [+0.0300,+0.1367]

  -> results/e4_stagger_r4.json
