[E4-1 · docs/83 §20] n=300 · D=[0.0, 0.125, 0.25] · 세계 = E2-A 동일
    [D=0.000] 50/300    96.1s (ETA   481s)
    [D=0.000] 100/300   199.9s (ETA   400s)
    [D=0.000] 150/300   309.4s (ETA   309s)
    [D=0.000] 200/300   415.7s (ETA   208s)
    [D=0.000] 250/300   524.2s (ETA   105s)
    [D=0.000] 300/300   623.4s (ETA     0s)

  D=0.000  ★range(t_min) med 0.125s [0.050,0.200]
    HK 0.190 (0.15, 0.238) · net 0.133 · pen 0.677 · 접촉권 0.043 · d_min med 1.482
    clamp: episode 0.000 · limiter-step 0.0000
    [D=0.125] 50/300    88.0s (ETA   440s)
    [D=0.125] 100/300   183.5s (ETA   367s)
    [D=0.125] 150/300   273.6s (ETA   274s)
    [D=0.125] 200/300   368.0s (ETA   184s)
    [D=0.125] 250/300   468.4s (ETA    94s)
    [D=0.125] 300/300   552.9s (ETA     0s)

  D=0.125  ★range(t_min) med 0.150s [0.050,0.200]
    HK 0.253 (0.207, 0.305) · net 0.123 · pen 0.623 · 접촉권 0.033 · d_min med 1.472
    clamp: episode 0.167 · limiter-step 0.0028
    [D=0.250] 50/300    95.0s (ETA   475s)
    [D=0.250] 100/300   193.6s (ETA   387s)
    [D=0.250] 150/300   289.1s (ETA   289s)
    [D=0.250] 200/300   389.8s (ETA   195s)
    [D=0.250] 250/300   473.4s (ETA    95s)
    [D=0.250] 300/300   566.0s (ETA     0s)

  D=0.250  ★range(t_min) med 0.200s [0.100,0.300]
    HK 0.273 (0.226, 0.326) · net 0.123 · pen 0.603 · 접촉권 0.073 · d_min med 1.392
    clamp: episode 0.980 · limiter-step 0.0877

  paired D=0.125 vs 0: Δrange(t_min) med +0.000s CI95 [+0.000,+0.000] · ΔP_HK +0.0633 CI95 [+0.0167,+0.1100]

  paired D=0.250 vs 0: Δrange(t_min) med +0.050s CI95 [+0.050,+0.100] · ΔP_HK +0.0833 CI95 [+0.0300,+0.1367]

  -> results/e4_stagger.json
