[E4-1c · docs/83 §26] n=300 · delta=[0.0, 0.125, 0.25] · fresh seeds 30000..30299
    [d=0.000] 50/300    63.7s (ETA   319s)
    [d=0.000] 100/300   130.8s (ETA   262s)
    [d=0.000] 150/300   197.5s (ETA   197s)
    [d=0.000] 200/300   258.4s (ETA   129s)
    [d=0.000] 250/300   326.7s (ETA    65s)
    [d=0.000] 300/300   391.8s (ETA     0s)

  delta=0.000  **P_HK 0.1767** (0.138, 0.224) · net 0.1767 · pen 0.6467 · 접촉권 0.0500
    d_min med 1.441 · range(t_min) med 0.150 (dispersion 0 확인) · clamp 0.000
    [d=0.125] 50/300    55.6s (ETA   278s)
    [d=0.125] 100/300   116.4s (ETA   233s)
    [d=0.125] 150/300   182.7s (ETA   183s)
    [d=0.125] 200/300   242.5s (ETA   121s)
    [d=0.125] 250/300   306.1s (ETA    61s)
    [d=0.125] 300/300   369.8s (ETA     0s)

  delta=0.125  **P_HK 0.3667** (0.314, 0.423) · net 0.1267 · pen 0.5067 · 접촉권 0.0767
    d_min med 1.123 · range(t_min) med 0.100 (dispersion 0 확인) · clamp 0.000
    [d=0.250] 50/300    58.5s (ETA   292s)
    [d=0.250] 100/300   125.8s (ETA   252s)
    [d=0.250] 150/300   191.2s (ETA   191s)
    [d=0.250] 200/300   255.8s (ETA   128s)
    [d=0.250] 250/300   316.9s (ETA    63s)
    [d=0.250] 300/300   380.9s (ETA     0s)

  delta=0.250  **P_HK 0.3133** (0.263, 0.368) · net 0.1000 · pen 0.5867 · 접촉권 0.1200
    d_min med 1.059 · range(t_min) med 0.125 (dispersion 0 확인) · clamp 0.000
  paired 0.125 vs 0.000: ΔP_HK +0.1900 CI95 [+0.1333, +0.2467]
  paired 0.250 vs 0.000: ΔP_HK +0.1367 CI95 [+0.0633, +0.2067]
  paired 0.250 vs 0.125: ΔP_HK -0.0533 CI95 [-0.1200, +0.0100]

★ 판정 (§26.4 동결): U3 (intermediate optimum / over-leading)
  -> results/e4c_uniform.json
