[E4-1c · docs/83 §26] n=300 · delta=[0.0, 0.125, 0.25] · fresh seeds 30000..30299
    [d=0.000] 50/300    80.5s (ETA   402s)
    [d=0.000] 100/300   165.7s (ETA   331s)
    [d=0.000] 150/300   250.4s (ETA   250s)
    [d=0.000] 200/300   326.6s (ETA   163s)
    [d=0.000] 250/300   412.9s (ETA    83s)
    [d=0.000] 300/300   487.3s (ETA     0s)

  delta=0.000  **P_HK 0.1767** (0.138, 0.224) · net 0.1767 · pen 0.6467 · 접촉권 0.1767
    d_min med 1.338 · range(t_min) med 0.150 (dispersion 0 확인) · clamp 0.000
    [d=0.125] 50/300    62.6s (ETA   313s)
    [d=0.125] 100/300   132.1s (ETA   264s)
    [d=0.125] 150/300   207.9s (ETA   208s)
    [d=0.125] 200/300   276.9s (ETA   138s)
    [d=0.125] 250/300   351.8s (ETA    70s)
    [d=0.125] 300/300   428.3s (ETA     0s)

  delta=0.125  **P_HK 0.3667** (0.314, 0.423) · net 0.1267 · pen 0.5067 · 접촉권 0.3667
    d_min med 0.950 · range(t_min) med 0.100 (dispersion 0 확인) · clamp 0.000
    [d=0.250] 50/300    64.8s (ETA   324s)
    [d=0.250] 100/300   138.5s (ETA   277s)
    [d=0.250] 150/300   211.5s (ETA   211s)
    [d=0.250] 200/300   285.3s (ETA   143s)
    [d=0.250] 250/300   356.1s (ETA    71s)
    [d=0.250] 300/300   425.4s (ETA     0s)

  delta=0.250  **P_HK 0.3133** (0.263, 0.368) · net 0.1000 · pen 0.5867 · 접촉권 0.3267
    d_min med 0.931 · range(t_min) med 0.100 (dispersion 0 확인) · clamp 0.000
  paired 0.125 vs 0.000: ΔP_HK +0.1900 CI95 [+0.1333, +0.2467]
  paired 0.250 vs 0.000: ΔP_HK +0.1367 CI95 [+0.0633, +0.2067]
  paired 0.250 vs 0.125: ΔP_HK -0.0533 CI95 [-0.1200, +0.0100]

★ 판정 (§26.4 동결): U3 (intermediate optimum / over-leading)
  -> results/e4c_uniform_r4.json
