[리드타임 진단 · EXPLORATORY] n=300/arm · T1(route 0.5, sense inf) · intercept + commit · 기준 start_x=24.0
    [x=24] 25/300    22.5s  (0.90 s/ep, ETA   247s)  HK 0.200
    [x=24] 50/300    47.4s  (0.95 s/ep, ETA   237s)  HK 0.200
    [x=24] 75/300    70.5s  (0.94 s/ep, ETA   211s)  HK 0.173
    [x=24] 100/300    97.3s  (0.97 s/ep, ETA   195s)  HK 0.180
    [x=24] 125/300   122.0s  (0.98 s/ep, ETA   171s)  HK 0.168
    [x=24] 150/300   146.8s  (0.98 s/ep, ETA   147s)  HK 0.153
    [x=24] 175/300   171.1s  (0.98 s/ep, ETA   122s)  HK 0.177
    [x=24] 200/300   199.5s  (1.00 s/ep, ETA   100s)  HK 0.190
    [x=24] 225/300   224.3s  (1.00 s/ep, ETA    75s)  HK 0.196
    [x=24] 250/300   251.9s  (1.01 s/ep, ETA    50s)  HK 0.192
    [x=24] 275/300   275.3s  (1.00 s/ep, ETA    25s)  HK 0.189
    [x=24] 300/300   300.4s  (1.00 s/ep, ETA     0s)  HK 0.190

  start_x= 24.0  HK 0.190 [0.150,0.238] · net 0.133 · pen 0.673
    T_terminal med 1.35s · T_HK med 0.9 · 코스형성 111/300 (t_course med 0.15s)
    최근접 med 1.48 m (t 0.65s) · 접촉반경 0.75
    지평선 5.0s · TRUNCATED 0.003 · 초기 이격 max med 17.8 m
    (참고) 등록 T1 sense=30 이었다면 전-limiter 가시 비율 1.000 — 본 진단은 무제한이라 해석에 쓰지 않음
    [x=36] 25/300    32.3s  (1.29 s/ep, ETA   355s)  HK 0.200
    [x=36] 50/300    67.4s  (1.35 s/ep, ETA   337s)  HK 0.140
    [x=36] 75/300   100.6s  (1.34 s/ep, ETA   302s)  HK 0.120
    [x=36] 100/300   135.5s  (1.36 s/ep, ETA   271s)  HK 0.140
    [x=36] 125/300   169.6s  (1.36 s/ep, ETA   237s)  HK 0.136
    [x=36] 150/300   194.5s  (1.30 s/ep, ETA   194s)  HK 0.173
    [x=36] 175/300   228.6s  (1.31 s/ep, ETA   163s)  HK 0.194
    [x=36] 200/300   264.2s  (1.32 s/ep, ETA   132s)  HK 0.195
    [x=36] 225/300   292.0s  (1.30 s/ep, ETA    97s)  HK 0.213
    [x=36] 250/300   326.9s  (1.31 s/ep, ETA    65s)  HK 0.208
    [x=36] 275/300   359.4s  (1.31 s/ep, ETA    33s)  HK 0.207
    [x=36] 300/300   391.9s  (1.31 s/ep, ETA     0s)  HK 0.207

  start_x= 36.0  HK 0.207 [0.165,0.256] · net 0.110 · pen 0.683
    T_terminal med 1.73s · T_HK med 1.15 · 코스형성 262/300 (t_course med 0.05s)
    최근접 med 1.38 m (t 1.00s) · 접촉반경 0.75
    지평선 6.5s · TRUNCATED 0.000 · 초기 이격 max med 29.1 m
    (참고) 등록 T1 sense=30 이었다면 전-limiter 가시 비율 0.717 — 본 진단은 무제한이라 해석에 쓰지 않음
    [x=48] 25/300    41.6s  (1.66 s/ep, ETA   457s)  HK 0.120
    [x=48] 50/300    84.9s  (1.70 s/ep, ETA   425s)  HK 0.160
    [x=48] 75/300   128.9s  (1.72 s/ep, ETA   387s)  HK 0.173
    [x=48] 100/300   171.7s  (1.72 s/ep, ETA   343s)  HK 0.180
    [x=48] 125/300   212.3s  (1.70 s/ep, ETA   297s)  HK 0.176
    [x=48] 150/300   248.2s  (1.65 s/ep, ETA   248s)  HK 0.200
    [x=48] 175/300   298.4s  (1.71 s/ep, ETA   213s)  HK 0.189
    [x=48] 200/300   344.3s  (1.72 s/ep, ETA   172s)  HK 0.175
    [x=48] 225/300   385.8s  (1.71 s/ep, ETA   129s)  HK 0.178
    [x=48] 250/300   425.3s  (1.70 s/ep, ETA    85s)  HK 0.180
    [x=48] 275/300   468.3s  (1.70 s/ep, ETA    43s)  HK 0.175
    [x=48] 300/300   511.2s  (1.70 s/ep, ETA     0s)  HK 0.177

  start_x= 48.0  HK 0.177 [0.138,0.224] · net 0.107 · pen 0.717
    T_terminal med 2.10s · T_HK med 1.5 · 코스형성 300/300 (t_course med 0.05s)
    최근접 med 1.50 m (t 1.35s) · 접촉반경 0.75
    지평선 8.0s · TRUNCATED 0.000 · 초기 이격 max med 40.7 m
    (참고) 등록 T1 sense=30 이었다면 전-limiter 가시 비율 0.000 — 본 진단은 무제한이라 해석에 쓰지 않음
    [x=60] 25/300    53.7s  (2.15 s/ep, ETA   591s)  HK 0.160
    [x=60] 50/300   107.1s  (2.14 s/ep, ETA   535s)  HK 0.200
    [x=60] 75/300   160.3s  (2.14 s/ep, ETA   481s)  HK 0.187
    [x=60] 100/300   215.7s  (2.16 s/ep, ETA   431s)  HK 0.190
    [x=60] 125/300   263.4s  (2.11 s/ep, ETA   369s)  HK 0.200
    [x=60] 150/300   313.3s  (2.09 s/ep, ETA   313s)  HK 0.193
    [x=60] 175/300   377.3s  (2.16 s/ep, ETA   270s)  HK 0.189
    [x=60] 200/300   429.9s  (2.15 s/ep, ETA   215s)  HK 0.190
    [x=60] 225/300   479.4s  (2.13 s/ep, ETA   160s)  HK 0.191
    [x=60] 250/300   531.3s  (2.13 s/ep, ETA   106s)  HK 0.192
    [x=60] 275/300   583.7s  (2.12 s/ep, ETA    53s)  HK 0.185
    [x=60] 300/300   641.1s  (2.14 s/ep, ETA     0s)  HK 0.177

  start_x= 60.0  HK 0.177 [0.138,0.224] · net 0.107 · pen 0.717
    T_terminal med 2.80s · T_HK med 1.7 · 코스형성 300/300 (t_course med 0.05s)
    최근접 med 1.74 m (t 1.70s) · 접촉반경 0.75
    지평선 9.5s · TRUNCATED 0.000 · 초기 이격 max med 52.5 m
    (참고) 등록 T1 sense=30 이었다면 전-limiter 가시 비율 0.000 — 본 진단은 무제한이라 해석에 쓰지 않음

  -> results/lead_time_diag.json
