[리드타임 진단 · EXPLORATORY] n=300/arm · T1(route 0.5, sense inf) · intercept + commit · 기준 start_x=24.0
    [x=24] 25/300    25.5s  (1.02 s/ep, ETA   280s)  HK 0.200
    [x=24] 50/300    53.8s  (1.08 s/ep, ETA   269s)  HK 0.200
    [x=24] 75/300    80.3s  (1.07 s/ep, ETA   241s)  HK 0.173
    [x=24] 100/300   111.2s  (1.11 s/ep, ETA   222s)  HK 0.180
    [x=24] 125/300   139.3s  (1.11 s/ep, ETA   195s)  HK 0.168
    [x=24] 150/300   168.0s  (1.12 s/ep, ETA   168s)  HK 0.153
    [x=24] 175/300   196.3s  (1.12 s/ep, ETA   140s)  HK 0.177
    [x=24] 200/300   229.7s  (1.15 s/ep, ETA   115s)  HK 0.190
    [x=24] 225/300   258.8s  (1.15 s/ep, ETA    86s)  HK 0.196
    [x=24] 250/300   290.9s  (1.16 s/ep, ETA    58s)  HK 0.192
    [x=24] 275/300   318.0s  (1.16 s/ep, ETA    29s)  HK 0.189
    [x=24] 300/300   347.1s  (1.16 s/ep, ETA     0s)  HK 0.190

  start_x= 24.0  HK 0.190 [0.150,0.238] · net 0.133 · pen 0.673
    T_terminal med 1.35s · T_HK med 0.9 · 코스형성 111/300 (t_course med 0.15s)
    최근접 med 1.43 m (t 0.65s) · 접촉반경 0.75
    지평선 5.0s · TRUNCATED 0.003 · 초기 이격 max med 17.8 m
    (참고) 등록 T1 sense=30 이었다면 전-limiter 가시 비율 1.000 — 본 진단은 무제한이라 해석에 쓰지 않음
    [x=36] 25/300    37.5s  (1.50 s/ep, ETA   413s)  HK 0.200
    [x=36] 50/300    78.9s  (1.58 s/ep, ETA   394s)  HK 0.140
    [x=36] 75/300   117.2s  (1.56 s/ep, ETA   352s)  HK 0.120
    [x=36] 100/300   158.7s  (1.59 s/ep, ETA   317s)  HK 0.140
    [x=36] 125/300   198.5s  (1.59 s/ep, ETA   278s)  HK 0.136
    [x=36] 150/300   226.9s  (1.51 s/ep, ETA   227s)  HK 0.173
    [x=36] 175/300   265.8s  (1.52 s/ep, ETA   190s)  HK 0.194
    [x=36] 200/300   306.0s  (1.53 s/ep, ETA   153s)  HK 0.195
    [x=36] 225/300   338.3s  (1.50 s/ep, ETA   113s)  HK 0.213
    [x=36] 250/300   379.0s  (1.52 s/ep, ETA    76s)  HK 0.208
    [x=36] 275/300   414.4s  (1.51 s/ep, ETA    38s)  HK 0.207
    [x=36] 300/300   451.8s  (1.51 s/ep, ETA     0s)  HK 0.207

  start_x= 36.0  HK 0.207 [0.165,0.256] · net 0.110 · pen 0.683
    T_terminal med 1.73s · T_HK med 1.15 · 코스형성 262/300 (t_course med 0.05s)
    최근접 med 1.24 m (t 1.00s) · 접촉반경 0.75
    지평선 6.5s · TRUNCATED 0.000 · 초기 이격 max med 29.1 m
    (참고) 등록 T1 sense=30 이었다면 전-limiter 가시 비율 0.717 — 본 진단은 무제한이라 해석에 쓰지 않음
    [x=48] 25/300    47.4s  (1.90 s/ep, ETA   521s)  HK 0.120
    [x=48] 50/300    94.8s  (1.90 s/ep, ETA   474s)  HK 0.160
    [x=48] 75/300   143.1s  (1.91 s/ep, ETA   429s)  HK 0.173
    [x=48] 100/300   191.8s  (1.92 s/ep, ETA   384s)  HK 0.180
    [x=48] 125/300   237.8s  (1.90 s/ep, ETA   333s)  HK 0.176
    [x=48] 150/300   278.9s  (1.86 s/ep, ETA   279s)  HK 0.200
    [x=48] 175/300   336.3s  (1.92 s/ep, ETA   240s)  HK 0.189
    [x=48] 200/300   387.9s  (1.94 s/ep, ETA   194s)  HK 0.175
    [x=48] 225/300   434.6s  (1.93 s/ep, ETA   145s)  HK 0.178
    [x=48] 250/300   479.1s  (1.92 s/ep, ETA    96s)  HK 0.180
    [x=48] 275/300   525.7s  (1.91 s/ep, ETA    48s)  HK 0.175
    [x=48] 300/300   573.3s  (1.91 s/ep, ETA     0s)  HK 0.177

  start_x= 48.0  HK 0.177 [0.138,0.224] · net 0.107 · pen 0.717
    T_terminal med 2.10s · T_HK med 1.5 · 코스형성 300/300 (t_course med 0.05s)
    최근접 med 1.29 m (t 1.35s) · 접촉반경 0.75
    지평선 8.0s · TRUNCATED 0.000 · 초기 이격 max med 40.7 m
    (참고) 등록 T1 sense=30 이었다면 전-limiter 가시 비율 0.000 — 본 진단은 무제한이라 해석에 쓰지 않음
    [x=60] 25/300    59.9s  (2.39 s/ep, ETA   658s)  HK 0.160
    [x=60] 50/300   118.4s  (2.37 s/ep, ETA   592s)  HK 0.200
    [x=60] 75/300   178.8s  (2.38 s/ep, ETA   536s)  HK 0.187
    [x=60] 100/300   241.0s  (2.41 s/ep, ETA   482s)  HK 0.190
    [x=60] 125/300   294.3s  (2.35 s/ep, ETA   412s)  HK 0.200
    [x=60] 150/300   349.9s  (2.33 s/ep, ETA   350s)  HK 0.193
    [x=60] 175/300   418.2s  (2.39 s/ep, ETA   299s)  HK 0.189
    [x=60] 200/300   475.9s  (2.38 s/ep, ETA   238s)  HK 0.190
    [x=60] 225/300   531.1s  (2.36 s/ep, ETA   177s)  HK 0.191
    [x=60] 250/300   589.1s  (2.36 s/ep, ETA   118s)  HK 0.192
    [x=60] 275/300   647.2s  (2.35 s/ep, ETA    59s)  HK 0.185
    [x=60] 300/300   711.4s  (2.37 s/ep, ETA     0s)  HK 0.177

  start_x= 60.0  HK 0.177 [0.138,0.224] · net 0.107 · pen 0.717
    T_terminal med 2.80s · T_HK med 1.7 · 코스형성 300/300 (t_course med 0.05s)
    최근접 med 1.67 m (t 1.70s) · 접촉반경 0.75
    지평선 9.5s · TRUNCATED 0.000 · 초기 이격 max med 52.5 m
    (참고) 등록 T1 sense=30 이었다면 전-limiter 가시 비율 0.000 — 본 진단은 무제한이라 해석에 쓰지 않음

  -> results/lead_time_r4b.json
