[리드타임 진단 · EXPLORATORY] n=300/arm · T1(route 0.5, sense inf) · intercept + commit · 기준 start_x=24.0
    [x=24] 25/300    38.6s  (1.54 s/ep, ETA   424s)  HK 0.200
    [x=24] 50/300    80.9s  (1.62 s/ep, ETA   404s)  HK 0.200
    [x=24] 75/300   120.1s  (1.60 s/ep, ETA   360s)  HK 0.173
    [x=24] 100/300   166.0s  (1.66 s/ep, ETA   332s)  HK 0.180
    [x=24] 125/300   208.1s  (1.67 s/ep, ETA   291s)  HK 0.168
    [x=24] 150/300   250.4s  (1.67 s/ep, ETA   250s)  HK 0.153
    [x=24] 175/300   291.3s  (1.66 s/ep, ETA   208s)  HK 0.177
    [x=24] 200/300   340.6s  (1.70 s/ep, ETA   170s)  HK 0.190
    [x=24] 225/300   383.3s  (1.70 s/ep, ETA   128s)  HK 0.196
    [x=24] 250/300   426.8s  (1.71 s/ep, ETA    85s)  HK 0.192
    [x=24] 275/300   462.5s  (1.68 s/ep, ETA    42s)  HK 0.189
    [x=24] 300/300   500.7s  (1.67 s/ep, ETA     0s)  HK 0.190

  start_x= 24.0  HK 0.190 [0.150,0.238] · net 0.133 · pen 0.673
    T_terminal med 1.35s · T_HK med 0.9 · 코스형성 111/300 (t_course med 0.15s)
    최근접 med 1.48 m (t 0.65s) · 접촉반경 0.75
    지평선 5.0s · TRUNCATED 0.003 · 초기 이격 max med 17.8 m
    (참고) 등록 T1 sense=30 이었다면 전-limiter 가시 비율 1.000 — 본 진단은 무제한이라 해석에 쓰지 않음
    [x=36] 25/300    50.4s  (2.02 s/ep, ETA   555s)  HK 0.200
    [x=36] 50/300   105.2s  (2.10 s/ep, ETA   526s)  HK 0.140
    [x=36] 75/300   156.7s  (2.09 s/ep, ETA   470s)  HK 0.120
    [x=36] 100/300   213.1s  (2.13 s/ep, ETA   426s)  HK 0.140
    [x=36] 125/300   268.6s  (2.15 s/ep, ETA   376s)  HK 0.136
    [x=36] 150/300   309.7s  (2.06 s/ep, ETA   310s)  HK 0.173
    [x=36] 175/300   366.3s  (2.09 s/ep, ETA   262s)  HK 0.194
    [x=36] 200/300   421.5s  (2.11 s/ep, ETA   211s)  HK 0.195
    [x=36] 225/300   463.5s  (2.06 s/ep, ETA   155s)  HK 0.213
    [x=36] 250/300   516.8s  (2.07 s/ep, ETA   103s)  HK 0.208
    [x=36] 275/300   563.3s  (2.05 s/ep, ETA    51s)  HK 0.207
    [x=36] 300/300   611.5s  (2.04 s/ep, ETA     0s)  HK 0.207

  start_x= 36.0  HK 0.207 [0.165,0.256] · net 0.110 · pen 0.683
    T_terminal med 1.73s · T_HK med 1.15 · 코스형성 262/300 (t_course med 0.05s)
    최근접 med 1.38 m (t 1.00s) · 접촉반경 0.75
    지평선 6.5s · TRUNCATED 0.000 · 초기 이격 max med 29.1 m
    (참고) 등록 T1 sense=30 이었다면 전-limiter 가시 비율 0.717 — 본 진단은 무제한이라 해석에 쓰지 않음
    [x=48] 25/300    61.4s  (2.45 s/ep, ETA   675s)  HK 0.120
    [x=48] 50/300   125.8s  (2.52 s/ep, ETA   629s)  HK 0.160
    [x=48] 75/300   188.6s  (2.51 s/ep, ETA   566s)  HK 0.173
    [x=48] 100/300   242.9s  (2.43 s/ep, ETA   486s)  HK 0.180
    [x=48] 125/300   292.7s  (2.34 s/ep, ETA   410s)  HK 0.176
    [x=48] 150/300   337.2s  (2.25 s/ep, ETA   337s)  HK 0.200
    [x=48] 175/300   398.2s  (2.28 s/ep, ETA   284s)  HK 0.189
    [x=48] 200/300   455.1s  (2.28 s/ep, ETA   228s)  HK 0.175
    [x=48] 225/300   507.1s  (2.25 s/ep, ETA   169s)  HK 0.178
    [x=48] 250/300   554.7s  (2.22 s/ep, ETA   111s)  HK 0.180
    [x=48] 275/300   604.9s  (2.20 s/ep, ETA    55s)  HK 0.175
    [x=48] 300/300   658.8s  (2.20 s/ep, ETA     0s)  HK 0.177

  start_x= 48.0  HK 0.177 [0.138,0.224] · net 0.107 · pen 0.717
    T_terminal med 2.10s · T_HK med 1.5 · 코스형성 300/300 (t_course med 0.05s)
    최근접 med 1.50 m (t 1.35s) · 접촉반경 0.75
    지평선 8.0s · TRUNCATED 0.000 · 초기 이격 max med 40.7 m
    (참고) 등록 T1 sense=30 이었다면 전-limiter 가시 비율 0.000 — 본 진단은 무제한이라 해석에 쓰지 않음
    [x=60] 25/300    63.5s  (2.54 s/ep, ETA   699s)  HK 0.160
    [x=60] 50/300   124.9s  (2.50 s/ep, ETA   624s)  HK 0.200
    [x=60] 75/300   187.7s  (2.50 s/ep, ETA   563s)  HK 0.187
    [x=60] 100/300   255.6s  (2.56 s/ep, ETA   511s)  HK 0.190
    [x=60] 125/300   314.5s  (2.52 s/ep, ETA   440s)  HK 0.200
    [x=60] 150/300   373.0s  (2.49 s/ep, ETA   373s)  HK 0.193
    [x=60] 175/300   445.5s  (2.55 s/ep, ETA   318s)  HK 0.189
    [x=60] 200/300   508.0s  (2.54 s/ep, ETA   254s)  HK 0.190
    [x=60] 225/300   566.4s  (2.52 s/ep, ETA   189s)  HK 0.191
    [x=60] 250/300   628.0s  (2.51 s/ep, ETA   126s)  HK 0.192
    [x=60] 275/300   689.2s  (2.51 s/ep, ETA    63s)  HK 0.185
    [x=60] 300/300   756.9s  (2.52 s/ep, ETA     0s)  HK 0.177

  start_x= 60.0  HK 0.177 [0.138,0.224] · net 0.107 · pen 0.717
    T_terminal med 2.80s · T_HK med 1.7 · 코스형성 300/300 (t_course med 0.05s)
    최근접 med 1.74 m (t 1.70s) · 접촉반경 0.75
    지평선 9.5s · TRUNCATED 0.000 · 초기 이격 max med 52.5 m
    (참고) 등록 T1 sense=30 이었다면 전-limiter 가시 비율 0.000 — 본 진단은 무제한이라 해석에 쓰지 않음

  -> results/lead_time_r4.json
