m0.35_n1 ex_kfirst50 {"window_ticks": 393, "aim_approx_agree": 0.9135}
m0.35_n1 ex_fin12_fb {"window_ticks": 313, "aim_approx_agree": 0.9297}
m0.35_n1 ex_mix5050 {"window_ticks": 1406, "aim_approx_agree": 0.9339}
m0.35_n1 ex_kfirst_rand {"window_ticks": 714, "aim_approx_agree": 0.9412}
Traceback (most recent call last):
  File "/data/hjhong/l2/newURP/scripts/fs1_e7_probe.py", line 263, in <module>
    main()
  File "/data/hjhong/l2/newURP/scripts/fs1_e7_probe.py", line 256, in main
    print("P-②:", json.dumps({k: report["coop"][k] for k in ("p2a", "p2b")}))
  File "/data/hjhong/l2/miniconda3/envs/py310/lib/python3.10/json/__init__.py", line 231, in dumps
    return _default_encoder.encode(obj)
  File "/data/hjhong/l2/miniconda3/envs/py310/lib/python3.10/json/encoder.py", line 199, in encode
    chunks = self.iterencode(o, _one_shot=True)
  File "/data/hjhong/l2/miniconda3/envs/py310/lib/python3.10/json/encoder.py", line 257, in iterencode
    return _iterencode(o, 0)
  File "/data/hjhong/l2/miniconda3/envs/py310/lib/python3.10/json/encoder.py", line 179, in default
    raise TypeError(f'Object of type {o.__class__.__name__} '
TypeError: Object of type bool is not JSON serializable
P-②: {"p2a": {"criterion": "per aim: argmax_rho C(rho) <= 4.0", "by_aim": {"cv": {"argmax": "t0.5_h1.5_cv", "rho": 11.765, "pass": false}, "ma": {"argmax": "t0.7_h1.5_ma", "rho": 6.002, "pass": false}}, "verdict": "NOT_SUPPORTED"}, "p2b": {"criterion": "per aim: max C over rho >= 6.0 <= (1/3)\u00b7max C", "by_aim": {"cv": {"max_C_high": 0.00106, "max_C": 0.00106, "pass": false}, "ma": {"max_C_high": 0.00071, "max_C": 0.00071, "pass": false}}, "verdict": "NOT_SUPPORTED"}}
promoted: ['t0.7_h1.0_cv', 't0.7_h1.5_cv', 't0.7_h1.5_ma', 't0.5_h1.0_cv', 't0.5_h1.0_ma', 't0.5_h1.5_cv', 't0.5_h1.5_ma'] | spearman: 0.9440559440559443
-> artifacts/fs1/e7a2/probe.json
